[0.050s] Invoking command in '/home/tm/git_ws/myrobot/build/myrobot_interfaces': CMAKE_PREFIX_PATH=${CMAKE_PREFIX_PATH}:/home/tm/git_ws/myrobot/install/my_odom_pkg:/opt/ros/jazzy DEBUGINFOD_URLS=https://debuginfod.ubuntu.com VIRTUAL_ENV_PROMPT=(ros) /usr/bin/cmake --build /home/tm/git_ws/myrobot/build/myrobot_interfaces -- -j16 -l16
[0.309s] [  1%] Built target myrobot_interfaces__rosidl_generator_type_description
[0.309s] [  1%] Built target ament_cmake_python_copy_myrobot_interfaces
[0.309s] [  5%] Built target myrobot_interfaces__cpp
[0.310s] [ 24%] Built target myrobot_interfaces__rosidl_generator_c
[0.310s] [ 79%] Built target myrobot_interfaces__rosidl_typesupport_c
[0.310s] [ 79%] Built target myrobot_interfaces__rosidl_typesupport_cpp
[0.310s] [ 79%] Built target myrobot_interfaces__rosidl_typesupport_fastrtps_c
[0.310s] [ 79%] Built target myrobot_interfaces__rosidl_typesupport_fastrtps_cpp
[0.310s] [ 79%] Built target myrobot_interfaces__rosidl_typesupport_introspection_c
[0.310s] [ 79%] Built target myrobot_interfaces__rosidl_typesupport_introspection_cpp
[0.310s] [ 79%] Built target myrobot_interfaces
[0.310s] [ 81%] Built target myrobot_interfaces__py
[0.310s] [ 88%] Built target myrobot_interfaces__rosidl_generator_py
[0.311s] [100%] Built target myrobot_interfaces_s__rosidl_typesupport_introspection_c
[0.311s] [100%] Built target myrobot_interfaces_s__rosidl_typesupport_fastrtps_c
[0.311s] [100%] Built target myrobot_interfaces_s__rosidl_typesupport_c
[0.311s] running egg_info
[0.311s] writing myrobot_interfaces.egg-info/PKG-INFO
[0.311s] writing dependency_links to myrobot_interfaces.egg-info/dependency_links.txt
[0.311s] writing top-level names to myrobot_interfaces.egg-info/top_level.txt
[0.338s] reading manifest file 'myrobot_interfaces.egg-info/SOURCES.txt'
[0.339s] writing manifest file 'myrobot_interfaces.egg-info/SOURCES.txt'
[0.411s] [100%] Built target ament_cmake_python_build_myrobot_interfaces_egg
[0.430s] Invoked command in '/home/tm/git_ws/myrobot/build/myrobot_interfaces' returned '0': CMAKE_PREFIX_PATH=${CMAKE_PREFIX_PATH}:/home/tm/git_ws/myrobot/install/my_odom_pkg:/opt/ros/jazzy DEBUGINFOD_URLS=https://debuginfod.ubuntu.com VIRTUAL_ENV_PROMPT=(ros) /usr/bin/cmake --build /home/tm/git_ws/myrobot/build/myrobot_interfaces -- -j16 -l16
[0.431s] Invoking command in '/home/tm/git_ws/myrobot/build/myrobot_interfaces': CMAKE_PREFIX_PATH=${CMAKE_PREFIX_PATH}:/home/tm/git_ws/myrobot/install/my_odom_pkg:/opt/ros/jazzy DEBUGINFOD_URLS=https://debuginfod.ubuntu.com VIRTUAL_ENV_PROMPT=(ros) /usr/bin/cmake --install /home/tm/git_ws/myrobot/build/myrobot_interfaces
[0.443s] -- Install configuration: ""
[0.443s] -- Up-to-date: /home/tm/git_ws/myrobot/install/myrobot_interfaces/share/ament_index/resource_index/rosidl_interfaces/myrobot_interfaces
[0.444s] -- Up-to-date: /home/tm/git_ws/myrobot/install/myrobot_interfaces/share/myrobot_interfaces/action/GetPlacePose.json
[0.444s] -- Up-to-date: /home/tm/git_ws/myrobot/install/myrobot_interfaces/share/myrobot_interfaces/action/ComputePlacePose.json
[0.444s] -- Up-to-date: /home/tm/git_ws/myrobot/install/myrobot_interfaces/share/myrobot_interfaces/action/CleanRoom.json
[0.445s] -- Up-to-date: /home/tm/git_ws/myrobot/install/myrobot_interfaces/include/myrobot_interfaces/myrobot_interfaces
[0.445s] -- Up-to-date: /home/tm/git_ws/myrobot/install/myrobot_interfaces/include/myrobot_interfaces/myrobot_interfaces/msg
[0.445s] -- Up-to-date: /home/tm/git_ws/myrobot/install/myrobot_interfaces/include/myrobot_interfaces/myrobot_interfaces/msg/rosidl_generator_c__visibility_control.h
[0.445s] -- Up-to-date: /home/tm/git_ws/myrobot/install/myrobot_interfaces/include/myrobot_interfaces/myrobot_interfaces/action
[0.445s] -- Up-to-date: /home/tm/git_ws/myrobot/install/myrobot_interfaces/include/myrobot_interfaces/myrobot_interfaces/action/get_place_pose.h
[0.445s] -- Up-to-date: /home/tm/git_ws/myrobot/install/myrobot_interfaces/include/myrobot_interfaces/myrobot_interfaces/action/compute_place_pose.h
[0.445s] -- Up-to-date: /home/tm/git_ws/myrobot/install/myrobot_interfaces/include/myrobot_interfaces/myrobot_interfaces/action/clean_room.h
[0.445s] -- Up-to-date: /home/tm/git_ws/myrobot/install/myrobot_interfaces/include/myrobot_interfaces/myrobot_interfaces/action/detail
[0.445s] -- Up-to-date: /home/tm/git_ws/myrobot/install/myrobot_interfaces/include/myrobot_interfaces/myrobot_interfaces/action/detail/clean_room__type_support.h
[0.445s] -- Up-to-date: /home/tm/git_ws/myrobot/install/myrobot_interfaces/include/myrobot_interfaces/myrobot_interfaces/action/detail/get_place_pose__functions.c
[0.445s] -- Up-to-date: /home/tm/git_ws/myrobot/install/myrobot_interfaces/include/myrobot_interfaces/myrobot_interfaces/action/detail/get_place_pose__functions.h
[0.445s] -- Up-to-date: /home/tm/git_ws/myrobot/install/myrobot_interfaces/include/myrobot_interfaces/myrobot_interfaces/action/detail/get_place_pose__struct.h
[0.445s] -- Up-to-date: /home/tm/git_ws/myrobot/install/myrobot_interfaces/include/myrobot_interfaces/myrobot_interfaces/action/detail/clean_room__functions.h
[0.445s] -- Up-to-date: /home/tm/git_ws/myrobot/install/myrobot_interfaces/include/myrobot_interfaces/myrobot_interfaces/action/detail/clean_room__description.c
[0.445s] -- Up-to-date: /home/tm/git_ws/myrobot/install/myrobot_interfaces/include/myrobot_interfaces/myrobot_interfaces/action/detail/clean_room__functions.c
[0.445s] -- Up-to-date: /home/tm/git_ws/myrobot/install/myrobot_interfaces/include/myrobot_interfaces/myrobot_interfaces/action/detail/clean_room__type_support.c
[0.445s] -- Up-to-date: /home/tm/git_ws/myrobot/install/myrobot_interfaces/include/myrobot_interfaces/myrobot_interfaces/action/detail/compute_place_pose__functions.h
[0.445s] -- Up-to-date: /home/tm/git_ws/myrobot/install/myrobot_interfaces/include/myrobot_interfaces/myrobot_interfaces/action/detail/compute_place_pose__struct.h
[0.445s] -- Up-to-date: /home/tm/git_ws/myrobot/install/myrobot_interfaces/include/myrobot_interfaces/myrobot_interfaces/action/detail/compute_place_pose__type_support.c
[0.445s] -- Up-to-date: /home/tm/git_ws/myrobot/install/myrobot_interfaces/include/myrobot_interfaces/myrobot_interfaces/action/detail/compute_place_pose__type_support.h
[0.445s] -- Up-to-date: /home/tm/git_ws/myrobot/install/myrobot_interfaces/include/myrobot_interfaces/myrobot_interfaces/action/detail/get_place_pose__type_support.h
[0.445s] -- Up-to-date: /home/tm/git_ws/myrobot/install/myrobot_interfaces/include/myrobot_interfaces/myrobot_interfaces/action/detail/clean_room__struct.h
[0.445s] -- Up-to-date: /home/tm/git_ws/myrobot/install/myrobot_interfaces/include/myrobot_interfaces/myrobot_interfaces/action/detail/compute_place_pose__functions.c
[0.445s] -- Up-to-date: /home/tm/git_ws/myrobot/install/myrobot_interfaces/include/myrobot_interfaces/myrobot_interfaces/action/detail/get_place_pose__description.c
[0.445s] -- Up-to-date: /home/tm/git_ws/myrobot/install/myrobot_interfaces/include/myrobot_interfaces/myrobot_interfaces/action/detail/get_place_pose__type_support.c
[0.445s] -- Up-to-date: /home/tm/git_ws/myrobot/install/myrobot_interfaces/include/myrobot_interfaces/myrobot_interfaces/action/detail/compute_place_pose__description.c
[0.446s] -- Up-to-date: /home/tm/git_ws/myrobot/install/myrobot_interfaces/share/myrobot_interfaces/environment/library_path.sh
[0.446s] -- Up-to-date: /home/tm/git_ws/myrobot/install/myrobot_interfaces/share/myrobot_interfaces/environment/library_path.dsv
[0.446s] -- Up-to-date: /home/tm/git_ws/myrobot/install/myrobot_interfaces/lib/libmyrobot_interfaces__rosidl_generator_c.so
[0.446s] -- Up-to-date: /home/tm/git_ws/myrobot/install/myrobot_interfaces/include/myrobot_interfaces/myrobot_interfaces
[0.446s] -- Up-to-date: /home/tm/git_ws/myrobot/install/myrobot_interfaces/include/myrobot_interfaces/myrobot_interfaces/msg
[0.446s] -- Up-to-date: /home/tm/git_ws/myrobot/install/myrobot_interfaces/include/myrobot_interfaces/myrobot_interfaces/msg/rosidl_typesupport_fastrtps_c__visibility_control.h
[0.446s] -- Up-to-date: /home/tm/git_ws/myrobot/install/myrobot_interfaces/include/myrobot_interfaces/myrobot_interfaces/action
[0.446s] -- Up-to-date: /home/tm/git_ws/myrobot/install/myrobot_interfaces/include/myrobot_interfaces/myrobot_interfaces/action/detail
[0.446s] -- Up-to-date: /home/tm/git_ws/myrobot/install/myrobot_interfaces/include/myrobot_interfaces/myrobot_interfaces/action/detail/compute_place_pose__rosidl_typesupport_fastrtps_c.h
[0.446s] -- Up-to-date: /home/tm/git_ws/myrobot/install/myrobot_interfaces/include/myrobot_interfaces/myrobot_interfaces/action/detail/get_place_pose__rosidl_typesupport_fastrtps_c.h
[0.447s] -- Up-to-date: /home/tm/git_ws/myrobot/install/myrobot_interfaces/include/myrobot_interfaces/myrobot_interfaces/action/detail/clean_room__rosidl_typesupport_fastrtps_c.h
[0.447s] -- Up-to-date: /home/tm/git_ws/myrobot/install/myrobot_interfaces/lib/libmyrobot_interfaces__rosidl_typesupport_fastrtps_c.so
[0.447s] -- Up-to-date: /home/tm/git_ws/myrobot/install/myrobot_interfaces/include/myrobot_interfaces/myrobot_interfaces
[0.447s] -- Up-to-date: /home/tm/git_ws/myrobot/install/myrobot_interfaces/include/myrobot_interfaces/myrobot_interfaces/msg
[0.447s] -- Up-to-date: /home/tm/git_ws/myrobot/install/myrobot_interfaces/include/myrobot_interfaces/myrobot_interfaces/msg/rosidl_generator_cpp__visibility_control.hpp
[0.447s] -- Up-to-date: /home/tm/git_ws/myrobot/install/myrobot_interfaces/include/myrobot_interfaces/myrobot_interfaces/action
[0.447s] -- Up-to-date: /home/tm/git_ws/myrobot/install/myrobot_interfaces/include/myrobot_interfaces/myrobot_interfaces/action/get_place_pose.hpp
[0.447s] -- Up-to-date: /home/tm/git_ws/myrobot/install/myrobot_interfaces/include/myrobot_interfaces/myrobot_interfaces/action/compute_place_pose.hpp
[0.447s] -- Up-to-date: /home/tm/git_ws/myrobot/install/myrobot_interfaces/include/myrobot_interfaces/myrobot_interfaces/action/detail
[0.447s] -- Up-to-date: /home/tm/git_ws/myrobot/install/myrobot_interfaces/include/myrobot_interfaces/myrobot_interfaces/action/detail/compute_place_pose__struct.hpp
[0.447s] -- Up-to-date: /home/tm/git_ws/myrobot/install/myrobot_interfaces/include/myrobot_interfaces/myrobot_interfaces/action/detail/compute_place_pose__builder.hpp
[0.447s] -- Up-to-date: /home/tm/git_ws/myrobot/install/myrobot_interfaces/include/myrobot_interfaces/myrobot_interfaces/action/detail/compute_place_pose__type_support.hpp
[0.447s] -- Up-to-date: /home/tm/git_ws/myrobot/install/myrobot_interfaces/include/myrobot_interfaces/myrobot_interfaces/action/detail/get_place_pose__traits.hpp
[0.447s] -- Up-to-date: /home/tm/git_ws/myrobot/install/myrobot_interfaces/include/myrobot_interfaces/myrobot_interfaces/action/detail/get_place_pose__struct.hpp
[0.447s] -- Up-to-date: /home/tm/git_ws/myrobot/install/myrobot_interfaces/include/myrobot_interfaces/myrobot_interfaces/action/detail/get_place_pose__type_support.hpp
[0.447s] -- Up-to-date: /home/tm/git_ws/myrobot/install/myrobot_interfaces/include/myrobot_interfaces/myrobot_interfaces/action/detail/clean_room__builder.hpp
[0.448s] -- Up-to-date: /home/tm/git_ws/myrobot/install/myrobot_interfaces/include/myrobot_interfaces/myrobot_interfaces/action/detail/clean_room__type_support.hpp
[0.448s] -- Up-to-date: /home/tm/git_ws/myrobot/install/myrobot_interfaces/include/myrobot_interfaces/myrobot_interfaces/action/detail/clean_room__struct.hpp
[0.448s] -- Up-to-date: /home/tm/git_ws/myrobot/install/myrobot_interfaces/include/myrobot_interfaces/myrobot_interfaces/action/detail/get_place_pose__builder.hpp
[0.448s] -- Up-to-date: /home/tm/git_ws/myrobot/install/myrobot_interfaces/include/myrobot_interfaces/myrobot_interfaces/action/detail/clean_room__traits.hpp
[0.448s] -- Up-to-date: /home/tm/git_ws/myrobot/install/myrobot_interfaces/include/myrobot_interfaces/myrobot_interfaces/action/detail/compute_place_pose__traits.hpp
[0.448s] -- Up-to-date: /home/tm/git_ws/myrobot/install/myrobot_interfaces/include/myrobot_interfaces/myrobot_interfaces/action/clean_room.hpp
[0.448s] -- Up-to-date: /home/tm/git_ws/myrobot/install/myrobot_interfaces/include/myrobot_interfaces/myrobot_interfaces
[0.448s] -- Up-to-date: /home/tm/git_ws/myrobot/install/myrobot_interfaces/include/myrobot_interfaces/myrobot_interfaces/msg
[0.448s] -- Up-to-date: /home/tm/git_ws/myrobot/install/myrobot_interfaces/include/myrobot_interfaces/myrobot_interfaces/msg/rosidl_typesupport_fastrtps_cpp__visibility_control.h
[0.448s] -- Up-to-date: /home/tm/git_ws/myrobot/install/myrobot_interfaces/include/myrobot_interfaces/myrobot_interfaces/action
[0.448s] -- Up-to-date: /home/tm/git_ws/myrobot/install/myrobot_interfaces/include/myrobot_interfaces/myrobot_interfaces/action/detail
[0.448s] -- Up-to-date: /home/tm/git_ws/myrobot/install/myrobot_interfaces/include/myrobot_interfaces/myrobot_interfaces/action/detail/dds_fastrtps
[0.448s] -- Up-to-date: /home/tm/git_ws/myrobot/install/myrobot_interfaces/include/myrobot_interfaces/myrobot_interfaces/action/detail/clean_room__rosidl_typesupport_fastrtps_cpp.hpp
[0.448s] -- Up-to-date: /home/tm/git_ws/myrobot/install/myrobot_interfaces/include/myrobot_interfaces/myrobot_interfaces/action/detail/compute_place_pose__rosidl_typesupport_fastrtps_cpp.hpp
[0.448s] -- Up-to-date: /home/tm/git_ws/myrobot/install/myrobot_interfaces/include/myrobot_interfaces/myrobot_interfaces/action/detail/get_place_pose__rosidl_typesupport_fastrtps_cpp.hpp
[0.448s] -- Up-to-date: /home/tm/git_ws/myrobot/install/myrobot_interfaces/lib/libmyrobot_interfaces__rosidl_typesupport_fastrtps_cpp.so
[0.448s] -- Up-to-date: /home/tm/git_ws/myrobot/install/myrobot_interfaces/include/myrobot_interfaces/myrobot_interfaces
[0.448s] -- Up-to-date: /home/tm/git_ws/myrobot/install/myrobot_interfaces/include/myrobot_interfaces/myrobot_interfaces/msg
[0.448s] -- Up-to-date: /home/tm/git_ws/myrobot/install/myrobot_interfaces/include/myrobot_interfaces/myrobot_interfaces/msg/rosidl_typesupport_introspection_c__visibility_control.h
[0.448s] -- Up-to-date: /home/tm/git_ws/myrobot/install/myrobot_interfaces/include/myrobot_interfaces/myrobot_interfaces/action
[0.448s] -- Up-to-date: /home/tm/git_ws/myrobot/install/myrobot_interfaces/include/myrobot_interfaces/myrobot_interfaces/action/detail
[0.448s] -- Up-to-date: /home/tm/git_ws/myrobot/install/myrobot_interfaces/include/myrobot_interfaces/myrobot_interfaces/action/detail/compute_place_pose__rosidl_typesupport_introspection_c.h
[0.448s] -- Up-to-date: /home/tm/git_ws/myrobot/install/myrobot_interfaces/include/myrobot_interfaces/myrobot_interfaces/action/detail/clean_room__type_support.c
[0.449s] -- Up-to-date: /home/tm/git_ws/myrobot/install/myrobot_interfaces/include/myrobot_interfaces/myrobot_interfaces/action/detail/clean_room__rosidl_typesupport_introspection_c.h
[0.449s] -- Up-to-date: /home/tm/git_ws/myrobot/install/myrobot_interfaces/include/myrobot_interfaces/myrobot_interfaces/action/detail/compute_place_pose__type_support.c
[0.449s] -- Up-to-date: /home/tm/git_ws/myrobot/install/myrobot_interfaces/include/myrobot_interfaces/myrobot_interfaces/action/detail/get_place_pose__rosidl_typesupport_introspection_c.h
[0.449s] -- Up-to-date: /home/tm/git_ws/myrobot/install/myrobot_interfaces/include/myrobot_interfaces/myrobot_interfaces/action/detail/get_place_pose__type_support.c
[0.449s] -- Up-to-date: /home/tm/git_ws/myrobot/install/myrobot_interfaces/lib/libmyrobot_interfaces__rosidl_typesupport_introspection_c.so
[0.449s] -- Up-to-date: /home/tm/git_ws/myrobot/install/myrobot_interfaces/lib/libmyrobot_interfaces__rosidl_typesupport_c.so
[0.449s] -- Up-to-date: /home/tm/git_ws/myrobot/install/myrobot_interfaces/include/myrobot_interfaces/myrobot_interfaces
[0.449s] -- Up-to-date: /home/tm/git_ws/myrobot/install/myrobot_interfaces/include/myrobot_interfaces/myrobot_interfaces/action
[0.449s] -- Up-to-date: /home/tm/git_ws/myrobot/install/myrobot_interfaces/include/myrobot_interfaces/myrobot_interfaces/action/detail
[0.449s] -- Up-to-date: /home/tm/git_ws/myrobot/install/myrobot_interfaces/include/myrobot_interfaces/myrobot_interfaces/action/detail/get_place_pose__rosidl_typesupport_introspection_cpp.hpp
[0.449s] -- Up-to-date: /home/tm/git_ws/myrobot/install/myrobot_interfaces/include/myrobot_interfaces/myrobot_interfaces/action/detail/compute_place_pose__rosidl_typesupport_introspection_cpp.hpp
[0.449s] -- Up-to-date: /home/tm/git_ws/myrobot/install/myrobot_interfaces/include/myrobot_interfaces/myrobot_interfaces/action/detail/compute_place_pose__type_support.cpp
[0.449s] -- Up-to-date: /home/tm/git_ws/myrobot/install/myrobot_interfaces/include/myrobot_interfaces/myrobot_interfaces/action/detail/clean_room__type_support.cpp
[0.449s] -- Up-to-date: /home/tm/git_ws/myrobot/install/myrobot_interfaces/include/myrobot_interfaces/myrobot_interfaces/action/detail/get_place_pose__type_support.cpp
[0.449s] -- Up-to-date: /home/tm/git_ws/myrobot/install/myrobot_interfaces/include/myrobot_interfaces/myrobot_interfaces/action/detail/clean_room__rosidl_typesupport_introspection_cpp.hpp
[0.449s] -- Up-to-date: /home/tm/git_ws/myrobot/install/myrobot_interfaces/lib/libmyrobot_interfaces__rosidl_typesupport_introspection_cpp.so
[0.449s] -- Up-to-date: /home/tm/git_ws/myrobot/install/myrobot_interfaces/lib/libmyrobot_interfaces__rosidl_typesupport_cpp.so
[0.449s] -- Up-to-date: /home/tm/git_ws/myrobot/install/myrobot_interfaces/share/myrobot_interfaces/environment/pythonpath.sh
[0.449s] -- Up-to-date: /home/tm/git_ws/myrobot/install/myrobot_interfaces/share/myrobot_interfaces/environment/pythonpath.dsv
[0.449s] -- Up-to-date: /home/tm/git_ws/myrobot/install/myrobot_interfaces/lib/python3.12/site-packages/myrobot_interfaces-0.0.0-py3.12.egg-info
[0.449s] -- Installing: /home/tm/git_ws/myrobot/install/myrobot_interfaces/lib/python3.12/site-packages/myrobot_interfaces-0.0.0-py3.12.egg-info/top_level.txt
[0.449s] -- Installing: /home/tm/git_ws/myrobot/install/myrobot_interfaces/lib/python3.12/site-packages/myrobot_interfaces-0.0.0-py3.12.egg-info/dependency_links.txt
[0.449s] -- Installing: /home/tm/git_ws/myrobot/install/myrobot_interfaces/lib/python3.12/site-packages/myrobot_interfaces-0.0.0-py3.12.egg-info/PKG-INFO
[0.449s] -- Installing: /home/tm/git_ws/myrobot/install/myrobot_interfaces/lib/python3.12/site-packages/myrobot_interfaces-0.0.0-py3.12.egg-info/SOURCES.txt
[0.449s] -- Up-to-date: /home/tm/git_ws/myrobot/install/myrobot_interfaces/lib/python3.12/site-packages/myrobot_interfaces
[0.449s] -- Up-to-date: /home/tm/git_ws/myrobot/install/myrobot_interfaces/lib/python3.12/site-packages/myrobot_interfaces/action
[0.450s] -- Up-to-date: /home/tm/git_ws/myrobot/install/myrobot_interfaces/lib/python3.12/site-packages/myrobot_interfaces/action/_clean_room_s.c
[0.450s] -- Up-to-date: /home/tm/git_ws/myrobot/install/myrobot_interfaces/lib/python3.12/site-packages/myrobot_interfaces/action/_get_place_pose_s.c
[0.450s] -- Up-to-date: /home/tm/git_ws/myrobot/install/myrobot_interfaces/lib/python3.12/site-packages/myrobot_interfaces/action/_clean_room.py
[0.450s] -- Up-to-date: /home/tm/git_ws/myrobot/install/myrobot_interfaces/lib/python3.12/site-packages/myrobot_interfaces/action/__init__.py
[0.450s] -- Up-to-date: /home/tm/git_ws/myrobot/install/myrobot_interfaces/lib/python3.12/site-packages/myrobot_interfaces/action/_compute_place_pose_s.c
[0.450s] -- Up-to-date: /home/tm/git_ws/myrobot/install/myrobot_interfaces/lib/python3.12/site-packages/myrobot_interfaces/action/_compute_place_pose.py
[0.450s] -- Up-to-date: /home/tm/git_ws/myrobot/install/myrobot_interfaces/lib/python3.12/site-packages/myrobot_interfaces/action/_get_place_pose.py
[0.450s] -- Up-to-date: /home/tm/git_ws/myrobot/install/myrobot_interfaces/lib/python3.12/site-packages/myrobot_interfaces/_myrobot_interfaces_s.ep.rosidl_typesupport_fastrtps_c.c
[0.450s] -- Up-to-date: /home/tm/git_ws/myrobot/install/myrobot_interfaces/lib/python3.12/site-packages/myrobot_interfaces/myrobot_interfaces_s__rosidl_typesupport_fastrtps_c.so
[0.450s] -- Up-to-date: /home/tm/git_ws/myrobot/install/myrobot_interfaces/lib/python3.12/site-packages/myrobot_interfaces/myrobot_interfaces_s__rosidl_typesupport_c.so
[0.450s] -- Up-to-date: /home/tm/git_ws/myrobot/install/myrobot_interfaces/lib/python3.12/site-packages/myrobot_interfaces/__init__.py
[0.450s] -- Up-to-date: /home/tm/git_ws/myrobot/install/myrobot_interfaces/lib/python3.12/site-packages/myrobot_interfaces/_myrobot_interfaces_s.ep.rosidl_typesupport_introspection_c.c
[0.450s] -- Up-to-date: /home/tm/git_ws/myrobot/install/myrobot_interfaces/lib/python3.12/site-packages/myrobot_interfaces/myrobot_interfaces_s__rosidl_typesupport_introspection_c.so
[0.450s] -- Up-to-date: /home/tm/git_ws/myrobot/install/myrobot_interfaces/lib/python3.12/site-packages/myrobot_interfaces/_myrobot_interfaces_s.ep.rosidl_typesupport_c.c
[0.481s] Listing '/home/tm/git_ws/myrobot/install/myrobot_interfaces/lib/python3.12/site-packages/myrobot_interfaces'...
[0.481s] Listing '/home/tm/git_ws/myrobot/install/myrobot_interfaces/lib/python3.12/site-packages/myrobot_interfaces/action'...
[0.488s] -- Up-to-date: /home/tm/git_ws/myrobot/install/myrobot_interfaces/lib/python3.12/site-packages/myrobot_interfaces/myrobot_interfaces_s__rosidl_typesupport_fastrtps_c.so
[0.488s] -- Up-to-date: /home/tm/git_ws/myrobot/install/myrobot_interfaces/lib/python3.12/site-packages/myrobot_interfaces/myrobot_interfaces_s__rosidl_typesupport_introspection_c.so
[0.489s] -- Up-to-date: /home/tm/git_ws/myrobot/install/myrobot_interfaces/lib/python3.12/site-packages/myrobot_interfaces/myrobot_interfaces_s__rosidl_typesupport_c.so
[0.490s] -- Up-to-date: /home/tm/git_ws/myrobot/install/myrobot_interfaces/lib/libmyrobot_interfaces__rosidl_generator_py.so
[0.490s] -- Up-to-date: /home/tm/git_ws/myrobot/install/myrobot_interfaces/share/myrobot_interfaces/action/GetPlacePose.idl
[0.491s] -- Up-to-date: /home/tm/git_ws/myrobot/install/myrobot_interfaces/share/myrobot_interfaces/action/ComputePlacePose.idl
[0.491s] -- Up-to-date: /home/tm/git_ws/myrobot/install/myrobot_interfaces/share/myrobot_interfaces/action/CleanRoom.idl
[0.491s] -- Up-to-date: /home/tm/git_ws/myrobot/install/myrobot_interfaces/share/myrobot_interfaces/action/GetPlacePose.action
[0.491s] -- Up-to-date: /home/tm/git_ws/myrobot/install/myrobot_interfaces/share/myrobot_interfaces/action/ComputePlacePose.action
[0.491s] -- Up-to-date: /home/tm/git_ws/myrobot/install/myrobot_interfaces/share/myrobot_interfaces/action/CleanRoom.action
[0.491s] -- Up-to-date: /home/tm/git_ws/myrobot/install/myrobot_interfaces/share/ament_index/resource_index/package_run_dependencies/myrobot_interfaces
[0.491s] -- Up-to-date: /home/tm/git_ws/myrobot/install/myrobot_interfaces/share/ament_index/resource_index/parent_prefix_path/myrobot_interfaces
[0.491s] -- Up-to-date: /home/tm/git_ws/myrobot/install/myrobot_interfaces/share/myrobot_interfaces/environment/ament_prefix_path.sh
[0.491s] -- Up-to-date: /home/tm/git_ws/myrobot/install/myrobot_interfaces/share/myrobot_interfaces/environment/ament_prefix_path.dsv
[0.491s] -- Up-to-date: /home/tm/git_ws/myrobot/install/myrobot_interfaces/share/myrobot_interfaces/environment/path.sh
[0.491s] -- Up-to-date: /home/tm/git_ws/myrobot/install/myrobot_interfaces/share/myrobot_interfaces/environment/path.dsv
[0.491s] -- Up-to-date: /home/tm/git_ws/myrobot/install/myrobot_interfaces/share/myrobot_interfaces/local_setup.bash
[0.491s] -- Up-to-date: /home/tm/git_ws/myrobot/install/myrobot_interfaces/share/myrobot_interfaces/local_setup.sh
[0.491s] -- Up-to-date: /home/tm/git_ws/myrobot/install/myrobot_interfaces/share/myrobot_interfaces/local_setup.zsh
[0.491s] -- Up-to-date: /home/tm/git_ws/myrobot/install/myrobot_interfaces/share/myrobot_interfaces/local_setup.dsv
[0.491s] -- Installing: /home/tm/git_ws/myrobot/install/myrobot_interfaces/share/myrobot_interfaces/package.dsv
[0.491s] -- Up-to-date: /home/tm/git_ws/myrobot/install/myrobot_interfaces/share/ament_index/resource_index/packages/myrobot_interfaces
[0.491s] -- Up-to-date: /home/tm/git_ws/myrobot/install/myrobot_interfaces/share/myrobot_interfaces/cmake/export_myrobot_interfaces__rosidl_generator_cExport.cmake
[0.491s] -- Up-to-date: /home/tm/git_ws/myrobot/install/myrobot_interfaces/share/myrobot_interfaces/cmake/export_myrobot_interfaces__rosidl_generator_cExport-noconfig.cmake
[0.491s] -- Up-to-date: /home/tm/git_ws/myrobot/install/myrobot_interfaces/share/myrobot_interfaces/cmake/export_myrobot_interfaces__rosidl_typesupport_fastrtps_cExport.cmake
[0.491s] -- Up-to-date: /home/tm/git_ws/myrobot/install/myrobot_interfaces/share/myrobot_interfaces/cmake/export_myrobot_interfaces__rosidl_typesupport_fastrtps_cExport-noconfig.cmake
[0.492s] -- Up-to-date: /home/tm/git_ws/myrobot/install/myrobot_interfaces/share/myrobot_interfaces/cmake/export_myrobot_interfaces__rosidl_generator_cppExport.cmake
[0.492s] -- Up-to-date: /home/tm/git_ws/myrobot/install/myrobot_interfaces/share/myrobot_interfaces/cmake/export_myrobot_interfaces__rosidl_typesupport_fastrtps_cppExport.cmake
[0.492s] -- Up-to-date: /home/tm/git_ws/myrobot/install/myrobot_interfaces/share/myrobot_interfaces/cmake/export_myrobot_interfaces__rosidl_typesupport_fastrtps_cppExport-noconfig.cmake
[0.492s] -- Up-to-date: /home/tm/git_ws/myrobot/install/myrobot_interfaces/share/myrobot_interfaces/cmake/myrobot_interfaces__rosidl_typesupport_introspection_cExport.cmake
[0.492s] -- Up-to-date: /home/tm/git_ws/myrobot/install/myrobot_interfaces/share/myrobot_interfaces/cmake/myrobot_interfaces__rosidl_typesupport_introspection_cExport-noconfig.cmake
[0.492s] -- Up-to-date: /home/tm/git_ws/myrobot/install/myrobot_interfaces/share/myrobot_interfaces/cmake/myrobot_interfaces__rosidl_typesupport_cExport.cmake
[0.492s] -- Up-to-date: /home/tm/git_ws/myrobot/install/myrobot_interfaces/share/myrobot_interfaces/cmake/myrobot_interfaces__rosidl_typesupport_cExport-noconfig.cmake
[0.492s] -- Up-to-date: /home/tm/git_ws/myrobot/install/myrobot_interfaces/share/myrobot_interfaces/cmake/myrobot_interfaces__rosidl_typesupport_introspection_cppExport.cmake
[0.492s] -- Up-to-date: /home/tm/git_ws/myrobot/install/myrobot_interfaces/share/myrobot_interfaces/cmake/myrobot_interfaces__rosidl_typesupport_introspection_cppExport-noconfig.cmake
[0.492s] -- Up-to-date: /home/tm/git_ws/myrobot/install/myrobot_interfaces/share/myrobot_interfaces/cmake/myrobot_interfaces__rosidl_typesupport_cppExport.cmake
[0.492s] -- Up-to-date: /home/tm/git_ws/myrobot/install/myrobot_interfaces/share/myrobot_interfaces/cmake/myrobot_interfaces__rosidl_typesupport_cppExport-noconfig.cmake
[0.492s] -- Up-to-date: /home/tm/git_ws/myrobot/install/myrobot_interfaces/share/myrobot_interfaces/cmake/export_myrobot_interfaces__rosidl_generator_pyExport.cmake
[0.492s] -- Up-to-date: /home/tm/git_ws/myrobot/install/myrobot_interfaces/share/myrobot_interfaces/cmake/export_myrobot_interfaces__rosidl_generator_pyExport-noconfig.cmake
[0.492s] -- Up-to-date: /home/tm/git_ws/myrobot/install/myrobot_interfaces/share/myrobot_interfaces/cmake/rosidl_cmake-extras.cmake
[0.492s] -- Up-to-date: /home/tm/git_ws/myrobot/install/myrobot_interfaces/share/myrobot_interfaces/cmake/ament_cmake_export_dependencies-extras.cmake
[0.492s] -- Up-to-date: /home/tm/git_ws/myrobot/install/myrobot_interfaces/share/myrobot_interfaces/cmake/ament_cmake_export_include_directories-extras.cmake
[0.492s] -- Up-to-date: /home/tm/git_ws/myrobot/install/myrobot_interfaces/share/myrobot_interfaces/cmake/ament_cmake_export_libraries-extras.cmake
[0.492s] -- Up-to-date: /home/tm/git_ws/myrobot/install/myrobot_interfaces/share/myrobot_interfaces/cmake/ament_cmake_export_targets-extras.cmake
[0.492s] -- Up-to-date: /home/tm/git_ws/myrobot/install/myrobot_interfaces/share/myrobot_interfaces/cmake/rosidl_cmake_export_typesupport_targets-extras.cmake
[0.492s] -- Up-to-date: /home/tm/git_ws/myrobot/install/myrobot_interfaces/share/myrobot_interfaces/cmake/rosidl_cmake_export_typesupport_libraries-extras.cmake
[0.492s] -- Up-to-date: /home/tm/git_ws/myrobot/install/myrobot_interfaces/share/myrobot_interfaces/cmake/myrobot_interfacesConfig.cmake
[0.492s] -- Up-to-date: /home/tm/git_ws/myrobot/install/myrobot_interfaces/share/myrobot_interfaces/cmake/myrobot_interfacesConfig-version.cmake
[0.492s] -- Up-to-date: /home/tm/git_ws/myrobot/install/myrobot_interfaces/share/myrobot_interfaces/package.xml
[0.493s] Invoked command in '/home/tm/git_ws/myrobot/build/myrobot_interfaces' returned '0': CMAKE_PREFIX_PATH=${CMAKE_PREFIX_PATH}:/home/tm/git_ws/myrobot/install/my_odom_pkg:/opt/ros/jazzy DEBUGINFOD_URLS=https://debuginfod.ubuntu.com VIRTUAL_ENV_PROMPT=(ros) /usr/bin/cmake --install /home/tm/git_ws/myrobot/build/myrobot_interfaces
