[0.197s] Invoking command in '/home/tm/git_ws/myrobot/build/myrobot_behavior_tree': CMAKE_PREFIX_PATH=${CMAKE_PREFIX_PATH}:/opt/ros/jazzy DEBUGINFOD_URLS=https://debuginfod.ubuntu.com VIRTUAL_ENV_PROMPT=(ros) /usr/bin/cmake /home/tm/git_ws/myrobot/src/myrobot_behavior_tree -DCMAKE_INSTALL_PREFIX=/home/tm/git_ws/myrobot/install/myrobot_behavior_tree
[0.212s] -- Found ament_cmake: 2.5.5 (/opt/ros/jazzy/share/ament_cmake/cmake)
[0.371s] -- Found nav2_behavior_tree: 1.3.10 (/opt/ros/jazzy/share/nav2_behavior_tree/cmake)
[0.399s] -- Found rosidl_generator_c: 4.6.7 (/opt/ros/jazzy/share/rosidl_generator_c/cmake)
[0.406s] -- Found rosidl_generator_cpp: 4.6.7 (/opt/ros/jazzy/share/rosidl_generator_cpp/cmake)
[0.413s] -- Using all available rosidl_typesupport_c: rosidl_typesupport_fastrtps_c;rosidl_typesupport_introspection_c
[0.422s] -- Using all available rosidl_typesupport_cpp: rosidl_typesupport_fastrtps_cpp;rosidl_typesupport_introspection_cpp
[0.465s] -- Found rmw_implementation_cmake: 7.3.3 (/opt/ros/jazzy/share/rmw_implementation_cmake/cmake)
[0.466s] -- Found rmw_fastrtps_cpp: 8.4.3 (/opt/ros/jazzy/share/rmw_fastrtps_cpp/cmake)
[0.521s] -- Using RMW implementation 'rmw_fastrtps_cpp' as default
[0.806s] -- Found eigen3_cmake_module: 0.3.0 (/opt/ros/jazzy/share/eigen3_cmake_module/cmake)
[0.808s] -- Ensuring Eigen3 include directory is part of orocos-kdl CMake target
[0.865s] [31mCMake Error at CMakeLists.txt:11 (find_package):
[0.865s]   By not providing "Findmyrobot_interfaces.cmake" in CMAKE_MODULE_PATH this
[0.865s]   project has asked CMake to find a package configuration file provided by
[0.865s]   "myrobot_interfaces", but CMake did not find one.
[0.865s] 
[0.865s]   Could not find a package configuration file provided by
[0.865s]   "myrobot_interfaces" with any of the following names:
[0.865s] 
[0.865s]     myrobot_interfacesConfig.cmake
[0.866s]     myrobot_interfaces-config.cmake
[0.866s] 
[0.866s]   Add the installation prefix of "myrobot_interfaces" to CMAKE_PREFIX_PATH or
[0.866s]   set "myrobot_interfaces_DIR" to a directory containing one of the above
[0.866s]   files.  If "myrobot_interfaces" provides a separate development package or
[0.866s]   SDK, be sure it has been installed.
[0.866s] 
[0.866s] [0m
[0.866s] -- Configuring incomplete, errors occurred!
