[0.169s] Invoking command in '/home/tm/git_ws/myrobot/build/myrobot_behavior_tree': CMAKE_PREFIX_PATH=${CMAKE_PREFIX_PATH}:/opt/ros/jazzy DEBUGINFOD_URLS=https://debuginfod.ubuntu.com VIRTUAL_ENV_PROMPT=(ros) /usr/bin/cmake /home/tm/git_ws/myrobot/src/myrobot_behavior_tree -DCMAKE_INSTALL_PREFIX=/home/tm/git_ws/myrobot/install/myrobot_behavior_tree
[0.217s] -- The C compiler identification is GNU 13.3.0
[0.260s] -- The CXX compiler identification is GNU 13.3.0
[0.272s] -- Detecting C compiler ABI info
[0.347s] -- Detecting C compiler ABI info - done
[0.352s] -- Check for working C compiler: /usr/bin/cc - skipped
[0.353s] -- Detecting C compile features
[0.353s] -- Detecting C compile features - done
[0.360s] -- Detecting CXX compiler ABI info
[0.449s] -- Detecting CXX compiler ABI info - done
[0.455s] -- Check for working CXX compiler: /usr/bin/c++ - skipped
[0.455s] -- Detecting CXX compile features
[0.455s] -- Detecting CXX compile features - done
[0.459s] -- Found ament_cmake: 2.5.5 (/opt/ros/jazzy/share/ament_cmake/cmake)
[0.551s] -- Found Python3: /home/tm/venv/ros/bin/python3 (found version "3.12.3") found components: Interpreter 
[0.655s] -- Found nav2_behavior_tree: 1.3.10 (/opt/ros/jazzy/share/nav2_behavior_tree/cmake)
[0.709s] -- Found rosidl_generator_c: 4.6.7 (/opt/ros/jazzy/share/rosidl_generator_c/cmake)
[0.725s] -- Found rosidl_generator_cpp: 4.6.7 (/opt/ros/jazzy/share/rosidl_generator_cpp/cmake)
[0.739s] -- Using all available rosidl_typesupport_c: rosidl_typesupport_fastrtps_c;rosidl_typesupport_introspection_c
[0.755s] -- Using all available rosidl_typesupport_cpp: rosidl_typesupport_fastrtps_cpp;rosidl_typesupport_introspection_cpp
[0.831s] -- Found rmw_implementation_cmake: 7.3.3 (/opt/ros/jazzy/share/rmw_implementation_cmake/cmake)
[0.834s] -- Found rmw_fastrtps_cpp: 8.4.3 (/opt/ros/jazzy/share/rmw_fastrtps_cpp/cmake)
[0.924s] -- Found OpenSSL: /usr/lib/x86_64-linux-gnu/libcrypto.so (found version "3.0.13")  
[0.954s] -- Found FastRTPS: /opt/ros/jazzy/include (Required is at least version "2.13") 
[0.978s] -- Using RMW implementation 'rmw_fastrtps_cpp' as default
[1.368s] -- Found eigen3_cmake_module: 0.3.0 (/opt/ros/jazzy/share/eigen3_cmake_module/cmake)
[1.369s] -- Found Eigen3: TRUE (found version "3.4.0") 
[1.369s] -- Ensuring Eigen3 include directory is part of orocos-kdl CMake target
[1.460s] [31mCMake Error at CMakeLists.txt:11 (find_package):
[1.460s]   By not providing "Findmyrobot_interfaces.cmake" in CMAKE_MODULE_PATH this
[1.460s]   project has asked CMake to find a package configuration file provided by
[1.460s]   "myrobot_interfaces", but CMake did not find one.
[1.460s] 
[1.460s]   Could not find a package configuration file provided by
[1.460s]   "myrobot_interfaces" with any of the following names:
[1.460s] 
[1.460s]     myrobot_interfacesConfig.cmake
[1.460s]     myrobot_interfaces-config.cmake
[1.460s] 
[1.460s]   Add the installation prefix of "myrobot_interfaces" to CMAKE_PREFIX_PATH or
[1.460s]   set "myrobot_interfaces_DIR" to a directory containing one of the above
[1.460s]   files.  If "myrobot_interfaces" provides a separate development package or
[1.460s]   SDK, be sure it has been installed.
[1.460s] 
[1.460s] [0m
[1.460s] -- Configuring incomplete, errors occurred!
