[0.168s] Invoking command in '/home/tm/git_ws/myrobot/build/myrobot_cartographer': CMAKE_PREFIX_PATH=${CMAKE_PREFIX_PATH}:/opt/ros/jazzy DEBUGINFOD_URLS=https://debuginfod.ubuntu.com VIRTUAL_ENV_PROMPT=(ros) /usr/bin/cmake /home/tm/git_ws/myrobot/src/myrobot_cartographer -DCMAKE_INSTALL_PREFIX=/home/tm/git_ws/myrobot/install/myrobot_cartographer
[0.215s] -- The C compiler identification is GNU 13.3.0
[0.259s] -- The CXX compiler identification is GNU 13.3.0
[0.271s] -- Detecting C compiler ABI info
[0.344s] -- Detecting C compiler ABI info - done
[0.350s] -- Check for working C compiler: /usr/bin/cc - skipped
[0.350s] -- Detecting C compile features
[0.351s] -- Detecting C compile features - done
[0.358s] -- Detecting CXX compiler ABI info
[0.446s] -- Detecting CXX compiler ABI info - done
[0.452s] -- Check for working CXX compiler: /usr/bin/c++ - skipped
[0.453s] -- Detecting CXX compile features
[0.453s] -- Detecting CXX compile features - done
[0.457s] -- Found ament_cmake: 2.5.5 (/opt/ros/jazzy/share/ament_cmake/cmake)
[0.549s] -- Found Python3: /home/tm/venv/ros/bin/python3 (found version "3.12.3") found components: Interpreter 
[0.663s] -- Found ament_lint_auto: 0.17.4 (/opt/ros/jazzy/share/ament_lint_auto/cmake)
[0.761s] -- Added test 'flake8' to check Python code syntax and style conventions
[0.761s] -- Configured 'flake8' exclude dirs and/or files: 
[0.762s] -- Added test 'lint_cmake' to check CMake code style
[0.763s] -- Added test 'pep257' to check Python code against some of the docstring style conventions in PEP 257
[0.765s] -- Added test 'xmllint' to check XML markup files
[0.767s] -- Configuring done (0.6s)
[0.770s] -- Generating done (0.0s)
[0.772s] -- Build files have been written to: /home/tm/git_ws/myrobot/build/myrobot_cartographer
[0.780s] Invoked command in '/home/tm/git_ws/myrobot/build/myrobot_cartographer' returned '0': CMAKE_PREFIX_PATH=${CMAKE_PREFIX_PATH}:/opt/ros/jazzy DEBUGINFOD_URLS=https://debuginfod.ubuntu.com VIRTUAL_ENV_PROMPT=(ros) /usr/bin/cmake /home/tm/git_ws/myrobot/src/myrobot_cartographer -DCMAKE_INSTALL_PREFIX=/home/tm/git_ws/myrobot/install/myrobot_cartographer
[0.781s] Invoking command in '/home/tm/git_ws/myrobot/build/myrobot_cartographer': CMAKE_PREFIX_PATH=${CMAKE_PREFIX_PATH}:/opt/ros/jazzy DEBUGINFOD_URLS=https://debuginfod.ubuntu.com VIRTUAL_ENV_PROMPT=(ros) /usr/bin/cmake --build /home/tm/git_ws/myrobot/build/myrobot_cartographer -- -j16 -l16
[0.821s] Invoked command in '/home/tm/git_ws/myrobot/build/myrobot_cartographer' returned '0': CMAKE_PREFIX_PATH=${CMAKE_PREFIX_PATH}:/opt/ros/jazzy DEBUGINFOD_URLS=https://debuginfod.ubuntu.com VIRTUAL_ENV_PROMPT=(ros) /usr/bin/cmake --build /home/tm/git_ws/myrobot/build/myrobot_cartographer -- -j16 -l16
[0.830s] Invoking command in '/home/tm/git_ws/myrobot/build/myrobot_cartographer': CMAKE_PREFIX_PATH=${CMAKE_PREFIX_PATH}:/opt/ros/jazzy DEBUGINFOD_URLS=https://debuginfod.ubuntu.com VIRTUAL_ENV_PROMPT=(ros) /usr/bin/cmake --install /home/tm/git_ws/myrobot/build/myrobot_cartographer
[0.838s] -- Install configuration: ""
[0.838s] -- Installing: /home/tm/git_ws/myrobot/install/myrobot_cartographer/share/myrobot_cartographer//launch
[0.838s] -- Installing: /home/tm/git_ws/myrobot/install/myrobot_cartographer/share/myrobot_cartographer//launch/cartographer.launch.py
[0.839s] -- Installing: /home/tm/git_ws/myrobot/install/myrobot_cartographer/share/myrobot_cartographer//launch/map_view.launch.py
[0.839s] -- Installing: /home/tm/git_ws/myrobot/install/myrobot_cartographer/share/myrobot_cartographer//launch/occupancy_grid.launch.py
[0.839s] -- Installing: /home/tm/git_ws/myrobot/install/myrobot_cartographer/share/myrobot_cartographer//rviz
[0.839s] -- Installing: /home/tm/git_ws/myrobot/install/myrobot_cartographer/share/myrobot_cartographer//rviz/myrobot_cartographer.rviz
[0.839s] -- Installing: /home/tm/git_ws/myrobot/install/myrobot_cartographer/share/myrobot_cartographer//config
[0.840s] -- Installing: /home/tm/git_ws/myrobot/install/myrobot_cartographer/share/myrobot_cartographer//config/myrobot_lds_2d.lua
[0.840s] -- Installing: /home/tm/git_ws/myrobot/install/myrobot_cartographer/share/ament_index/resource_index/package_run_dependencies/myrobot_cartographer
[0.840s] -- Installing: /home/tm/git_ws/myrobot/install/myrobot_cartographer/share/ament_index/resource_index/parent_prefix_path/myrobot_cartographer
[0.840s] -- Installing: /home/tm/git_ws/myrobot/install/myrobot_cartographer/share/myrobot_cartographer/environment/ament_prefix_path.sh
[0.840s] -- Installing: /home/tm/git_ws/myrobot/install/myrobot_cartographer/share/myrobot_cartographer/environment/ament_prefix_path.dsv
[0.840s] -- Installing: /home/tm/git_ws/myrobot/install/myrobot_cartographer/share/myrobot_cartographer/environment/path.sh
[0.841s] -- Installing: /home/tm/git_ws/myrobot/install/myrobot_cartographer/share/myrobot_cartographer/environment/path.dsv
[0.841s] -- Installing: /home/tm/git_ws/myrobot/install/myrobot_cartographer/share/myrobot_cartographer/local_setup.bash
[0.841s] -- Installing: /home/tm/git_ws/myrobot/install/myrobot_cartographer/share/myrobot_cartographer/local_setup.sh
[0.841s] -- Installing: /home/tm/git_ws/myrobot/install/myrobot_cartographer/share/myrobot_cartographer/local_setup.zsh
[0.841s] -- Installing: /home/tm/git_ws/myrobot/install/myrobot_cartographer/share/myrobot_cartographer/local_setup.dsv
[0.841s] -- Installing: /home/tm/git_ws/myrobot/install/myrobot_cartographer/share/myrobot_cartographer/package.dsv
[0.841s] -- Installing: /home/tm/git_ws/myrobot/install/myrobot_cartographer/share/ament_index/resource_index/packages/myrobot_cartographer
[0.841s] -- Installing: /home/tm/git_ws/myrobot/install/myrobot_cartographer/share/myrobot_cartographer/cmake/myrobot_cartographerConfig.cmake
[0.842s] -- Installing: /home/tm/git_ws/myrobot/install/myrobot_cartographer/share/myrobot_cartographer/cmake/myrobot_cartographerConfig-version.cmake
[0.842s] -- Installing: /home/tm/git_ws/myrobot/install/myrobot_cartographer/share/myrobot_cartographer/package.xml
[0.843s] Invoked command in '/home/tm/git_ws/myrobot/build/myrobot_cartographer' returned '0': CMAKE_PREFIX_PATH=${CMAKE_PREFIX_PATH}:/opt/ros/jazzy DEBUGINFOD_URLS=https://debuginfod.ubuntu.com VIRTUAL_ENV_PROMPT=(ros) /usr/bin/cmake --install /home/tm/git_ws/myrobot/build/myrobot_cartographer
