[0.205s] Invoking command in '/home/tm/git_ws/myrobot/build/myrobot_navigation': CMAKE_PREFIX_PATH=${CMAKE_PREFIX_PATH}:/home/tm/git_ws/myrobot/install/my_odom_pkg:/opt/ros/jazzy DEBUGINFOD_URLS=https://debuginfod.ubuntu.com VIRTUAL_ENV_PROMPT=(ros) /usr/bin/cmake --build /home/tm/git_ws/myrobot/build/myrobot_navigation -- -j16 -l16
[0.251s] Invoked command in '/home/tm/git_ws/myrobot/build/myrobot_navigation' returned '0': CMAKE_PREFIX_PATH=${CMAKE_PREFIX_PATH}:/home/tm/git_ws/myrobot/install/my_odom_pkg:/opt/ros/jazzy DEBUGINFOD_URLS=https://debuginfod.ubuntu.com VIRTUAL_ENV_PROMPT=(ros) /usr/bin/cmake --build /home/tm/git_ws/myrobot/build/myrobot_navigation -- -j16 -l16
[0.252s] Invoking command in '/home/tm/git_ws/myrobot/build/myrobot_navigation': CMAKE_PREFIX_PATH=${CMAKE_PREFIX_PATH}:/home/tm/git_ws/myrobot/install/my_odom_pkg:/opt/ros/jazzy DEBUGINFOD_URLS=https://debuginfod.ubuntu.com VIRTUAL_ENV_PROMPT=(ros) /usr/bin/cmake --install /home/tm/git_ws/myrobot/build/myrobot_navigation
[0.260s] -- Install configuration: ""
[0.260s] -- Up-to-date: /home/tm/git_ws/myrobot/install/myrobot_navigation/share/myrobot_navigation//launch
[0.260s] -- Up-to-date: /home/tm/git_ws/myrobot/install/myrobot_navigation/share/myrobot_navigation//launch/localization_launch.py
[0.260s] -- Up-to-date: /home/tm/git_ws/myrobot/install/myrobot_navigation/share/myrobot_navigation//launch/navigation_launch.py
[0.260s] -- Up-to-date: /home/tm/git_ws/myrobot/install/myrobot_navigation/share/myrobot_navigation//launch/bringup_launch.py
[0.261s] -- Up-to-date: /home/tm/git_ws/myrobot/install/myrobot_navigation/share/myrobot_navigation//rviz
[0.261s] -- Up-to-date: /home/tm/git_ws/myrobot/install/myrobot_navigation/share/myrobot_navigation//params
[0.261s] -- Up-to-date: /home/tm/git_ws/myrobot/install/myrobot_navigation/share/myrobot_navigation//params/nav2_params.yaml
[0.261s] -- Up-to-date: /home/tm/git_ws/myrobot/install/myrobot_navigation/share/myrobot_navigation//map
[0.261s] -- Up-to-date: /home/tm/git_ws/myrobot/install/myrobot_navigation/share/myrobot_navigation//map/hospital.pgm
[0.261s] -- Up-to-date: /home/tm/git_ws/myrobot/install/myrobot_navigation/share/myrobot_navigation//map/hospital.yaml
[0.261s] -- Up-to-date: /home/tm/git_ws/myrobot/install/myrobot_navigation/share/myrobot_navigation//map/my_map.pgm
[0.261s] -- Up-to-date: /home/tm/git_ws/myrobot/install/myrobot_navigation/share/myrobot_navigation//map/my_map.yaml
[0.261s] -- Up-to-date: /home/tm/git_ws/myrobot/install/myrobot_navigation/share/ament_index/resource_index/package_run_dependencies/myrobot_navigation
[0.261s] -- Up-to-date: /home/tm/git_ws/myrobot/install/myrobot_navigation/share/ament_index/resource_index/parent_prefix_path/myrobot_navigation
[0.261s] -- Up-to-date: /home/tm/git_ws/myrobot/install/myrobot_navigation/share/myrobot_navigation/environment/ament_prefix_path.sh
[0.261s] -- Up-to-date: /home/tm/git_ws/myrobot/install/myrobot_navigation/share/myrobot_navigation/environment/ament_prefix_path.dsv
[0.261s] -- Up-to-date: /home/tm/git_ws/myrobot/install/myrobot_navigation/share/myrobot_navigation/environment/path.sh
[0.261s] -- Up-to-date: /home/tm/git_ws/myrobot/install/myrobot_navigation/share/myrobot_navigation/environment/path.dsv
[0.261s] -- Up-to-date: /home/tm/git_ws/myrobot/install/myrobot_navigation/share/myrobot_navigation/local_setup.bash
[0.261s] -- Up-to-date: /home/tm/git_ws/myrobot/install/myrobot_navigation/share/myrobot_navigation/local_setup.sh
[0.261s] -- Up-to-date: /home/tm/git_ws/myrobot/install/myrobot_navigation/share/myrobot_navigation/local_setup.zsh
[0.261s] -- Up-to-date: /home/tm/git_ws/myrobot/install/myrobot_navigation/share/myrobot_navigation/local_setup.dsv
[0.261s] -- Installing: /home/tm/git_ws/myrobot/install/myrobot_navigation/share/myrobot_navigation/package.dsv
[0.261s] -- Up-to-date: /home/tm/git_ws/myrobot/install/myrobot_navigation/share/ament_index/resource_index/packages/myrobot_navigation
[0.262s] -- Up-to-date: /home/tm/git_ws/myrobot/install/myrobot_navigation/share/myrobot_navigation/cmake/myrobot_navigationConfig.cmake
[0.262s] -- Up-to-date: /home/tm/git_ws/myrobot/install/myrobot_navigation/share/myrobot_navigation/cmake/myrobot_navigationConfig-version.cmake
[0.262s] -- Up-to-date: /home/tm/git_ws/myrobot/install/myrobot_navigation/share/myrobot_navigation/package.xml
[0.278s] Invoked command in '/home/tm/git_ws/myrobot/build/myrobot_navigation' returned '0': CMAKE_PREFIX_PATH=${CMAKE_PREFIX_PATH}:/home/tm/git_ws/myrobot/install/my_odom_pkg:/opt/ros/jazzy DEBUGINFOD_URLS=https://debuginfod.ubuntu.com VIRTUAL_ENV_PROMPT=(ros) /usr/bin/cmake --install /home/tm/git_ws/myrobot/build/myrobot_navigation
