-- Install configuration: ""
-- Installing: /home/tm/git_ws/myrobot/install/myrobot/share/myrobot//launch
-- Installing: /home/tm/git_ws/myrobot/install/myrobot/share/myrobot//launch/spawn.launch.py
-- Installing: /home/tm/git_ws/myrobot/install/myrobot/share/myrobot//launch/bridge.launch.py
-- Installing: /home/tm/git_ws/myrobot/install/myrobot/share/myrobot//launch/display.launch.py
-- Installing: /home/tm/git_ws/myrobot/install/myrobot/share/myrobot//launch/bringup.launch.py
-- Installing: /home/tm/git_ws/myrobot/install/myrobot/share/myrobot//rviz
-- Installing: /home/tm/git_ws/myrobot/install/myrobot/share/myrobot//rviz/config.rviz
-- Installing: /home/tm/git_ws/myrobot/install/myrobot/share/myrobot//config
-- Installing: /home/tm/git_ws/myrobot/install/myrobot/share/myrobot//config/bridge.yaml
-- Installing: /home/tm/git_ws/myrobot/install/myrobot/share/myrobot//config/ekf.yaml
-- Installing: /home/tm/git_ws/myrobot/install/myrobot/share/myrobot//worlds
-- Installing: /home/tm/git_ws/myrobot/install/myrobot/share/myrobot//worlds/hospital.sdf
-- Installing: /home/tm/git_ws/myrobot/install/myrobot/share/myrobot//worlds/test.sdf
-- Installing: /home/tm/git_ws/myrobot/install/myrobot/share/myrobot//worlds/meshes
-- Installing: /home/tm/git_ws/myrobot/install/myrobot/share/myrobot//worlds/meshes/hospital.dae
-- Installing: /home/tm/git_ws/myrobot/install/myrobot/share/myrobot//worlds/meshes/hospital.glb
-- Installing: /home/tm/git_ws/myrobot/install/myrobot/share/myrobot//urdf
-- Installing: /home/tm/git_ws/myrobot/install/myrobot/share/myrobot//urdf/sam_bot_description.sdf
-- Installing: /home/tm/git_ws/myrobot/install/myrobot/share/myrobot//urdf/myrobot.sdf
-- Installing: /home/tm/git_ws/myrobot/install/myrobot/share/myrobot//urdf/myrobot.xacro.urdf
-- Up-to-date: /home/tm/git_ws/myrobot/install/myrobot/share/myrobot//rviz
-- Up-to-date: /home/tm/git_ws/myrobot/install/myrobot/share/myrobot//rviz/config.rviz
-- Up-to-date: /home/tm/git_ws/myrobot/install/myrobot/share/myrobot//config
-- Up-to-date: /home/tm/git_ws/myrobot/install/myrobot/share/myrobot//config/bridge.yaml
-- Up-to-date: /home/tm/git_ws/myrobot/install/myrobot/share/myrobot//config/ekf.yaml
-- Up-to-date: /home/tm/git_ws/myrobot/install/myrobot/share/myrobot//worlds
-- Up-to-date: /home/tm/git_ws/myrobot/install/myrobot/share/myrobot//worlds/hospital.sdf
-- Up-to-date: /home/tm/git_ws/myrobot/install/myrobot/share/myrobot//worlds/test.sdf
-- Up-to-date: /home/tm/git_ws/myrobot/install/myrobot/share/myrobot//worlds/meshes
-- Up-to-date: /home/tm/git_ws/myrobot/install/myrobot/share/myrobot//worlds/meshes/hospital.dae
-- Up-to-date: /home/tm/git_ws/myrobot/install/myrobot/share/myrobot//worlds/meshes/hospital.glb
-- Up-to-date: /home/tm/git_ws/myrobot/install/myrobot/share/myrobot//urdf
-- Up-to-date: /home/tm/git_ws/myrobot/install/myrobot/share/myrobot//urdf/sam_bot_description.sdf
-- Up-to-date: /home/tm/git_ws/myrobot/install/myrobot/share/myrobot//urdf/myrobot.sdf
-- Up-to-date: /home/tm/git_ws/myrobot/install/myrobot/share/myrobot//urdf/myrobot.xacro.urdf
-- Installing: /home/tm/git_ws/myrobot/install/myrobot/share/ament_index/resource_index/package_run_dependencies/myrobot
-- Installing: /home/tm/git_ws/myrobot/install/myrobot/share/ament_index/resource_index/parent_prefix_path/myrobot
-- Installing: /home/tm/git_ws/myrobot/install/myrobot/share/myrobot/environment/ament_prefix_path.sh
-- Installing: /home/tm/git_ws/myrobot/install/myrobot/share/myrobot/environment/ament_prefix_path.dsv
-- Installing: /home/tm/git_ws/myrobot/install/myrobot/share/myrobot/environment/path.sh
-- Installing: /home/tm/git_ws/myrobot/install/myrobot/share/myrobot/environment/path.dsv
-- Installing: /home/tm/git_ws/myrobot/install/myrobot/share/myrobot/local_setup.bash
-- Installing: /home/tm/git_ws/myrobot/install/myrobot/share/myrobot/local_setup.sh
-- Installing: /home/tm/git_ws/myrobot/install/myrobot/share/myrobot/local_setup.zsh
-- Installing: /home/tm/git_ws/myrobot/install/myrobot/share/myrobot/local_setup.dsv
-- Installing: /home/tm/git_ws/myrobot/install/myrobot/share/myrobot/package.dsv
-- Installing: /home/tm/git_ws/myrobot/install/myrobot/share/ament_index/resource_index/packages/myrobot
-- Installing: /home/tm/git_ws/myrobot/install/myrobot/share/myrobot/cmake/myrobotConfig.cmake
-- Installing: /home/tm/git_ws/myrobot/install/myrobot/share/myrobot/cmake/myrobotConfig-version.cmake
-- Installing: /home/tm/git_ws/myrobot/install/myrobot/share/myrobot/package.xml
