[0.098s] DEBUG:colcon:Command line arguments: ['/usr/bin/colcon', 'build']
[0.098s] DEBUG:colcon:Parsed command line arguments: Namespace(log_base=None, log_level=None, verb_name='build', build_base='build', install_base='install', merge_install=False, symlink_install=False, test_result_base=None, continue_on_error=False, executor='parallel', parallel_workers=16, event_handlers=None, ignore_user_meta=False, metas=['./colcon.meta'], base_paths=['.'], packages_ignore=None, packages_ignore_regex=None, paths=None, packages_up_to=None, packages_up_to_regex=None, packages_above=None, packages_above_and_dependencies=None, packages_above_depth=None, packages_select_by_dep=None, packages_skip_by_dep=None, packages_skip_up_to=None, packages_select_build_failed=False, packages_skip_build_finished=False, packages_select_test_failures=False, packages_skip_test_passed=False, packages_select=None, packages_skip=None, packages_select_regex=None, packages_skip_regex=None, packages_start=None, packages_end=None, allow_overriding=[], cmake_args=None, cmake_target=None, cmake_target_skip_unavailable=False, cmake_clean_cache=False, cmake_clean_first=False, cmake_force_configure=False, ament_cmake_args=None, catkin_cmake_args=None, catkin_skip_building_tests=False, mixin_files=None, mixin=None, verb_parser=<colcon_mixin.mixin.mixin_argument.MixinArgumentDecorator object at 0x7f76e45dd5b0>, verb_extension=<colcon_core.verb.build.BuildVerb object at 0x7f76e45dd340>, main=<bound method BuildVerb.main of <colcon_core.verb.build.BuildVerb object at 0x7f76e45dd340>>, mixin_verb=('build',))
[0.141s] Level 1:colcon.colcon_core.package_discovery:discover_packages(colcon_meta) check parameters
[0.141s] Level 1:colcon.colcon_core.package_discovery:discover_packages(recursive) check parameters
[0.141s] Level 1:colcon.colcon_core.package_discovery:discover_packages(ignore) check parameters
[0.141s] Level 1:colcon.colcon_core.package_discovery:discover_packages(path) check parameters
[0.141s] Level 1:colcon.colcon_core.package_discovery:discover_packages(colcon_meta) discover
[0.141s] Level 1:colcon.colcon_core.package_discovery:discover_packages(recursive) discover
[0.141s] INFO:colcon.colcon_core.package_discovery:Crawling recursively for packages in '/home/tm/git_ws/myrobot'
[0.141s] Level 1:colcon.colcon_core.package_identification:_identify(.) by extensions ['ignore', 'ignore_ament_install']
[0.142s] Level 1:colcon.colcon_core.package_identification:_identify(.) by extension 'ignore'
[0.142s] Level 1:colcon.colcon_core.package_identification:_identify(.) by extension 'ignore_ament_install'
[0.142s] Level 1:colcon.colcon_core.package_identification:_identify(.) by extensions ['colcon_pkg']
[0.142s] Level 1:colcon.colcon_core.package_identification:_identify(.) by extension 'colcon_pkg'
[0.142s] Level 1:colcon.colcon_core.package_identification:_identify(.) by extensions ['colcon_meta']
[0.142s] Level 1:colcon.colcon_core.package_identification:_identify(.) by extension 'colcon_meta'
[0.142s] Level 1:colcon.colcon_core.package_identification:_identify(.) by extensions ['ros']
[0.142s] Level 1:colcon.colcon_core.package_identification:_identify(.) by extension 'ros'
[0.168s] Level 1:colcon.colcon_core.package_identification:_identify(.) by extensions ['cmake', 'python']
[0.168s] Level 1:colcon.colcon_core.package_identification:_identify(.) by extension 'cmake'
[0.168s] Level 1:colcon.colcon_core.package_identification:_identify(.) by extension 'python'
[0.168s] Level 1:colcon.colcon_core.package_identification:_identify(.) by extensions ['python_setup_py']
[0.168s] Level 1:colcon.colcon_core.package_identification:_identify(.) by extension 'python_setup_py'
[0.168s] Level 1:colcon.colcon_core.package_identification:_identify(build) by extensions ['ignore', 'ignore_ament_install']
[0.168s] Level 1:colcon.colcon_core.package_identification:_identify(build) by extension 'ignore'
[0.168s] Level 1:colcon.colcon_core.package_identification:_identify(build) ignored
[0.168s] Level 1:colcon.colcon_core.package_identification:_identify(install) by extensions ['ignore', 'ignore_ament_install']
[0.168s] Level 1:colcon.colcon_core.package_identification:_identify(install) by extension 'ignore'
[0.168s] Level 1:colcon.colcon_core.package_identification:_identify(install) ignored
[0.168s] Level 1:colcon.colcon_core.package_identification:_identify(log) by extensions ['ignore', 'ignore_ament_install']
[0.168s] Level 1:colcon.colcon_core.package_identification:_identify(log) by extension 'ignore'
[0.168s] Level 1:colcon.colcon_core.package_identification:_identify(log) ignored
[0.168s] Level 1:colcon.colcon_core.package_identification:_identify(src) by extensions ['ignore', 'ignore_ament_install']
[0.168s] Level 1:colcon.colcon_core.package_identification:_identify(src) by extension 'ignore'
[0.168s] Level 1:colcon.colcon_core.package_identification:_identify(src) by extension 'ignore_ament_install'
[0.168s] Level 1:colcon.colcon_core.package_identification:_identify(src) by extensions ['colcon_pkg']
[0.168s] Level 1:colcon.colcon_core.package_identification:_identify(src) by extension 'colcon_pkg'
[0.168s] Level 1:colcon.colcon_core.package_identification:_identify(src) by extensions ['colcon_meta']
[0.168s] Level 1:colcon.colcon_core.package_identification:_identify(src) by extension 'colcon_meta'
[0.168s] Level 1:colcon.colcon_core.package_identification:_identify(src) by extensions ['ros']
[0.168s] Level 1:colcon.colcon_core.package_identification:_identify(src) by extension 'ros'
[0.168s] Level 1:colcon.colcon_core.package_identification:_identify(src) by extensions ['cmake', 'python']
[0.168s] Level 1:colcon.colcon_core.package_identification:_identify(src) by extension 'cmake'
[0.168s] Level 1:colcon.colcon_core.package_identification:_identify(src) by extension 'python'
[0.168s] Level 1:colcon.colcon_core.package_identification:_identify(src) by extensions ['python_setup_py']
[0.168s] Level 1:colcon.colcon_core.package_identification:_identify(src) by extension 'python_setup_py'
[0.169s] Level 1:colcon.colcon_core.package_identification:_identify(src/my_odom_pkg) by extensions ['ignore', 'ignore_ament_install']
[0.169s] Level 1:colcon.colcon_core.package_identification:_identify(src/my_odom_pkg) by extension 'ignore'
[0.169s] Level 1:colcon.colcon_core.package_identification:_identify(src/my_odom_pkg) by extension 'ignore_ament_install'
[0.169s] Level 1:colcon.colcon_core.package_identification:_identify(src/my_odom_pkg) by extensions ['colcon_pkg']
[0.169s] Level 1:colcon.colcon_core.package_identification:_identify(src/my_odom_pkg) by extension 'colcon_pkg'
[0.169s] Level 1:colcon.colcon_core.package_identification:_identify(src/my_odom_pkg) by extensions ['colcon_meta']
[0.169s] Level 1:colcon.colcon_core.package_identification:_identify(src/my_odom_pkg) by extension 'colcon_meta'
[0.169s] Level 1:colcon.colcon_core.package_identification:_identify(src/my_odom_pkg) by extensions ['ros']
[0.169s] Level 1:colcon.colcon_core.package_identification:_identify(src/my_odom_pkg) by extension 'ros'
[0.171s] DEBUG:colcon.colcon_core.package_identification:Package 'src/my_odom_pkg' with type 'ros.ament_python' and name 'my_odom_pkg'
[0.171s] Level 1:colcon.colcon_core.package_identification:_identify(src/myrobot) by extensions ['ignore', 'ignore_ament_install']
[0.171s] Level 1:colcon.colcon_core.package_identification:_identify(src/myrobot) by extension 'ignore'
[0.171s] Level 1:colcon.colcon_core.package_identification:_identify(src/myrobot) by extension 'ignore_ament_install'
[0.171s] Level 1:colcon.colcon_core.package_identification:_identify(src/myrobot) by extensions ['colcon_pkg']
[0.171s] Level 1:colcon.colcon_core.package_identification:_identify(src/myrobot) by extension 'colcon_pkg'
[0.171s] Level 1:colcon.colcon_core.package_identification:_identify(src/myrobot) by extensions ['colcon_meta']
[0.171s] Level 1:colcon.colcon_core.package_identification:_identify(src/myrobot) by extension 'colcon_meta'
[0.171s] Level 1:colcon.colcon_core.package_identification:_identify(src/myrobot) by extensions ['ros']
[0.171s] Level 1:colcon.colcon_core.package_identification:_identify(src/myrobot) by extension 'ros'
[0.171s] DEBUG:colcon.colcon_core.package_identification:Package 'src/myrobot' with type 'ros.ament_cmake' and name 'myrobot'
[0.171s] Level 1:colcon.colcon_core.package_identification:_identify(src/myrobot_behavior_tree) by extensions ['ignore', 'ignore_ament_install']
[0.171s] Level 1:colcon.colcon_core.package_identification:_identify(src/myrobot_behavior_tree) by extension 'ignore'
[0.171s] Level 1:colcon.colcon_core.package_identification:_identify(src/myrobot_behavior_tree) by extension 'ignore_ament_install'
[0.172s] Level 1:colcon.colcon_core.package_identification:_identify(src/myrobot_behavior_tree) by extensions ['colcon_pkg']
[0.172s] Level 1:colcon.colcon_core.package_identification:_identify(src/myrobot_behavior_tree) by extension 'colcon_pkg'
[0.172s] Level 1:colcon.colcon_core.package_identification:_identify(src/myrobot_behavior_tree) by extensions ['colcon_meta']
[0.172s] Level 1:colcon.colcon_core.package_identification:_identify(src/myrobot_behavior_tree) by extension 'colcon_meta'
[0.172s] Level 1:colcon.colcon_core.package_identification:_identify(src/myrobot_behavior_tree) by extensions ['ros']
[0.172s] Level 1:colcon.colcon_core.package_identification:_identify(src/myrobot_behavior_tree) by extension 'ros'
[0.172s] DEBUG:colcon.colcon_core.package_identification:Package 'src/myrobot_behavior_tree' with type 'ros.ament_cmake' and name 'myrobot_behavior_tree'
[0.172s] Level 1:colcon.colcon_core.package_identification:_identify(src/myrobot_cartographer) by extensions ['ignore', 'ignore_ament_install']
[0.172s] Level 1:colcon.colcon_core.package_identification:_identify(src/myrobot_cartographer) by extension 'ignore'
[0.172s] Level 1:colcon.colcon_core.package_identification:_identify(src/myrobot_cartographer) by extension 'ignore_ament_install'
[0.172s] Level 1:colcon.colcon_core.package_identification:_identify(src/myrobot_cartographer) by extensions ['colcon_pkg']
[0.172s] Level 1:colcon.colcon_core.package_identification:_identify(src/myrobot_cartographer) by extension 'colcon_pkg'
[0.172s] Level 1:colcon.colcon_core.package_identification:_identify(src/myrobot_cartographer) by extensions ['colcon_meta']
[0.172s] Level 1:colcon.colcon_core.package_identification:_identify(src/myrobot_cartographer) by extension 'colcon_meta'
[0.172s] Level 1:colcon.colcon_core.package_identification:_identify(src/myrobot_cartographer) by extensions ['ros']
[0.172s] Level 1:colcon.colcon_core.package_identification:_identify(src/myrobot_cartographer) by extension 'ros'
[0.172s] DEBUG:colcon.colcon_core.package_identification:Package 'src/myrobot_cartographer' with type 'ros.ament_cmake' and name 'myrobot_cartographer'
[0.172s] Level 1:colcon.colcon_core.package_identification:_identify(src/myrobot_interfaces) by extensions ['ignore', 'ignore_ament_install']
[0.172s] Level 1:colcon.colcon_core.package_identification:_identify(src/myrobot_interfaces) by extension 'ignore'
[0.172s] Level 1:colcon.colcon_core.package_identification:_identify(src/myrobot_interfaces) by extension 'ignore_ament_install'
[0.172s] Level 1:colcon.colcon_core.package_identification:_identify(src/myrobot_interfaces) by extensions ['colcon_pkg']
[0.172s] Level 1:colcon.colcon_core.package_identification:_identify(src/myrobot_interfaces) by extension 'colcon_pkg'
[0.172s] Level 1:colcon.colcon_core.package_identification:_identify(src/myrobot_interfaces) by extensions ['colcon_meta']
[0.172s] Level 1:colcon.colcon_core.package_identification:_identify(src/myrobot_interfaces) by extension 'colcon_meta'
[0.172s] Level 1:colcon.colcon_core.package_identification:_identify(src/myrobot_interfaces) by extensions ['ros']
[0.172s] Level 1:colcon.colcon_core.package_identification:_identify(src/myrobot_interfaces) by extension 'ros'
[0.173s] DEBUG:colcon.colcon_core.package_identification:Package 'src/myrobot_interfaces' with type 'ros.ament_cmake' and name 'myrobot_interfaces'
[0.173s] Level 1:colcon.colcon_core.package_identification:_identify(src/myrobot_navigation) by extensions ['ignore', 'ignore_ament_install']
[0.173s] Level 1:colcon.colcon_core.package_identification:_identify(src/myrobot_navigation) by extension 'ignore'
[0.173s] Level 1:colcon.colcon_core.package_identification:_identify(src/myrobot_navigation) by extension 'ignore_ament_install'
[0.173s] Level 1:colcon.colcon_core.package_identification:_identify(src/myrobot_navigation) by extensions ['colcon_pkg']
[0.173s] Level 1:colcon.colcon_core.package_identification:_identify(src/myrobot_navigation) by extension 'colcon_pkg'
[0.173s] Level 1:colcon.colcon_core.package_identification:_identify(src/myrobot_navigation) by extensions ['colcon_meta']
[0.173s] Level 1:colcon.colcon_core.package_identification:_identify(src/myrobot_navigation) by extension 'colcon_meta'
[0.173s] Level 1:colcon.colcon_core.package_identification:_identify(src/myrobot_navigation) by extensions ['ros']
[0.173s] Level 1:colcon.colcon_core.package_identification:_identify(src/myrobot_navigation) by extension 'ros'
[0.173s] DEBUG:colcon.colcon_core.package_identification:Package 'src/myrobot_navigation' with type 'ros.ament_cmake' and name 'myrobot_navigation'
[0.173s] Level 1:colcon.colcon_core.package_identification:_identify(src/place_nav) by extensions ['ignore', 'ignore_ament_install']
[0.173s] Level 1:colcon.colcon_core.package_identification:_identify(src/place_nav) by extension 'ignore'
[0.173s] Level 1:colcon.colcon_core.package_identification:_identify(src/place_nav) by extension 'ignore_ament_install'
[0.173s] Level 1:colcon.colcon_core.package_identification:_identify(src/place_nav) by extensions ['colcon_pkg']
[0.173s] Level 1:colcon.colcon_core.package_identification:_identify(src/place_nav) by extension 'colcon_pkg'
[0.174s] Level 1:colcon.colcon_core.package_identification:_identify(src/place_nav) by extensions ['colcon_meta']
[0.174s] Level 1:colcon.colcon_core.package_identification:_identify(src/place_nav) by extension 'colcon_meta'
[0.174s] Level 1:colcon.colcon_core.package_identification:_identify(src/place_nav) by extensions ['ros']
[0.174s] Level 1:colcon.colcon_core.package_identification:_identify(src/place_nav) by extension 'ros'
[0.174s] DEBUG:colcon.colcon_core.package_identification:Package 'src/place_nav' with type 'ros.ament_cmake' and name 'place_nav'
[0.174s] Level 1:colcon.colcon_core.package_identification:_identify(src/user_gui) by extensions ['ignore', 'ignore_ament_install']
[0.174s] Level 1:colcon.colcon_core.package_identification:_identify(src/user_gui) by extension 'ignore'
[0.174s] Level 1:colcon.colcon_core.package_identification:_identify(src/user_gui) by extension 'ignore_ament_install'
[0.174s] Level 1:colcon.colcon_core.package_identification:_identify(src/user_gui) by extensions ['colcon_pkg']
[0.174s] Level 1:colcon.colcon_core.package_identification:_identify(src/user_gui) by extension 'colcon_pkg'
[0.174s] Level 1:colcon.colcon_core.package_identification:_identify(src/user_gui) by extensions ['colcon_meta']
[0.174s] Level 1:colcon.colcon_core.package_identification:_identify(src/user_gui) by extension 'colcon_meta'
[0.174s] Level 1:colcon.colcon_core.package_identification:_identify(src/user_gui) by extensions ['ros']
[0.174s] Level 1:colcon.colcon_core.package_identification:_identify(src/user_gui) by extension 'ros'
[0.174s] DEBUG:colcon.colcon_core.package_identification:Package 'src/user_gui' with type 'ros.ament_cmake' and name 'user_gui'
[0.174s] Level 1:colcon.colcon_core.package_discovery:discover_packages(recursive) using defaults
[0.174s] Level 1:colcon.colcon_core.package_discovery:discover_packages(ignore) discover
[0.174s] Level 1:colcon.colcon_core.package_discovery:discover_packages(ignore) using defaults
[0.174s] Level 1:colcon.colcon_core.package_discovery:discover_packages(path) discover
[0.174s] Level 1:colcon.colcon_core.package_discovery:discover_packages(path) using defaults
[0.187s] Level 1:colcon.colcon_core.package_discovery:discover_packages(prefix_path) check parameters
[0.187s] Level 1:colcon.colcon_core.package_discovery:discover_packages(prefix_path) discover
[0.189s] DEBUG:colcon.colcon_installed_package_information.package_discovery:Found 8 installed packages in /home/tm/git_ws/myrobot/install
[0.191s] DEBUG:colcon.colcon_installed_package_information.package_discovery:Found 454 installed packages in /opt/ros/jazzy
[0.192s] Level 1:colcon.colcon_core.package_discovery:discover_packages(prefix_path) using defaults
[0.228s] Level 5:colcon.colcon_core.verb:set package 'my_odom_pkg' build argument 'cmake_args' from command line to 'None'
[0.228s] Level 5:colcon.colcon_core.verb:set package 'my_odom_pkg' build argument 'cmake_target' from command line to 'None'
[0.228s] Level 5:colcon.colcon_core.verb:set package 'my_odom_pkg' build argument 'cmake_target_skip_unavailable' from command line to 'False'
[0.228s] Level 5:colcon.colcon_core.verb:set package 'my_odom_pkg' build argument 'cmake_clean_cache' from command line to 'False'
[0.228s] Level 5:colcon.colcon_core.verb:set package 'my_odom_pkg' build argument 'cmake_clean_first' from command line to 'False'
[0.228s] Level 5:colcon.colcon_core.verb:set package 'my_odom_pkg' build argument 'cmake_force_configure' from command line to 'False'
[0.228s] Level 5:colcon.colcon_core.verb:set package 'my_odom_pkg' build argument 'ament_cmake_args' from command line to 'None'
[0.228s] Level 5:colcon.colcon_core.verb:set package 'my_odom_pkg' build argument 'catkin_cmake_args' from command line to 'None'
[0.228s] Level 5:colcon.colcon_core.verb:set package 'my_odom_pkg' build argument 'catkin_skip_building_tests' from command line to 'False'
[0.228s] DEBUG:colcon.colcon_core.verb:Building package 'my_odom_pkg' with the following arguments: {'ament_cmake_args': None, 'build_base': '/home/tm/git_ws/myrobot/build/my_odom_pkg', 'catkin_cmake_args': None, 'catkin_skip_building_tests': False, 'cmake_args': None, 'cmake_clean_cache': False, 'cmake_clean_first': False, 'cmake_force_configure': False, 'cmake_target': None, 'cmake_target_skip_unavailable': False, 'install_base': '/home/tm/git_ws/myrobot/install/my_odom_pkg', 'merge_install': False, 'path': '/home/tm/git_ws/myrobot/src/my_odom_pkg', 'symlink_install': False, 'test_result_base': None}
[0.229s] Level 5:colcon.colcon_core.verb:set package 'myrobot' build argument 'cmake_args' from command line to 'None'
[0.229s] Level 5:colcon.colcon_core.verb:set package 'myrobot' build argument 'cmake_target' from command line to 'None'
[0.229s] Level 5:colcon.colcon_core.verb:set package 'myrobot' build argument 'cmake_target_skip_unavailable' from command line to 'False'
[0.229s] Level 5:colcon.colcon_core.verb:set package 'myrobot' build argument 'cmake_clean_cache' from command line to 'False'
[0.229s] Level 5:colcon.colcon_core.verb:set package 'myrobot' build argument 'cmake_clean_first' from command line to 'False'
[0.229s] Level 5:colcon.colcon_core.verb:set package 'myrobot' build argument 'cmake_force_configure' from command line to 'False'
[0.229s] Level 5:colcon.colcon_core.verb:set package 'myrobot' build argument 'ament_cmake_args' from command line to 'None'
[0.229s] Level 5:colcon.colcon_core.verb:set package 'myrobot' build argument 'catkin_cmake_args' from command line to 'None'
[0.229s] Level 5:colcon.colcon_core.verb:set package 'myrobot' build argument 'catkin_skip_building_tests' from command line to 'False'
[0.229s] DEBUG:colcon.colcon_core.verb:Building package 'myrobot' with the following arguments: {'ament_cmake_args': None, 'build_base': '/home/tm/git_ws/myrobot/build/myrobot', 'catkin_cmake_args': None, 'catkin_skip_building_tests': False, 'cmake_args': None, 'cmake_clean_cache': False, 'cmake_clean_first': False, 'cmake_force_configure': False, 'cmake_target': None, 'cmake_target_skip_unavailable': False, 'install_base': '/home/tm/git_ws/myrobot/install/myrobot', 'merge_install': False, 'path': '/home/tm/git_ws/myrobot/src/myrobot', 'symlink_install': False, 'test_result_base': None}
[0.229s] Level 5:colcon.colcon_core.verb:set package 'myrobot_behavior_tree' build argument 'cmake_args' from command line to 'None'
[0.229s] Level 5:colcon.colcon_core.verb:set package 'myrobot_behavior_tree' build argument 'cmake_target' from command line to 'None'
[0.229s] Level 5:colcon.colcon_core.verb:set package 'myrobot_behavior_tree' build argument 'cmake_target_skip_unavailable' from command line to 'False'
[0.229s] Level 5:colcon.colcon_core.verb:set package 'myrobot_behavior_tree' build argument 'cmake_clean_cache' from command line to 'False'
[0.229s] Level 5:colcon.colcon_core.verb:set package 'myrobot_behavior_tree' build argument 'cmake_clean_first' from command line to 'False'
[0.229s] Level 5:colcon.colcon_core.verb:set package 'myrobot_behavior_tree' build argument 'cmake_force_configure' from command line to 'False'
[0.229s] Level 5:colcon.colcon_core.verb:set package 'myrobot_behavior_tree' build argument 'ament_cmake_args' from command line to 'None'
[0.229s] Level 5:colcon.colcon_core.verb:set package 'myrobot_behavior_tree' build argument 'catkin_cmake_args' from command line to 'None'
[0.229s] Level 5:colcon.colcon_core.verb:set package 'myrobot_behavior_tree' build argument 'catkin_skip_building_tests' from command line to 'False'
[0.229s] DEBUG:colcon.colcon_core.verb:Building package 'myrobot_behavior_tree' with the following arguments: {'ament_cmake_args': None, 'build_base': '/home/tm/git_ws/myrobot/build/myrobot_behavior_tree', 'catkin_cmake_args': None, 'catkin_skip_building_tests': False, 'cmake_args': None, 'cmake_clean_cache': False, 'cmake_clean_first': False, 'cmake_force_configure': False, 'cmake_target': None, 'cmake_target_skip_unavailable': False, 'install_base': '/home/tm/git_ws/myrobot/install/myrobot_behavior_tree', 'merge_install': False, 'path': '/home/tm/git_ws/myrobot/src/myrobot_behavior_tree', 'symlink_install': False, 'test_result_base': None}
[0.229s] Level 5:colcon.colcon_core.verb:set package 'myrobot_cartographer' build argument 'cmake_args' from command line to 'None'
[0.229s] Level 5:colcon.colcon_core.verb:set package 'myrobot_cartographer' build argument 'cmake_target' from command line to 'None'
[0.229s] Level 5:colcon.colcon_core.verb:set package 'myrobot_cartographer' build argument 'cmake_target_skip_unavailable' from command line to 'False'
[0.229s] Level 5:colcon.colcon_core.verb:set package 'myrobot_cartographer' build argument 'cmake_clean_cache' from command line to 'False'
[0.229s] Level 5:colcon.colcon_core.verb:set package 'myrobot_cartographer' build argument 'cmake_clean_first' from command line to 'False'
[0.229s] Level 5:colcon.colcon_core.verb:set package 'myrobot_cartographer' build argument 'cmake_force_configure' from command line to 'False'
[0.229s] Level 5:colcon.colcon_core.verb:set package 'myrobot_cartographer' build argument 'ament_cmake_args' from command line to 'None'
[0.229s] Level 5:colcon.colcon_core.verb:set package 'myrobot_cartographer' build argument 'catkin_cmake_args' from command line to 'None'
[0.229s] Level 5:colcon.colcon_core.verb:set package 'myrobot_cartographer' build argument 'catkin_skip_building_tests' from command line to 'False'
[0.229s] DEBUG:colcon.colcon_core.verb:Building package 'myrobot_cartographer' with the following arguments: {'ament_cmake_args': None, 'build_base': '/home/tm/git_ws/myrobot/build/myrobot_cartographer', 'catkin_cmake_args': None, 'catkin_skip_building_tests': False, 'cmake_args': None, 'cmake_clean_cache': False, 'cmake_clean_first': False, 'cmake_force_configure': False, 'cmake_target': None, 'cmake_target_skip_unavailable': False, 'install_base': '/home/tm/git_ws/myrobot/install/myrobot_cartographer', 'merge_install': False, 'path': '/home/tm/git_ws/myrobot/src/myrobot_cartographer', 'symlink_install': False, 'test_result_base': None}
[0.229s] Level 5:colcon.colcon_core.verb:set package 'myrobot_interfaces' build argument 'cmake_args' from command line to 'None'
[0.229s] Level 5:colcon.colcon_core.verb:set package 'myrobot_interfaces' build argument 'cmake_target' from command line to 'None'
[0.229s] Level 5:colcon.colcon_core.verb:set package 'myrobot_interfaces' build argument 'cmake_target_skip_unavailable' from command line to 'False'
[0.229s] Level 5:colcon.colcon_core.verb:set package 'myrobot_interfaces' build argument 'cmake_clean_cache' from command line to 'False'
[0.229s] Level 5:colcon.colcon_core.verb:set package 'myrobot_interfaces' build argument 'cmake_clean_first' from command line to 'False'
[0.229s] Level 5:colcon.colcon_core.verb:set package 'myrobot_interfaces' build argument 'cmake_force_configure' from command line to 'False'
[0.229s] Level 5:colcon.colcon_core.verb:set package 'myrobot_interfaces' build argument 'ament_cmake_args' from command line to 'None'
[0.229s] Level 5:colcon.colcon_core.verb:set package 'myrobot_interfaces' build argument 'catkin_cmake_args' from command line to 'None'
[0.229s] Level 5:colcon.colcon_core.verb:set package 'myrobot_interfaces' build argument 'catkin_skip_building_tests' from command line to 'False'
[0.229s] DEBUG:colcon.colcon_core.verb:Building package 'myrobot_interfaces' with the following arguments: {'ament_cmake_args': None, 'build_base': '/home/tm/git_ws/myrobot/build/myrobot_interfaces', 'catkin_cmake_args': None, 'catkin_skip_building_tests': False, 'cmake_args': None, 'cmake_clean_cache': False, 'cmake_clean_first': False, 'cmake_force_configure': False, 'cmake_target': None, 'cmake_target_skip_unavailable': False, 'install_base': '/home/tm/git_ws/myrobot/install/myrobot_interfaces', 'merge_install': False, 'path': '/home/tm/git_ws/myrobot/src/myrobot_interfaces', 'symlink_install': False, 'test_result_base': None}
[0.230s] Level 5:colcon.colcon_core.verb:set package 'myrobot_navigation' build argument 'cmake_args' from command line to 'None'
[0.230s] Level 5:colcon.colcon_core.verb:set package 'myrobot_navigation' build argument 'cmake_target' from command line to 'None'
[0.230s] Level 5:colcon.colcon_core.verb:set package 'myrobot_navigation' build argument 'cmake_target_skip_unavailable' from command line to 'False'
[0.230s] Level 5:colcon.colcon_core.verb:set package 'myrobot_navigation' build argument 'cmake_clean_cache' from command line to 'False'
[0.230s] Level 5:colcon.colcon_core.verb:set package 'myrobot_navigation' build argument 'cmake_clean_first' from command line to 'False'
[0.230s] Level 5:colcon.colcon_core.verb:set package 'myrobot_navigation' build argument 'cmake_force_configure' from command line to 'False'
[0.230s] Level 5:colcon.colcon_core.verb:set package 'myrobot_navigation' build argument 'ament_cmake_args' from command line to 'None'
[0.230s] Level 5:colcon.colcon_core.verb:set package 'myrobot_navigation' build argument 'catkin_cmake_args' from command line to 'None'
[0.230s] Level 5:colcon.colcon_core.verb:set package 'myrobot_navigation' build argument 'catkin_skip_building_tests' from command line to 'False'
[0.230s] DEBUG:colcon.colcon_core.verb:Building package 'myrobot_navigation' with the following arguments: {'ament_cmake_args': None, 'build_base': '/home/tm/git_ws/myrobot/build/myrobot_navigation', 'catkin_cmake_args': None, 'catkin_skip_building_tests': False, 'cmake_args': None, 'cmake_clean_cache': False, 'cmake_clean_first': False, 'cmake_force_configure': False, 'cmake_target': None, 'cmake_target_skip_unavailable': False, 'install_base': '/home/tm/git_ws/myrobot/install/myrobot_navigation', 'merge_install': False, 'path': '/home/tm/git_ws/myrobot/src/myrobot_navigation', 'symlink_install': False, 'test_result_base': None}
[0.230s] Level 5:colcon.colcon_core.verb:set package 'user_gui' build argument 'cmake_args' from command line to 'None'
[0.230s] Level 5:colcon.colcon_core.verb:set package 'user_gui' build argument 'cmake_target' from command line to 'None'
[0.230s] Level 5:colcon.colcon_core.verb:set package 'user_gui' build argument 'cmake_target_skip_unavailable' from command line to 'False'
[0.230s] Level 5:colcon.colcon_core.verb:set package 'user_gui' build argument 'cmake_clean_cache' from command line to 'False'
[0.230s] Level 5:colcon.colcon_core.verb:set package 'user_gui' build argument 'cmake_clean_first' from command line to 'False'
[0.230s] Level 5:colcon.colcon_core.verb:set package 'user_gui' build argument 'cmake_force_configure' from command line to 'False'
[0.230s] Level 5:colcon.colcon_core.verb:set package 'user_gui' build argument 'ament_cmake_args' from command line to 'None'
[0.230s] Level 5:colcon.colcon_core.verb:set package 'user_gui' build argument 'catkin_cmake_args' from command line to 'None'
[0.230s] Level 5:colcon.colcon_core.verb:set package 'user_gui' build argument 'catkin_skip_building_tests' from command line to 'False'
[0.230s] DEBUG:colcon.colcon_core.verb:Building package 'user_gui' with the following arguments: {'ament_cmake_args': None, 'build_base': '/home/tm/git_ws/myrobot/build/user_gui', 'catkin_cmake_args': None, 'catkin_skip_building_tests': False, 'cmake_args': None, 'cmake_clean_cache': False, 'cmake_clean_first': False, 'cmake_force_configure': False, 'cmake_target': None, 'cmake_target_skip_unavailable': False, 'install_base': '/home/tm/git_ws/myrobot/install/user_gui', 'merge_install': False, 'path': '/home/tm/git_ws/myrobot/src/user_gui', 'symlink_install': False, 'test_result_base': None}
[0.230s] Level 5:colcon.colcon_core.verb:set package 'place_nav' build argument 'cmake_args' from command line to 'None'
[0.230s] Level 5:colcon.colcon_core.verb:set package 'place_nav' build argument 'cmake_target' from command line to 'None'
[0.230s] Level 5:colcon.colcon_core.verb:set package 'place_nav' build argument 'cmake_target_skip_unavailable' from command line to 'False'
[0.230s] Level 5:colcon.colcon_core.verb:set package 'place_nav' build argument 'cmake_clean_cache' from command line to 'False'
[0.230s] Level 5:colcon.colcon_core.verb:set package 'place_nav' build argument 'cmake_clean_first' from command line to 'False'
[0.230s] Level 5:colcon.colcon_core.verb:set package 'place_nav' build argument 'cmake_force_configure' from command line to 'False'
[0.230s] Level 5:colcon.colcon_core.verb:set package 'place_nav' build argument 'ament_cmake_args' from command line to 'None'
[0.230s] Level 5:colcon.colcon_core.verb:set package 'place_nav' build argument 'catkin_cmake_args' from command line to 'None'
[0.230s] Level 5:colcon.colcon_core.verb:set package 'place_nav' build argument 'catkin_skip_building_tests' from command line to 'False'
[0.230s] DEBUG:colcon.colcon_core.verb:Building package 'place_nav' with the following arguments: {'ament_cmake_args': None, 'build_base': '/home/tm/git_ws/myrobot/build/place_nav', 'catkin_cmake_args': None, 'catkin_skip_building_tests': False, 'cmake_args': None, 'cmake_clean_cache': False, 'cmake_clean_first': False, 'cmake_force_configure': False, 'cmake_target': None, 'cmake_target_skip_unavailable': False, 'install_base': '/home/tm/git_ws/myrobot/install/place_nav', 'merge_install': False, 'path': '/home/tm/git_ws/myrobot/src/place_nav', 'symlink_install': False, 'test_result_base': None}
[0.230s] INFO:colcon.colcon_core.executor:Executing jobs using 'parallel' executor
[0.231s] DEBUG:colcon.colcon_parallel_executor.executor.parallel:run_until_complete
[0.231s] INFO:colcon.colcon_ros.task.ament_cmake.build:Building ROS package in '/home/tm/git_ws/myrobot/src/myrobot_interfaces' with build type 'ament_cmake'
[0.231s] INFO:colcon.colcon_cmake.task.cmake.build:Building CMake package in '/home/tm/git_ws/myrobot/src/myrobot_interfaces'
[0.233s] INFO:colcon.colcon_core.plugin_system:Skipping extension 'colcon_core.shell.bat': Not used on non-Windows systems
[0.233s] INFO:colcon.colcon_core.shell:Skip shell extension 'powershell' for command environment: Not usable outside of PowerShell
[0.233s] DEBUG:colcon.colcon_core.shell:Skip shell extension 'dsv' for command environment
[0.236s] INFO:colcon.colcon_ros.task.ament_python.build:Building ROS package in '/home/tm/git_ws/myrobot/src/my_odom_pkg' with build type 'ament_python'
[0.236s] Level 1:colcon.colcon_core.shell:create_environment_hook('my_odom_pkg', 'ament_prefix_path')
[0.236s] INFO:colcon.colcon_core.shell:Creating environment hook '/home/tm/git_ws/myrobot/install/my_odom_pkg/share/my_odom_pkg/hook/ament_prefix_path.ps1'
[0.236s] INFO:colcon.colcon_core.shell:Creating environment descriptor '/home/tm/git_ws/myrobot/install/my_odom_pkg/share/my_odom_pkg/hook/ament_prefix_path.dsv'
[0.237s] INFO:colcon.colcon_core.shell:Creating environment hook '/home/tm/git_ws/myrobot/install/my_odom_pkg/share/my_odom_pkg/hook/ament_prefix_path.sh'
[0.237s] INFO:colcon.colcon_core.shell:Skip shell extension 'powershell' for command environment: Not usable outside of PowerShell
[0.237s] DEBUG:colcon.colcon_core.shell:Skip shell extension 'dsv' for command environment
[0.241s] INFO:colcon.colcon_ros.task.ament_cmake.build:Building ROS package in '/home/tm/git_ws/myrobot/src/myrobot' with build type 'ament_cmake'
[0.241s] INFO:colcon.colcon_cmake.task.cmake.build:Building CMake package in '/home/tm/git_ws/myrobot/src/myrobot'
[0.242s] INFO:colcon.colcon_core.shell:Skip shell extension 'powershell' for command environment: Not usable outside of PowerShell
[0.242s] DEBUG:colcon.colcon_core.shell:Skip shell extension 'dsv' for command environment
[0.245s] INFO:colcon.colcon_ros.task.ament_cmake.build:Building ROS package in '/home/tm/git_ws/myrobot/src/myrobot_behavior_tree' with build type 'ament_cmake'
[0.245s] INFO:colcon.colcon_cmake.task.cmake.build:Building CMake package in '/home/tm/git_ws/myrobot/src/myrobot_behavior_tree'
[0.245s] INFO:colcon.colcon_core.shell:Skip shell extension 'powershell' for command environment: Not usable outside of PowerShell
[0.245s] DEBUG:colcon.colcon_core.shell:Skip shell extension 'dsv' for command environment
[0.250s] INFO:colcon.colcon_ros.task.ament_cmake.build:Building ROS package in '/home/tm/git_ws/myrobot/src/myrobot_cartographer' with build type 'ament_cmake'
[0.250s] INFO:colcon.colcon_cmake.task.cmake.build:Building CMake package in '/home/tm/git_ws/myrobot/src/myrobot_cartographer'
[0.250s] INFO:colcon.colcon_core.shell:Skip shell extension 'powershell' for command environment: Not usable outside of PowerShell
[0.250s] DEBUG:colcon.colcon_core.shell:Skip shell extension 'dsv' for command environment
[0.253s] INFO:colcon.colcon_ros.task.ament_cmake.build:Building ROS package in '/home/tm/git_ws/myrobot/src/myrobot_navigation' with build type 'ament_cmake'
[0.253s] INFO:colcon.colcon_cmake.task.cmake.build:Building CMake package in '/home/tm/git_ws/myrobot/src/myrobot_navigation'
[0.253s] INFO:colcon.colcon_core.shell:Skip shell extension 'powershell' for command environment: Not usable outside of PowerShell
[0.253s] DEBUG:colcon.colcon_core.shell:Skip shell extension 'dsv' for command environment
[0.257s] INFO:colcon.colcon_ros.task.ament_cmake.build:Building ROS package in '/home/tm/git_ws/myrobot/src/user_gui' with build type 'ament_cmake'
[0.257s] INFO:colcon.colcon_cmake.task.cmake.build:Building CMake package in '/home/tm/git_ws/myrobot/src/user_gui'
[0.257s] INFO:colcon.colcon_core.shell:Skip shell extension 'powershell' for command environment: Not usable outside of PowerShell
[0.257s] DEBUG:colcon.colcon_core.shell:Skip shell extension 'dsv' for command environment
[0.266s] DEBUG:colcon.colcon_core.event_handler.log_command:Invoking command in '/home/tm/git_ws/myrobot/build/myrobot_interfaces': CMAKE_PREFIX_PATH=${CMAKE_PREFIX_PATH}:/home/tm/git_ws/myrobot/install/my_odom_pkg:/opt/ros/jazzy DEBUGINFOD_URLS=https://debuginfod.ubuntu.com VIRTUAL_ENV_PROMPT=(ros) /usr/bin/cmake --build /home/tm/git_ws/myrobot/build/myrobot_interfaces -- -j16 -l16
[0.506s] INFO:colcon.colcon_core.task.python.build:Building Python package in '/home/tm/git_ws/myrobot/src/my_odom_pkg'
[0.506s] INFO:colcon.colcon_core.shell:Skip shell extension 'powershell' for command environment: Not usable outside of PowerShell
[0.506s] DEBUG:colcon.colcon_core.shell:Skip shell extension 'dsv' for command environment
[0.512s] DEBUG:colcon.colcon_core.event_handler.log_command:Invoking command in '/home/tm/git_ws/myrobot/build/myrobot': CMAKE_PREFIX_PATH=${CMAKE_PREFIX_PATH}:/home/tm/git_ws/myrobot/install/my_odom_pkg:/opt/ros/jazzy DEBUGINFOD_URLS=https://debuginfod.ubuntu.com VIRTUAL_ENV_PROMPT=(ros) /usr/bin/cmake --build /home/tm/git_ws/myrobot/build/myrobot -- -j16 -l16
[0.513s] DEBUG:colcon.colcon_core.event_handler.log_command:Invoking command in '/home/tm/git_ws/myrobot/build/myrobot_behavior_tree': CMAKE_PREFIX_PATH=${CMAKE_PREFIX_PATH}:/home/tm/git_ws/myrobot/install/my_odom_pkg:/opt/ros/jazzy DEBUGINFOD_URLS=https://debuginfod.ubuntu.com VIRTUAL_ENV_PROMPT=(ros) /usr/bin/cmake --build /home/tm/git_ws/myrobot/build/myrobot_behavior_tree -- -j16 -l16
[0.515s] DEBUG:colcon.colcon_core.event_handler.log_command:Invoking command in '/home/tm/git_ws/myrobot/build/myrobot_cartographer': CMAKE_PREFIX_PATH=${CMAKE_PREFIX_PATH}:/home/tm/git_ws/myrobot/install/my_odom_pkg:/opt/ros/jazzy DEBUGINFOD_URLS=https://debuginfod.ubuntu.com VIRTUAL_ENV_PROMPT=(ros) /usr/bin/cmake --build /home/tm/git_ws/myrobot/build/myrobot_cartographer -- -j16 -l16
[0.516s] DEBUG:colcon.colcon_core.event_handler.log_command:Invoking command in '/home/tm/git_ws/myrobot/build/myrobot_navigation': CMAKE_PREFIX_PATH=${CMAKE_PREFIX_PATH}:/home/tm/git_ws/myrobot/install/my_odom_pkg:/opt/ros/jazzy DEBUGINFOD_URLS=https://debuginfod.ubuntu.com VIRTUAL_ENV_PROMPT=(ros) /usr/bin/cmake --build /home/tm/git_ws/myrobot/build/myrobot_navigation -- -j16 -l16
[0.524s] DEBUG:colcon.colcon_core.event_handler.log_command:Invoking command in '/home/tm/git_ws/myrobot/build/user_gui': CMAKE_PREFIX_PATH=${CMAKE_PREFIX_PATH}:/home/tm/git_ws/myrobot/install/my_odom_pkg:/opt/ros/jazzy DEBUGINFOD_URLS=https://debuginfod.ubuntu.com VIRTUAL_ENV_PROMPT=(ros) /usr/bin/cmake --build /home/tm/git_ws/myrobot/build/user_gui -- -j16 -l16
[0.559s] DEBUG:colcon.colcon_core.event_handler.log_command:Invoked command in '/home/tm/git_ws/myrobot/build/myrobot_cartographer' returned '0': CMAKE_PREFIX_PATH=${CMAKE_PREFIX_PATH}:/home/tm/git_ws/myrobot/install/my_odom_pkg:/opt/ros/jazzy DEBUGINFOD_URLS=https://debuginfod.ubuntu.com VIRTUAL_ENV_PROMPT=(ros) /usr/bin/cmake --build /home/tm/git_ws/myrobot/build/myrobot_cartographer -- -j16 -l16
[0.571s] DEBUG:colcon.colcon_core.event_handler.log_command:Invoking command in '/home/tm/git_ws/myrobot/build/myrobot_cartographer': CMAKE_PREFIX_PATH=${CMAKE_PREFIX_PATH}:/home/tm/git_ws/myrobot/install/my_odom_pkg:/opt/ros/jazzy DEBUGINFOD_URLS=https://debuginfod.ubuntu.com VIRTUAL_ENV_PROMPT=(ros) /usr/bin/cmake --install /home/tm/git_ws/myrobot/build/myrobot_cartographer
[0.572s] DEBUG:colcon.colcon_core.event_handler.log_command:Invoked command in '/home/tm/git_ws/myrobot/build/myrobot' returned '0': CMAKE_PREFIX_PATH=${CMAKE_PREFIX_PATH}:/home/tm/git_ws/myrobot/install/my_odom_pkg:/opt/ros/jazzy DEBUGINFOD_URLS=https://debuginfod.ubuntu.com VIRTUAL_ENV_PROMPT=(ros) /usr/bin/cmake --build /home/tm/git_ws/myrobot/build/myrobot -- -j16 -l16
[0.573s] DEBUG:colcon.colcon_core.event_handler.log_command:Invoking command in '/home/tm/git_ws/myrobot/build/myrobot': CMAKE_PREFIX_PATH=${CMAKE_PREFIX_PATH}:/home/tm/git_ws/myrobot/install/my_odom_pkg:/opt/ros/jazzy DEBUGINFOD_URLS=https://debuginfod.ubuntu.com VIRTUAL_ENV_PROMPT=(ros) /usr/bin/cmake --install /home/tm/git_ws/myrobot/build/myrobot
[0.574s] DEBUG:colcon.colcon_core.event_handler.log_command:Invoked command in '/home/tm/git_ws/myrobot/build/myrobot_navigation' returned '0': CMAKE_PREFIX_PATH=${CMAKE_PREFIX_PATH}:/home/tm/git_ws/myrobot/install/my_odom_pkg:/opt/ros/jazzy DEBUGINFOD_URLS=https://debuginfod.ubuntu.com VIRTUAL_ENV_PROMPT=(ros) /usr/bin/cmake --build /home/tm/git_ws/myrobot/build/myrobot_navigation -- -j16 -l16
[0.575s] DEBUG:colcon.colcon_core.event_handler.log_command:Invoking command in '/home/tm/git_ws/myrobot/build/myrobot_navigation': CMAKE_PREFIX_PATH=${CMAKE_PREFIX_PATH}:/home/tm/git_ws/myrobot/install/my_odom_pkg:/opt/ros/jazzy DEBUGINFOD_URLS=https://debuginfod.ubuntu.com VIRTUAL_ENV_PROMPT=(ros) /usr/bin/cmake --install /home/tm/git_ws/myrobot/build/myrobot_navigation
[0.590s] Level 1:colcon.colcon_core.environment:create_environment_scripts_only(myrobot_cartographer)
[0.591s] DEBUG:colcon.colcon_core.event_handler.log_command:Invoked command in '/home/tm/git_ws/myrobot/build/myrobot_cartographer' returned '0': CMAKE_PREFIX_PATH=${CMAKE_PREFIX_PATH}:/home/tm/git_ws/myrobot/install/my_odom_pkg:/opt/ros/jazzy DEBUGINFOD_URLS=https://debuginfod.ubuntu.com VIRTUAL_ENV_PROMPT=(ros) /usr/bin/cmake --install /home/tm/git_ws/myrobot/build/myrobot_cartographer
[0.592s] Level 1:colcon.colcon_core.environment:checking '/home/tm/git_ws/myrobot/install/myrobot_cartographer' for CMake module files
[0.593s] Level 1:colcon.colcon_core.environment:checking '/home/tm/git_ws/myrobot/install/myrobot_cartographer' for CMake config files
[0.593s] Level 1:colcon.colcon_core.shell:create_environment_hook('myrobot_cartographer', 'cmake_prefix_path')
[0.593s] INFO:colcon.colcon_core.shell:Creating environment hook '/home/tm/git_ws/myrobot/install/myrobot_cartographer/share/myrobot_cartographer/hook/cmake_prefix_path.ps1'
[0.593s] INFO:colcon.colcon_core.shell:Creating environment descriptor '/home/tm/git_ws/myrobot/install/myrobot_cartographer/share/myrobot_cartographer/hook/cmake_prefix_path.dsv'
[0.594s] INFO:colcon.colcon_core.shell:Creating environment hook '/home/tm/git_ws/myrobot/install/myrobot_cartographer/share/myrobot_cartographer/hook/cmake_prefix_path.sh'
[0.594s] Level 1:colcon.colcon_core.environment:checking '/home/tm/git_ws/myrobot/install/myrobot_cartographer/bin'
[0.595s] Level 1:colcon.colcon_core.environment:checking '/home/tm/git_ws/myrobot/install/myrobot_cartographer/lib/pkgconfig/myrobot_cartographer.pc'
[0.595s] Level 1:colcon.colcon_core.environment:checking '/home/tm/git_ws/myrobot/install/myrobot_cartographer/lib/python3.12/site-packages'
[0.595s] Level 1:colcon.colcon_core.environment:checking '/home/tm/git_ws/myrobot/install/myrobot_cartographer/bin'
[0.595s] INFO:colcon.colcon_core.shell:Creating package script '/home/tm/git_ws/myrobot/install/myrobot_cartographer/share/myrobot_cartographer/package.ps1'
[0.596s] INFO:colcon.colcon_core.shell:Creating package descriptor '/home/tm/git_ws/myrobot/install/myrobot_cartographer/share/myrobot_cartographer/package.dsv'
[0.597s] INFO:colcon.colcon_core.shell:Creating package script '/home/tm/git_ws/myrobot/install/myrobot_cartographer/share/myrobot_cartographer/package.sh'
[0.598s] INFO:colcon.colcon_core.shell:Creating package script '/home/tm/git_ws/myrobot/install/myrobot_cartographer/share/myrobot_cartographer/package.bash'
[0.598s] INFO:colcon.colcon_core.shell:Creating package script '/home/tm/git_ws/myrobot/install/myrobot_cartographer/share/myrobot_cartographer/package.zsh'
[0.598s] Level 1:colcon.colcon_core.environment:create_file_with_runtime_dependencies(/home/tm/git_ws/myrobot/install/myrobot_cartographer/share/colcon-core/packages/myrobot_cartographer)
[0.599s] Level 1:colcon.colcon_core.environment:create_environment_scripts_only(myrobot_cartographer)
[0.599s] Level 1:colcon.colcon_core.environment:checking '/home/tm/git_ws/myrobot/install/myrobot_cartographer' for CMake module files
[0.599s] Level 1:colcon.colcon_core.environment:checking '/home/tm/git_ws/myrobot/install/myrobot_cartographer' for CMake config files
[0.599s] Level 1:colcon.colcon_core.shell:create_environment_hook('myrobot_cartographer', 'cmake_prefix_path')
[0.599s] INFO:colcon.colcon_core.shell:Creating environment hook '/home/tm/git_ws/myrobot/install/myrobot_cartographer/share/myrobot_cartographer/hook/cmake_prefix_path.ps1'
[0.600s] INFO:colcon.colcon_core.shell:Creating environment descriptor '/home/tm/git_ws/myrobot/install/myrobot_cartographer/share/myrobot_cartographer/hook/cmake_prefix_path.dsv'
[0.600s] INFO:colcon.colcon_core.shell:Creating environment hook '/home/tm/git_ws/myrobot/install/myrobot_cartographer/share/myrobot_cartographer/hook/cmake_prefix_path.sh'
[0.600s] Level 1:colcon.colcon_core.environment:checking '/home/tm/git_ws/myrobot/install/myrobot_cartographer/bin'
[0.600s] Level 1:colcon.colcon_core.environment:checking '/home/tm/git_ws/myrobot/install/myrobot_cartographer/lib/pkgconfig/myrobot_cartographer.pc'
[0.601s] Level 1:colcon.colcon_core.environment:checking '/home/tm/git_ws/myrobot/install/myrobot_cartographer/lib/python3.12/site-packages'
[0.601s] Level 1:colcon.colcon_core.environment:checking '/home/tm/git_ws/myrobot/install/myrobot_cartographer/bin'
[0.601s] INFO:colcon.colcon_core.shell:Creating package script '/home/tm/git_ws/myrobot/install/myrobot_cartographer/share/myrobot_cartographer/package.ps1'
[0.601s] INFO:colcon.colcon_core.shell:Creating package descriptor '/home/tm/git_ws/myrobot/install/myrobot_cartographer/share/myrobot_cartographer/package.dsv'
[0.602s] INFO:colcon.colcon_core.shell:Creating package script '/home/tm/git_ws/myrobot/install/myrobot_cartographer/share/myrobot_cartographer/package.sh'
[0.602s] INFO:colcon.colcon_core.shell:Creating package script '/home/tm/git_ws/myrobot/install/myrobot_cartographer/share/myrobot_cartographer/package.bash'
[0.602s] INFO:colcon.colcon_core.shell:Creating package script '/home/tm/git_ws/myrobot/install/myrobot_cartographer/share/myrobot_cartographer/package.zsh'
[0.603s] Level 1:colcon.colcon_core.environment:create_file_with_runtime_dependencies(/home/tm/git_ws/myrobot/install/myrobot_cartographer/share/colcon-core/packages/myrobot_cartographer)
[0.603s] Level 1:colcon.colcon_core.environment:create_environment_scripts_only(myrobot)
[0.603s] Level 1:colcon.colcon_core.environment:checking '/home/tm/git_ws/myrobot/install/myrobot' for CMake module files
[0.604s] DEBUG:colcon.colcon_core.event_handler.log_command:Invoked command in '/home/tm/git_ws/myrobot/build/myrobot' returned '0': CMAKE_PREFIX_PATH=${CMAKE_PREFIX_PATH}:/home/tm/git_ws/myrobot/install/my_odom_pkg:/opt/ros/jazzy DEBUGINFOD_URLS=https://debuginfod.ubuntu.com VIRTUAL_ENV_PROMPT=(ros) /usr/bin/cmake --install /home/tm/git_ws/myrobot/build/myrobot
[0.604s] Level 1:colcon.colcon_core.environment:checking '/home/tm/git_ws/myrobot/install/myrobot' for CMake config files
[0.605s] Level 1:colcon.colcon_core.shell:create_environment_hook('myrobot', 'cmake_prefix_path')
[0.605s] INFO:colcon.colcon_core.shell:Creating environment hook '/home/tm/git_ws/myrobot/install/myrobot/share/myrobot/hook/cmake_prefix_path.ps1'
[0.606s] INFO:colcon.colcon_core.shell:Creating environment descriptor '/home/tm/git_ws/myrobot/install/myrobot/share/myrobot/hook/cmake_prefix_path.dsv'
[0.606s] INFO:colcon.colcon_core.shell:Creating environment hook '/home/tm/git_ws/myrobot/install/myrobot/share/myrobot/hook/cmake_prefix_path.sh'
[0.607s] Level 1:colcon.colcon_core.environment:checking '/home/tm/git_ws/myrobot/install/myrobot/bin'
[0.607s] Level 1:colcon.colcon_core.environment:checking '/home/tm/git_ws/myrobot/install/myrobot/lib/pkgconfig/myrobot.pc'
[0.607s] Level 1:colcon.colcon_core.environment:checking '/home/tm/git_ws/myrobot/install/myrobot/lib/python3.12/site-packages'
[0.607s] Level 1:colcon.colcon_core.environment:checking '/home/tm/git_ws/myrobot/install/myrobot/bin'
[0.607s] INFO:colcon.colcon_core.shell:Creating package script '/home/tm/git_ws/myrobot/install/myrobot/share/myrobot/package.ps1'
[0.608s] INFO:colcon.colcon_core.shell:Creating package descriptor '/home/tm/git_ws/myrobot/install/myrobot/share/myrobot/package.dsv'
[0.608s] INFO:colcon.colcon_core.shell:Creating package script '/home/tm/git_ws/myrobot/install/myrobot/share/myrobot/package.sh'
[0.608s] INFO:colcon.colcon_core.shell:Creating package script '/home/tm/git_ws/myrobot/install/myrobot/share/myrobot/package.bash'
[0.608s] INFO:colcon.colcon_core.shell:Creating package script '/home/tm/git_ws/myrobot/install/myrobot/share/myrobot/package.zsh'
[0.609s] Level 1:colcon.colcon_core.environment:create_file_with_runtime_dependencies(/home/tm/git_ws/myrobot/install/myrobot/share/colcon-core/packages/myrobot)
[0.609s] Level 1:colcon.colcon_core.environment:create_environment_scripts_only(myrobot)
[0.609s] Level 1:colcon.colcon_core.environment:checking '/home/tm/git_ws/myrobot/install/myrobot' for CMake module files
[0.610s] Level 1:colcon.colcon_core.environment:checking '/home/tm/git_ws/myrobot/install/myrobot' for CMake config files
[0.610s] Level 1:colcon.colcon_core.shell:create_environment_hook('myrobot', 'cmake_prefix_path')
[0.610s] INFO:colcon.colcon_core.shell:Creating environment hook '/home/tm/git_ws/myrobot/install/myrobot/share/myrobot/hook/cmake_prefix_path.ps1'
[0.610s] INFO:colcon.colcon_core.shell:Creating environment descriptor '/home/tm/git_ws/myrobot/install/myrobot/share/myrobot/hook/cmake_prefix_path.dsv'
[0.610s] INFO:colcon.colcon_core.shell:Creating environment hook '/home/tm/git_ws/myrobot/install/myrobot/share/myrobot/hook/cmake_prefix_path.sh'
[0.611s] Level 1:colcon.colcon_core.environment:checking '/home/tm/git_ws/myrobot/install/myrobot/bin'
[0.611s] Level 1:colcon.colcon_core.environment:checking '/home/tm/git_ws/myrobot/install/myrobot/lib/pkgconfig/myrobot.pc'
[0.612s] Level 1:colcon.colcon_core.environment:checking '/home/tm/git_ws/myrobot/install/myrobot/lib/python3.12/site-packages'
[0.612s] Level 1:colcon.colcon_core.environment:checking '/home/tm/git_ws/myrobot/install/myrobot/bin'
[0.613s] INFO:colcon.colcon_core.shell:Creating package script '/home/tm/git_ws/myrobot/install/myrobot/share/myrobot/package.ps1'
[0.614s] INFO:colcon.colcon_core.shell:Creating package descriptor '/home/tm/git_ws/myrobot/install/myrobot/share/myrobot/package.dsv'
[0.614s] INFO:colcon.colcon_core.shell:Creating package script '/home/tm/git_ws/myrobot/install/myrobot/share/myrobot/package.sh'
[0.615s] INFO:colcon.colcon_core.shell:Creating package script '/home/tm/git_ws/myrobot/install/myrobot/share/myrobot/package.bash'
[0.615s] INFO:colcon.colcon_core.shell:Creating package script '/home/tm/git_ws/myrobot/install/myrobot/share/myrobot/package.zsh'
[0.615s] Level 1:colcon.colcon_core.environment:create_file_with_runtime_dependencies(/home/tm/git_ws/myrobot/install/myrobot/share/colcon-core/packages/myrobot)
[0.616s] Level 1:colcon.colcon_core.environment:create_environment_scripts_only(myrobot_navigation)
[0.616s] Level 1:colcon.colcon_core.environment:checking '/home/tm/git_ws/myrobot/install/myrobot_navigation' for CMake module files
[0.617s] DEBUG:colcon.colcon_core.event_handler.log_command:Invoked command in '/home/tm/git_ws/myrobot/build/myrobot_navigation' returned '0': CMAKE_PREFIX_PATH=${CMAKE_PREFIX_PATH}:/home/tm/git_ws/myrobot/install/my_odom_pkg:/opt/ros/jazzy DEBUGINFOD_URLS=https://debuginfod.ubuntu.com VIRTUAL_ENV_PROMPT=(ros) /usr/bin/cmake --install /home/tm/git_ws/myrobot/build/myrobot_navigation
[0.617s] Level 1:colcon.colcon_core.environment:checking '/home/tm/git_ws/myrobot/install/myrobot_navigation' for CMake config files
[0.617s] Level 1:colcon.colcon_core.shell:create_environment_hook('myrobot_navigation', 'cmake_prefix_path')
[0.617s] INFO:colcon.colcon_core.shell:Creating environment hook '/home/tm/git_ws/myrobot/install/myrobot_navigation/share/myrobot_navigation/hook/cmake_prefix_path.ps1'
[0.617s] INFO:colcon.colcon_core.shell:Creating environment descriptor '/home/tm/git_ws/myrobot/install/myrobot_navigation/share/myrobot_navigation/hook/cmake_prefix_path.dsv'
[0.618s] INFO:colcon.colcon_core.shell:Creating environment hook '/home/tm/git_ws/myrobot/install/myrobot_navigation/share/myrobot_navigation/hook/cmake_prefix_path.sh'
[0.618s] Level 1:colcon.colcon_core.environment:checking '/home/tm/git_ws/myrobot/install/myrobot_navigation/bin'
[0.618s] Level 1:colcon.colcon_core.environment:checking '/home/tm/git_ws/myrobot/install/myrobot_navigation/lib/pkgconfig/myrobot_navigation.pc'
[0.618s] Level 1:colcon.colcon_core.environment:checking '/home/tm/git_ws/myrobot/install/myrobot_navigation/lib/python3.12/site-packages'
[0.618s] Level 1:colcon.colcon_core.environment:checking '/home/tm/git_ws/myrobot/install/myrobot_navigation/bin'
[0.619s] INFO:colcon.colcon_core.shell:Creating package script '/home/tm/git_ws/myrobot/install/myrobot_navigation/share/myrobot_navigation/package.ps1'
[0.619s] INFO:colcon.colcon_core.shell:Creating package descriptor '/home/tm/git_ws/myrobot/install/myrobot_navigation/share/myrobot_navigation/package.dsv'
[0.619s] INFO:colcon.colcon_core.shell:Creating package script '/home/tm/git_ws/myrobot/install/myrobot_navigation/share/myrobot_navigation/package.sh'
[0.620s] INFO:colcon.colcon_core.shell:Creating package script '/home/tm/git_ws/myrobot/install/myrobot_navigation/share/myrobot_navigation/package.bash'
[0.620s] INFO:colcon.colcon_core.shell:Creating package script '/home/tm/git_ws/myrobot/install/myrobot_navigation/share/myrobot_navigation/package.zsh'
[0.620s] Level 1:colcon.colcon_core.environment:create_file_with_runtime_dependencies(/home/tm/git_ws/myrobot/install/myrobot_navigation/share/colcon-core/packages/myrobot_navigation)
[0.621s] Level 1:colcon.colcon_core.environment:create_environment_scripts_only(myrobot_navigation)
[0.621s] Level 1:colcon.colcon_core.environment:checking '/home/tm/git_ws/myrobot/install/myrobot_navigation' for CMake module files
[0.621s] Level 1:colcon.colcon_core.environment:checking '/home/tm/git_ws/myrobot/install/myrobot_navigation' for CMake config files
[0.622s] Level 1:colcon.colcon_core.shell:create_environment_hook('myrobot_navigation', 'cmake_prefix_path')
[0.622s] INFO:colcon.colcon_core.shell:Creating environment hook '/home/tm/git_ws/myrobot/install/myrobot_navigation/share/myrobot_navigation/hook/cmake_prefix_path.ps1'
[0.623s] INFO:colcon.colcon_core.shell:Creating environment descriptor '/home/tm/git_ws/myrobot/install/myrobot_navigation/share/myrobot_navigation/hook/cmake_prefix_path.dsv'
[0.624s] INFO:colcon.colcon_core.shell:Creating environment hook '/home/tm/git_ws/myrobot/install/myrobot_navigation/share/myrobot_navigation/hook/cmake_prefix_path.sh'
[0.624s] Level 1:colcon.colcon_core.environment:checking '/home/tm/git_ws/myrobot/install/myrobot_navigation/bin'
[0.625s] Level 1:colcon.colcon_core.environment:checking '/home/tm/git_ws/myrobot/install/myrobot_navigation/lib/pkgconfig/myrobot_navigation.pc'
[0.625s] Level 1:colcon.colcon_core.environment:checking '/home/tm/git_ws/myrobot/install/myrobot_navigation/lib/python3.12/site-packages'
[0.625s] Level 1:colcon.colcon_core.environment:checking '/home/tm/git_ws/myrobot/install/myrobot_navigation/bin'
[0.625s] INFO:colcon.colcon_core.shell:Creating package script '/home/tm/git_ws/myrobot/install/myrobot_navigation/share/myrobot_navigation/package.ps1'
[0.626s] INFO:colcon.colcon_core.shell:Creating package descriptor '/home/tm/git_ws/myrobot/install/myrobot_navigation/share/myrobot_navigation/package.dsv'
[0.626s] INFO:colcon.colcon_core.shell:Creating package script '/home/tm/git_ws/myrobot/install/myrobot_navigation/share/myrobot_navigation/package.sh'
[0.627s] INFO:colcon.colcon_core.shell:Creating package script '/home/tm/git_ws/myrobot/install/myrobot_navigation/share/myrobot_navigation/package.bash'
[0.627s] INFO:colcon.colcon_core.shell:Creating package script '/home/tm/git_ws/myrobot/install/myrobot_navigation/share/myrobot_navigation/package.zsh'
[0.627s] Level 1:colcon.colcon_core.environment:create_file_with_runtime_dependencies(/home/tm/git_ws/myrobot/install/myrobot_navigation/share/colcon-core/packages/myrobot_navigation)
[0.629s] DEBUG:colcon.colcon_core.event_handler.log_command:Invoked command in '/home/tm/git_ws/myrobot/build/myrobot_behavior_tree' returned '0': CMAKE_PREFIX_PATH=${CMAKE_PREFIX_PATH}:/home/tm/git_ws/myrobot/install/my_odom_pkg:/opt/ros/jazzy DEBUGINFOD_URLS=https://debuginfod.ubuntu.com VIRTUAL_ENV_PROMPT=(ros) /usr/bin/cmake --build /home/tm/git_ws/myrobot/build/myrobot_behavior_tree -- -j16 -l16
[0.630s] DEBUG:colcon.colcon_core.event_handler.log_command:Invoking command in '/home/tm/git_ws/myrobot/build/myrobot_behavior_tree': CMAKE_PREFIX_PATH=${CMAKE_PREFIX_PATH}:/home/tm/git_ws/myrobot/install/my_odom_pkg:/opt/ros/jazzy DEBUGINFOD_URLS=https://debuginfod.ubuntu.com VIRTUAL_ENV_PROMPT=(ros) /usr/bin/cmake --install /home/tm/git_ws/myrobot/build/myrobot_behavior_tree
[0.632s] DEBUG:colcon.colcon_core.event_handler.log_command:Invoked command in '/home/tm/git_ws/myrobot/build/myrobot_interfaces' returned '0': CMAKE_PREFIX_PATH=${CMAKE_PREFIX_PATH}:/home/tm/git_ws/myrobot/install/my_odom_pkg:/opt/ros/jazzy DEBUGINFOD_URLS=https://debuginfod.ubuntu.com VIRTUAL_ENV_PROMPT=(ros) /usr/bin/cmake --build /home/tm/git_ws/myrobot/build/myrobot_interfaces -- -j16 -l16
[0.634s] DEBUG:colcon.colcon_core.event_handler.log_command:Invoking command in '/home/tm/git_ws/myrobot/build/myrobot_interfaces': CMAKE_PREFIX_PATH=${CMAKE_PREFIX_PATH}:/home/tm/git_ws/myrobot/install/my_odom_pkg:/opt/ros/jazzy DEBUGINFOD_URLS=https://debuginfod.ubuntu.com VIRTUAL_ENV_PROMPT=(ros) /usr/bin/cmake --install /home/tm/git_ws/myrobot/build/myrobot_interfaces
[0.642s] Level 1:colcon.colcon_core.environment:create_environment_scripts_only(myrobot_behavior_tree)
[0.643s] Level 1:colcon.colcon_core.environment:checking '/home/tm/git_ws/myrobot/install/myrobot_behavior_tree' for CMake module files
[0.643s] Level 1:colcon.colcon_core.environment:checking '/home/tm/git_ws/myrobot/install/myrobot_behavior_tree' for CMake config files
[0.643s] Level 1:colcon.colcon_core.shell:create_environment_hook('myrobot_behavior_tree', 'cmake_prefix_path')
[0.643s] INFO:colcon.colcon_core.shell:Creating environment hook '/home/tm/git_ws/myrobot/install/myrobot_behavior_tree/share/myrobot_behavior_tree/hook/cmake_prefix_path.ps1'
[0.644s] DEBUG:colcon.colcon_core.event_handler.log_command:Invoked command in '/home/tm/git_ws/myrobot/build/myrobot_behavior_tree' returned '0': CMAKE_PREFIX_PATH=${CMAKE_PREFIX_PATH}:/home/tm/git_ws/myrobot/install/my_odom_pkg:/opt/ros/jazzy DEBUGINFOD_URLS=https://debuginfod.ubuntu.com VIRTUAL_ENV_PROMPT=(ros) /usr/bin/cmake --install /home/tm/git_ws/myrobot/build/myrobot_behavior_tree
[0.646s] INFO:colcon.colcon_core.shell:Creating environment descriptor '/home/tm/git_ws/myrobot/install/myrobot_behavior_tree/share/myrobot_behavior_tree/hook/cmake_prefix_path.dsv'
[0.647s] INFO:colcon.colcon_core.shell:Creating environment hook '/home/tm/git_ws/myrobot/install/myrobot_behavior_tree/share/myrobot_behavior_tree/hook/cmake_prefix_path.sh'
[0.648s] Level 1:colcon.colcon_core.environment:checking '/home/tm/git_ws/myrobot/install/myrobot_behavior_tree/lib'
[0.650s] Level 1:colcon.colcon_core.shell:create_environment_hook('myrobot_behavior_tree', 'ld_library_path_lib')
[0.651s] INFO:colcon.colcon_core.shell:Creating environment hook '/home/tm/git_ws/myrobot/install/myrobot_behavior_tree/share/myrobot_behavior_tree/hook/ld_library_path_lib.ps1'
[0.653s] INFO:colcon.colcon_core.shell:Creating environment descriptor '/home/tm/git_ws/myrobot/install/myrobot_behavior_tree/share/myrobot_behavior_tree/hook/ld_library_path_lib.dsv'
[0.654s] INFO:colcon.colcon_core.shell:Creating environment hook '/home/tm/git_ws/myrobot/install/myrobot_behavior_tree/share/myrobot_behavior_tree/hook/ld_library_path_lib.sh'
[0.655s] Level 1:colcon.colcon_core.environment:checking '/home/tm/git_ws/myrobot/install/myrobot_behavior_tree/bin'
[0.655s] Level 1:colcon.colcon_core.environment:checking '/home/tm/git_ws/myrobot/install/myrobot_behavior_tree/lib/pkgconfig/myrobot_behavior_tree.pc'
[0.655s] Level 1:colcon.colcon_core.environment:checking '/home/tm/git_ws/myrobot/install/myrobot_behavior_tree/lib/python3.12/site-packages'
[0.655s] Level 1:colcon.colcon_core.environment:checking '/home/tm/git_ws/myrobot/install/myrobot_behavior_tree/bin'
[0.656s] INFO:colcon.colcon_core.shell:Creating package script '/home/tm/git_ws/myrobot/install/myrobot_behavior_tree/share/myrobot_behavior_tree/package.ps1'
[0.656s] INFO:colcon.colcon_core.shell:Creating package descriptor '/home/tm/git_ws/myrobot/install/myrobot_behavior_tree/share/myrobot_behavior_tree/package.dsv'
[0.656s] INFO:colcon.colcon_core.shell:Creating package script '/home/tm/git_ws/myrobot/install/myrobot_behavior_tree/share/myrobot_behavior_tree/package.sh'
[0.657s] INFO:colcon.colcon_core.shell:Creating package script '/home/tm/git_ws/myrobot/install/myrobot_behavior_tree/share/myrobot_behavior_tree/package.bash'
[0.657s] INFO:colcon.colcon_core.shell:Creating package script '/home/tm/git_ws/myrobot/install/myrobot_behavior_tree/share/myrobot_behavior_tree/package.zsh'
[0.657s] Level 1:colcon.colcon_core.environment:create_file_with_runtime_dependencies(/home/tm/git_ws/myrobot/install/myrobot_behavior_tree/share/colcon-core/packages/myrobot_behavior_tree)
[0.657s] Level 1:colcon.colcon_core.environment:create_environment_scripts_only(myrobot_behavior_tree)
[0.658s] Level 1:colcon.colcon_core.environment:checking '/home/tm/git_ws/myrobot/install/myrobot_behavior_tree' for CMake module files
[0.658s] Level 1:colcon.colcon_core.environment:checking '/home/tm/git_ws/myrobot/install/myrobot_behavior_tree' for CMake config files
[0.658s] Level 1:colcon.colcon_core.shell:create_environment_hook('myrobot_behavior_tree', 'cmake_prefix_path')
[0.658s] INFO:colcon.colcon_core.shell:Creating environment hook '/home/tm/git_ws/myrobot/install/myrobot_behavior_tree/share/myrobot_behavior_tree/hook/cmake_prefix_path.ps1'
[0.659s] INFO:colcon.colcon_core.shell:Creating environment descriptor '/home/tm/git_ws/myrobot/install/myrobot_behavior_tree/share/myrobot_behavior_tree/hook/cmake_prefix_path.dsv'
[0.659s] INFO:colcon.colcon_core.shell:Creating environment hook '/home/tm/git_ws/myrobot/install/myrobot_behavior_tree/share/myrobot_behavior_tree/hook/cmake_prefix_path.sh'
[0.660s] Level 1:colcon.colcon_core.environment:checking '/home/tm/git_ws/myrobot/install/myrobot_behavior_tree/lib'
[0.660s] Level 1:colcon.colcon_core.shell:create_environment_hook('myrobot_behavior_tree', 'ld_library_path_lib')
[0.660s] INFO:colcon.colcon_core.shell:Creating environment hook '/home/tm/git_ws/myrobot/install/myrobot_behavior_tree/share/myrobot_behavior_tree/hook/ld_library_path_lib.ps1'
[0.660s] INFO:colcon.colcon_core.shell:Creating environment descriptor '/home/tm/git_ws/myrobot/install/myrobot_behavior_tree/share/myrobot_behavior_tree/hook/ld_library_path_lib.dsv'
[0.661s] INFO:colcon.colcon_core.shell:Creating environment hook '/home/tm/git_ws/myrobot/install/myrobot_behavior_tree/share/myrobot_behavior_tree/hook/ld_library_path_lib.sh'
[0.661s] Level 1:colcon.colcon_core.environment:checking '/home/tm/git_ws/myrobot/install/myrobot_behavior_tree/bin'
[0.661s] Level 1:colcon.colcon_core.environment:checking '/home/tm/git_ws/myrobot/install/myrobot_behavior_tree/lib/pkgconfig/myrobot_behavior_tree.pc'
[0.661s] Level 1:colcon.colcon_core.environment:checking '/home/tm/git_ws/myrobot/install/myrobot_behavior_tree/lib/python3.12/site-packages'
[0.662s] Level 1:colcon.colcon_core.environment:checking '/home/tm/git_ws/myrobot/install/myrobot_behavior_tree/bin'
[0.662s] INFO:colcon.colcon_core.shell:Creating package script '/home/tm/git_ws/myrobot/install/myrobot_behavior_tree/share/myrobot_behavior_tree/package.ps1'
[0.663s] INFO:colcon.colcon_core.shell:Creating package descriptor '/home/tm/git_ws/myrobot/install/myrobot_behavior_tree/share/myrobot_behavior_tree/package.dsv'
[0.663s] INFO:colcon.colcon_core.shell:Creating package script '/home/tm/git_ws/myrobot/install/myrobot_behavior_tree/share/myrobot_behavior_tree/package.sh'
[0.663s] INFO:colcon.colcon_core.shell:Creating package script '/home/tm/git_ws/myrobot/install/myrobot_behavior_tree/share/myrobot_behavior_tree/package.bash'
[0.663s] INFO:colcon.colcon_core.shell:Creating package script '/home/tm/git_ws/myrobot/install/myrobot_behavior_tree/share/myrobot_behavior_tree/package.zsh'
[0.664s] Level 1:colcon.colcon_core.environment:create_file_with_runtime_dependencies(/home/tm/git_ws/myrobot/install/myrobot_behavior_tree/share/colcon-core/packages/myrobot_behavior_tree)
[0.691s] DEBUG:colcon.colcon_core.event_handler.log_command:Invoked command in '/home/tm/git_ws/myrobot/build/user_gui' returned '0': CMAKE_PREFIX_PATH=${CMAKE_PREFIX_PATH}:/home/tm/git_ws/myrobot/install/my_odom_pkg:/opt/ros/jazzy DEBUGINFOD_URLS=https://debuginfod.ubuntu.com VIRTUAL_ENV_PROMPT=(ros) /usr/bin/cmake --build /home/tm/git_ws/myrobot/build/user_gui -- -j16 -l16
[0.692s] DEBUG:colcon.colcon_core.event_handler.log_command:Invoking command in '/home/tm/git_ws/myrobot/build/user_gui': CMAKE_PREFIX_PATH=${CMAKE_PREFIX_PATH}:/home/tm/git_ws/myrobot/install/my_odom_pkg:/opt/ros/jazzy DEBUGINFOD_URLS=https://debuginfod.ubuntu.com VIRTUAL_ENV_PROMPT=(ros) /usr/bin/cmake --install /home/tm/git_ws/myrobot/build/user_gui
[0.697s] Level 1:colcon.colcon_core.environment:create_environment_scripts_only(myrobot_interfaces)
[0.697s] Level 1:colcon.colcon_core.environment:checking '/home/tm/git_ws/myrobot/install/myrobot_interfaces' for CMake module files
[0.698s] DEBUG:colcon.colcon_core.event_handler.log_command:Invoked command in '/home/tm/git_ws/myrobot/build/myrobot_interfaces' returned '0': CMAKE_PREFIX_PATH=${CMAKE_PREFIX_PATH}:/home/tm/git_ws/myrobot/install/my_odom_pkg:/opt/ros/jazzy DEBUGINFOD_URLS=https://debuginfod.ubuntu.com VIRTUAL_ENV_PROMPT=(ros) /usr/bin/cmake --install /home/tm/git_ws/myrobot/build/myrobot_interfaces
[0.698s] Level 1:colcon.colcon_core.environment:checking '/home/tm/git_ws/myrobot/install/myrobot_interfaces' for CMake config files
[0.699s] Level 1:colcon.colcon_core.shell:create_environment_hook('myrobot_interfaces', 'cmake_prefix_path')
[0.699s] INFO:colcon.colcon_core.shell:Creating environment hook '/home/tm/git_ws/myrobot/install/myrobot_interfaces/share/myrobot_interfaces/hook/cmake_prefix_path.ps1'
[0.699s] INFO:colcon.colcon_core.shell:Creating environment descriptor '/home/tm/git_ws/myrobot/install/myrobot_interfaces/share/myrobot_interfaces/hook/cmake_prefix_path.dsv'
[0.700s] INFO:colcon.colcon_core.shell:Creating environment hook '/home/tm/git_ws/myrobot/install/myrobot_interfaces/share/myrobot_interfaces/hook/cmake_prefix_path.sh'
[0.700s] Level 1:colcon.colcon_core.environment:checking '/home/tm/git_ws/myrobot/install/myrobot_interfaces/lib'
[0.700s] Level 1:colcon.colcon_core.shell:create_environment_hook('myrobot_interfaces', 'ld_library_path_lib')
[0.700s] INFO:colcon.colcon_core.shell:Creating environment hook '/home/tm/git_ws/myrobot/install/myrobot_interfaces/share/myrobot_interfaces/hook/ld_library_path_lib.ps1'
[0.701s] INFO:colcon.colcon_core.shell:Creating environment descriptor '/home/tm/git_ws/myrobot/install/myrobot_interfaces/share/myrobot_interfaces/hook/ld_library_path_lib.dsv'
[0.701s] INFO:colcon.colcon_core.shell:Creating environment hook '/home/tm/git_ws/myrobot/install/myrobot_interfaces/share/myrobot_interfaces/hook/ld_library_path_lib.sh'
[0.701s] Level 1:colcon.colcon_core.environment:checking '/home/tm/git_ws/myrobot/install/myrobot_interfaces/bin'
[0.701s] Level 1:colcon.colcon_core.environment:checking '/home/tm/git_ws/myrobot/install/myrobot_interfaces/lib/pkgconfig/myrobot_interfaces.pc'
[0.701s] Level 1:colcon.colcon_core.environment:checking '/home/tm/git_ws/myrobot/install/myrobot_interfaces/lib/python3.12/site-packages'
[0.701s] Level 1:colcon.colcon_core.shell:create_environment_hook('myrobot_interfaces', 'pythonpath')
[0.701s] INFO:colcon.colcon_core.shell:Creating environment hook '/home/tm/git_ws/myrobot/install/myrobot_interfaces/share/myrobot_interfaces/hook/pythonpath.ps1'
[0.703s] INFO:colcon.colcon_core.shell:Creating environment descriptor '/home/tm/git_ws/myrobot/install/myrobot_interfaces/share/myrobot_interfaces/hook/pythonpath.dsv'
[0.704s] INFO:colcon.colcon_core.shell:Creating environment hook '/home/tm/git_ws/myrobot/install/myrobot_interfaces/share/myrobot_interfaces/hook/pythonpath.sh'
[0.705s] Level 1:colcon.colcon_core.environment:checking '/home/tm/git_ws/myrobot/install/myrobot_interfaces/bin'
[0.705s] INFO:colcon.colcon_core.shell:Creating package script '/home/tm/git_ws/myrobot/install/myrobot_interfaces/share/myrobot_interfaces/package.ps1'
[0.706s] INFO:colcon.colcon_core.shell:Creating package descriptor '/home/tm/git_ws/myrobot/install/myrobot_interfaces/share/myrobot_interfaces/package.dsv'
[0.706s] INFO:colcon.colcon_core.shell:Creating package script '/home/tm/git_ws/myrobot/install/myrobot_interfaces/share/myrobot_interfaces/package.sh'
[0.707s] INFO:colcon.colcon_core.shell:Creating package script '/home/tm/git_ws/myrobot/install/myrobot_interfaces/share/myrobot_interfaces/package.bash'
[0.707s] INFO:colcon.colcon_core.shell:Creating package script '/home/tm/git_ws/myrobot/install/myrobot_interfaces/share/myrobot_interfaces/package.zsh'
[0.707s] Level 1:colcon.colcon_core.environment:create_file_with_runtime_dependencies(/home/tm/git_ws/myrobot/install/myrobot_interfaces/share/colcon-core/packages/myrobot_interfaces)
[0.708s] Level 1:colcon.colcon_core.environment:create_environment_scripts_only(myrobot_interfaces)
[0.708s] Level 1:colcon.colcon_core.environment:checking '/home/tm/git_ws/myrobot/install/myrobot_interfaces' for CMake module files
[0.708s] Level 1:colcon.colcon_core.environment:checking '/home/tm/git_ws/myrobot/install/myrobot_interfaces' for CMake config files
[0.708s] Level 1:colcon.colcon_core.shell:create_environment_hook('myrobot_interfaces', 'cmake_prefix_path')
[0.708s] INFO:colcon.colcon_core.shell:Creating environment hook '/home/tm/git_ws/myrobot/install/myrobot_interfaces/share/myrobot_interfaces/hook/cmake_prefix_path.ps1'
[0.709s] INFO:colcon.colcon_core.shell:Creating environment descriptor '/home/tm/git_ws/myrobot/install/myrobot_interfaces/share/myrobot_interfaces/hook/cmake_prefix_path.dsv'
[0.709s] INFO:colcon.colcon_core.shell:Creating environment hook '/home/tm/git_ws/myrobot/install/myrobot_interfaces/share/myrobot_interfaces/hook/cmake_prefix_path.sh'
[0.709s] Level 1:colcon.colcon_core.environment:checking '/home/tm/git_ws/myrobot/install/myrobot_interfaces/lib'
[0.709s] Level 1:colcon.colcon_core.shell:create_environment_hook('myrobot_interfaces', 'ld_library_path_lib')
[0.709s] INFO:colcon.colcon_core.shell:Creating environment hook '/home/tm/git_ws/myrobot/install/myrobot_interfaces/share/myrobot_interfaces/hook/ld_library_path_lib.ps1'
[0.710s] INFO:colcon.colcon_core.shell:Creating environment descriptor '/home/tm/git_ws/myrobot/install/myrobot_interfaces/share/myrobot_interfaces/hook/ld_library_path_lib.dsv'
[0.710s] INFO:colcon.colcon_core.shell:Creating environment hook '/home/tm/git_ws/myrobot/install/myrobot_interfaces/share/myrobot_interfaces/hook/ld_library_path_lib.sh'
[0.710s] Level 1:colcon.colcon_core.environment:checking '/home/tm/git_ws/myrobot/install/myrobot_interfaces/bin'
[0.710s] Level 1:colcon.colcon_core.environment:checking '/home/tm/git_ws/myrobot/install/myrobot_interfaces/lib/pkgconfig/myrobot_interfaces.pc'
[0.711s] Level 1:colcon.colcon_core.environment:checking '/home/tm/git_ws/myrobot/install/myrobot_interfaces/lib/python3.12/site-packages'
[0.711s] Level 1:colcon.colcon_core.shell:create_environment_hook('myrobot_interfaces', 'pythonpath')
[0.711s] INFO:colcon.colcon_core.shell:Creating environment hook '/home/tm/git_ws/myrobot/install/myrobot_interfaces/share/myrobot_interfaces/hook/pythonpath.ps1'
[0.711s] INFO:colcon.colcon_core.shell:Creating environment descriptor '/home/tm/git_ws/myrobot/install/myrobot_interfaces/share/myrobot_interfaces/hook/pythonpath.dsv'
[0.712s] INFO:colcon.colcon_core.shell:Creating environment hook '/home/tm/git_ws/myrobot/install/myrobot_interfaces/share/myrobot_interfaces/hook/pythonpath.sh'
[0.712s] Level 1:colcon.colcon_core.environment:checking '/home/tm/git_ws/myrobot/install/myrobot_interfaces/bin'
[0.713s] INFO:colcon.colcon_core.shell:Creating package script '/home/tm/git_ws/myrobot/install/myrobot_interfaces/share/myrobot_interfaces/package.ps1'
[0.713s] INFO:colcon.colcon_core.shell:Creating package descriptor '/home/tm/git_ws/myrobot/install/myrobot_interfaces/share/myrobot_interfaces/package.dsv'
[0.713s] INFO:colcon.colcon_core.shell:Creating package script '/home/tm/git_ws/myrobot/install/myrobot_interfaces/share/myrobot_interfaces/package.sh'
[0.714s] INFO:colcon.colcon_core.shell:Creating package script '/home/tm/git_ws/myrobot/install/myrobot_interfaces/share/myrobot_interfaces/package.bash'
[0.714s] INFO:colcon.colcon_core.shell:Creating package script '/home/tm/git_ws/myrobot/install/myrobot_interfaces/share/myrobot_interfaces/package.zsh'
[0.715s] Level 1:colcon.colcon_core.environment:create_file_with_runtime_dependencies(/home/tm/git_ws/myrobot/install/myrobot_interfaces/share/colcon-core/packages/myrobot_interfaces)
[0.715s] INFO:colcon.colcon_ros.task.ament_cmake.build:Building ROS package in '/home/tm/git_ws/myrobot/src/place_nav' with build type 'ament_cmake'
[0.716s] INFO:colcon.colcon_cmake.task.cmake.build:Building CMake package in '/home/tm/git_ws/myrobot/src/place_nav'
[0.716s] INFO:colcon.colcon_core.shell:Skip shell extension 'powershell' for command environment: Not usable outside of PowerShell
[0.716s] DEBUG:colcon.colcon_core.shell:Skip shell extension 'dsv' for command environment
[0.720s] Level 1:colcon.colcon_core.environment:create_environment_scripts_only(user_gui)
[0.720s] Level 1:colcon.colcon_core.environment:checking '/home/tm/git_ws/myrobot/install/user_gui' for CMake module files
[0.721s] DEBUG:colcon.colcon_core.event_handler.log_command:Invoked command in '/home/tm/git_ws/myrobot/build/user_gui' returned '0': CMAKE_PREFIX_PATH=${CMAKE_PREFIX_PATH}:/home/tm/git_ws/myrobot/install/my_odom_pkg:/opt/ros/jazzy DEBUGINFOD_URLS=https://debuginfod.ubuntu.com VIRTUAL_ENV_PROMPT=(ros) /usr/bin/cmake --install /home/tm/git_ws/myrobot/build/user_gui
[0.721s] Level 1:colcon.colcon_core.environment:checking '/home/tm/git_ws/myrobot/install/user_gui' for CMake config files
[0.721s] Level 1:colcon.colcon_core.shell:create_environment_hook('user_gui', 'cmake_prefix_path')
[0.722s] INFO:colcon.colcon_core.shell:Creating environment hook '/home/tm/git_ws/myrobot/install/user_gui/share/user_gui/hook/cmake_prefix_path.ps1'
[0.722s] INFO:colcon.colcon_core.shell:Creating environment descriptor '/home/tm/git_ws/myrobot/install/user_gui/share/user_gui/hook/cmake_prefix_path.dsv'
[0.722s] INFO:colcon.colcon_core.shell:Creating environment hook '/home/tm/git_ws/myrobot/install/user_gui/share/user_gui/hook/cmake_prefix_path.sh'
[0.723s] Level 1:colcon.colcon_core.environment:checking '/home/tm/git_ws/myrobot/install/user_gui/lib'
[0.723s] Level 1:colcon.colcon_core.environment:checking '/home/tm/git_ws/myrobot/install/user_gui/bin'
[0.723s] Level 1:colcon.colcon_core.environment:checking '/home/tm/git_ws/myrobot/install/user_gui/lib/pkgconfig/user_gui.pc'
[0.723s] Level 1:colcon.colcon_core.environment:checking '/home/tm/git_ws/myrobot/install/user_gui/lib/python3.12/site-packages'
[0.723s] Level 1:colcon.colcon_core.environment:checking '/home/tm/git_ws/myrobot/install/user_gui/bin'
[0.723s] INFO:colcon.colcon_core.shell:Creating package script '/home/tm/git_ws/myrobot/install/user_gui/share/user_gui/package.ps1'
[0.724s] INFO:colcon.colcon_core.shell:Creating package descriptor '/home/tm/git_ws/myrobot/install/user_gui/share/user_gui/package.dsv'
[0.724s] INFO:colcon.colcon_core.shell:Creating package script '/home/tm/git_ws/myrobot/install/user_gui/share/user_gui/package.sh'
[0.724s] INFO:colcon.colcon_core.shell:Creating package script '/home/tm/git_ws/myrobot/install/user_gui/share/user_gui/package.bash'
[0.724s] INFO:colcon.colcon_core.shell:Creating package script '/home/tm/git_ws/myrobot/install/user_gui/share/user_gui/package.zsh'
[0.724s] Level 1:colcon.colcon_core.environment:create_file_with_runtime_dependencies(/home/tm/git_ws/myrobot/install/user_gui/share/colcon-core/packages/user_gui)
[0.725s] Level 1:colcon.colcon_core.environment:create_environment_scripts_only(user_gui)
[0.725s] Level 1:colcon.colcon_core.environment:checking '/home/tm/git_ws/myrobot/install/user_gui' for CMake module files
[0.726s] Level 1:colcon.colcon_core.environment:checking '/home/tm/git_ws/myrobot/install/user_gui' for CMake config files
[0.726s] Level 1:colcon.colcon_core.shell:create_environment_hook('user_gui', 'cmake_prefix_path')
[0.726s] INFO:colcon.colcon_core.shell:Creating environment hook '/home/tm/git_ws/myrobot/install/user_gui/share/user_gui/hook/cmake_prefix_path.ps1'
[0.727s] INFO:colcon.colcon_core.shell:Creating environment descriptor '/home/tm/git_ws/myrobot/install/user_gui/share/user_gui/hook/cmake_prefix_path.dsv'
[0.727s] INFO:colcon.colcon_core.shell:Creating environment hook '/home/tm/git_ws/myrobot/install/user_gui/share/user_gui/hook/cmake_prefix_path.sh'
[0.727s] Level 1:colcon.colcon_core.environment:checking '/home/tm/git_ws/myrobot/install/user_gui/lib'
[0.727s] Level 1:colcon.colcon_core.environment:checking '/home/tm/git_ws/myrobot/install/user_gui/bin'
[0.727s] Level 1:colcon.colcon_core.environment:checking '/home/tm/git_ws/myrobot/install/user_gui/lib/pkgconfig/user_gui.pc'
[0.728s] Level 1:colcon.colcon_core.environment:checking '/home/tm/git_ws/myrobot/install/user_gui/lib/python3.12/site-packages'
[0.728s] Level 1:colcon.colcon_core.environment:checking '/home/tm/git_ws/myrobot/install/user_gui/bin'
[0.728s] INFO:colcon.colcon_core.shell:Creating package script '/home/tm/git_ws/myrobot/install/user_gui/share/user_gui/package.ps1'
[0.728s] INFO:colcon.colcon_core.shell:Creating package descriptor '/home/tm/git_ws/myrobot/install/user_gui/share/user_gui/package.dsv'
[0.729s] INFO:colcon.colcon_core.shell:Creating package script '/home/tm/git_ws/myrobot/install/user_gui/share/user_gui/package.sh'
[0.729s] INFO:colcon.colcon_core.shell:Creating package script '/home/tm/git_ws/myrobot/install/user_gui/share/user_gui/package.bash'
[0.729s] INFO:colcon.colcon_core.shell:Creating package script '/home/tm/git_ws/myrobot/install/user_gui/share/user_gui/package.zsh'
[0.729s] Level 1:colcon.colcon_core.environment:create_file_with_runtime_dependencies(/home/tm/git_ws/myrobot/install/user_gui/share/colcon-core/packages/user_gui)
[0.732s] DEBUG:colcon.colcon_core.event_handler.log_command:Invoking command in '/home/tm/git_ws/myrobot/build/place_nav': CMAKE_PREFIX_PATH=/home/tm/git_ws/myrobot/install/myrobot_interfaces:/home/tm/git_ws/myrobot/install/user_gui:/home/tm/git_ws/myrobot/install/place_nav:/home/tm/git_ws/myrobot/install/myrobot_navigation:/home/tm/git_ws/myrobot/install/myrobot_cartographer:/home/tm/git_ws/myrobot/install/myrobot_behavior_tree:/home/tm/git_ws/myrobot/install/myrobot:/opt/ros/jazzy/opt/gz_launch_vendor:/opt/ros/jazzy/opt/gz_sim_vendor:/opt/ros/jazzy/opt/gz_sensors_vendor:/opt/ros/jazzy/opt/gz_physics_vendor:/opt/ros/jazzy/opt/sdformat_vendor:/opt/ros/jazzy/opt/gz_gui_vendor:/opt/ros/jazzy/opt/gz_transport_vendor:/opt/ros/jazzy/opt/gz_rendering_vendor:/opt/ros/jazzy/opt/gz_plugin_vendor:/opt/ros/jazzy/opt/gz_fuel_tools_vendor:/opt/ros/jazzy/opt/gz_msgs_vendor:/opt/ros/jazzy/opt/gz_common_vendor:/opt/ros/jazzy/opt/gz_math_vendor:/opt/ros/jazzy/opt/gz_utils_vendor:/opt/ros/jazzy/opt/gz_tools_vendor:/opt/ros/jazzy/opt/gz_ogre_next_vendor:/opt/ros/jazzy/opt/gz_dartsim_vendor:/opt/ros/jazzy/opt/gz_cmake_vendor:/home/tm/git_ws/myrobot/install/my_odom_pkg:/opt/ros/jazzy DEBUGINFOD_URLS=https://debuginfod.ubuntu.com VIRTUAL_ENV_PROMPT=(ros) /usr/bin/cmake --build /home/tm/git_ws/myrobot/build/place_nav -- -j16 -l16
[0.812s] DEBUG:colcon.colcon_core.event_handler.log_command:Invoked command in '/home/tm/git_ws/myrobot/build/place_nav' returned '0': CMAKE_PREFIX_PATH=/home/tm/git_ws/myrobot/install/myrobot_interfaces:/home/tm/git_ws/myrobot/install/user_gui:/home/tm/git_ws/myrobot/install/place_nav:/home/tm/git_ws/myrobot/install/myrobot_navigation:/home/tm/git_ws/myrobot/install/myrobot_cartographer:/home/tm/git_ws/myrobot/install/myrobot_behavior_tree:/home/tm/git_ws/myrobot/install/myrobot:/opt/ros/jazzy/opt/gz_launch_vendor:/opt/ros/jazzy/opt/gz_sim_vendor:/opt/ros/jazzy/opt/gz_sensors_vendor:/opt/ros/jazzy/opt/gz_physics_vendor:/opt/ros/jazzy/opt/sdformat_vendor:/opt/ros/jazzy/opt/gz_gui_vendor:/opt/ros/jazzy/opt/gz_transport_vendor:/opt/ros/jazzy/opt/gz_rendering_vendor:/opt/ros/jazzy/opt/gz_plugin_vendor:/opt/ros/jazzy/opt/gz_fuel_tools_vendor:/opt/ros/jazzy/opt/gz_msgs_vendor:/opt/ros/jazzy/opt/gz_common_vendor:/opt/ros/jazzy/opt/gz_math_vendor:/opt/ros/jazzy/opt/gz_utils_vendor:/opt/ros/jazzy/opt/gz_tools_vendor:/opt/ros/jazzy/opt/gz_ogre_next_vendor:/opt/ros/jazzy/opt/gz_dartsim_vendor:/opt/ros/jazzy/opt/gz_cmake_vendor:/home/tm/git_ws/myrobot/install/my_odom_pkg:/opt/ros/jazzy DEBUGINFOD_URLS=https://debuginfod.ubuntu.com VIRTUAL_ENV_PROMPT=(ros) /usr/bin/cmake --build /home/tm/git_ws/myrobot/build/place_nav -- -j16 -l16
[0.813s] DEBUG:colcon.colcon_core.event_handler.log_command:Invoking command in '/home/tm/git_ws/myrobot/build/place_nav': CMAKE_PREFIX_PATH=/home/tm/git_ws/myrobot/install/myrobot_interfaces:/home/tm/git_ws/myrobot/install/user_gui:/home/tm/git_ws/myrobot/install/place_nav:/home/tm/git_ws/myrobot/install/myrobot_navigation:/home/tm/git_ws/myrobot/install/myrobot_cartographer:/home/tm/git_ws/myrobot/install/myrobot_behavior_tree:/home/tm/git_ws/myrobot/install/myrobot:/opt/ros/jazzy/opt/gz_launch_vendor:/opt/ros/jazzy/opt/gz_sim_vendor:/opt/ros/jazzy/opt/gz_sensors_vendor:/opt/ros/jazzy/opt/gz_physics_vendor:/opt/ros/jazzy/opt/sdformat_vendor:/opt/ros/jazzy/opt/gz_gui_vendor:/opt/ros/jazzy/opt/gz_transport_vendor:/opt/ros/jazzy/opt/gz_rendering_vendor:/opt/ros/jazzy/opt/gz_plugin_vendor:/opt/ros/jazzy/opt/gz_fuel_tools_vendor:/opt/ros/jazzy/opt/gz_msgs_vendor:/opt/ros/jazzy/opt/gz_common_vendor:/opt/ros/jazzy/opt/gz_math_vendor:/opt/ros/jazzy/opt/gz_utils_vendor:/opt/ros/jazzy/opt/gz_tools_vendor:/opt/ros/jazzy/opt/gz_ogre_next_vendor:/opt/ros/jazzy/opt/gz_dartsim_vendor:/opt/ros/jazzy/opt/gz_cmake_vendor:/home/tm/git_ws/myrobot/install/my_odom_pkg:/opt/ros/jazzy DEBUGINFOD_URLS=https://debuginfod.ubuntu.com VIRTUAL_ENV_PROMPT=(ros) /usr/bin/cmake --install /home/tm/git_ws/myrobot/build/place_nav
[0.825s] Level 1:colcon.colcon_core.environment:create_environment_scripts_only(place_nav)
[0.825s] Level 1:colcon.colcon_core.environment:checking '/home/tm/git_ws/myrobot/install/place_nav' for CMake module files
[0.825s] DEBUG:colcon.colcon_core.event_handler.log_command:Invoked command in '/home/tm/git_ws/myrobot/build/place_nav' returned '0': CMAKE_PREFIX_PATH=/home/tm/git_ws/myrobot/install/myrobot_interfaces:/home/tm/git_ws/myrobot/install/user_gui:/home/tm/git_ws/myrobot/install/place_nav:/home/tm/git_ws/myrobot/install/myrobot_navigation:/home/tm/git_ws/myrobot/install/myrobot_cartographer:/home/tm/git_ws/myrobot/install/myrobot_behavior_tree:/home/tm/git_ws/myrobot/install/myrobot:/opt/ros/jazzy/opt/gz_launch_vendor:/opt/ros/jazzy/opt/gz_sim_vendor:/opt/ros/jazzy/opt/gz_sensors_vendor:/opt/ros/jazzy/opt/gz_physics_vendor:/opt/ros/jazzy/opt/sdformat_vendor:/opt/ros/jazzy/opt/gz_gui_vendor:/opt/ros/jazzy/opt/gz_transport_vendor:/opt/ros/jazzy/opt/gz_rendering_vendor:/opt/ros/jazzy/opt/gz_plugin_vendor:/opt/ros/jazzy/opt/gz_fuel_tools_vendor:/opt/ros/jazzy/opt/gz_msgs_vendor:/opt/ros/jazzy/opt/gz_common_vendor:/opt/ros/jazzy/opt/gz_math_vendor:/opt/ros/jazzy/opt/gz_utils_vendor:/opt/ros/jazzy/opt/gz_tools_vendor:/opt/ros/jazzy/opt/gz_ogre_next_vendor:/opt/ros/jazzy/opt/gz_dartsim_vendor:/opt/ros/jazzy/opt/gz_cmake_vendor:/home/tm/git_ws/myrobot/install/my_odom_pkg:/opt/ros/jazzy DEBUGINFOD_URLS=https://debuginfod.ubuntu.com VIRTUAL_ENV_PROMPT=(ros) /usr/bin/cmake --install /home/tm/git_ws/myrobot/build/place_nav
[0.826s] Level 1:colcon.colcon_core.environment:checking '/home/tm/git_ws/myrobot/install/place_nav' for CMake config files
[0.826s] Level 1:colcon.colcon_core.shell:create_environment_hook('place_nav', 'cmake_prefix_path')
[0.826s] INFO:colcon.colcon_core.shell:Creating environment hook '/home/tm/git_ws/myrobot/install/place_nav/share/place_nav/hook/cmake_prefix_path.ps1'
[0.827s] INFO:colcon.colcon_core.shell:Creating environment descriptor '/home/tm/git_ws/myrobot/install/place_nav/share/place_nav/hook/cmake_prefix_path.dsv'
[0.827s] INFO:colcon.colcon_core.shell:Creating environment hook '/home/tm/git_ws/myrobot/install/place_nav/share/place_nav/hook/cmake_prefix_path.sh'
[0.827s] Level 1:colcon.colcon_core.environment:checking '/home/tm/git_ws/myrobot/install/place_nav/lib'
[0.827s] Level 1:colcon.colcon_core.environment:checking '/home/tm/git_ws/myrobot/install/place_nav/bin'
[0.827s] Level 1:colcon.colcon_core.environment:checking '/home/tm/git_ws/myrobot/install/place_nav/lib/pkgconfig/place_nav.pc'
[0.828s] Level 1:colcon.colcon_core.environment:checking '/home/tm/git_ws/myrobot/install/place_nav/lib/python3.12/site-packages'
[0.828s] Level 1:colcon.colcon_core.environment:checking '/home/tm/git_ws/myrobot/install/place_nav/bin'
[0.828s] INFO:colcon.colcon_core.shell:Creating package script '/home/tm/git_ws/myrobot/install/place_nav/share/place_nav/package.ps1'
[0.828s] INFO:colcon.colcon_core.shell:Creating package descriptor '/home/tm/git_ws/myrobot/install/place_nav/share/place_nav/package.dsv'
[0.829s] INFO:colcon.colcon_core.shell:Creating package script '/home/tm/git_ws/myrobot/install/place_nav/share/place_nav/package.sh'
[0.829s] INFO:colcon.colcon_core.shell:Creating package script '/home/tm/git_ws/myrobot/install/place_nav/share/place_nav/package.bash'
[0.829s] INFO:colcon.colcon_core.shell:Creating package script '/home/tm/git_ws/myrobot/install/place_nav/share/place_nav/package.zsh'
[0.830s] Level 1:colcon.colcon_core.environment:create_file_with_runtime_dependencies(/home/tm/git_ws/myrobot/install/place_nav/share/colcon-core/packages/place_nav)
[0.830s] Level 1:colcon.colcon_core.environment:create_environment_scripts_only(place_nav)
[0.830s] Level 1:colcon.colcon_core.environment:checking '/home/tm/git_ws/myrobot/install/place_nav' for CMake module files
[0.831s] Level 1:colcon.colcon_core.environment:checking '/home/tm/git_ws/myrobot/install/place_nav' for CMake config files
[0.831s] Level 1:colcon.colcon_core.shell:create_environment_hook('place_nav', 'cmake_prefix_path')
[0.831s] INFO:colcon.colcon_core.shell:Creating environment hook '/home/tm/git_ws/myrobot/install/place_nav/share/place_nav/hook/cmake_prefix_path.ps1'
[0.832s] INFO:colcon.colcon_core.shell:Creating environment descriptor '/home/tm/git_ws/myrobot/install/place_nav/share/place_nav/hook/cmake_prefix_path.dsv'
[0.832s] INFO:colcon.colcon_core.shell:Creating environment hook '/home/tm/git_ws/myrobot/install/place_nav/share/place_nav/hook/cmake_prefix_path.sh'
[0.832s] Level 1:colcon.colcon_core.environment:checking '/home/tm/git_ws/myrobot/install/place_nav/lib'
[0.832s] Level 1:colcon.colcon_core.environment:checking '/home/tm/git_ws/myrobot/install/place_nav/bin'
[0.832s] Level 1:colcon.colcon_core.environment:checking '/home/tm/git_ws/myrobot/install/place_nav/lib/pkgconfig/place_nav.pc'
[0.833s] Level 1:colcon.colcon_core.environment:checking '/home/tm/git_ws/myrobot/install/place_nav/lib/python3.12/site-packages'
[0.833s] Level 1:colcon.colcon_core.environment:checking '/home/tm/git_ws/myrobot/install/place_nav/bin'
[0.833s] INFO:colcon.colcon_core.shell:Creating package script '/home/tm/git_ws/myrobot/install/place_nav/share/place_nav/package.ps1'
[0.833s] INFO:colcon.colcon_core.shell:Creating package descriptor '/home/tm/git_ws/myrobot/install/place_nav/share/place_nav/package.dsv'
[0.834s] INFO:colcon.colcon_core.shell:Creating package script '/home/tm/git_ws/myrobot/install/place_nav/share/place_nav/package.sh'
[0.834s] INFO:colcon.colcon_core.shell:Creating package script '/home/tm/git_ws/myrobot/install/place_nav/share/place_nav/package.bash'
[0.834s] INFO:colcon.colcon_core.shell:Creating package script '/home/tm/git_ws/myrobot/install/place_nav/share/place_nav/package.zsh'
[0.834s] Level 1:colcon.colcon_core.environment:create_file_with_runtime_dependencies(/home/tm/git_ws/myrobot/install/place_nav/share/colcon-core/packages/place_nav)
[1.116s] DEBUG:colcon.colcon_core.event_handler.log_command:Invoking command in '/home/tm/git_ws/myrobot/src/my_odom_pkg': DEBUGINFOD_URLS=https://debuginfod.ubuntu.com PYTHONPATH=/home/tm/git_ws/myrobot/build/my_odom_pkg/prefix_override:/usr/lib/python3/dist-packages/colcon_core/task/python/colcon_distutils_commands:/home/tm/git_ws/myrobot/install/my_odom_pkg/lib/python3.12/site-packages:${PYTHONPATH} VIRTUAL_ENV_PROMPT=(ros) /usr/bin/python3 -W ignore:setup.py install is deprecated -W ignore:easy_install command is deprecated setup.py egg_info --egg-base ../../build/my_odom_pkg build --build-base /home/tm/git_ws/myrobot/build/my_odom_pkg/build install --record /home/tm/git_ws/myrobot/build/my_odom_pkg/install.log --single-version-externally-managed install_data
[1.606s] Level 1:colcon.colcon_core.environment:checking '/home/tm/git_ws/myrobot/install/my_odom_pkg' for CMake module files
[1.606s] DEBUG:colcon.colcon_core.event_handler.log_command:Invoked command in '/home/tm/git_ws/myrobot/src/my_odom_pkg' returned '0': DEBUGINFOD_URLS=https://debuginfod.ubuntu.com PYTHONPATH=/home/tm/git_ws/myrobot/build/my_odom_pkg/prefix_override:/usr/lib/python3/dist-packages/colcon_core/task/python/colcon_distutils_commands:/home/tm/git_ws/myrobot/install/my_odom_pkg/lib/python3.12/site-packages:${PYTHONPATH} VIRTUAL_ENV_PROMPT=(ros) /usr/bin/python3 -W ignore:setup.py install is deprecated -W ignore:easy_install command is deprecated setup.py egg_info --egg-base ../../build/my_odom_pkg build --build-base /home/tm/git_ws/myrobot/build/my_odom_pkg/build install --record /home/tm/git_ws/myrobot/build/my_odom_pkg/install.log --single-version-externally-managed install_data
[1.607s] Level 1:colcon.colcon_core.environment:checking '/home/tm/git_ws/myrobot/install/my_odom_pkg' for CMake config files
[1.608s] Level 1:colcon.colcon_core.environment:checking '/home/tm/git_ws/myrobot/install/my_odom_pkg/lib'
[1.608s] Level 1:colcon.colcon_core.environment:checking '/home/tm/git_ws/myrobot/install/my_odom_pkg/bin'
[1.608s] Level 1:colcon.colcon_core.environment:checking '/home/tm/git_ws/myrobot/install/my_odom_pkg/lib/pkgconfig/my_odom_pkg.pc'
[1.608s] Level 1:colcon.colcon_core.environment:checking '/home/tm/git_ws/myrobot/install/my_odom_pkg/lib/python3.12/site-packages'
[1.608s] Level 1:colcon.colcon_core.shell:create_environment_hook('my_odom_pkg', 'pythonpath')
[1.608s] INFO:colcon.colcon_core.shell:Creating environment hook '/home/tm/git_ws/myrobot/install/my_odom_pkg/share/my_odom_pkg/hook/pythonpath.ps1'
[1.609s] INFO:colcon.colcon_core.shell:Creating environment descriptor '/home/tm/git_ws/myrobot/install/my_odom_pkg/share/my_odom_pkg/hook/pythonpath.dsv'
[1.609s] INFO:colcon.colcon_core.shell:Creating environment hook '/home/tm/git_ws/myrobot/install/my_odom_pkg/share/my_odom_pkg/hook/pythonpath.sh'
[1.610s] Level 1:colcon.colcon_core.environment:checking '/home/tm/git_ws/myrobot/install/my_odom_pkg/bin'
[1.610s] Level 1:colcon.colcon_core.environment:create_environment_scripts_only(my_odom_pkg)
[1.610s] INFO:colcon.colcon_core.shell:Creating package script '/home/tm/git_ws/myrobot/install/my_odom_pkg/share/my_odom_pkg/package.ps1'
[1.611s] INFO:colcon.colcon_core.shell:Creating package descriptor '/home/tm/git_ws/myrobot/install/my_odom_pkg/share/my_odom_pkg/package.dsv'
[1.611s] INFO:colcon.colcon_core.shell:Creating package script '/home/tm/git_ws/myrobot/install/my_odom_pkg/share/my_odom_pkg/package.sh'
[1.611s] INFO:colcon.colcon_core.shell:Creating package script '/home/tm/git_ws/myrobot/install/my_odom_pkg/share/my_odom_pkg/package.bash'
[1.612s] INFO:colcon.colcon_core.shell:Creating package script '/home/tm/git_ws/myrobot/install/my_odom_pkg/share/my_odom_pkg/package.zsh'
[1.612s] Level 1:colcon.colcon_core.environment:create_file_with_runtime_dependencies(/home/tm/git_ws/myrobot/install/my_odom_pkg/share/colcon-core/packages/my_odom_pkg)
[1.612s] DEBUG:colcon.colcon_parallel_executor.executor.parallel:closing loop
[1.612s] DEBUG:colcon.colcon_parallel_executor.executor.parallel:loop closed
[1.612s] DEBUG:colcon.colcon_parallel_executor.executor.parallel:run_until_complete finished with '0'
[1.612s] DEBUG:colcon.colcon_core.event_reactor:joining thread
[1.617s] INFO:colcon.colcon_core.plugin_system:Skipping extension 'colcon_notification.desktop_notification.terminal_notifier': Not used on non-Darwin systems
[1.617s] INFO:colcon.colcon_core.plugin_system:Skipping extension 'colcon_notification.desktop_notification.win32': Not used on non-Windows systems
[1.617s] INFO:colcon.colcon_notification.desktop_notification:Sending desktop notification using 'notify2'
[1.634s] DEBUG:colcon.colcon_core.event_reactor:joined thread
[1.634s] INFO:colcon.colcon_core.shell:Creating prefix script '/home/tm/git_ws/myrobot/install/local_setup.ps1'
[1.635s] INFO:colcon.colcon_core.shell:Creating prefix util module '/home/tm/git_ws/myrobot/install/_local_setup_util_ps1.py'
[1.635s] INFO:colcon.colcon_core.shell:Creating prefix chain script '/home/tm/git_ws/myrobot/install/setup.ps1'
[1.636s] INFO:colcon.colcon_core.shell:Creating prefix script '/home/tm/git_ws/myrobot/install/local_setup.sh'
[1.637s] INFO:colcon.colcon_core.shell:Creating prefix util module '/home/tm/git_ws/myrobot/install/_local_setup_util_sh.py'
[1.638s] INFO:colcon.colcon_core.shell:Creating prefix chain script '/home/tm/git_ws/myrobot/install/setup.sh'
[1.638s] INFO:colcon.colcon_core.shell:Creating prefix script '/home/tm/git_ws/myrobot/install/local_setup.bash'
[1.639s] INFO:colcon.colcon_core.shell:Creating prefix chain script '/home/tm/git_ws/myrobot/install/setup.bash'
[1.640s] INFO:colcon.colcon_core.shell:Creating prefix script '/home/tm/git_ws/myrobot/install/local_setup.zsh'
[1.640s] INFO:colcon.colcon_core.shell:Creating prefix chain script '/home/tm/git_ws/myrobot/install/setup.zsh'
