running egg_info
creating ../../build/my_odom_pkg/my_odom_pkg.egg-info
writing ../../build/my_odom_pkg/my_odom_pkg.egg-info/PKG-INFO
writing dependency_links to ../../build/my_odom_pkg/my_odom_pkg.egg-info/dependency_links.txt
writing entry points to ../../build/my_odom_pkg/my_odom_pkg.egg-info/entry_points.txt
writing requirements to ../../build/my_odom_pkg/my_odom_pkg.egg-info/requires.txt
writing top-level names to ../../build/my_odom_pkg/my_odom_pkg.egg-info/top_level.txt
writing manifest file '../../build/my_odom_pkg/my_odom_pkg.egg-info/SOURCES.txt'
reading manifest file '../../build/my_odom_pkg/my_odom_pkg.egg-info/SOURCES.txt'
writing manifest file '../../build/my_odom_pkg/my_odom_pkg.egg-info/SOURCES.txt'
running build
running build_py
creating /home/tm/git_ws/myrobot/build/my_odom_pkg/build
creating /home/tm/git_ws/myrobot/build/my_odom_pkg/build/lib
creating /home/tm/git_ws/myrobot/build/my_odom_pkg/build/lib/my_odom_pkg
copying my_odom_pkg/__init__.py -> /home/tm/git_ws/myrobot/build/my_odom_pkg/build/lib/my_odom_pkg
copying my_odom_pkg/odom_echo_launch.py -> /home/tm/git_ws/myrobot/build/my_odom_pkg/build/lib/my_odom_pkg
copying my_odom_pkg/odom_echo.py -> /home/tm/git_ws/myrobot/build/my_odom_pkg/build/lib/my_odom_pkg
running install
running install_lib
creating /home/tm/git_ws/myrobot/install/my_odom_pkg/lib/python3.12/site-packages/my_odom_pkg
copying /home/tm/git_ws/myrobot/build/my_odom_pkg/build/lib/my_odom_pkg/__init__.py -> /home/tm/git_ws/myrobot/install/my_odom_pkg/lib/python3.12/site-packages/my_odom_pkg
copying /home/tm/git_ws/myrobot/build/my_odom_pkg/build/lib/my_odom_pkg/odom_echo_launch.py -> /home/tm/git_ws/myrobot/install/my_odom_pkg/lib/python3.12/site-packages/my_odom_pkg
copying /home/tm/git_ws/myrobot/build/my_odom_pkg/build/lib/my_odom_pkg/odom_echo.py -> /home/tm/git_ws/myrobot/install/my_odom_pkg/lib/python3.12/site-packages/my_odom_pkg
byte-compiling /home/tm/git_ws/myrobot/install/my_odom_pkg/lib/python3.12/site-packages/my_odom_pkg/__init__.py to __init__.cpython-312.pyc
byte-compiling /home/tm/git_ws/myrobot/install/my_odom_pkg/lib/python3.12/site-packages/my_odom_pkg/odom_echo_launch.py to odom_echo_launch.cpython-312.pyc
byte-compiling /home/tm/git_ws/myrobot/install/my_odom_pkg/lib/python3.12/site-packages/my_odom_pkg/odom_echo.py to odom_echo.cpython-312.pyc
running install_data
creating /home/tm/git_ws/myrobot/install/my_odom_pkg/share/ament_index
creating /home/tm/git_ws/myrobot/install/my_odom_pkg/share/ament_index/resource_index
creating /home/tm/git_ws/myrobot/install/my_odom_pkg/share/ament_index/resource_index/packages
copying resource/my_odom_pkg -> /home/tm/git_ws/myrobot/install/my_odom_pkg/share/ament_index/resource_index/packages
copying package.xml -> /home/tm/git_ws/myrobot/install/my_odom_pkg/share/my_odom_pkg
running install_egg_info
Copying ../../build/my_odom_pkg/my_odom_pkg.egg-info to /home/tm/git_ws/myrobot/install/my_odom_pkg/lib/python3.12/site-packages/my_odom_pkg-0.0.0-py3.12.egg-info
running install_scripts
Installing odom_echo script to /home/tm/git_ws/myrobot/install/my_odom_pkg/lib/my_odom_pkg
writing list of installed files to '/home/tm/git_ws/myrobot/build/my_odom_pkg/install.log'
