[0.188s] Invoking command in '/home/tm/git_ws/myrobot/build/myrobot_cartographer': CMAKE_PREFIX_PATH=${CMAKE_PREFIX_PATH}:/home/tm/git_ws/myrobot/install/my_odom_pkg:/opt/ros/jazzy DEBUGINFOD_URLS=https://debuginfod.ubuntu.com VIRTUAL_ENV_PROMPT=(ros) /usr/bin/cmake --build /home/tm/git_ws/myrobot/build/myrobot_cartographer -- -j16 -l16
[0.226s] Invoked command in '/home/tm/git_ws/myrobot/build/myrobot_cartographer' returned '0': CMAKE_PREFIX_PATH=${CMAKE_PREFIX_PATH}:/home/tm/git_ws/myrobot/install/my_odom_pkg:/opt/ros/jazzy DEBUGINFOD_URLS=https://debuginfod.ubuntu.com VIRTUAL_ENV_PROMPT=(ros) /usr/bin/cmake --build /home/tm/git_ws/myrobot/build/myrobot_cartographer -- -j16 -l16
[0.234s] Invoking command in '/home/tm/git_ws/myrobot/build/myrobot_cartographer': CMAKE_PREFIX_PATH=${CMAKE_PREFIX_PATH}:/home/tm/git_ws/myrobot/install/my_odom_pkg:/opt/ros/jazzy DEBUGINFOD_URLS=https://debuginfod.ubuntu.com VIRTUAL_ENV_PROMPT=(ros) /usr/bin/cmake --install /home/tm/git_ws/myrobot/build/myrobot_cartographer
[0.242s] -- Install configuration: ""
[0.242s] -- Up-to-date: /home/tm/git_ws/myrobot/install/myrobot_cartographer/share/myrobot_cartographer//launch
[0.242s] -- Up-to-date: /home/tm/git_ws/myrobot/install/myrobot_cartographer/share/myrobot_cartographer//launch/cartographer.launch.py
[0.242s] -- Up-to-date: /home/tm/git_ws/myrobot/install/myrobot_cartographer/share/myrobot_cartographer//launch/map_view.launch.py
[0.242s] -- Up-to-date: /home/tm/git_ws/myrobot/install/myrobot_cartographer/share/myrobot_cartographer//launch/occupancy_grid.launch.py
[0.242s] -- Up-to-date: /home/tm/git_ws/myrobot/install/myrobot_cartographer/share/myrobot_cartographer//rviz
[0.242s] -- Up-to-date: /home/tm/git_ws/myrobot/install/myrobot_cartographer/share/myrobot_cartographer//rviz/myrobot_cartographer.rviz
[0.242s] -- Up-to-date: /home/tm/git_ws/myrobot/install/myrobot_cartographer/share/myrobot_cartographer//config
[0.242s] -- Up-to-date: /home/tm/git_ws/myrobot/install/myrobot_cartographer/share/myrobot_cartographer//config/myrobot_lds_2d.lua
[0.242s] -- Up-to-date: /home/tm/git_ws/myrobot/install/myrobot_cartographer/share/ament_index/resource_index/package_run_dependencies/myrobot_cartographer
[0.242s] -- Up-to-date: /home/tm/git_ws/myrobot/install/myrobot_cartographer/share/ament_index/resource_index/parent_prefix_path/myrobot_cartographer
[0.243s] -- Up-to-date: /home/tm/git_ws/myrobot/install/myrobot_cartographer/share/myrobot_cartographer/environment/ament_prefix_path.sh
[0.243s] -- Up-to-date: /home/tm/git_ws/myrobot/install/myrobot_cartographer/share/myrobot_cartographer/environment/ament_prefix_path.dsv
[0.243s] -- Up-to-date: /home/tm/git_ws/myrobot/install/myrobot_cartographer/share/myrobot_cartographer/environment/path.sh
[0.243s] -- Up-to-date: /home/tm/git_ws/myrobot/install/myrobot_cartographer/share/myrobot_cartographer/environment/path.dsv
[0.243s] -- Up-to-date: /home/tm/git_ws/myrobot/install/myrobot_cartographer/share/myrobot_cartographer/local_setup.bash
[0.243s] -- Up-to-date: /home/tm/git_ws/myrobot/install/myrobot_cartographer/share/myrobot_cartographer/local_setup.sh
[0.243s] -- Up-to-date: /home/tm/git_ws/myrobot/install/myrobot_cartographer/share/myrobot_cartographer/local_setup.zsh
[0.243s] -- Up-to-date: /home/tm/git_ws/myrobot/install/myrobot_cartographer/share/myrobot_cartographer/local_setup.dsv
[0.243s] -- Installing: /home/tm/git_ws/myrobot/install/myrobot_cartographer/share/myrobot_cartographer/package.dsv
[0.243s] -- Up-to-date: /home/tm/git_ws/myrobot/install/myrobot_cartographer/share/ament_index/resource_index/packages/myrobot_cartographer
[0.243s] -- Up-to-date: /home/tm/git_ws/myrobot/install/myrobot_cartographer/share/myrobot_cartographer/cmake/myrobot_cartographerConfig.cmake
[0.243s] -- Up-to-date: /home/tm/git_ws/myrobot/install/myrobot_cartographer/share/myrobot_cartographer/cmake/myrobot_cartographerConfig-version.cmake
[0.244s] -- Up-to-date: /home/tm/git_ws/myrobot/install/myrobot_cartographer/share/myrobot_cartographer/package.xml
[0.250s] Invoked command in '/home/tm/git_ws/myrobot/build/myrobot_cartographer' returned '0': CMAKE_PREFIX_PATH=${CMAKE_PREFIX_PATH}:/home/tm/git_ws/myrobot/install/my_odom_pkg:/opt/ros/jazzy DEBUGINFOD_URLS=https://debuginfod.ubuntu.com VIRTUAL_ENV_PROMPT=(ros) /usr/bin/cmake --install /home/tm/git_ws/myrobot/build/myrobot_cartographer
