[0.171s] Invoking command in '/home/tm/git_ws/myrobot/build/myrobot': CMAKE_PREFIX_PATH=${CMAKE_PREFIX_PATH}:/opt/ros/jazzy DEBUGINFOD_URLS=https://debuginfod.ubuntu.com VIRTUAL_ENV_PROMPT=(ros) /usr/bin/cmake /home/tm/git_ws/myrobot/src/myrobot -DCMAKE_INSTALL_PREFIX=/home/tm/git_ws/myrobot/install/myrobot
[0.220s] -- The C compiler identification is GNU 13.3.0
[0.264s] -- The CXX compiler identification is GNU 13.3.0
[0.276s] -- Detecting C compiler ABI info
[0.350s] -- Detecting C compiler ABI info - done
[0.357s] -- Check for working C compiler: /usr/bin/cc - skipped
[0.357s] -- Detecting C compile features
[0.358s] -- Detecting C compile features - done
[0.365s] -- Detecting CXX compiler ABI info
[0.457s] -- Detecting CXX compiler ABI info - done
[0.467s] -- Check for working CXX compiler: /usr/bin/c++ - skipped
[0.467s] -- Detecting CXX compile features
[0.467s] -- Detecting CXX compile features - done
[0.471s] -- Found ament_cmake: 2.5.5 (/opt/ros/jazzy/share/ament_cmake/cmake)
[0.567s] -- Found Python3: /home/tm/venv/ros/bin/python3 (found version "3.12.3") found components: Interpreter 
[0.670s] -- Found ros_gz_bridge: 1.0.18 (/opt/ros/jazzy/share/ros_gz_bridge/cmake)
[0.722s] -- Found rosidl_generator_c: 4.6.7 (/opt/ros/jazzy/share/rosidl_generator_c/cmake)
[0.736s] -- Found rosidl_generator_cpp: 4.6.7 (/opt/ros/jazzy/share/rosidl_generator_cpp/cmake)
[0.751s] -- Using all available rosidl_typesupport_c: rosidl_typesupport_fastrtps_c;rosidl_typesupport_introspection_c
[0.767s] -- Using all available rosidl_typesupport_cpp: rosidl_typesupport_fastrtps_cpp;rosidl_typesupport_introspection_cpp
[0.844s] -- Found rmw_implementation_cmake: 7.3.3 (/opt/ros/jazzy/share/rmw_implementation_cmake/cmake)
[0.847s] -- Found rmw_fastrtps_cpp: 8.4.3 (/opt/ros/jazzy/share/rmw_fastrtps_cpp/cmake)
[0.938s] -- Found OpenSSL: /usr/lib/x86_64-linux-gnu/libcrypto.so (found version "3.0.13")  
[0.966s] -- Found FastRTPS: /opt/ros/jazzy/include (Required is at least version "2.13") 
[0.988s] -- Using RMW implementation 'rmw_fastrtps_cpp' as default
[1.105s] -- Looking for gz-msgs10 -- found version 10.3.2
[1.111s] -- Searching for dependencies of gz-msgs10
[1.216s] -- Found Protobuf: /usr/lib/x86_64-linux-gnu/libprotobuf.so (found version "3.21.12") 
[1.219s] -- Looking for gz-utils2 -- found version 2.2.1
[1.219s] -- Searching for dependencies of gz-utils2
[1.221s] -- Looking for gz-math7 -- found version 7.5.2
[1.221s] -- Searching for dependencies of gz-math7
[1.222s] -- Looking for gz-utils2 -- found version 2.2.1
[1.227s] -- Checking for module 'tinyxml2'
[1.241s] --   Found tinyxml2, version 10.0.0
[1.281s] -- Looking for gz-transport13 -- found version 13.5.0
[1.281s] -- Searching for dependencies of gz-transport13
[1.313s] -- Config-file not installed for ZeroMQ -- checking for pkg-config
[1.316s] -- Checking for module 'libzmq >= 4'
[1.333s] --   Found libzmq, version 4.3.5
[1.377s] -- Found ZeroMQ: TRUE (Required is at least version "4") 
[1.382s] -- Checking for module 'uuid'
[1.396s] --   Found uuid, version 2.39.3
[1.431s] -- Found UUID: TRUE  
[1.431s] -- Looking for gz-utils2 -- found version 2.2.1
[1.431s] -- Searching for dependencies of gz-utils2
[1.431s] -- Searching for <gz-utils2> component [cli]
[1.433s] -- Looking for gz-utils2-cli -- found version 2.2.1
[1.433s] -- Searching for dependencies of gz-utils2-cli
[1.434s] -- Looking for gz-msgs10 -- found version 10.3.2
[1.658s] -- Found diff_drive_controller: 4.36.0 (/opt/ros/jazzy/share/diff_drive_controller/cmake)
[1.843s] -- Found eigen3_cmake_module: 0.3.0 (/opt/ros/jazzy/share/eigen3_cmake_module/cmake)
[1.844s] -- Found Eigen3: TRUE (found version "3.4.0") 
[1.844s] -- Ensuring Eigen3 include directory is part of orocos-kdl CMake target
[1.952s] -- Found gz_ros2_control: 1.2.17 (/opt/ros/jazzy/share/gz_ros2_control/cmake)
[2.022s] -- Found ament_lint_auto: 0.17.4 (/opt/ros/jazzy/share/ament_lint_auto/cmake)
[2.084s] -- Configuring done (1.9s)
[2.090s] -- Generating done (0.0s)
[2.092s] -- Build files have been written to: /home/tm/git_ws/myrobot/build/myrobot
