[0.165s] Invoking command in '/home/tm/git_ws/myrobot/build/myrobot_navigation': CMAKE_PREFIX_PATH=${CMAKE_PREFIX_PATH}:/opt/ros/jazzy DEBUGINFOD_URLS=https://debuginfod.ubuntu.com VIRTUAL_ENV_PROMPT=(ros) /usr/bin/cmake /home/tm/git_ws/myrobot/src/myrobot_navigation -DCMAKE_INSTALL_PREFIX=/home/tm/git_ws/myrobot/install/myrobot_navigation
[0.212s] -- The C compiler identification is GNU 13.3.0
[0.256s] -- The CXX compiler identification is GNU 13.3.0
[0.268s] -- Detecting C compiler ABI info
[0.341s] -- Detecting C compiler ABI info - done
[0.346s] -- Check for working C compiler: /usr/bin/cc - skipped
[0.347s] -- Detecting C compile features
[0.347s] -- Detecting C compile features - done
[0.354s] -- Detecting CXX compiler ABI info
[0.443s] -- Detecting CXX compiler ABI info - done
[0.449s] -- Check for working CXX compiler: /usr/bin/c++ - skipped
[0.449s] -- Detecting CXX compile features
[0.450s] -- Detecting CXX compile features - done
[0.454s] -- Found ament_cmake: 2.5.5 (/opt/ros/jazzy/share/ament_cmake/cmake)
[0.545s] -- Found Python3: /home/tm/venv/ros/bin/python3 (found version "3.12.3") found components: Interpreter 
[0.650s] -- Found ros_gz_bridge: 1.0.18 (/opt/ros/jazzy/share/ros_gz_bridge/cmake)
[0.705s] -- Found rosidl_generator_c: 4.6.7 (/opt/ros/jazzy/share/rosidl_generator_c/cmake)
[0.719s] -- Found rosidl_generator_cpp: 4.6.7 (/opt/ros/jazzy/share/rosidl_generator_cpp/cmake)
[0.735s] -- Using all available rosidl_typesupport_c: rosidl_typesupport_fastrtps_c;rosidl_typesupport_introspection_c
[0.752s] -- Using all available rosidl_typesupport_cpp: rosidl_typesupport_fastrtps_cpp;rosidl_typesupport_introspection_cpp
[0.827s] -- Found rmw_implementation_cmake: 7.3.3 (/opt/ros/jazzy/share/rmw_implementation_cmake/cmake)
[0.830s] -- Found rmw_fastrtps_cpp: 8.4.3 (/opt/ros/jazzy/share/rmw_fastrtps_cpp/cmake)
[0.918s] -- Found OpenSSL: /usr/lib/x86_64-linux-gnu/libcrypto.so (found version "3.0.13")  
[0.948s] -- Found FastRTPS: /opt/ros/jazzy/include (Required is at least version "2.13") 
[0.973s] -- Using RMW implementation 'rmw_fastrtps_cpp' as default
[1.093s] -- Looking for gz-msgs10 -- found version 10.3.2
[1.099s] -- Searching for dependencies of gz-msgs10
[1.208s] -- Found Protobuf: /usr/lib/x86_64-linux-gnu/libprotobuf.so (found version "3.21.12") 
[1.210s] -- Looking for gz-utils2 -- found version 2.2.1
[1.211s] -- Searching for dependencies of gz-utils2
[1.213s] -- Looking for gz-math7 -- found version 7.5.2
[1.213s] -- Searching for dependencies of gz-math7
[1.213s] -- Looking for gz-utils2 -- found version 2.2.1
[1.218s] -- Checking for module 'tinyxml2'
[1.232s] --   Found tinyxml2, version 10.0.0
[1.272s] -- Looking for gz-transport13 -- found version 13.5.0
[1.273s] -- Searching for dependencies of gz-transport13
[1.304s] -- Config-file not installed for ZeroMQ -- checking for pkg-config
[1.308s] -- Checking for module 'libzmq >= 4'
[1.323s] --   Found libzmq, version 4.3.5
[1.364s] -- Found ZeroMQ: TRUE (Required is at least version "4") 
[1.369s] -- Checking for module 'uuid'
[1.383s] --   Found uuid, version 2.39.3
[1.417s] -- Found UUID: TRUE  
[1.417s] -- Looking for gz-utils2 -- found version 2.2.1
[1.418s] -- Searching for dependencies of gz-utils2
[1.418s] -- Searching for <gz-utils2> component [cli]
[1.421s] -- Looking for gz-utils2-cli -- found version 2.2.1
[1.421s] -- Searching for dependencies of gz-utils2-cli
[1.422s] -- Looking for gz-msgs10 -- found version 10.3.2
[1.646s] -- Found diff_drive_controller: 4.36.0 (/opt/ros/jazzy/share/diff_drive_controller/cmake)
[1.834s] -- Found eigen3_cmake_module: 0.3.0 (/opt/ros/jazzy/share/eigen3_cmake_module/cmake)
[1.835s] -- Found Eigen3: TRUE (found version "3.4.0") 
[1.835s] -- Ensuring Eigen3 include directory is part of orocos-kdl CMake target
[1.941s] -- Found gz_ros2_control: 1.2.17 (/opt/ros/jazzy/share/gz_ros2_control/cmake)
[2.013s] -- Found nav2_common: 1.3.10 (/opt/ros/jazzy/share/nav2_common/cmake)
[2.016s] -- Found navigation2: 1.3.10 (/opt/ros/jazzy/share/navigation2/cmake)
[2.019s] -- Found ament_lint_auto: 0.17.4 (/opt/ros/jazzy/share/ament_lint_auto/cmake)
[2.081s] -- Configuring done (1.9s)
[2.087s] -- Generating done (0.0s)
[2.089s] -- Build files have been written to: /home/tm/git_ws/myrobot/build/myrobot_navigation
