[0.198s] Invoking command in '/home/tm/git_ws/myrobot/build/user_gui': CMAKE_PREFIX_PATH=${CMAKE_PREFIX_PATH}:/opt/ros/jazzy DEBUGINFOD_URLS=https://debuginfod.ubuntu.com VIRTUAL_ENV_PROMPT=(ros) /usr/bin/cmake /home/tm/git_ws/myrobot/src/user_gui -DCMAKE_INSTALL_PREFIX=/home/tm/git_ws/myrobot/install/user_gui
[0.213s] -- Found ament_cmake: 2.5.5 (/opt/ros/jazzy/share/ament_cmake/cmake)
[0.385s] -- Found ament_index_cpp: 1.8.2 (/opt/ros/jazzy/share/ament_index_cpp/cmake)
[0.385s] -- Found rclcpp: 28.1.16 (/opt/ros/jazzy/share/rclcpp/cmake)
[0.401s] -- Found rosidl_generator_c: 4.6.7 (/opt/ros/jazzy/share/rosidl_generator_c/cmake)
[0.407s] -- Found rosidl_generator_cpp: 4.6.7 (/opt/ros/jazzy/share/rosidl_generator_cpp/cmake)
[0.414s] -- Using all available rosidl_typesupport_c: rosidl_typesupport_fastrtps_c;rosidl_typesupport_introspection_c
[0.425s] -- Using all available rosidl_typesupport_cpp: rosidl_typesupport_fastrtps_cpp;rosidl_typesupport_introspection_cpp
[0.466s] -- Found rmw_implementation_cmake: 7.3.3 (/opt/ros/jazzy/share/rmw_implementation_cmake/cmake)
[0.467s] -- Found rmw_fastrtps_cpp: 8.4.3 (/opt/ros/jazzy/share/rmw_fastrtps_cpp/cmake)
[0.525s] -- Using RMW implementation 'rmw_fastrtps_cpp' as default
[0.572s] -- Found rclcpp_action: 28.1.16 (/opt/ros/jazzy/share/rclcpp_action/cmake)
[0.601s] -- Found nav2_msgs: 1.3.10 (/opt/ros/jazzy/share/nav2_msgs/cmake)
[0.721s] [31mCMake Error at CMakeLists.txt:16 (find_package):
[0.721s]   By not providing "Findmyrobot_interfaces.cmake" in CMAKE_MODULE_PATH this
[0.721s]   project has asked CMake to find a package configuration file provided by
[0.721s]   "myrobot_interfaces", but CMake did not find one.
[0.721s] 
[0.721s]   Could not find a package configuration file provided by
[0.721s]   "myrobot_interfaces" with any of the following names:
[0.721s] 
[0.721s]     myrobot_interfacesConfig.cmake
[0.721s]     myrobot_interfaces-config.cmake
[0.721s] 
[0.721s]   Add the installation prefix of "myrobot_interfaces" to CMAKE_PREFIX_PATH or
[0.722s]   set "myrobot_interfaces_DIR" to a directory containing one of the above
[0.722s]   files.  If "myrobot_interfaces" provides a separate development package or
[0.722s]   SDK, be sure it has been installed.
[0.722s] 
[0.722s] [0m
[0.722s] -- Configuring incomplete, errors occurred!
[0.729s] Invoked command in '/home/tm/git_ws/myrobot/build/user_gui' returned '1': CMAKE_PREFIX_PATH=${CMAKE_PREFIX_PATH}:/opt/ros/jazzy DEBUGINFOD_URLS=https://debuginfod.ubuntu.com VIRTUAL_ENV_PROMPT=(ros) /usr/bin/cmake /home/tm/git_ws/myrobot/src/user_gui -DCMAKE_INSTALL_PREFIX=/home/tm/git_ws/myrobot/install/user_gui
