-- Install configuration: ""
-- Installing: /home/tm/git_ws/myrobot/install/myrobot_navigation/share/myrobot_navigation//launch
-- Installing: /home/tm/git_ws/myrobot/install/myrobot_navigation/share/myrobot_navigation//launch/localization_launch.py
-- Installing: /home/tm/git_ws/myrobot/install/myrobot_navigation/share/myrobot_navigation//launch/navigation_launch.py
-- Installing: /home/tm/git_ws/myrobot/install/myrobot_navigation/share/myrobot_navigation//launch/bringup_launch.py
-- Installing: /home/tm/git_ws/myrobot/install/myrobot_navigation/share/myrobot_navigation//rviz
-- Installing: /home/tm/git_ws/myrobot/install/myrobot_navigation/share/myrobot_navigation//params
-- Installing: /home/tm/git_ws/myrobot/install/myrobot_navigation/share/myrobot_navigation//params/nav2_params.yaml
-- Installing: /home/tm/git_ws/myrobot/install/myrobot_navigation/share/myrobot_navigation//map
-- Installing: /home/tm/git_ws/myrobot/install/myrobot_navigation/share/myrobot_navigation//map/hospital.pgm
-- Installing: /home/tm/git_ws/myrobot/install/myrobot_navigation/share/myrobot_navigation//map/hospital.yaml
-- Installing: /home/tm/git_ws/myrobot/install/myrobot_navigation/share/myrobot_navigation//map/my_map.pgm
-- Installing: /home/tm/git_ws/myrobot/install/myrobot_navigation/share/myrobot_navigation//map/my_map.yaml
-- Installing: /home/tm/git_ws/myrobot/install/myrobot_navigation/share/ament_index/resource_index/package_run_dependencies/myrobot_navigation
-- Installing: /home/tm/git_ws/myrobot/install/myrobot_navigation/share/ament_index/resource_index/parent_prefix_path/myrobot_navigation
-- Installing: /home/tm/git_ws/myrobot/install/myrobot_navigation/share/myrobot_navigation/environment/ament_prefix_path.sh
-- Installing: /home/tm/git_ws/myrobot/install/myrobot_navigation/share/myrobot_navigation/environment/ament_prefix_path.dsv
-- Installing: /home/tm/git_ws/myrobot/install/myrobot_navigation/share/myrobot_navigation/environment/path.sh
-- Installing: /home/tm/git_ws/myrobot/install/myrobot_navigation/share/myrobot_navigation/environment/path.dsv
-- Installing: /home/tm/git_ws/myrobot/install/myrobot_navigation/share/myrobot_navigation/local_setup.bash
-- Installing: /home/tm/git_ws/myrobot/install/myrobot_navigation/share/myrobot_navigation/local_setup.sh
-- Installing: /home/tm/git_ws/myrobot/install/myrobot_navigation/share/myrobot_navigation/local_setup.zsh
-- Installing: /home/tm/git_ws/myrobot/install/myrobot_navigation/share/myrobot_navigation/local_setup.dsv
-- Installing: /home/tm/git_ws/myrobot/install/myrobot_navigation/share/myrobot_navigation/package.dsv
-- Installing: /home/tm/git_ws/myrobot/install/myrobot_navigation/share/ament_index/resource_index/packages/myrobot_navigation
-- Installing: /home/tm/git_ws/myrobot/install/myrobot_navigation/share/myrobot_navigation/cmake/myrobot_navigationConfig.cmake
-- Installing: /home/tm/git_ws/myrobot/install/myrobot_navigation/share/myrobot_navigation/cmake/myrobot_navigationConfig-version.cmake
-- Installing: /home/tm/git_ws/myrobot/install/myrobot_navigation/share/myrobot_navigation/package.xml
