[100%] Built target map_creator
[100%] Built target place_navigation
[100%] Built target clean_server
-- Install configuration: ""
-- Up-to-date: /home/tm/git_ws/myrobot/install/place_nav/share/place_nav//config
-- Up-to-date: /home/tm/git_ws/myrobot/install/place_nav/share/place_nav//config/places.yaml
-- Up-to-date: /home/tm/git_ws/myrobot/install/place_nav/lib/place_nav/place_navigation
-- Up-to-date: /home/tm/git_ws/myrobot/install/place_nav/lib/place_nav/map_creator
-- Up-to-date: /home/tm/git_ws/myrobot/install/place_nav/lib/place_nav/clean_server
-- Up-to-date: /home/tm/git_ws/myrobot/install/place_nav/share/ament_index/resource_index/package_run_dependencies/place_nav
-- Up-to-date: /home/tm/git_ws/myrobot/install/place_nav/share/ament_index/resource_index/parent_prefix_path/place_nav
-- Up-to-date: /home/tm/git_ws/myrobot/install/place_nav/share/place_nav/environment/ament_prefix_path.sh
-- Up-to-date: /home/tm/git_ws/myrobot/install/place_nav/share/place_nav/environment/ament_prefix_path.dsv
-- Up-to-date: /home/tm/git_ws/myrobot/install/place_nav/share/place_nav/environment/path.sh
-- Up-to-date: /home/tm/git_ws/myrobot/install/place_nav/share/place_nav/environment/path.dsv
-- Up-to-date: /home/tm/git_ws/myrobot/install/place_nav/share/place_nav/local_setup.bash
-- Up-to-date: /home/tm/git_ws/myrobot/install/place_nav/share/place_nav/local_setup.sh
-- Up-to-date: /home/tm/git_ws/myrobot/install/place_nav/share/place_nav/local_setup.zsh
-- Up-to-date: /home/tm/git_ws/myrobot/install/place_nav/share/place_nav/local_setup.dsv
-- Installing: /home/tm/git_ws/myrobot/install/place_nav/share/place_nav/package.dsv
-- Up-to-date: /home/tm/git_ws/myrobot/install/place_nav/share/ament_index/resource_index/packages/place_nav
-- Up-to-date: /home/tm/git_ws/myrobot/install/place_nav/share/place_nav/cmake/place_navConfig.cmake
-- Up-to-date: /home/tm/git_ws/myrobot/install/place_nav/share/place_nav/cmake/place_navConfig-version.cmake
-- Up-to-date: /home/tm/git_ws/myrobot/install/place_nav/share/place_nav/package.xml
