[0.203s] Invoking command in '/home/tm/git_ws/myrobot/build/myrobot_description': CMAKE_PREFIX_PATH=${CMAKE_PREFIX_PATH}:/opt/ros/jazzy DEBUGINFOD_URLS=https://debuginfod.ubuntu.com VIRTUAL_ENV_PROMPT=(ros) /usr/bin/cmake /home/tm/git_ws/myrobot/src/myrobot_description -DCMAKE_INSTALL_PREFIX=/home/tm/git_ws/myrobot/install/myrobot_description
[0.270s] -- The C compiler identification is GNU 13.3.0
[0.378s] -- The CXX compiler identification is GNU 13.3.0
[0.398s] -- Detecting C compiler ABI info
[0.486s] -- Detecting C compiler ABI info - done
[0.493s] -- Check for working C compiler: /usr/bin/cc - skipped
[0.493s] -- Detecting C compile features
[0.493s] -- Detecting C compile features - done
[0.502s] -- Detecting CXX compiler ABI info
[0.585s] -- Detecting CXX compiler ABI info - done
[0.592s] -- Check for working CXX compiler: /usr/bin/c++ - skipped
[0.592s] -- Detecting CXX compile features
[0.592s] -- Detecting CXX compile features - done
[0.599s] -- Found ament_cmake: 2.5.5 (/opt/ros/jazzy/share/ament_cmake/cmake)
[0.691s] -- Found Python3: /home/tm/venv/ros/bin/python3 (found version "3.12.3") found components: Interpreter 
[0.798s] -- Found ament_lint_auto: 0.17.4 (/opt/ros/jazzy/share/ament_lint_auto/cmake)
[0.887s] -- Added test 'lint_cmake' to check CMake code style
[0.889s] -- Added test 'xmllint' to check XML markup files
[0.893s] -- Configuring done (0.7s)
[0.896s] -- Generating done (0.0s)
[0.898s] -- Build files have been written to: /home/tm/git_ws/myrobot/build/myrobot_description
[0.906s] Invoked command in '/home/tm/git_ws/myrobot/build/myrobot_description' returned '0': CMAKE_PREFIX_PATH=${CMAKE_PREFIX_PATH}:/opt/ros/jazzy DEBUGINFOD_URLS=https://debuginfod.ubuntu.com VIRTUAL_ENV_PROMPT=(ros) /usr/bin/cmake /home/tm/git_ws/myrobot/src/myrobot_description -DCMAKE_INSTALL_PREFIX=/home/tm/git_ws/myrobot/install/myrobot_description
[0.907s] Invoking command in '/home/tm/git_ws/myrobot/build/myrobot_description': CMAKE_PREFIX_PATH=${CMAKE_PREFIX_PATH}:/opt/ros/jazzy DEBUGINFOD_URLS=https://debuginfod.ubuntu.com VIRTUAL_ENV_PROMPT=(ros) /usr/bin/cmake --build /home/tm/git_ws/myrobot/build/myrobot_description -- -j16 -l16
[0.947s] Invoked command in '/home/tm/git_ws/myrobot/build/myrobot_description' returned '0': CMAKE_PREFIX_PATH=${CMAKE_PREFIX_PATH}:/opt/ros/jazzy DEBUGINFOD_URLS=https://debuginfod.ubuntu.com VIRTUAL_ENV_PROMPT=(ros) /usr/bin/cmake --build /home/tm/git_ws/myrobot/build/myrobot_description -- -j16 -l16
[0.948s] Invoking command in '/home/tm/git_ws/myrobot/build/myrobot_description': CMAKE_PREFIX_PATH=${CMAKE_PREFIX_PATH}:/opt/ros/jazzy DEBUGINFOD_URLS=https://debuginfod.ubuntu.com VIRTUAL_ENV_PROMPT=(ros) /usr/bin/cmake --install /home/tm/git_ws/myrobot/build/myrobot_description
[0.954s] -- Install configuration: ""
[0.954s] -- Installing: /home/tm/git_ws/myrobot/install/myrobot_description/share/ament_index/resource_index/package_run_dependencies/myrobot_description
[0.954s] -- Installing: /home/tm/git_ws/myrobot/install/myrobot_description/share/ament_index/resource_index/parent_prefix_path/myrobot_description
[0.954s] -- Installing: /home/tm/git_ws/myrobot/install/myrobot_description/share/myrobot_description/environment/ament_prefix_path.sh
[0.955s] -- Installing: /home/tm/git_ws/myrobot/install/myrobot_description/share/myrobot_description/environment/ament_prefix_path.dsv
[0.955s] -- Installing: /home/tm/git_ws/myrobot/install/myrobot_description/share/myrobot_description/environment/path.sh
[0.955s] -- Installing: /home/tm/git_ws/myrobot/install/myrobot_description/share/myrobot_description/environment/path.dsv
[0.955s] -- Installing: /home/tm/git_ws/myrobot/install/myrobot_description/share/myrobot_description/local_setup.bash
[0.955s] -- Installing: /home/tm/git_ws/myrobot/install/myrobot_description/share/myrobot_description/local_setup.sh
[0.955s] -- Installing: /home/tm/git_ws/myrobot/install/myrobot_description/share/myrobot_description/local_setup.zsh
[0.955s] -- Installing: /home/tm/git_ws/myrobot/install/myrobot_description/share/myrobot_description/local_setup.dsv
[0.955s] -- Installing: /home/tm/git_ws/myrobot/install/myrobot_description/share/myrobot_description/package.dsv
[0.955s] -- Installing: /home/tm/git_ws/myrobot/install/myrobot_description/share/ament_index/resource_index/packages/myrobot_description
[0.955s] -- Installing: /home/tm/git_ws/myrobot/install/myrobot_description/share/myrobot_description/cmake/myrobot_descriptionConfig.cmake
[0.955s] -- Installing: /home/tm/git_ws/myrobot/install/myrobot_description/share/myrobot_description/cmake/myrobot_descriptionConfig-version.cmake
[0.955s] -- Installing: /home/tm/git_ws/myrobot/install/myrobot_description/share/myrobot_description/package.xml
[0.956s] Invoked command in '/home/tm/git_ws/myrobot/build/myrobot_description' returned '0': CMAKE_PREFIX_PATH=${CMAKE_PREFIX_PATH}:/opt/ros/jazzy DEBUGINFOD_URLS=https://debuginfod.ubuntu.com VIRTUAL_ENV_PROMPT=(ros) /usr/bin/cmake --install /home/tm/git_ws/myrobot/build/myrobot_description
