[0.190s] Invoking command in '/home/tm/git_ws/myrobot/build/myrobot_behavior_tree': CMAKE_PREFIX_PATH=${CMAKE_PREFIX_PATH}:/home/tm/git_ws/myrobot/install/my_odom_pkg:/opt/ros/jazzy DEBUGINFOD_URLS=https://debuginfod.ubuntu.com VIRTUAL_ENV_PROMPT=(ros) /usr/bin/cmake /home/tm/git_ws/myrobot/src/myrobot_behavior_tree -DCMAKE_INSTALL_PREFIX=/home/tm/git_ws/myrobot/install/myrobot_behavior_tree
[0.203s] -- Found ament_cmake: 2.5.5 (/opt/ros/jazzy/share/ament_cmake/cmake)
[0.356s] -- Found nav2_behavior_tree: 1.3.10 (/opt/ros/jazzy/share/nav2_behavior_tree/cmake)
[0.384s] -- Found rosidl_generator_c: 4.6.7 (/opt/ros/jazzy/share/rosidl_generator_c/cmake)
[0.389s] -- Found rosidl_generator_cpp: 4.6.7 (/opt/ros/jazzy/share/rosidl_generator_cpp/cmake)
[0.397s] -- Using all available rosidl_typesupport_c: rosidl_typesupport_fastrtps_c;rosidl_typesupport_introspection_c
[0.406s] -- Using all available rosidl_typesupport_cpp: rosidl_typesupport_fastrtps_cpp;rosidl_typesupport_introspection_cpp
[0.447s] -- Found rmw_implementation_cmake: 7.3.3 (/opt/ros/jazzy/share/rmw_implementation_cmake/cmake)
[0.448s] -- Found rmw_fastrtps_cpp: 8.4.3 (/opt/ros/jazzy/share/rmw_fastrtps_cpp/cmake)
[0.506s] -- Using RMW implementation 'rmw_fastrtps_cpp' as default
[0.776s] -- Found eigen3_cmake_module: 0.3.0 (/opt/ros/jazzy/share/eigen3_cmake_module/cmake)
[0.777s] -- Ensuring Eigen3 include directory is part of orocos-kdl CMake target
[0.822s] -- Found myrobot_interfaces: 0.0.0 (/home/tm/git_ws/myrobot/install/myrobot_interfaces/share/myrobot_interfaces/cmake)
[0.842s] -- Found pluginlib: 5.4.4 (/opt/ros/jazzy/share/pluginlib/cmake)
[0.864s] -- Found ament_lint_auto: 0.17.4 (/opt/ros/jazzy/share/ament_lint_auto/cmake)
[0.950s] -- Added test 'cppcheck' to perform static code analysis on C / C++ code
[0.951s] -- Configured cppcheck include dirs: /home/tm/git_ws/myrobot/src/myrobot_behavior_tree/include
[0.951s] -- Configured cppcheck exclude dirs and/or files: 
[0.951s] -- Added test 'lint_cmake' to check CMake code style
[0.952s] -- Added test 'uncrustify' to check C / C++ code style
[0.953s] -- Configured uncrustify additional arguments: 
[0.954s] -- Added test 'xmllint' to check XML markup files
[0.956s] -- Configuring done (0.8s)
[1.037s] -- Generating done (0.1s)
[1.043s] -- Build files have been written to: /home/tm/git_ws/myrobot/build/myrobot_behavior_tree
[1.060s] Invoked command in '/home/tm/git_ws/myrobot/build/myrobot_behavior_tree' returned '0': CMAKE_PREFIX_PATH=${CMAKE_PREFIX_PATH}:/home/tm/git_ws/myrobot/install/my_odom_pkg:/opt/ros/jazzy DEBUGINFOD_URLS=https://debuginfod.ubuntu.com VIRTUAL_ENV_PROMPT=(ros) /usr/bin/cmake /home/tm/git_ws/myrobot/src/myrobot_behavior_tree -DCMAKE_INSTALL_PREFIX=/home/tm/git_ws/myrobot/install/myrobot_behavior_tree
[1.061s] Invoking command in '/home/tm/git_ws/myrobot/build/myrobot_behavior_tree': CMAKE_PREFIX_PATH=${CMAKE_PREFIX_PATH}:/home/tm/git_ws/myrobot/install/my_odom_pkg:/opt/ros/jazzy DEBUGINFOD_URLS=https://debuginfod.ubuntu.com VIRTUAL_ENV_PROMPT=(ros) /usr/bin/cmake --build /home/tm/git_ws/myrobot/build/myrobot_behavior_tree -- -j16 -l16
[1.125s] [ 50%] [32mBuilding CXX object CMakeFiles/compute_place_pose_action_bt_node.dir/src/compute_place_pose_action.cpp.o[0m
[6.272s] [100%] [32m[1mLinking CXX shared library libcompute_place_pose_action_bt_node.so[0m
[6.566s] [100%] Built target compute_place_pose_action_bt_node
[6.577s] Invoked command in '/home/tm/git_ws/myrobot/build/myrobot_behavior_tree' returned '0': CMAKE_PREFIX_PATH=${CMAKE_PREFIX_PATH}:/home/tm/git_ws/myrobot/install/my_odom_pkg:/opt/ros/jazzy DEBUGINFOD_URLS=https://debuginfod.ubuntu.com VIRTUAL_ENV_PROMPT=(ros) /usr/bin/cmake --build /home/tm/git_ws/myrobot/build/myrobot_behavior_tree -- -j16 -l16
[6.578s] Invoking command in '/home/tm/git_ws/myrobot/build/myrobot_behavior_tree': CMAKE_PREFIX_PATH=${CMAKE_PREFIX_PATH}:/home/tm/git_ws/myrobot/install/my_odom_pkg:/opt/ros/jazzy DEBUGINFOD_URLS=https://debuginfod.ubuntu.com VIRTUAL_ENV_PROMPT=(ros) /usr/bin/cmake --install /home/tm/git_ws/myrobot/build/myrobot_behavior_tree
[6.585s] -- Install configuration: ""
[6.585s] -- Installing: /home/tm/git_ws/myrobot/install/myrobot_behavior_tree/share/myrobot_behavior_tree//behavior_trees
[6.586s] -- Installing: /home/tm/git_ws/myrobot/install/myrobot_behavior_tree/share/myrobot_behavior_tree//behavior_trees/cleaning_navigate_to_pose.xml
[6.586s] -- Installing: /home/tm/git_ws/myrobot/install/myrobot_behavior_tree/share/myrobot_behavior_tree//behavior_trees/custom_navigate_to_pose.xml
[6.586s] -- Installing: /home/tm/git_ws/myrobot/install/myrobot_behavior_tree/lib/libcompute_place_pose_action_bt_node.so
[6.588s] -- Set non-toolchain portion of runtime path of "/home/tm/git_ws/myrobot/install/myrobot_behavior_tree/lib/libcompute_place_pose_action_bt_node.so" to ""
[6.589s] -- Installing: /home/tm/git_ws/myrobot/install/myrobot_behavior_tree/share/myrobot_behavior_tree/environment/library_path.sh
[6.589s] -- Installing: /home/tm/git_ws/myrobot/install/myrobot_behavior_tree/share/myrobot_behavior_tree/environment/library_path.dsv
[6.589s] -- Installing: /home/tm/git_ws/myrobot/install/myrobot_behavior_tree/share/ament_index/resource_index/package_run_dependencies/myrobot_behavior_tree
[6.589s] -- Installing: /home/tm/git_ws/myrobot/install/myrobot_behavior_tree/share/ament_index/resource_index/parent_prefix_path/myrobot_behavior_tree
[6.589s] -- Installing: /home/tm/git_ws/myrobot/install/myrobot_behavior_tree/share/myrobot_behavior_tree/environment/ament_prefix_path.sh
[6.589s] -- Installing: /home/tm/git_ws/myrobot/install/myrobot_behavior_tree/share/myrobot_behavior_tree/environment/ament_prefix_path.dsv
[6.589s] -- Installing: /home/tm/git_ws/myrobot/install/myrobot_behavior_tree/share/myrobot_behavior_tree/environment/path.sh
[6.589s] -- Installing: /home/tm/git_ws/myrobot/install/myrobot_behavior_tree/share/myrobot_behavior_tree/environment/path.dsv
[6.590s] -- Installing: /home/tm/git_ws/myrobot/install/myrobot_behavior_tree/share/myrobot_behavior_tree/local_setup.bash
[6.590s] -- Installing: /home/tm/git_ws/myrobot/install/myrobot_behavior_tree/share/myrobot_behavior_tree/local_setup.sh
[6.590s] -- Installing: /home/tm/git_ws/myrobot/install/myrobot_behavior_tree/share/myrobot_behavior_tree/local_setup.zsh
[6.590s] -- Installing: /home/tm/git_ws/myrobot/install/myrobot_behavior_tree/share/myrobot_behavior_tree/local_setup.dsv
[6.590s] -- Installing: /home/tm/git_ws/myrobot/install/myrobot_behavior_tree/share/myrobot_behavior_tree/package.dsv
[6.590s] -- Installing: /home/tm/git_ws/myrobot/install/myrobot_behavior_tree/share/ament_index/resource_index/packages/myrobot_behavior_tree
[6.590s] -- Installing: /home/tm/git_ws/myrobot/install/myrobot_behavior_tree/share/myrobot_behavior_tree/cmake/ament_cmake_export_include_directories-extras.cmake
[6.590s] -- Installing: /home/tm/git_ws/myrobot/install/myrobot_behavior_tree/share/myrobot_behavior_tree/cmake/ament_cmake_export_libraries-extras.cmake
[6.590s] -- Installing: /home/tm/git_ws/myrobot/install/myrobot_behavior_tree/share/myrobot_behavior_tree/cmake/ament_cmake_export_dependencies-extras.cmake
[6.590s] -- Installing: /home/tm/git_ws/myrobot/install/myrobot_behavior_tree/share/myrobot_behavior_tree/cmake/myrobot_behavior_treeConfig.cmake
[6.590s] -- Installing: /home/tm/git_ws/myrobot/install/myrobot_behavior_tree/share/myrobot_behavior_tree/cmake/myrobot_behavior_treeConfig-version.cmake
[6.590s] -- Installing: /home/tm/git_ws/myrobot/install/myrobot_behavior_tree/share/myrobot_behavior_tree/package.xml
[6.593s] Invoked command in '/home/tm/git_ws/myrobot/build/myrobot_behavior_tree' returned '0': CMAKE_PREFIX_PATH=${CMAKE_PREFIX_PATH}:/home/tm/git_ws/myrobot/install/my_odom_pkg:/opt/ros/jazzy DEBUGINFOD_URLS=https://debuginfod.ubuntu.com VIRTUAL_ENV_PROMPT=(ros) /usr/bin/cmake --install /home/tm/git_ws/myrobot/build/myrobot_behavior_tree
