[0.204s] Invoking command in '/home/tm/git_ws/myrobot/build/user_gui': CMAKE_PREFIX_PATH=${CMAKE_PREFIX_PATH}:/opt/ros/jazzy DEBUGINFOD_URLS=https://debuginfod.ubuntu.com VIRTUAL_ENV_PROMPT=(ros) /usr/bin/cmake --build /home/tm/git_ws/myrobot/build/user_gui -- -j16 -l16
[0.254s] [  0%] Built target main_autogen_timestamp_deps
[0.297s] [ 11%] Built target main_autogen
[0.344s] [100%] Built target main
[0.357s] Invoked command in '/home/tm/git_ws/myrobot/build/user_gui' returned '0': CMAKE_PREFIX_PATH=${CMAKE_PREFIX_PATH}:/opt/ros/jazzy DEBUGINFOD_URLS=https://debuginfod.ubuntu.com VIRTUAL_ENV_PROMPT=(ros) /usr/bin/cmake --build /home/tm/git_ws/myrobot/build/user_gui -- -j16 -l16
[0.358s] Invoking command in '/home/tm/git_ws/myrobot/build/user_gui': CMAKE_PREFIX_PATH=${CMAKE_PREFIX_PATH}:/opt/ros/jazzy DEBUGINFOD_URLS=https://debuginfod.ubuntu.com VIRTUAL_ENV_PROMPT=(ros) /usr/bin/cmake --install /home/tm/git_ws/myrobot/build/user_gui
[0.366s] -- Install configuration: ""
[0.366s] -- Up-to-date: /home/tm/git_ws/myrobot/install/user_gui/share/user_gui//qml
[0.366s] -- Up-to-date: /home/tm/git_ws/myrobot/install/user_gui/share/user_gui//qml/MyMap.qml
[0.366s] -- Up-to-date: /home/tm/git_ws/myrobot/install/user_gui/share/user_gui//qml/hospital.pgm
[0.366s] -- Up-to-date: /home/tm/git_ws/myrobot/install/user_gui/share/user_gui//qml/main.qml
[0.366s] -- Up-to-date: /home/tm/git_ws/myrobot/install/user_gui/share/user_gui//qml/hospital.yaml
[0.366s] -- Up-to-date: /home/tm/git_ws/myrobot/install/user_gui/share/user_gui//map
[0.366s] -- Up-to-date: /home/tm/git_ws/myrobot/install/user_gui/share/user_gui//map/hospital.pgm
[0.366s] -- Up-to-date: /home/tm/git_ws/myrobot/install/user_gui/share/user_gui//map/hospital.yaml
[0.367s] -- Up-to-date: /home/tm/git_ws/myrobot/install/user_gui/lib/user_gui/main
[0.367s] -- Up-to-date: /home/tm/git_ws/myrobot/install/user_gui/share/ament_index/resource_index/package_run_dependencies/user_gui
[0.368s] -- Up-to-date: /home/tm/git_ws/myrobot/install/user_gui/share/ament_index/resource_index/parent_prefix_path/user_gui
[0.368s] -- Up-to-date: /home/tm/git_ws/myrobot/install/user_gui/share/user_gui/environment/ament_prefix_path.sh
[0.368s] -- Up-to-date: /home/tm/git_ws/myrobot/install/user_gui/share/user_gui/environment/ament_prefix_path.dsv
[0.368s] -- Up-to-date: /home/tm/git_ws/myrobot/install/user_gui/share/user_gui/environment/path.sh
[0.368s] -- Up-to-date: /home/tm/git_ws/myrobot/install/user_gui/share/user_gui/environment/path.dsv
[0.368s] -- Up-to-date: /home/tm/git_ws/myrobot/install/user_gui/share/user_gui/local_setup.bash
[0.368s] -- Up-to-date: /home/tm/git_ws/myrobot/install/user_gui/share/user_gui/local_setup.sh
[0.368s] -- Up-to-date: /home/tm/git_ws/myrobot/install/user_gui/share/user_gui/local_setup.zsh
[0.368s] -- Up-to-date: /home/tm/git_ws/myrobot/install/user_gui/share/user_gui/local_setup.dsv
[0.368s] -- Installing: /home/tm/git_ws/myrobot/install/user_gui/share/user_gui/package.dsv
[0.368s] -- Up-to-date: /home/tm/git_ws/myrobot/install/user_gui/share/ament_index/resource_index/packages/user_gui
[0.368s] -- Up-to-date: /home/tm/git_ws/myrobot/install/user_gui/share/user_gui/cmake/user_guiConfig.cmake
[0.368s] -- Up-to-date: /home/tm/git_ws/myrobot/install/user_gui/share/user_gui/cmake/user_guiConfig-version.cmake
[0.368s] -- Up-to-date: /home/tm/git_ws/myrobot/install/user_gui/share/user_gui/package.xml
[0.370s] Invoked command in '/home/tm/git_ws/myrobot/build/user_gui' returned '0': CMAKE_PREFIX_PATH=${CMAKE_PREFIX_PATH}:/opt/ros/jazzy DEBUGINFOD_URLS=https://debuginfod.ubuntu.com VIRTUAL_ENV_PROMPT=(ros) /usr/bin/cmake --install /home/tm/git_ws/myrobot/build/user_gui
