[  1%] Built target myrobot_interfaces__rosidl_generator_type_description
[  1%] Built target ament_cmake_python_copy_myrobot_interfaces
[  3%] Built target myrobot_interfaces__cpp
[ 24%] Built target myrobot_interfaces__rosidl_generator_c
[ 79%] Built target myrobot_interfaces__rosidl_typesupport_introspection_cpp
[ 79%] Built target myrobot_interfaces__rosidl_typesupport_cpp
[ 79%] Built target myrobot_interfaces__rosidl_typesupport_introspection_c
[ 79%] Built target myrobot_interfaces__rosidl_typesupport_fastrtps_c
[ 79%] Built target myrobot_interfaces__rosidl_typesupport_c
[ 79%] Built target myrobot_interfaces__rosidl_typesupport_fastrtps_cpp
[ 79%] Built target myrobot_interfaces
[ 81%] Built target myrobot_interfaces__py
[ 88%] Built target myrobot_interfaces__rosidl_generator_py
[100%] Built target myrobot_interfaces_s__rosidl_typesupport_introspection_c
[100%] Built target myrobot_interfaces_s__rosidl_typesupport_fastrtps_c
[100%] Built target myrobot_interfaces_s__rosidl_typesupport_c
running egg_info
writing myrobot_interfaces.egg-info/PKG-INFO
writing dependency_links to myrobot_interfaces.egg-info/dependency_links.txt
writing top-level names to myrobot_interfaces.egg-info/top_level.txt
reading manifest file 'myrobot_interfaces.egg-info/SOURCES.txt'
writing manifest file 'myrobot_interfaces.egg-info/SOURCES.txt'
[100%] Built target ament_cmake_python_build_myrobot_interfaces_egg
-- Install configuration: ""
-- Up-to-date: /home/tm/git_ws/myrobot/install/myrobot_interfaces/share/ament_index/resource_index/rosidl_interfaces/myrobot_interfaces
-- Up-to-date: /home/tm/git_ws/myrobot/install/myrobot_interfaces/share/myrobot_interfaces/action/GetPlacePose.json
-- Up-to-date: /home/tm/git_ws/myrobot/install/myrobot_interfaces/share/myrobot_interfaces/action/ComputePlacePose.json
-- Up-to-date: /home/tm/git_ws/myrobot/install/myrobot_interfaces/share/myrobot_interfaces/action/CleanRoom.json
-- Up-to-date: /home/tm/git_ws/myrobot/install/myrobot_interfaces/include/myrobot_interfaces/myrobot_interfaces
-- Up-to-date: /home/tm/git_ws/myrobot/install/myrobot_interfaces/include/myrobot_interfaces/myrobot_interfaces/msg
-- Up-to-date: /home/tm/git_ws/myrobot/install/myrobot_interfaces/include/myrobot_interfaces/myrobot_interfaces/msg/rosidl_generator_c__visibility_control.h
-- Up-to-date: /home/tm/git_ws/myrobot/install/myrobot_interfaces/include/myrobot_interfaces/myrobot_interfaces/action
-- Up-to-date: /home/tm/git_ws/myrobot/install/myrobot_interfaces/include/myrobot_interfaces/myrobot_interfaces/action/get_place_pose.h
-- Up-to-date: /home/tm/git_ws/myrobot/install/myrobot_interfaces/include/myrobot_interfaces/myrobot_interfaces/action/compute_place_pose.h
-- Up-to-date: /home/tm/git_ws/myrobot/install/myrobot_interfaces/include/myrobot_interfaces/myrobot_interfaces/action/clean_room.h
-- Up-to-date: /home/tm/git_ws/myrobot/install/myrobot_interfaces/include/myrobot_interfaces/myrobot_interfaces/action/detail
-- Up-to-date: /home/tm/git_ws/myrobot/install/myrobot_interfaces/include/myrobot_interfaces/myrobot_interfaces/action/detail/clean_room__type_support.h
-- Up-to-date: /home/tm/git_ws/myrobot/install/myrobot_interfaces/include/myrobot_interfaces/myrobot_interfaces/action/detail/get_place_pose__functions.c
-- Up-to-date: /home/tm/git_ws/myrobot/install/myrobot_interfaces/include/myrobot_interfaces/myrobot_interfaces/action/detail/get_place_pose__functions.h
-- Up-to-date: /home/tm/git_ws/myrobot/install/myrobot_interfaces/include/myrobot_interfaces/myrobot_interfaces/action/detail/get_place_pose__struct.h
-- Up-to-date: /home/tm/git_ws/myrobot/install/myrobot_interfaces/include/myrobot_interfaces/myrobot_interfaces/action/detail/clean_room__functions.h
-- Up-to-date: /home/tm/git_ws/myrobot/install/myrobot_interfaces/include/myrobot_interfaces/myrobot_interfaces/action/detail/clean_room__description.c
-- Up-to-date: /home/tm/git_ws/myrobot/install/myrobot_interfaces/include/myrobot_interfaces/myrobot_interfaces/action/detail/clean_room__functions.c
-- Up-to-date: /home/tm/git_ws/myrobot/install/myrobot_interfaces/include/myrobot_interfaces/myrobot_interfaces/action/detail/clean_room__type_support.c
-- Up-to-date: /home/tm/git_ws/myrobot/install/myrobot_interfaces/include/myrobot_interfaces/myrobot_interfaces/action/detail/compute_place_pose__functions.h
-- Up-to-date: /home/tm/git_ws/myrobot/install/myrobot_interfaces/include/myrobot_interfaces/myrobot_interfaces/action/detail/compute_place_pose__struct.h
-- Up-to-date: /home/tm/git_ws/myrobot/install/myrobot_interfaces/include/myrobot_interfaces/myrobot_interfaces/action/detail/compute_place_pose__type_support.c
-- Up-to-date: /home/tm/git_ws/myrobot/install/myrobot_interfaces/include/myrobot_interfaces/myrobot_interfaces/action/detail/compute_place_pose__type_support.h
-- Up-to-date: /home/tm/git_ws/myrobot/install/myrobot_interfaces/include/myrobot_interfaces/myrobot_interfaces/action/detail/get_place_pose__type_support.h
-- Up-to-date: /home/tm/git_ws/myrobot/install/myrobot_interfaces/include/myrobot_interfaces/myrobot_interfaces/action/detail/clean_room__struct.h
-- Up-to-date: /home/tm/git_ws/myrobot/install/myrobot_interfaces/include/myrobot_interfaces/myrobot_interfaces/action/detail/compute_place_pose__functions.c
-- Up-to-date: /home/tm/git_ws/myrobot/install/myrobot_interfaces/include/myrobot_interfaces/myrobot_interfaces/action/detail/get_place_pose__description.c
-- Up-to-date: /home/tm/git_ws/myrobot/install/myrobot_interfaces/include/myrobot_interfaces/myrobot_interfaces/action/detail/get_place_pose__type_support.c
-- Up-to-date: /home/tm/git_ws/myrobot/install/myrobot_interfaces/include/myrobot_interfaces/myrobot_interfaces/action/detail/compute_place_pose__description.c
-- Up-to-date: /home/tm/git_ws/myrobot/install/myrobot_interfaces/share/myrobot_interfaces/environment/library_path.sh
-- Up-to-date: /home/tm/git_ws/myrobot/install/myrobot_interfaces/share/myrobot_interfaces/environment/library_path.dsv
-- Up-to-date: /home/tm/git_ws/myrobot/install/myrobot_interfaces/lib/libmyrobot_interfaces__rosidl_generator_c.so
-- Up-to-date: /home/tm/git_ws/myrobot/install/myrobot_interfaces/include/myrobot_interfaces/myrobot_interfaces
-- Up-to-date: /home/tm/git_ws/myrobot/install/myrobot_interfaces/include/myrobot_interfaces/myrobot_interfaces/msg
-- Up-to-date: /home/tm/git_ws/myrobot/install/myrobot_interfaces/include/myrobot_interfaces/myrobot_interfaces/msg/rosidl_typesupport_fastrtps_c__visibility_control.h
-- Up-to-date: /home/tm/git_ws/myrobot/install/myrobot_interfaces/include/myrobot_interfaces/myrobot_interfaces/action
-- Up-to-date: /home/tm/git_ws/myrobot/install/myrobot_interfaces/include/myrobot_interfaces/myrobot_interfaces/action/detail
-- Up-to-date: /home/tm/git_ws/myrobot/install/myrobot_interfaces/include/myrobot_interfaces/myrobot_interfaces/action/detail/compute_place_pose__rosidl_typesupport_fastrtps_c.h
-- Up-to-date: /home/tm/git_ws/myrobot/install/myrobot_interfaces/include/myrobot_interfaces/myrobot_interfaces/action/detail/get_place_pose__rosidl_typesupport_fastrtps_c.h
-- Up-to-date: /home/tm/git_ws/myrobot/install/myrobot_interfaces/include/myrobot_interfaces/myrobot_interfaces/action/detail/clean_room__rosidl_typesupport_fastrtps_c.h
-- Up-to-date: /home/tm/git_ws/myrobot/install/myrobot_interfaces/lib/libmyrobot_interfaces__rosidl_typesupport_fastrtps_c.so
-- Up-to-date: /home/tm/git_ws/myrobot/install/myrobot_interfaces/include/myrobot_interfaces/myrobot_interfaces
-- Up-to-date: /home/tm/git_ws/myrobot/install/myrobot_interfaces/include/myrobot_interfaces/myrobot_interfaces/msg
-- Up-to-date: /home/tm/git_ws/myrobot/install/myrobot_interfaces/include/myrobot_interfaces/myrobot_interfaces/msg/rosidl_generator_cpp__visibility_control.hpp
-- Up-to-date: /home/tm/git_ws/myrobot/install/myrobot_interfaces/include/myrobot_interfaces/myrobot_interfaces/action
-- Up-to-date: /home/tm/git_ws/myrobot/install/myrobot_interfaces/include/myrobot_interfaces/myrobot_interfaces/action/get_place_pose.hpp
-- Up-to-date: /home/tm/git_ws/myrobot/install/myrobot_interfaces/include/myrobot_interfaces/myrobot_interfaces/action/compute_place_pose.hpp
-- Up-to-date: /home/tm/git_ws/myrobot/install/myrobot_interfaces/include/myrobot_interfaces/myrobot_interfaces/action/detail
-- Up-to-date: /home/tm/git_ws/myrobot/install/myrobot_interfaces/include/myrobot_interfaces/myrobot_interfaces/action/detail/compute_place_pose__struct.hpp
-- Up-to-date: /home/tm/git_ws/myrobot/install/myrobot_interfaces/include/myrobot_interfaces/myrobot_interfaces/action/detail/compute_place_pose__builder.hpp
-- Up-to-date: /home/tm/git_ws/myrobot/install/myrobot_interfaces/include/myrobot_interfaces/myrobot_interfaces/action/detail/compute_place_pose__type_support.hpp
-- Up-to-date: /home/tm/git_ws/myrobot/install/myrobot_interfaces/include/myrobot_interfaces/myrobot_interfaces/action/detail/get_place_pose__traits.hpp
-- Up-to-date: /home/tm/git_ws/myrobot/install/myrobot_interfaces/include/myrobot_interfaces/myrobot_interfaces/action/detail/get_place_pose__struct.hpp
-- Up-to-date: /home/tm/git_ws/myrobot/install/myrobot_interfaces/include/myrobot_interfaces/myrobot_interfaces/action/detail/get_place_pose__type_support.hpp
-- Up-to-date: /home/tm/git_ws/myrobot/install/myrobot_interfaces/include/myrobot_interfaces/myrobot_interfaces/action/detail/clean_room__builder.hpp
-- Up-to-date: /home/tm/git_ws/myrobot/install/myrobot_interfaces/include/myrobot_interfaces/myrobot_interfaces/action/detail/clean_room__type_support.hpp
-- Up-to-date: /home/tm/git_ws/myrobot/install/myrobot_interfaces/include/myrobot_interfaces/myrobot_interfaces/action/detail/clean_room__struct.hpp
-- Up-to-date: /home/tm/git_ws/myrobot/install/myrobot_interfaces/include/myrobot_interfaces/myrobot_interfaces/action/detail/get_place_pose__builder.hpp
-- Up-to-date: /home/tm/git_ws/myrobot/install/myrobot_interfaces/include/myrobot_interfaces/myrobot_interfaces/action/detail/clean_room__traits.hpp
-- Up-to-date: /home/tm/git_ws/myrobot/install/myrobot_interfaces/include/myrobot_interfaces/myrobot_interfaces/action/detail/compute_place_pose__traits.hpp
-- Up-to-date: /home/tm/git_ws/myrobot/install/myrobot_interfaces/include/myrobot_interfaces/myrobot_interfaces/action/clean_room.hpp
-- Up-to-date: /home/tm/git_ws/myrobot/install/myrobot_interfaces/include/myrobot_interfaces/myrobot_interfaces
-- Up-to-date: /home/tm/git_ws/myrobot/install/myrobot_interfaces/include/myrobot_interfaces/myrobot_interfaces/msg
-- Up-to-date: /home/tm/git_ws/myrobot/install/myrobot_interfaces/include/myrobot_interfaces/myrobot_interfaces/msg/rosidl_typesupport_fastrtps_cpp__visibility_control.h
-- Up-to-date: /home/tm/git_ws/myrobot/install/myrobot_interfaces/include/myrobot_interfaces/myrobot_interfaces/action
-- Up-to-date: /home/tm/git_ws/myrobot/install/myrobot_interfaces/include/myrobot_interfaces/myrobot_interfaces/action/detail
-- Up-to-date: /home/tm/git_ws/myrobot/install/myrobot_interfaces/include/myrobot_interfaces/myrobot_interfaces/action/detail/dds_fastrtps
-- Up-to-date: /home/tm/git_ws/myrobot/install/myrobot_interfaces/include/myrobot_interfaces/myrobot_interfaces/action/detail/clean_room__rosidl_typesupport_fastrtps_cpp.hpp
-- Up-to-date: /home/tm/git_ws/myrobot/install/myrobot_interfaces/include/myrobot_interfaces/myrobot_interfaces/action/detail/compute_place_pose__rosidl_typesupport_fastrtps_cpp.hpp
-- Up-to-date: /home/tm/git_ws/myrobot/install/myrobot_interfaces/include/myrobot_interfaces/myrobot_interfaces/action/detail/get_place_pose__rosidl_typesupport_fastrtps_cpp.hpp
-- Up-to-date: /home/tm/git_ws/myrobot/install/myrobot_interfaces/lib/libmyrobot_interfaces__rosidl_typesupport_fastrtps_cpp.so
-- Up-to-date: /home/tm/git_ws/myrobot/install/myrobot_interfaces/include/myrobot_interfaces/myrobot_interfaces
-- Up-to-date: /home/tm/git_ws/myrobot/install/myrobot_interfaces/include/myrobot_interfaces/myrobot_interfaces/msg
-- Up-to-date: /home/tm/git_ws/myrobot/install/myrobot_interfaces/include/myrobot_interfaces/myrobot_interfaces/msg/rosidl_typesupport_introspection_c__visibility_control.h
-- Up-to-date: /home/tm/git_ws/myrobot/install/myrobot_interfaces/include/myrobot_interfaces/myrobot_interfaces/action
-- Up-to-date: /home/tm/git_ws/myrobot/install/myrobot_interfaces/include/myrobot_interfaces/myrobot_interfaces/action/detail
-- Up-to-date: /home/tm/git_ws/myrobot/install/myrobot_interfaces/include/myrobot_interfaces/myrobot_interfaces/action/detail/compute_place_pose__rosidl_typesupport_introspection_c.h
-- Up-to-date: /home/tm/git_ws/myrobot/install/myrobot_interfaces/include/myrobot_interfaces/myrobot_interfaces/action/detail/clean_room__type_support.c
-- Up-to-date: /home/tm/git_ws/myrobot/install/myrobot_interfaces/include/myrobot_interfaces/myrobot_interfaces/action/detail/clean_room__rosidl_typesupport_introspection_c.h
-- Up-to-date: /home/tm/git_ws/myrobot/install/myrobot_interfaces/include/myrobot_interfaces/myrobot_interfaces/action/detail/compute_place_pose__type_support.c
-- Up-to-date: /home/tm/git_ws/myrobot/install/myrobot_interfaces/include/myrobot_interfaces/myrobot_interfaces/action/detail/get_place_pose__rosidl_typesupport_introspection_c.h
-- Up-to-date: /home/tm/git_ws/myrobot/install/myrobot_interfaces/include/myrobot_interfaces/myrobot_interfaces/action/detail/get_place_pose__type_support.c
-- Up-to-date: /home/tm/git_ws/myrobot/install/myrobot_interfaces/lib/libmyrobot_interfaces__rosidl_typesupport_introspection_c.so
-- Up-to-date: /home/tm/git_ws/myrobot/install/myrobot_interfaces/lib/libmyrobot_interfaces__rosidl_typesupport_c.so
-- Up-to-date: /home/tm/git_ws/myrobot/install/myrobot_interfaces/include/myrobot_interfaces/myrobot_interfaces
-- Up-to-date: /home/tm/git_ws/myrobot/install/myrobot_interfaces/include/myrobot_interfaces/myrobot_interfaces/action
-- Up-to-date: /home/tm/git_ws/myrobot/install/myrobot_interfaces/include/myrobot_interfaces/myrobot_interfaces/action/detail
-- Up-to-date: /home/tm/git_ws/myrobot/install/myrobot_interfaces/include/myrobot_interfaces/myrobot_interfaces/action/detail/get_place_pose__rosidl_typesupport_introspection_cpp.hpp
-- Up-to-date: /home/tm/git_ws/myrobot/install/myrobot_interfaces/include/myrobot_interfaces/myrobot_interfaces/action/detail/compute_place_pose__rosidl_typesupport_introspection_cpp.hpp
-- Up-to-date: /home/tm/git_ws/myrobot/install/myrobot_interfaces/include/myrobot_interfaces/myrobot_interfaces/action/detail/compute_place_pose__type_support.cpp
-- Up-to-date: /home/tm/git_ws/myrobot/install/myrobot_interfaces/include/myrobot_interfaces/myrobot_interfaces/action/detail/clean_room__type_support.cpp
-- Up-to-date: /home/tm/git_ws/myrobot/install/myrobot_interfaces/include/myrobot_interfaces/myrobot_interfaces/action/detail/get_place_pose__type_support.cpp
-- Up-to-date: /home/tm/git_ws/myrobot/install/myrobot_interfaces/include/myrobot_interfaces/myrobot_interfaces/action/detail/clean_room__rosidl_typesupport_introspection_cpp.hpp
-- Up-to-date: /home/tm/git_ws/myrobot/install/myrobot_interfaces/lib/libmyrobot_interfaces__rosidl_typesupport_introspection_cpp.so
-- Up-to-date: /home/tm/git_ws/myrobot/install/myrobot_interfaces/lib/libmyrobot_interfaces__rosidl_typesupport_cpp.so
-- Up-to-date: /home/tm/git_ws/myrobot/install/myrobot_interfaces/share/myrobot_interfaces/environment/pythonpath.sh
-- Up-to-date: /home/tm/git_ws/myrobot/install/myrobot_interfaces/share/myrobot_interfaces/environment/pythonpath.dsv
-- Up-to-date: /home/tm/git_ws/myrobot/install/myrobot_interfaces/lib/python3.12/site-packages/myrobot_interfaces-0.0.0-py3.12.egg-info
-- Installing: /home/tm/git_ws/myrobot/install/myrobot_interfaces/lib/python3.12/site-packages/myrobot_interfaces-0.0.0-py3.12.egg-info/top_level.txt
-- Installing: /home/tm/git_ws/myrobot/install/myrobot_interfaces/lib/python3.12/site-packages/myrobot_interfaces-0.0.0-py3.12.egg-info/dependency_links.txt
-- Installing: /home/tm/git_ws/myrobot/install/myrobot_interfaces/lib/python3.12/site-packages/myrobot_interfaces-0.0.0-py3.12.egg-info/PKG-INFO
-- Installing: /home/tm/git_ws/myrobot/install/myrobot_interfaces/lib/python3.12/site-packages/myrobot_interfaces-0.0.0-py3.12.egg-info/SOURCES.txt
-- Up-to-date: /home/tm/git_ws/myrobot/install/myrobot_interfaces/lib/python3.12/site-packages/myrobot_interfaces
-- Up-to-date: /home/tm/git_ws/myrobot/install/myrobot_interfaces/lib/python3.12/site-packages/myrobot_interfaces/action
-- Up-to-date: /home/tm/git_ws/myrobot/install/myrobot_interfaces/lib/python3.12/site-packages/myrobot_interfaces/action/_clean_room_s.c
-- Up-to-date: /home/tm/git_ws/myrobot/install/myrobot_interfaces/lib/python3.12/site-packages/myrobot_interfaces/action/_get_place_pose_s.c
-- Up-to-date: /home/tm/git_ws/myrobot/install/myrobot_interfaces/lib/python3.12/site-packages/myrobot_interfaces/action/_clean_room.py
-- Up-to-date: /home/tm/git_ws/myrobot/install/myrobot_interfaces/lib/python3.12/site-packages/myrobot_interfaces/action/__init__.py
-- Up-to-date: /home/tm/git_ws/myrobot/install/myrobot_interfaces/lib/python3.12/site-packages/myrobot_interfaces/action/_compute_place_pose_s.c
-- Up-to-date: /home/tm/git_ws/myrobot/install/myrobot_interfaces/lib/python3.12/site-packages/myrobot_interfaces/action/_compute_place_pose.py
-- Up-to-date: /home/tm/git_ws/myrobot/install/myrobot_interfaces/lib/python3.12/site-packages/myrobot_interfaces/action/_get_place_pose.py
-- Up-to-date: /home/tm/git_ws/myrobot/install/myrobot_interfaces/lib/python3.12/site-packages/myrobot_interfaces/_myrobot_interfaces_s.ep.rosidl_typesupport_fastrtps_c.c
-- Up-to-date: /home/tm/git_ws/myrobot/install/myrobot_interfaces/lib/python3.12/site-packages/myrobot_interfaces/myrobot_interfaces_s__rosidl_typesupport_fastrtps_c.so
-- Up-to-date: /home/tm/git_ws/myrobot/install/myrobot_interfaces/lib/python3.12/site-packages/myrobot_interfaces/myrobot_interfaces_s__rosidl_typesupport_c.so
-- Up-to-date: /home/tm/git_ws/myrobot/install/myrobot_interfaces/lib/python3.12/site-packages/myrobot_interfaces/__init__.py
-- Up-to-date: /home/tm/git_ws/myrobot/install/myrobot_interfaces/lib/python3.12/site-packages/myrobot_interfaces/_myrobot_interfaces_s.ep.rosidl_typesupport_introspection_c.c
-- Up-to-date: /home/tm/git_ws/myrobot/install/myrobot_interfaces/lib/python3.12/site-packages/myrobot_interfaces/myrobot_interfaces_s__rosidl_typesupport_introspection_c.so
-- Up-to-date: /home/tm/git_ws/myrobot/install/myrobot_interfaces/lib/python3.12/site-packages/myrobot_interfaces/_myrobot_interfaces_s.ep.rosidl_typesupport_c.c
Listing '/home/tm/git_ws/myrobot/install/myrobot_interfaces/lib/python3.12/site-packages/myrobot_interfaces'...
Listing '/home/tm/git_ws/myrobot/install/myrobot_interfaces/lib/python3.12/site-packages/myrobot_interfaces/action'...
-- Up-to-date: /home/tm/git_ws/myrobot/install/myrobot_interfaces/lib/python3.12/site-packages/myrobot_interfaces/myrobot_interfaces_s__rosidl_typesupport_fastrtps_c.so
-- Up-to-date: /home/tm/git_ws/myrobot/install/myrobot_interfaces/lib/python3.12/site-packages/myrobot_interfaces/myrobot_interfaces_s__rosidl_typesupport_introspection_c.so
-- Up-to-date: /home/tm/git_ws/myrobot/install/myrobot_interfaces/lib/python3.12/site-packages/myrobot_interfaces/myrobot_interfaces_s__rosidl_typesupport_c.so
-- Up-to-date: /home/tm/git_ws/myrobot/install/myrobot_interfaces/lib/libmyrobot_interfaces__rosidl_generator_py.so
-- Up-to-date: /home/tm/git_ws/myrobot/install/myrobot_interfaces/share/myrobot_interfaces/action/GetPlacePose.idl
-- Up-to-date: /home/tm/git_ws/myrobot/install/myrobot_interfaces/share/myrobot_interfaces/action/ComputePlacePose.idl
-- Up-to-date: /home/tm/git_ws/myrobot/install/myrobot_interfaces/share/myrobot_interfaces/action/CleanRoom.idl
-- Up-to-date: /home/tm/git_ws/myrobot/install/myrobot_interfaces/share/myrobot_interfaces/action/GetPlacePose.action
-- Up-to-date: /home/tm/git_ws/myrobot/install/myrobot_interfaces/share/myrobot_interfaces/action/ComputePlacePose.action
-- Up-to-date: /home/tm/git_ws/myrobot/install/myrobot_interfaces/share/myrobot_interfaces/action/CleanRoom.action
-- Up-to-date: /home/tm/git_ws/myrobot/install/myrobot_interfaces/share/ament_index/resource_index/package_run_dependencies/myrobot_interfaces
-- Up-to-date: /home/tm/git_ws/myrobot/install/myrobot_interfaces/share/ament_index/resource_index/parent_prefix_path/myrobot_interfaces
-- Up-to-date: /home/tm/git_ws/myrobot/install/myrobot_interfaces/share/myrobot_interfaces/environment/ament_prefix_path.sh
-- Up-to-date: /home/tm/git_ws/myrobot/install/myrobot_interfaces/share/myrobot_interfaces/environment/ament_prefix_path.dsv
-- Up-to-date: /home/tm/git_ws/myrobot/install/myrobot_interfaces/share/myrobot_interfaces/environment/path.sh
-- Up-to-date: /home/tm/git_ws/myrobot/install/myrobot_interfaces/share/myrobot_interfaces/environment/path.dsv
-- Up-to-date: /home/tm/git_ws/myrobot/install/myrobot_interfaces/share/myrobot_interfaces/local_setup.bash
-- Up-to-date: /home/tm/git_ws/myrobot/install/myrobot_interfaces/share/myrobot_interfaces/local_setup.sh
-- Up-to-date: /home/tm/git_ws/myrobot/install/myrobot_interfaces/share/myrobot_interfaces/local_setup.zsh
-- Up-to-date: /home/tm/git_ws/myrobot/install/myrobot_interfaces/share/myrobot_interfaces/local_setup.dsv
-- Installing: /home/tm/git_ws/myrobot/install/myrobot_interfaces/share/myrobot_interfaces/package.dsv
-- Up-to-date: /home/tm/git_ws/myrobot/install/myrobot_interfaces/share/ament_index/resource_index/packages/myrobot_interfaces
-- Up-to-date: /home/tm/git_ws/myrobot/install/myrobot_interfaces/share/myrobot_interfaces/cmake/export_myrobot_interfaces__rosidl_generator_cExport.cmake
-- Up-to-date: /home/tm/git_ws/myrobot/install/myrobot_interfaces/share/myrobot_interfaces/cmake/export_myrobot_interfaces__rosidl_generator_cExport-noconfig.cmake
-- Up-to-date: /home/tm/git_ws/myrobot/install/myrobot_interfaces/share/myrobot_interfaces/cmake/export_myrobot_interfaces__rosidl_typesupport_fastrtps_cExport.cmake
-- Up-to-date: /home/tm/git_ws/myrobot/install/myrobot_interfaces/share/myrobot_interfaces/cmake/export_myrobot_interfaces__rosidl_typesupport_fastrtps_cExport-noconfig.cmake
-- Up-to-date: /home/tm/git_ws/myrobot/install/myrobot_interfaces/share/myrobot_interfaces/cmake/export_myrobot_interfaces__rosidl_generator_cppExport.cmake
-- Up-to-date: /home/tm/git_ws/myrobot/install/myrobot_interfaces/share/myrobot_interfaces/cmake/export_myrobot_interfaces__rosidl_typesupport_fastrtps_cppExport.cmake
-- Up-to-date: /home/tm/git_ws/myrobot/install/myrobot_interfaces/share/myrobot_interfaces/cmake/export_myrobot_interfaces__rosidl_typesupport_fastrtps_cppExport-noconfig.cmake
-- Up-to-date: /home/tm/git_ws/myrobot/install/myrobot_interfaces/share/myrobot_interfaces/cmake/myrobot_interfaces__rosidl_typesupport_introspection_cExport.cmake
-- Up-to-date: /home/tm/git_ws/myrobot/install/myrobot_interfaces/share/myrobot_interfaces/cmake/myrobot_interfaces__rosidl_typesupport_introspection_cExport-noconfig.cmake
-- Up-to-date: /home/tm/git_ws/myrobot/install/myrobot_interfaces/share/myrobot_interfaces/cmake/myrobot_interfaces__rosidl_typesupport_cExport.cmake
-- Up-to-date: /home/tm/git_ws/myrobot/install/myrobot_interfaces/share/myrobot_interfaces/cmake/myrobot_interfaces__rosidl_typesupport_cExport-noconfig.cmake
-- Up-to-date: /home/tm/git_ws/myrobot/install/myrobot_interfaces/share/myrobot_interfaces/cmake/myrobot_interfaces__rosidl_typesupport_introspection_cppExport.cmake
-- Up-to-date: /home/tm/git_ws/myrobot/install/myrobot_interfaces/share/myrobot_interfaces/cmake/myrobot_interfaces__rosidl_typesupport_introspection_cppExport-noconfig.cmake
-- Up-to-date: /home/tm/git_ws/myrobot/install/myrobot_interfaces/share/myrobot_interfaces/cmake/myrobot_interfaces__rosidl_typesupport_cppExport.cmake
-- Up-to-date: /home/tm/git_ws/myrobot/install/myrobot_interfaces/share/myrobot_interfaces/cmake/myrobot_interfaces__rosidl_typesupport_cppExport-noconfig.cmake
-- Up-to-date: /home/tm/git_ws/myrobot/install/myrobot_interfaces/share/myrobot_interfaces/cmake/export_myrobot_interfaces__rosidl_generator_pyExport.cmake
-- Up-to-date: /home/tm/git_ws/myrobot/install/myrobot_interfaces/share/myrobot_interfaces/cmake/export_myrobot_interfaces__rosidl_generator_pyExport-noconfig.cmake
-- Up-to-date: /home/tm/git_ws/myrobot/install/myrobot_interfaces/share/myrobot_interfaces/cmake/rosidl_cmake-extras.cmake
-- Up-to-date: /home/tm/git_ws/myrobot/install/myrobot_interfaces/share/myrobot_interfaces/cmake/ament_cmake_export_dependencies-extras.cmake
-- Up-to-date: /home/tm/git_ws/myrobot/install/myrobot_interfaces/share/myrobot_interfaces/cmake/ament_cmake_export_include_directories-extras.cmake
-- Up-to-date: /home/tm/git_ws/myrobot/install/myrobot_interfaces/share/myrobot_interfaces/cmake/ament_cmake_export_libraries-extras.cmake
-- Up-to-date: /home/tm/git_ws/myrobot/install/myrobot_interfaces/share/myrobot_interfaces/cmake/ament_cmake_export_targets-extras.cmake
-- Up-to-date: /home/tm/git_ws/myrobot/install/myrobot_interfaces/share/myrobot_interfaces/cmake/rosidl_cmake_export_typesupport_targets-extras.cmake
-- Up-to-date: /home/tm/git_ws/myrobot/install/myrobot_interfaces/share/myrobot_interfaces/cmake/rosidl_cmake_export_typesupport_libraries-extras.cmake
-- Up-to-date: /home/tm/git_ws/myrobot/install/myrobot_interfaces/share/myrobot_interfaces/cmake/myrobot_interfacesConfig.cmake
-- Up-to-date: /home/tm/git_ws/myrobot/install/myrobot_interfaces/share/myrobot_interfaces/cmake/myrobot_interfacesConfig-version.cmake
-- Up-to-date: /home/tm/git_ws/myrobot/install/myrobot_interfaces/share/myrobot_interfaces/package.xml
