[0.880s] Invoking command in '/home/tm/git_ws/myrobot/src/my_odom_pkg': DEBUGINFOD_URLS=https://debuginfod.ubuntu.com PYTHONPATH=/home/tm/git_ws/myrobot/build/my_odom_pkg/prefix_override:/usr/lib/python3/dist-packages/colcon_core/task/python/colcon_distutils_commands:/home/tm/git_ws/myrobot/install/my_odom_pkg/lib/python3.12/site-packages:${PYTHONPATH} VIRTUAL_ENV_PROMPT=(ros) /usr/bin/python3 -W ignore:setup.py install is deprecated -W ignore:easy_install command is deprecated setup.py egg_info --egg-base ../../build/my_odom_pkg build --build-base /home/tm/git_ws/myrobot/build/my_odom_pkg/build install --record /home/tm/git_ws/myrobot/build/my_odom_pkg/install.log --single-version-externally-managed install_data
[1.112s] running egg_info
[1.130s] writing ../../build/my_odom_pkg/my_odom_pkg.egg-info/PKG-INFO
[1.130s] writing dependency_links to ../../build/my_odom_pkg/my_odom_pkg.egg-info/dependency_links.txt
[1.130s] writing entry points to ../../build/my_odom_pkg/my_odom_pkg.egg-info/entry_points.txt
[1.130s] writing requirements to ../../build/my_odom_pkg/my_odom_pkg.egg-info/requires.txt
[1.130s] writing top-level names to ../../build/my_odom_pkg/my_odom_pkg.egg-info/top_level.txt
[1.165s] reading manifest file '../../build/my_odom_pkg/my_odom_pkg.egg-info/SOURCES.txt'
[1.166s] writing manifest file '../../build/my_odom_pkg/my_odom_pkg.egg-info/SOURCES.txt'
[1.166s] running build
[1.166s] running build_py
[1.166s] running install
[1.171s] running install_lib
[1.189s] running install_data
[1.189s] running install_egg_info
[1.207s] removing '/home/tm/git_ws/myrobot/install/my_odom_pkg/lib/python3.12/site-packages/my_odom_pkg-0.0.0-py3.12.egg-info' (and everything under it)
[1.207s] Copying ../../build/my_odom_pkg/my_odom_pkg.egg-info to /home/tm/git_ws/myrobot/install/my_odom_pkg/lib/python3.12/site-packages/my_odom_pkg-0.0.0-py3.12.egg-info
[1.208s] running install_scripts
[1.334s] Installing odom_echo script to /home/tm/git_ws/myrobot/install/my_odom_pkg/lib/my_odom_pkg
[1.334s] writing list of installed files to '/home/tm/git_ws/myrobot/build/my_odom_pkg/install.log'
[1.370s] Invoked command in '/home/tm/git_ws/myrobot/src/my_odom_pkg' returned '0': DEBUGINFOD_URLS=https://debuginfod.ubuntu.com PYTHONPATH=/home/tm/git_ws/myrobot/build/my_odom_pkg/prefix_override:/usr/lib/python3/dist-packages/colcon_core/task/python/colcon_distutils_commands:/home/tm/git_ws/myrobot/install/my_odom_pkg/lib/python3.12/site-packages:${PYTHONPATH} VIRTUAL_ENV_PROMPT=(ros) /usr/bin/python3 -W ignore:setup.py install is deprecated -W ignore:easy_install command is deprecated setup.py egg_info --egg-base ../../build/my_odom_pkg build --build-base /home/tm/git_ws/myrobot/build/my_odom_pkg/build install --record /home/tm/git_ws/myrobot/build/my_odom_pkg/install.log --single-version-externally-managed install_data
