-- Install configuration: ""
-- Up-to-date: /home/tm/git_ws/myrobot/install/myrobot_cartographer/share/myrobot_cartographer//launch
-- Up-to-date: /home/tm/git_ws/myrobot/install/myrobot_cartographer/share/myrobot_cartographer//launch/cartographer.launch.py
-- Up-to-date: /home/tm/git_ws/myrobot/install/myrobot_cartographer/share/myrobot_cartographer//launch/map_view.launch.py
-- Up-to-date: /home/tm/git_ws/myrobot/install/myrobot_cartographer/share/myrobot_cartographer//launch/occupancy_grid.launch.py
-- Up-to-date: /home/tm/git_ws/myrobot/install/myrobot_cartographer/share/myrobot_cartographer//rviz
-- Up-to-date: /home/tm/git_ws/myrobot/install/myrobot_cartographer/share/myrobot_cartographer//rviz/myrobot_cartographer.rviz
-- Up-to-date: /home/tm/git_ws/myrobot/install/myrobot_cartographer/share/myrobot_cartographer//config
-- Up-to-date: /home/tm/git_ws/myrobot/install/myrobot_cartographer/share/myrobot_cartographer//config/myrobot_lds_2d.lua
-- Up-to-date: /home/tm/git_ws/myrobot/install/myrobot_cartographer/share/ament_index/resource_index/package_run_dependencies/myrobot_cartographer
-- Up-to-date: /home/tm/git_ws/myrobot/install/myrobot_cartographer/share/ament_index/resource_index/parent_prefix_path/myrobot_cartographer
-- Up-to-date: /home/tm/git_ws/myrobot/install/myrobot_cartographer/share/myrobot_cartographer/environment/ament_prefix_path.sh
-- Up-to-date: /home/tm/git_ws/myrobot/install/myrobot_cartographer/share/myrobot_cartographer/environment/ament_prefix_path.dsv
-- Up-to-date: /home/tm/git_ws/myrobot/install/myrobot_cartographer/share/myrobot_cartographer/environment/path.sh
-- Up-to-date: /home/tm/git_ws/myrobot/install/myrobot_cartographer/share/myrobot_cartographer/environment/path.dsv
-- Up-to-date: /home/tm/git_ws/myrobot/install/myrobot_cartographer/share/myrobot_cartographer/local_setup.bash
-- Up-to-date: /home/tm/git_ws/myrobot/install/myrobot_cartographer/share/myrobot_cartographer/local_setup.sh
-- Up-to-date: /home/tm/git_ws/myrobot/install/myrobot_cartographer/share/myrobot_cartographer/local_setup.zsh
-- Up-to-date: /home/tm/git_ws/myrobot/install/myrobot_cartographer/share/myrobot_cartographer/local_setup.dsv
-- Installing: /home/tm/git_ws/myrobot/install/myrobot_cartographer/share/myrobot_cartographer/package.dsv
-- Up-to-date: /home/tm/git_ws/myrobot/install/myrobot_cartographer/share/ament_index/resource_index/packages/myrobot_cartographer
-- Up-to-date: /home/tm/git_ws/myrobot/install/myrobot_cartographer/share/myrobot_cartographer/cmake/myrobot_cartographerConfig.cmake
-- Up-to-date: /home/tm/git_ws/myrobot/install/myrobot_cartographer/share/myrobot_cartographer/cmake/myrobot_cartographerConfig-version.cmake
-- Up-to-date: /home/tm/git_ws/myrobot/install/myrobot_cartographer/share/myrobot_cartographer/package.xml
