[100%] Built target clean_server
[100%] Built target place_navigation
[100%] Built target map_creator
-- Install configuration: ""
-- Installing: /home/tm/git_ws/myrobot/install/place_nav/share/place_nav//config
-- Installing: /home/tm/git_ws/myrobot/install/place_nav/share/place_nav//config/places.yaml
-- Installing: /home/tm/git_ws/myrobot/install/place_nav/lib/place_nav/place_navigation
-- Set non-toolchain portion of runtime path of "/home/tm/git_ws/myrobot/install/place_nav/lib/place_nav/place_navigation" to ""
-- Installing: /home/tm/git_ws/myrobot/install/place_nav/lib/place_nav/map_creator
-- Set non-toolchain portion of runtime path of "/home/tm/git_ws/myrobot/install/place_nav/lib/place_nav/map_creator" to ""
-- Installing: /home/tm/git_ws/myrobot/install/place_nav/lib/place_nav/clean_server
-- Set non-toolchain portion of runtime path of "/home/tm/git_ws/myrobot/install/place_nav/lib/place_nav/clean_server" to ""
-- Installing: /home/tm/git_ws/myrobot/install/place_nav/share/ament_index/resource_index/package_run_dependencies/place_nav
-- Installing: /home/tm/git_ws/myrobot/install/place_nav/share/ament_index/resource_index/parent_prefix_path/place_nav
-- Installing: /home/tm/git_ws/myrobot/install/place_nav/share/place_nav/environment/ament_prefix_path.sh
-- Installing: /home/tm/git_ws/myrobot/install/place_nav/share/place_nav/environment/ament_prefix_path.dsv
-- Installing: /home/tm/git_ws/myrobot/install/place_nav/share/place_nav/environment/path.sh
-- Installing: /home/tm/git_ws/myrobot/install/place_nav/share/place_nav/environment/path.dsv
-- Installing: /home/tm/git_ws/myrobot/install/place_nav/share/place_nav/local_setup.bash
-- Installing: /home/tm/git_ws/myrobot/install/place_nav/share/place_nav/local_setup.sh
-- Installing: /home/tm/git_ws/myrobot/install/place_nav/share/place_nav/local_setup.zsh
-- Installing: /home/tm/git_ws/myrobot/install/place_nav/share/place_nav/local_setup.dsv
-- Installing: /home/tm/git_ws/myrobot/install/place_nav/share/place_nav/package.dsv
-- Installing: /home/tm/git_ws/myrobot/install/place_nav/share/ament_index/resource_index/packages/place_nav
-- Installing: /home/tm/git_ws/myrobot/install/place_nav/share/place_nav/cmake/place_navConfig.cmake
-- Installing: /home/tm/git_ws/myrobot/install/place_nav/share/place_nav/cmake/place_navConfig-version.cmake
-- Installing: /home/tm/git_ws/myrobot/install/place_nav/share/place_nav/package.xml
