[0.009s] Invoking command in '/home/tm/git_ws/myrobot/build/place_nav': AMENT_PREFIX_PATH=/home/tm/git_ws/myrobot/install/myrobot_interfaces:${AMENT_PREFIX_PATH} CMAKE_PREFIX_PATH=/home/tm/git_ws/myrobot/install/myrobot_interfaces:/opt/ros/jazzy/opt/gz_launch_vendor:/opt/ros/jazzy/opt/gz_sim_vendor:/opt/ros/jazzy/opt/gz_sensors_vendor:/opt/ros/jazzy/opt/gz_physics_vendor:/opt/ros/jazzy/opt/sdformat_vendor:/opt/ros/jazzy/opt/gz_gui_vendor:/opt/ros/jazzy/opt/gz_transport_vendor:/opt/ros/jazzy/opt/gz_rendering_vendor:/opt/ros/jazzy/opt/gz_plugin_vendor:/opt/ros/jazzy/opt/gz_fuel_tools_vendor:/opt/ros/jazzy/opt/gz_msgs_vendor:/opt/ros/jazzy/opt/gz_common_vendor:/opt/ros/jazzy/opt/gz_math_vendor:/opt/ros/jazzy/opt/gz_utils_vendor:/opt/ros/jazzy/opt/gz_tools_vendor:/opt/ros/jazzy/opt/gz_ogre_next_vendor:/opt/ros/jazzy/opt/gz_dartsim_vendor:/opt/ros/jazzy/opt/gz_cmake_vendor:/opt/ros/jazzy DEBUGINFOD_URLS=https://debuginfod.ubuntu.com LD_LIBRARY_PATH=/home/tm/git_ws/myrobot/install/myrobot_interfaces/lib:${LD_LIBRARY_PATH} PYTHONPATH=/home/tm/git_ws/myrobot/install/myrobot_interfaces/lib/python3.12/site-packages:${PYTHONPATH} VIRTUAL_ENV_PROMPT=(ros) /usr/bin/cmake --build /home/tm/git_ws/myrobot/build/place_nav -- -j16 -l16
[0.064s] [100%] Built target map_creator
[0.064s] [100%] Built target place_navigation
[0.064s] [100%] Built target clean_server
[0.075s] Invoked command in '/home/tm/git_ws/myrobot/build/place_nav' returned '0': AMENT_PREFIX_PATH=/home/tm/git_ws/myrobot/install/myrobot_interfaces:${AMENT_PREFIX_PATH} CMAKE_PREFIX_PATH=/home/tm/git_ws/myrobot/install/myrobot_interfaces:/opt/ros/jazzy/opt/gz_launch_vendor:/opt/ros/jazzy/opt/gz_sim_vendor:/opt/ros/jazzy/opt/gz_sensors_vendor:/opt/ros/jazzy/opt/gz_physics_vendor:/opt/ros/jazzy/opt/sdformat_vendor:/opt/ros/jazzy/opt/gz_gui_vendor:/opt/ros/jazzy/opt/gz_transport_vendor:/opt/ros/jazzy/opt/gz_rendering_vendor:/opt/ros/jazzy/opt/gz_plugin_vendor:/opt/ros/jazzy/opt/gz_fuel_tools_vendor:/opt/ros/jazzy/opt/gz_msgs_vendor:/opt/ros/jazzy/opt/gz_common_vendor:/opt/ros/jazzy/opt/gz_math_vendor:/opt/ros/jazzy/opt/gz_utils_vendor:/opt/ros/jazzy/opt/gz_tools_vendor:/opt/ros/jazzy/opt/gz_ogre_next_vendor:/opt/ros/jazzy/opt/gz_dartsim_vendor:/opt/ros/jazzy/opt/gz_cmake_vendor:/opt/ros/jazzy DEBUGINFOD_URLS=https://debuginfod.ubuntu.com LD_LIBRARY_PATH=/home/tm/git_ws/myrobot/install/myrobot_interfaces/lib:${LD_LIBRARY_PATH} PYTHONPATH=/home/tm/git_ws/myrobot/install/myrobot_interfaces/lib/python3.12/site-packages:${PYTHONPATH} VIRTUAL_ENV_PROMPT=(ros) /usr/bin/cmake --build /home/tm/git_ws/myrobot/build/place_nav -- -j16 -l16
[0.076s] Invoking command in '/home/tm/git_ws/myrobot/build/place_nav': AMENT_PREFIX_PATH=/home/tm/git_ws/myrobot/install/myrobot_interfaces:${AMENT_PREFIX_PATH} CMAKE_PREFIX_PATH=/home/tm/git_ws/myrobot/install/myrobot_interfaces:/opt/ros/jazzy/opt/gz_launch_vendor:/opt/ros/jazzy/opt/gz_sim_vendor:/opt/ros/jazzy/opt/gz_sensors_vendor:/opt/ros/jazzy/opt/gz_physics_vendor:/opt/ros/jazzy/opt/sdformat_vendor:/opt/ros/jazzy/opt/gz_gui_vendor:/opt/ros/jazzy/opt/gz_transport_vendor:/opt/ros/jazzy/opt/gz_rendering_vendor:/opt/ros/jazzy/opt/gz_plugin_vendor:/opt/ros/jazzy/opt/gz_fuel_tools_vendor:/opt/ros/jazzy/opt/gz_msgs_vendor:/opt/ros/jazzy/opt/gz_common_vendor:/opt/ros/jazzy/opt/gz_math_vendor:/opt/ros/jazzy/opt/gz_utils_vendor:/opt/ros/jazzy/opt/gz_tools_vendor:/opt/ros/jazzy/opt/gz_ogre_next_vendor:/opt/ros/jazzy/opt/gz_dartsim_vendor:/opt/ros/jazzy/opt/gz_cmake_vendor:/opt/ros/jazzy DEBUGINFOD_URLS=https://debuginfod.ubuntu.com LD_LIBRARY_PATH=/home/tm/git_ws/myrobot/install/myrobot_interfaces/lib:${LD_LIBRARY_PATH} PYTHONPATH=/home/tm/git_ws/myrobot/install/myrobot_interfaces/lib/python3.12/site-packages:${PYTHONPATH} VIRTUAL_ENV_PROMPT=(ros) /usr/bin/cmake --install /home/tm/git_ws/myrobot/build/place_nav
[0.084s] -- Install configuration: ""
[0.084s] -- Up-to-date: /home/tm/git_ws/myrobot/install/place_nav/share/place_nav//config
[0.084s] -- Up-to-date: /home/tm/git_ws/myrobot/install/place_nav/share/place_nav//config/places.yaml
[0.085s] -- Up-to-date: /home/tm/git_ws/myrobot/install/place_nav/lib/place_nav/place_navigation
[0.085s] -- Up-to-date: /home/tm/git_ws/myrobot/install/place_nav/lib/place_nav/map_creator
[0.085s] -- Up-to-date: /home/tm/git_ws/myrobot/install/place_nav/lib/place_nav/clean_server
[0.085s] -- Up-to-date: /home/tm/git_ws/myrobot/install/place_nav/share/ament_index/resource_index/package_run_dependencies/place_nav
[0.085s] -- Up-to-date: /home/tm/git_ws/myrobot/install/place_nav/share/ament_index/resource_index/parent_prefix_path/place_nav
[0.085s] -- Up-to-date: /home/tm/git_ws/myrobot/install/place_nav/share/place_nav/environment/ament_prefix_path.sh
[0.085s] -- Up-to-date: /home/tm/git_ws/myrobot/install/place_nav/share/place_nav/environment/ament_prefix_path.dsv
[0.085s] -- Up-to-date: /home/tm/git_ws/myrobot/install/place_nav/share/place_nav/environment/path.sh
[0.085s] -- Up-to-date: /home/tm/git_ws/myrobot/install/place_nav/share/place_nav/environment/path.dsv
[0.085s] -- Up-to-date: /home/tm/git_ws/myrobot/install/place_nav/share/place_nav/local_setup.bash
[0.085s] -- Up-to-date: /home/tm/git_ws/myrobot/install/place_nav/share/place_nav/local_setup.sh
[0.085s] -- Up-to-date: /home/tm/git_ws/myrobot/install/place_nav/share/place_nav/local_setup.zsh
[0.085s] -- Up-to-date: /home/tm/git_ws/myrobot/install/place_nav/share/place_nav/local_setup.dsv
[0.085s] -- Installing: /home/tm/git_ws/myrobot/install/place_nav/share/place_nav/package.dsv
[0.085s] -- Up-to-date: /home/tm/git_ws/myrobot/install/place_nav/share/ament_index/resource_index/packages/place_nav
[0.085s] -- Up-to-date: /home/tm/git_ws/myrobot/install/place_nav/share/place_nav/cmake/place_navConfig.cmake
[0.085s] -- Up-to-date: /home/tm/git_ws/myrobot/install/place_nav/share/place_nav/cmake/place_navConfig-version.cmake
[0.086s] -- Up-to-date: /home/tm/git_ws/myrobot/install/place_nav/share/place_nav/package.xml
[0.087s] Invoked command in '/home/tm/git_ws/myrobot/build/place_nav' returned '0': AMENT_PREFIX_PATH=/home/tm/git_ws/myrobot/install/myrobot_interfaces:${AMENT_PREFIX_PATH} CMAKE_PREFIX_PATH=/home/tm/git_ws/myrobot/install/myrobot_interfaces:/opt/ros/jazzy/opt/gz_launch_vendor:/opt/ros/jazzy/opt/gz_sim_vendor:/opt/ros/jazzy/opt/gz_sensors_vendor:/opt/ros/jazzy/opt/gz_physics_vendor:/opt/ros/jazzy/opt/sdformat_vendor:/opt/ros/jazzy/opt/gz_gui_vendor:/opt/ros/jazzy/opt/gz_transport_vendor:/opt/ros/jazzy/opt/gz_rendering_vendor:/opt/ros/jazzy/opt/gz_plugin_vendor:/opt/ros/jazzy/opt/gz_fuel_tools_vendor:/opt/ros/jazzy/opt/gz_msgs_vendor:/opt/ros/jazzy/opt/gz_common_vendor:/opt/ros/jazzy/opt/gz_math_vendor:/opt/ros/jazzy/opt/gz_utils_vendor:/opt/ros/jazzy/opt/gz_tools_vendor:/opt/ros/jazzy/opt/gz_ogre_next_vendor:/opt/ros/jazzy/opt/gz_dartsim_vendor:/opt/ros/jazzy/opt/gz_cmake_vendor:/opt/ros/jazzy DEBUGINFOD_URLS=https://debuginfod.ubuntu.com LD_LIBRARY_PATH=/home/tm/git_ws/myrobot/install/myrobot_interfaces/lib:${LD_LIBRARY_PATH} PYTHONPATH=/home/tm/git_ws/myrobot/install/myrobot_interfaces/lib/python3.12/site-packages:${PYTHONPATH} VIRTUAL_ENV_PROMPT=(ros) /usr/bin/cmake --install /home/tm/git_ws/myrobot/build/place_nav
