[0.159s] DEBUG:colcon:Command line arguments: ['/usr/bin/colcon', 'build']
[0.159s] DEBUG:colcon:Parsed command line arguments: Namespace(log_base=None, log_level=None, verb_name='build', build_base='build', install_base='install', merge_install=False, symlink_install=False, test_result_base=None, continue_on_error=False, executor='parallel', parallel_workers=16, event_handlers=None, ignore_user_meta=False, metas=['./colcon.meta'], base_paths=['.'], packages_ignore=None, packages_ignore_regex=None, paths=None, packages_up_to=None, packages_up_to_regex=None, packages_above=None, packages_above_and_dependencies=None, packages_above_depth=None, packages_select_by_dep=None, packages_skip_by_dep=None, packages_skip_up_to=None, packages_select_build_failed=False, packages_skip_build_finished=False, packages_select_test_failures=False, packages_skip_test_passed=False, packages_select=None, packages_skip=None, packages_select_regex=None, packages_skip_regex=None, packages_start=None, packages_end=None, allow_overriding=[], cmake_args=None, cmake_target=None, cmake_target_skip_unavailable=False, cmake_clean_cache=False, cmake_clean_first=False, cmake_force_configure=False, ament_cmake_args=None, catkin_cmake_args=None, catkin_skip_building_tests=False, mixin_files=None, mixin=None, verb_parser=<colcon_mixin.mixin.mixin_argument.MixinArgumentDecorator object at 0x7778141e50a0>, verb_extension=<colcon_core.verb.build.BuildVerb object at 0x7778141e4e60>, main=<bound method BuildVerb.main of <colcon_core.verb.build.BuildVerb object at 0x7778141e4e60>>, mixin_verb=('build',))
[0.218s] Level 1:colcon.colcon_core.package_discovery:discover_packages(colcon_meta) check parameters
[0.218s] Level 1:colcon.colcon_core.package_discovery:discover_packages(recursive) check parameters
[0.218s] Level 1:colcon.colcon_core.package_discovery:discover_packages(ignore) check parameters
[0.218s] Level 1:colcon.colcon_core.package_discovery:discover_packages(path) check parameters
[0.218s] Level 1:colcon.colcon_core.package_discovery:discover_packages(colcon_meta) discover
[0.218s] Level 1:colcon.colcon_core.package_discovery:discover_packages(recursive) discover
[0.218s] INFO:colcon.colcon_core.package_discovery:Crawling recursively for packages in '/home/tm/git_ws/myrobot'
[0.218s] Level 1:colcon.colcon_core.package_identification:_identify(.) by extensions ['ignore', 'ignore_ament_install']
[0.218s] Level 1:colcon.colcon_core.package_identification:_identify(.) by extension 'ignore'
[0.218s] Level 1:colcon.colcon_core.package_identification:_identify(.) by extension 'ignore_ament_install'
[0.218s] Level 1:colcon.colcon_core.package_identification:_identify(.) by extensions ['colcon_pkg']
[0.218s] Level 1:colcon.colcon_core.package_identification:_identify(.) by extension 'colcon_pkg'
[0.218s] Level 1:colcon.colcon_core.package_identification:_identify(.) by extensions ['colcon_meta']
[0.218s] Level 1:colcon.colcon_core.package_identification:_identify(.) by extension 'colcon_meta'
[0.218s] Level 1:colcon.colcon_core.package_identification:_identify(.) by extensions ['ros']
[0.218s] Level 1:colcon.colcon_core.package_identification:_identify(.) by extension 'ros'
[0.240s] Level 1:colcon.colcon_core.package_identification:_identify(.) by extensions ['cmake', 'python']
[0.240s] Level 1:colcon.colcon_core.package_identification:_identify(.) by extension 'cmake'
[0.240s] Level 1:colcon.colcon_core.package_identification:_identify(.) by extension 'python'
[0.240s] Level 1:colcon.colcon_core.package_identification:_identify(.) by extensions ['python_setup_py']
[0.240s] Level 1:colcon.colcon_core.package_identification:_identify(.) by extension 'python_setup_py'
[0.241s] Level 1:colcon.colcon_core.package_identification:_identify(build) by extensions ['ignore', 'ignore_ament_install']
[0.241s] Level 1:colcon.colcon_core.package_identification:_identify(build) by extension 'ignore'
[0.241s] Level 1:colcon.colcon_core.package_identification:_identify(build) ignored
[0.241s] Level 1:colcon.colcon_core.package_identification:_identify(install) by extensions ['ignore', 'ignore_ament_install']
[0.241s] Level 1:colcon.colcon_core.package_identification:_identify(install) by extension 'ignore'
[0.241s] Level 1:colcon.colcon_core.package_identification:_identify(install) ignored
[0.241s] Level 1:colcon.colcon_core.package_identification:_identify(log) by extensions ['ignore', 'ignore_ament_install']
[0.241s] Level 1:colcon.colcon_core.package_identification:_identify(log) by extension 'ignore'
[0.241s] Level 1:colcon.colcon_core.package_identification:_identify(log) ignored
[0.241s] Level 1:colcon.colcon_core.package_identification:_identify(src) by extensions ['ignore', 'ignore_ament_install']
[0.241s] Level 1:colcon.colcon_core.package_identification:_identify(src) by extension 'ignore'
[0.241s] Level 1:colcon.colcon_core.package_identification:_identify(src) by extension 'ignore_ament_install'
[0.241s] Level 1:colcon.colcon_core.package_identification:_identify(src) by extensions ['colcon_pkg']
[0.241s] Level 1:colcon.colcon_core.package_identification:_identify(src) by extension 'colcon_pkg'
[0.241s] Level 1:colcon.colcon_core.package_identification:_identify(src) by extensions ['colcon_meta']
[0.241s] Level 1:colcon.colcon_core.package_identification:_identify(src) by extension 'colcon_meta'
[0.241s] Level 1:colcon.colcon_core.package_identification:_identify(src) by extensions ['ros']
[0.241s] Level 1:colcon.colcon_core.package_identification:_identify(src) by extension 'ros'
[0.241s] Level 1:colcon.colcon_core.package_identification:_identify(src) by extensions ['cmake', 'python']
[0.241s] Level 1:colcon.colcon_core.package_identification:_identify(src) by extension 'cmake'
[0.241s] Level 1:colcon.colcon_core.package_identification:_identify(src) by extension 'python'
[0.241s] Level 1:colcon.colcon_core.package_identification:_identify(src) by extensions ['python_setup_py']
[0.241s] Level 1:colcon.colcon_core.package_identification:_identify(src) by extension 'python_setup_py'
[0.242s] Level 1:colcon.colcon_core.package_identification:_identify(src/my_odom_pkg) by extensions ['ignore', 'ignore_ament_install']
[0.242s] Level 1:colcon.colcon_core.package_identification:_identify(src/my_odom_pkg) by extension 'ignore'
[0.242s] Level 1:colcon.colcon_core.package_identification:_identify(src/my_odom_pkg) by extension 'ignore_ament_install'
[0.242s] Level 1:colcon.colcon_core.package_identification:_identify(src/my_odom_pkg) by extensions ['colcon_pkg']
[0.242s] Level 1:colcon.colcon_core.package_identification:_identify(src/my_odom_pkg) by extension 'colcon_pkg'
[0.242s] Level 1:colcon.colcon_core.package_identification:_identify(src/my_odom_pkg) by extensions ['colcon_meta']
[0.242s] Level 1:colcon.colcon_core.package_identification:_identify(src/my_odom_pkg) by extension 'colcon_meta'
[0.242s] Level 1:colcon.colcon_core.package_identification:_identify(src/my_odom_pkg) by extensions ['ros']
[0.242s] Level 1:colcon.colcon_core.package_identification:_identify(src/my_odom_pkg) by extension 'ros'
[0.244s] DEBUG:colcon.colcon_core.package_identification:Package 'src/my_odom_pkg' with type 'ros.ament_python' and name 'my_odom_pkg'
[0.244s] Level 1:colcon.colcon_core.package_identification:_identify(src/myrobot) by extensions ['ignore', 'ignore_ament_install']
[0.244s] Level 1:colcon.colcon_core.package_identification:_identify(src/myrobot) by extension 'ignore'
[0.244s] Level 1:colcon.colcon_core.package_identification:_identify(src/myrobot) by extension 'ignore_ament_install'
[0.244s] Level 1:colcon.colcon_core.package_identification:_identify(src/myrobot) by extensions ['colcon_pkg']
[0.244s] Level 1:colcon.colcon_core.package_identification:_identify(src/myrobot) by extension 'colcon_pkg'
[0.244s] Level 1:colcon.colcon_core.package_identification:_identify(src/myrobot) by extensions ['colcon_meta']
[0.244s] Level 1:colcon.colcon_core.package_identification:_identify(src/myrobot) by extension 'colcon_meta'
[0.244s] Level 1:colcon.colcon_core.package_identification:_identify(src/myrobot) by extensions ['ros']
[0.244s] Level 1:colcon.colcon_core.package_identification:_identify(src/myrobot) by extension 'ros'
[0.244s] DEBUG:colcon.colcon_core.package_identification:Package 'src/myrobot' with type 'ros.ament_cmake' and name 'myrobot'
[0.244s] Level 1:colcon.colcon_core.package_identification:_identify(src/myrobot_behavior_tree) by extensions ['ignore', 'ignore_ament_install']
[0.244s] Level 1:colcon.colcon_core.package_identification:_identify(src/myrobot_behavior_tree) by extension 'ignore'
[0.245s] Level 1:colcon.colcon_core.package_identification:_identify(src/myrobot_behavior_tree) by extension 'ignore_ament_install'
[0.245s] Level 1:colcon.colcon_core.package_identification:_identify(src/myrobot_behavior_tree) by extensions ['colcon_pkg']
[0.245s] Level 1:colcon.colcon_core.package_identification:_identify(src/myrobot_behavior_tree) by extension 'colcon_pkg'
[0.245s] Level 1:colcon.colcon_core.package_identification:_identify(src/myrobot_behavior_tree) by extensions ['colcon_meta']
[0.245s] Level 1:colcon.colcon_core.package_identification:_identify(src/myrobot_behavior_tree) by extension 'colcon_meta'
[0.245s] Level 1:colcon.colcon_core.package_identification:_identify(src/myrobot_behavior_tree) by extensions ['ros']
[0.245s] Level 1:colcon.colcon_core.package_identification:_identify(src/myrobot_behavior_tree) by extension 'ros'
[0.245s] DEBUG:colcon.colcon_core.package_identification:Package 'src/myrobot_behavior_tree' with type 'ros.ament_cmake' and name 'myrobot_behavior_tree'
[0.245s] Level 1:colcon.colcon_core.package_identification:_identify(src/myrobot_cartographer) by extensions ['ignore', 'ignore_ament_install']
[0.245s] Level 1:colcon.colcon_core.package_identification:_identify(src/myrobot_cartographer) by extension 'ignore'
[0.246s] Level 1:colcon.colcon_core.package_identification:_identify(src/myrobot_cartographer) by extension 'ignore_ament_install'
[0.246s] Level 1:colcon.colcon_core.package_identification:_identify(src/myrobot_cartographer) by extensions ['colcon_pkg']
[0.246s] Level 1:colcon.colcon_core.package_identification:_identify(src/myrobot_cartographer) by extension 'colcon_pkg'
[0.246s] Level 1:colcon.colcon_core.package_identification:_identify(src/myrobot_cartographer) by extensions ['colcon_meta']
[0.246s] Level 1:colcon.colcon_core.package_identification:_identify(src/myrobot_cartographer) by extension 'colcon_meta'
[0.246s] Level 1:colcon.colcon_core.package_identification:_identify(src/myrobot_cartographer) by extensions ['ros']
[0.246s] Level 1:colcon.colcon_core.package_identification:_identify(src/myrobot_cartographer) by extension 'ros'
[0.247s] DEBUG:colcon.colcon_core.package_identification:Package 'src/myrobot_cartographer' with type 'ros.ament_cmake' and name 'myrobot_cartographer'
[0.247s] Level 1:colcon.colcon_core.package_identification:_identify(src/myrobot_interfaces) by extensions ['ignore', 'ignore_ament_install']
[0.247s] Level 1:colcon.colcon_core.package_identification:_identify(src/myrobot_interfaces) by extension 'ignore'
[0.247s] Level 1:colcon.colcon_core.package_identification:_identify(src/myrobot_interfaces) by extension 'ignore_ament_install'
[0.247s] Level 1:colcon.colcon_core.package_identification:_identify(src/myrobot_interfaces) by extensions ['colcon_pkg']
[0.247s] Level 1:colcon.colcon_core.package_identification:_identify(src/myrobot_interfaces) by extension 'colcon_pkg'
[0.247s] Level 1:colcon.colcon_core.package_identification:_identify(src/myrobot_interfaces) by extensions ['colcon_meta']
[0.247s] Level 1:colcon.colcon_core.package_identification:_identify(src/myrobot_interfaces) by extension 'colcon_meta'
[0.247s] Level 1:colcon.colcon_core.package_identification:_identify(src/myrobot_interfaces) by extensions ['ros']
[0.247s] Level 1:colcon.colcon_core.package_identification:_identify(src/myrobot_interfaces) by extension 'ros'
[0.248s] DEBUG:colcon.colcon_core.package_identification:Package 'src/myrobot_interfaces' with type 'ros.ament_cmake' and name 'myrobot_interfaces'
[0.248s] Level 1:colcon.colcon_core.package_identification:_identify(src/myrobot_navigation) by extensions ['ignore', 'ignore_ament_install']
[0.248s] Level 1:colcon.colcon_core.package_identification:_identify(src/myrobot_navigation) by extension 'ignore'
[0.248s] Level 1:colcon.colcon_core.package_identification:_identify(src/myrobot_navigation) by extension 'ignore_ament_install'
[0.248s] Level 1:colcon.colcon_core.package_identification:_identify(src/myrobot_navigation) by extensions ['colcon_pkg']
[0.248s] Level 1:colcon.colcon_core.package_identification:_identify(src/myrobot_navigation) by extension 'colcon_pkg'
[0.248s] Level 1:colcon.colcon_core.package_identification:_identify(src/myrobot_navigation) by extensions ['colcon_meta']
[0.248s] Level 1:colcon.colcon_core.package_identification:_identify(src/myrobot_navigation) by extension 'colcon_meta'
[0.248s] Level 1:colcon.colcon_core.package_identification:_identify(src/myrobot_navigation) by extensions ['ros']
[0.248s] Level 1:colcon.colcon_core.package_identification:_identify(src/myrobot_navigation) by extension 'ros'
[0.249s] DEBUG:colcon.colcon_core.package_identification:Package 'src/myrobot_navigation' with type 'ros.ament_cmake' and name 'myrobot_navigation'
[0.249s] Level 1:colcon.colcon_core.package_identification:_identify(src/place_nav) by extensions ['ignore', 'ignore_ament_install']
[0.249s] Level 1:colcon.colcon_core.package_identification:_identify(src/place_nav) by extension 'ignore'
[0.249s] Level 1:colcon.colcon_core.package_identification:_identify(src/place_nav) by extension 'ignore_ament_install'
[0.249s] Level 1:colcon.colcon_core.package_identification:_identify(src/place_nav) by extensions ['colcon_pkg']
[0.249s] Level 1:colcon.colcon_core.package_identification:_identify(src/place_nav) by extension 'colcon_pkg'
[0.249s] Level 1:colcon.colcon_core.package_identification:_identify(src/place_nav) by extensions ['colcon_meta']
[0.249s] Level 1:colcon.colcon_core.package_identification:_identify(src/place_nav) by extension 'colcon_meta'
[0.249s] Level 1:colcon.colcon_core.package_identification:_identify(src/place_nav) by extensions ['ros']
[0.249s] Level 1:colcon.colcon_core.package_identification:_identify(src/place_nav) by extension 'ros'
[0.250s] DEBUG:colcon.colcon_core.package_identification:Package 'src/place_nav' with type 'ros.ament_cmake' and name 'place_nav'
[0.250s] Level 1:colcon.colcon_core.package_identification:_identify(src/user_gui) by extensions ['ignore', 'ignore_ament_install']
[0.250s] Level 1:colcon.colcon_core.package_identification:_identify(src/user_gui) by extension 'ignore'
[0.250s] Level 1:colcon.colcon_core.package_identification:_identify(src/user_gui) by extension 'ignore_ament_install'
[0.250s] Level 1:colcon.colcon_core.package_identification:_identify(src/user_gui) by extensions ['colcon_pkg']
[0.250s] Level 1:colcon.colcon_core.package_identification:_identify(src/user_gui) by extension 'colcon_pkg'
[0.250s] Level 1:colcon.colcon_core.package_identification:_identify(src/user_gui) by extensions ['colcon_meta']
[0.250s] Level 1:colcon.colcon_core.package_identification:_identify(src/user_gui) by extension 'colcon_meta'
[0.250s] Level 1:colcon.colcon_core.package_identification:_identify(src/user_gui) by extensions ['ros']
[0.250s] Level 1:colcon.colcon_core.package_identification:_identify(src/user_gui) by extension 'ros'
[0.251s] DEBUG:colcon.colcon_core.package_identification:Package 'src/user_gui' with type 'ros.ament_cmake' and name 'user_gui'
[0.251s] Level 1:colcon.colcon_core.package_discovery:discover_packages(recursive) using defaults
[0.251s] Level 1:colcon.colcon_core.package_discovery:discover_packages(ignore) discover
[0.251s] Level 1:colcon.colcon_core.package_discovery:discover_packages(ignore) using defaults
[0.251s] Level 1:colcon.colcon_core.package_discovery:discover_packages(path) discover
[0.251s] Level 1:colcon.colcon_core.package_discovery:discover_packages(path) using defaults
[0.276s] Level 1:colcon.colcon_core.package_discovery:discover_packages(prefix_path) check parameters
[0.276s] Level 1:colcon.colcon_core.package_discovery:discover_packages(prefix_path) discover
[0.280s] DEBUG:colcon.colcon_installed_package_information.package_discovery:Found 8 installed packages in /home/tm/git_ws/myrobot/install
[0.282s] DEBUG:colcon.colcon_installed_package_information.package_discovery:Found 454 installed packages in /opt/ros/jazzy
[0.283s] Level 1:colcon.colcon_core.package_discovery:discover_packages(prefix_path) using defaults
[0.334s] Level 5:colcon.colcon_core.verb:set package 'my_odom_pkg' build argument 'cmake_args' from command line to 'None'
[0.334s] Level 5:colcon.colcon_core.verb:set package 'my_odom_pkg' build argument 'cmake_target' from command line to 'None'
[0.334s] Level 5:colcon.colcon_core.verb:set package 'my_odom_pkg' build argument 'cmake_target_skip_unavailable' from command line to 'False'
[0.334s] Level 5:colcon.colcon_core.verb:set package 'my_odom_pkg' build argument 'cmake_clean_cache' from command line to 'False'
[0.334s] Level 5:colcon.colcon_core.verb:set package 'my_odom_pkg' build argument 'cmake_clean_first' from command line to 'False'
[0.334s] Level 5:colcon.colcon_core.verb:set package 'my_odom_pkg' build argument 'cmake_force_configure' from command line to 'False'
[0.334s] Level 5:colcon.colcon_core.verb:set package 'my_odom_pkg' build argument 'ament_cmake_args' from command line to 'None'
[0.334s] Level 5:colcon.colcon_core.verb:set package 'my_odom_pkg' build argument 'catkin_cmake_args' from command line to 'None'
[0.334s] Level 5:colcon.colcon_core.verb:set package 'my_odom_pkg' build argument 'catkin_skip_building_tests' from command line to 'False'
[0.334s] DEBUG:colcon.colcon_core.verb:Building package 'my_odom_pkg' with the following arguments: {'ament_cmake_args': None, 'build_base': '/home/tm/git_ws/myrobot/build/my_odom_pkg', 'catkin_cmake_args': None, 'catkin_skip_building_tests': False, 'cmake_args': None, 'cmake_clean_cache': False, 'cmake_clean_first': False, 'cmake_force_configure': False, 'cmake_target': None, 'cmake_target_skip_unavailable': False, 'install_base': '/home/tm/git_ws/myrobot/install/my_odom_pkg', 'merge_install': False, 'path': '/home/tm/git_ws/myrobot/src/my_odom_pkg', 'symlink_install': False, 'test_result_base': None}
[0.334s] Level 5:colcon.colcon_core.verb:set package 'myrobot' build argument 'cmake_args' from command line to 'None'
[0.334s] Level 5:colcon.colcon_core.verb:set package 'myrobot' build argument 'cmake_target' from command line to 'None'
[0.334s] Level 5:colcon.colcon_core.verb:set package 'myrobot' build argument 'cmake_target_skip_unavailable' from command line to 'False'
[0.334s] Level 5:colcon.colcon_core.verb:set package 'myrobot' build argument 'cmake_clean_cache' from command line to 'False'
[0.334s] Level 5:colcon.colcon_core.verb:set package 'myrobot' build argument 'cmake_clean_first' from command line to 'False'
[0.334s] Level 5:colcon.colcon_core.verb:set package 'myrobot' build argument 'cmake_force_configure' from command line to 'False'
[0.334s] Level 5:colcon.colcon_core.verb:set package 'myrobot' build argument 'ament_cmake_args' from command line to 'None'
[0.334s] Level 5:colcon.colcon_core.verb:set package 'myrobot' build argument 'catkin_cmake_args' from command line to 'None'
[0.334s] Level 5:colcon.colcon_core.verb:set package 'myrobot' build argument 'catkin_skip_building_tests' from command line to 'False'
[0.334s] DEBUG:colcon.colcon_core.verb:Building package 'myrobot' with the following arguments: {'ament_cmake_args': None, 'build_base': '/home/tm/git_ws/myrobot/build/myrobot', 'catkin_cmake_args': None, 'catkin_skip_building_tests': False, 'cmake_args': None, 'cmake_clean_cache': False, 'cmake_clean_first': False, 'cmake_force_configure': False, 'cmake_target': None, 'cmake_target_skip_unavailable': False, 'install_base': '/home/tm/git_ws/myrobot/install/myrobot', 'merge_install': False, 'path': '/home/tm/git_ws/myrobot/src/myrobot', 'symlink_install': False, 'test_result_base': None}
[0.334s] Level 5:colcon.colcon_core.verb:set package 'myrobot_behavior_tree' build argument 'cmake_args' from command line to 'None'
[0.334s] Level 5:colcon.colcon_core.verb:set package 'myrobot_behavior_tree' build argument 'cmake_target' from command line to 'None'
[0.334s] Level 5:colcon.colcon_core.verb:set package 'myrobot_behavior_tree' build argument 'cmake_target_skip_unavailable' from command line to 'False'
[0.335s] Level 5:colcon.colcon_core.verb:set package 'myrobot_behavior_tree' build argument 'cmake_clean_cache' from command line to 'False'
[0.335s] Level 5:colcon.colcon_core.verb:set package 'myrobot_behavior_tree' build argument 'cmake_clean_first' from command line to 'False'
[0.335s] Level 5:colcon.colcon_core.verb:set package 'myrobot_behavior_tree' build argument 'cmake_force_configure' from command line to 'False'
[0.335s] Level 5:colcon.colcon_core.verb:set package 'myrobot_behavior_tree' build argument 'ament_cmake_args' from command line to 'None'
[0.335s] Level 5:colcon.colcon_core.verb:set package 'myrobot_behavior_tree' build argument 'catkin_cmake_args' from command line to 'None'
[0.335s] Level 5:colcon.colcon_core.verb:set package 'myrobot_behavior_tree' build argument 'catkin_skip_building_tests' from command line to 'False'
[0.335s] DEBUG:colcon.colcon_core.verb:Building package 'myrobot_behavior_tree' with the following arguments: {'ament_cmake_args': None, 'build_base': '/home/tm/git_ws/myrobot/build/myrobot_behavior_tree', 'catkin_cmake_args': None, 'catkin_skip_building_tests': False, 'cmake_args': None, 'cmake_clean_cache': False, 'cmake_clean_first': False, 'cmake_force_configure': False, 'cmake_target': None, 'cmake_target_skip_unavailable': False, 'install_base': '/home/tm/git_ws/myrobot/install/myrobot_behavior_tree', 'merge_install': False, 'path': '/home/tm/git_ws/myrobot/src/myrobot_behavior_tree', 'symlink_install': False, 'test_result_base': None}
[0.335s] Level 5:colcon.colcon_core.verb:set package 'myrobot_cartographer' build argument 'cmake_args' from command line to 'None'
[0.335s] Level 5:colcon.colcon_core.verb:set package 'myrobot_cartographer' build argument 'cmake_target' from command line to 'None'
[0.335s] Level 5:colcon.colcon_core.verb:set package 'myrobot_cartographer' build argument 'cmake_target_skip_unavailable' from command line to 'False'
[0.335s] Level 5:colcon.colcon_core.verb:set package 'myrobot_cartographer' build argument 'cmake_clean_cache' from command line to 'False'
[0.335s] Level 5:colcon.colcon_core.verb:set package 'myrobot_cartographer' build argument 'cmake_clean_first' from command line to 'False'
[0.335s] Level 5:colcon.colcon_core.verb:set package 'myrobot_cartographer' build argument 'cmake_force_configure' from command line to 'False'
[0.335s] Level 5:colcon.colcon_core.verb:set package 'myrobot_cartographer' build argument 'ament_cmake_args' from command line to 'None'
[0.335s] Level 5:colcon.colcon_core.verb:set package 'myrobot_cartographer' build argument 'catkin_cmake_args' from command line to 'None'
[0.335s] Level 5:colcon.colcon_core.verb:set package 'myrobot_cartographer' build argument 'catkin_skip_building_tests' from command line to 'False'
[0.335s] DEBUG:colcon.colcon_core.verb:Building package 'myrobot_cartographer' with the following arguments: {'ament_cmake_args': None, 'build_base': '/home/tm/git_ws/myrobot/build/myrobot_cartographer', 'catkin_cmake_args': None, 'catkin_skip_building_tests': False, 'cmake_args': None, 'cmake_clean_cache': False, 'cmake_clean_first': False, 'cmake_force_configure': False, 'cmake_target': None, 'cmake_target_skip_unavailable': False, 'install_base': '/home/tm/git_ws/myrobot/install/myrobot_cartographer', 'merge_install': False, 'path': '/home/tm/git_ws/myrobot/src/myrobot_cartographer', 'symlink_install': False, 'test_result_base': None}
[0.335s] Level 5:colcon.colcon_core.verb:set package 'myrobot_interfaces' build argument 'cmake_args' from command line to 'None'
[0.335s] Level 5:colcon.colcon_core.verb:set package 'myrobot_interfaces' build argument 'cmake_target' from command line to 'None'
[0.335s] Level 5:colcon.colcon_core.verb:set package 'myrobot_interfaces' build argument 'cmake_target_skip_unavailable' from command line to 'False'
[0.335s] Level 5:colcon.colcon_core.verb:set package 'myrobot_interfaces' build argument 'cmake_clean_cache' from command line to 'False'
[0.335s] Level 5:colcon.colcon_core.verb:set package 'myrobot_interfaces' build argument 'cmake_clean_first' from command line to 'False'
[0.335s] Level 5:colcon.colcon_core.verb:set package 'myrobot_interfaces' build argument 'cmake_force_configure' from command line to 'False'
[0.335s] Level 5:colcon.colcon_core.verb:set package 'myrobot_interfaces' build argument 'ament_cmake_args' from command line to 'None'
[0.335s] Level 5:colcon.colcon_core.verb:set package 'myrobot_interfaces' build argument 'catkin_cmake_args' from command line to 'None'
[0.335s] Level 5:colcon.colcon_core.verb:set package 'myrobot_interfaces' build argument 'catkin_skip_building_tests' from command line to 'False'
[0.335s] DEBUG:colcon.colcon_core.verb:Building package 'myrobot_interfaces' with the following arguments: {'ament_cmake_args': None, 'build_base': '/home/tm/git_ws/myrobot/build/myrobot_interfaces', 'catkin_cmake_args': None, 'catkin_skip_building_tests': False, 'cmake_args': None, 'cmake_clean_cache': False, 'cmake_clean_first': False, 'cmake_force_configure': False, 'cmake_target': None, 'cmake_target_skip_unavailable': False, 'install_base': '/home/tm/git_ws/myrobot/install/myrobot_interfaces', 'merge_install': False, 'path': '/home/tm/git_ws/myrobot/src/myrobot_interfaces', 'symlink_install': False, 'test_result_base': None}
[0.335s] Level 5:colcon.colcon_core.verb:set package 'myrobot_navigation' build argument 'cmake_args' from command line to 'None'
[0.335s] Level 5:colcon.colcon_core.verb:set package 'myrobot_navigation' build argument 'cmake_target' from command line to 'None'
[0.335s] Level 5:colcon.colcon_core.verb:set package 'myrobot_navigation' build argument 'cmake_target_skip_unavailable' from command line to 'False'
[0.335s] Level 5:colcon.colcon_core.verb:set package 'myrobot_navigation' build argument 'cmake_clean_cache' from command line to 'False'
[0.335s] Level 5:colcon.colcon_core.verb:set package 'myrobot_navigation' build argument 'cmake_clean_first' from command line to 'False'
[0.335s] Level 5:colcon.colcon_core.verb:set package 'myrobot_navigation' build argument 'cmake_force_configure' from command line to 'False'
[0.335s] Level 5:colcon.colcon_core.verb:set package 'myrobot_navigation' build argument 'ament_cmake_args' from command line to 'None'
[0.335s] Level 5:colcon.colcon_core.verb:set package 'myrobot_navigation' build argument 'catkin_cmake_args' from command line to 'None'
[0.335s] Level 5:colcon.colcon_core.verb:set package 'myrobot_navigation' build argument 'catkin_skip_building_tests' from command line to 'False'
[0.335s] DEBUG:colcon.colcon_core.verb:Building package 'myrobot_navigation' with the following arguments: {'ament_cmake_args': None, 'build_base': '/home/tm/git_ws/myrobot/build/myrobot_navigation', 'catkin_cmake_args': None, 'catkin_skip_building_tests': False, 'cmake_args': None, 'cmake_clean_cache': False, 'cmake_clean_first': False, 'cmake_force_configure': False, 'cmake_target': None, 'cmake_target_skip_unavailable': False, 'install_base': '/home/tm/git_ws/myrobot/install/myrobot_navigation', 'merge_install': False, 'path': '/home/tm/git_ws/myrobot/src/myrobot_navigation', 'symlink_install': False, 'test_result_base': None}
[0.335s] Level 5:colcon.colcon_core.verb:set package 'user_gui' build argument 'cmake_args' from command line to 'None'
[0.335s] Level 5:colcon.colcon_core.verb:set package 'user_gui' build argument 'cmake_target' from command line to 'None'
[0.335s] Level 5:colcon.colcon_core.verb:set package 'user_gui' build argument 'cmake_target_skip_unavailable' from command line to 'False'
[0.335s] Level 5:colcon.colcon_core.verb:set package 'user_gui' build argument 'cmake_clean_cache' from command line to 'False'
[0.335s] Level 5:colcon.colcon_core.verb:set package 'user_gui' build argument 'cmake_clean_first' from command line to 'False'
[0.335s] Level 5:colcon.colcon_core.verb:set package 'user_gui' build argument 'cmake_force_configure' from command line to 'False'
[0.335s] Level 5:colcon.colcon_core.verb:set package 'user_gui' build argument 'ament_cmake_args' from command line to 'None'
[0.335s] Level 5:colcon.colcon_core.verb:set package 'user_gui' build argument 'catkin_cmake_args' from command line to 'None'
[0.335s] Level 5:colcon.colcon_core.verb:set package 'user_gui' build argument 'catkin_skip_building_tests' from command line to 'False'
[0.335s] DEBUG:colcon.colcon_core.verb:Building package 'user_gui' with the following arguments: {'ament_cmake_args': None, 'build_base': '/home/tm/git_ws/myrobot/build/user_gui', 'catkin_cmake_args': None, 'catkin_skip_building_tests': False, 'cmake_args': None, 'cmake_clean_cache': False, 'cmake_clean_first': False, 'cmake_force_configure': False, 'cmake_target': None, 'cmake_target_skip_unavailable': False, 'install_base': '/home/tm/git_ws/myrobot/install/user_gui', 'merge_install': False, 'path': '/home/tm/git_ws/myrobot/src/user_gui', 'symlink_install': False, 'test_result_base': None}
[0.335s] Level 5:colcon.colcon_core.verb:set package 'place_nav' build argument 'cmake_args' from command line to 'None'
[0.335s] Level 5:colcon.colcon_core.verb:set package 'place_nav' build argument 'cmake_target' from command line to 'None'
[0.335s] Level 5:colcon.colcon_core.verb:set package 'place_nav' build argument 'cmake_target_skip_unavailable' from command line to 'False'
[0.335s] Level 5:colcon.colcon_core.verb:set package 'place_nav' build argument 'cmake_clean_cache' from command line to 'False'
[0.335s] Level 5:colcon.colcon_core.verb:set package 'place_nav' build argument 'cmake_clean_first' from command line to 'False'
[0.335s] Level 5:colcon.colcon_core.verb:set package 'place_nav' build argument 'cmake_force_configure' from command line to 'False'
[0.335s] Level 5:colcon.colcon_core.verb:set package 'place_nav' build argument 'ament_cmake_args' from command line to 'None'
[0.336s] Level 5:colcon.colcon_core.verb:set package 'place_nav' build argument 'catkin_cmake_args' from command line to 'None'
[0.336s] Level 5:colcon.colcon_core.verb:set package 'place_nav' build argument 'catkin_skip_building_tests' from command line to 'False'
[0.336s] DEBUG:colcon.colcon_core.verb:Building package 'place_nav' with the following arguments: {'ament_cmake_args': None, 'build_base': '/home/tm/git_ws/myrobot/build/place_nav', 'catkin_cmake_args': None, 'catkin_skip_building_tests': False, 'cmake_args': None, 'cmake_clean_cache': False, 'cmake_clean_first': False, 'cmake_force_configure': False, 'cmake_target': None, 'cmake_target_skip_unavailable': False, 'install_base': '/home/tm/git_ws/myrobot/install/place_nav', 'merge_install': False, 'path': '/home/tm/git_ws/myrobot/src/place_nav', 'symlink_install': False, 'test_result_base': None}
[0.336s] INFO:colcon.colcon_core.executor:Executing jobs using 'parallel' executor
[0.336s] DEBUG:colcon.colcon_parallel_executor.executor.parallel:run_until_complete
[0.337s] INFO:colcon.colcon_ros.task.ament_cmake.build:Building ROS package in '/home/tm/git_ws/myrobot/src/myrobot_interfaces' with build type 'ament_cmake'
[0.337s] INFO:colcon.colcon_cmake.task.cmake.build:Building CMake package in '/home/tm/git_ws/myrobot/src/myrobot_interfaces'
[0.341s] INFO:colcon.colcon_core.plugin_system:Skipping extension 'colcon_core.shell.bat': Not used on non-Windows systems
[0.341s] INFO:colcon.colcon_core.shell:Skip shell extension 'powershell' for command environment: Not usable outside of PowerShell
[0.341s] DEBUG:colcon.colcon_core.shell:Skip shell extension 'dsv' for command environment
[0.345s] INFO:colcon.colcon_ros.task.ament_python.build:Building ROS package in '/home/tm/git_ws/myrobot/src/my_odom_pkg' with build type 'ament_python'
[0.346s] Level 1:colcon.colcon_core.shell:create_environment_hook('my_odom_pkg', 'ament_prefix_path')
[0.346s] INFO:colcon.colcon_core.shell:Creating environment hook '/home/tm/git_ws/myrobot/install/my_odom_pkg/share/my_odom_pkg/hook/ament_prefix_path.ps1'
[0.347s] INFO:colcon.colcon_core.shell:Creating environment descriptor '/home/tm/git_ws/myrobot/install/my_odom_pkg/share/my_odom_pkg/hook/ament_prefix_path.dsv'
[0.348s] INFO:colcon.colcon_core.shell:Creating environment hook '/home/tm/git_ws/myrobot/install/my_odom_pkg/share/my_odom_pkg/hook/ament_prefix_path.sh'
[0.349s] INFO:colcon.colcon_core.shell:Skip shell extension 'powershell' for command environment: Not usable outside of PowerShell
[0.349s] DEBUG:colcon.colcon_core.shell:Skip shell extension 'dsv' for command environment
[0.353s] INFO:colcon.colcon_ros.task.ament_cmake.build:Building ROS package in '/home/tm/git_ws/myrobot/src/myrobot' with build type 'ament_cmake'
[0.354s] INFO:colcon.colcon_cmake.task.cmake.build:Building CMake package in '/home/tm/git_ws/myrobot/src/myrobot'
[0.354s] INFO:colcon.colcon_core.shell:Skip shell extension 'powershell' for command environment: Not usable outside of PowerShell
[0.354s] DEBUG:colcon.colcon_core.shell:Skip shell extension 'dsv' for command environment
[0.359s] INFO:colcon.colcon_ros.task.ament_cmake.build:Building ROS package in '/home/tm/git_ws/myrobot/src/myrobot_behavior_tree' with build type 'ament_cmake'
[0.359s] INFO:colcon.colcon_cmake.task.cmake.build:Building CMake package in '/home/tm/git_ws/myrobot/src/myrobot_behavior_tree'
[0.359s] INFO:colcon.colcon_core.shell:Skip shell extension 'powershell' for command environment: Not usable outside of PowerShell
[0.359s] DEBUG:colcon.colcon_core.shell:Skip shell extension 'dsv' for command environment
[0.365s] INFO:colcon.colcon_ros.task.ament_cmake.build:Building ROS package in '/home/tm/git_ws/myrobot/src/myrobot_cartographer' with build type 'ament_cmake'
[0.365s] INFO:colcon.colcon_cmake.task.cmake.build:Building CMake package in '/home/tm/git_ws/myrobot/src/myrobot_cartographer'
[0.365s] INFO:colcon.colcon_core.shell:Skip shell extension 'powershell' for command environment: Not usable outside of PowerShell
[0.365s] DEBUG:colcon.colcon_core.shell:Skip shell extension 'dsv' for command environment
[0.370s] INFO:colcon.colcon_ros.task.ament_cmake.build:Building ROS package in '/home/tm/git_ws/myrobot/src/myrobot_navigation' with build type 'ament_cmake'
[0.370s] INFO:colcon.colcon_cmake.task.cmake.build:Building CMake package in '/home/tm/git_ws/myrobot/src/myrobot_navigation'
[0.371s] INFO:colcon.colcon_core.shell:Skip shell extension 'powershell' for command environment: Not usable outside of PowerShell
[0.371s] DEBUG:colcon.colcon_core.shell:Skip shell extension 'dsv' for command environment
[0.377s] INFO:colcon.colcon_ros.task.ament_cmake.build:Building ROS package in '/home/tm/git_ws/myrobot/src/user_gui' with build type 'ament_cmake'
[0.377s] INFO:colcon.colcon_cmake.task.cmake.build:Building CMake package in '/home/tm/git_ws/myrobot/src/user_gui'
[0.378s] INFO:colcon.colcon_core.shell:Skip shell extension 'powershell' for command environment: Not usable outside of PowerShell
[0.379s] DEBUG:colcon.colcon_core.shell:Skip shell extension 'dsv' for command environment
[0.392s] DEBUG:colcon.colcon_core.event_handler.log_command:Invoking command in '/home/tm/git_ws/myrobot/build/myrobot_interfaces': CMAKE_PREFIX_PATH=${CMAKE_PREFIX_PATH}:/home/tm/git_ws/myrobot/install/my_odom_pkg:/opt/ros/jazzy DEBUGINFOD_URLS=https://debuginfod.ubuntu.com VIRTUAL_ENV_PROMPT=(ros) /usr/bin/cmake --build /home/tm/git_ws/myrobot/build/myrobot_interfaces -- -j16 -l16
[0.711s] INFO:colcon.colcon_core.task.python.build:Building Python package in '/home/tm/git_ws/myrobot/src/my_odom_pkg'
[0.711s] INFO:colcon.colcon_core.shell:Skip shell extension 'powershell' for command environment: Not usable outside of PowerShell
[0.711s] DEBUG:colcon.colcon_core.shell:Skip shell extension 'dsv' for command environment
[0.717s] DEBUG:colcon.colcon_core.event_handler.log_command:Invoking command in '/home/tm/git_ws/myrobot/build/myrobot': CMAKE_PREFIX_PATH=${CMAKE_PREFIX_PATH}:/home/tm/git_ws/myrobot/install/my_odom_pkg:/opt/ros/jazzy DEBUGINFOD_URLS=https://debuginfod.ubuntu.com VIRTUAL_ENV_PROMPT=(ros) /usr/bin/cmake --build /home/tm/git_ws/myrobot/build/myrobot -- -j16 -l16
[0.720s] DEBUG:colcon.colcon_core.event_handler.log_command:Invoking command in '/home/tm/git_ws/myrobot/build/myrobot_behavior_tree': CMAKE_PREFIX_PATH=${CMAKE_PREFIX_PATH}:/home/tm/git_ws/myrobot/install/my_odom_pkg:/opt/ros/jazzy DEBUGINFOD_URLS=https://debuginfod.ubuntu.com VIRTUAL_ENV_PROMPT=(ros) /usr/bin/cmake --build /home/tm/git_ws/myrobot/build/myrobot_behavior_tree -- -j16 -l16
[0.722s] DEBUG:colcon.colcon_core.event_handler.log_command:Invoking command in '/home/tm/git_ws/myrobot/build/myrobot_cartographer': CMAKE_PREFIX_PATH=${CMAKE_PREFIX_PATH}:/home/tm/git_ws/myrobot/install/my_odom_pkg:/opt/ros/jazzy DEBUGINFOD_URLS=https://debuginfod.ubuntu.com VIRTUAL_ENV_PROMPT=(ros) /usr/bin/cmake --build /home/tm/git_ws/myrobot/build/myrobot_cartographer -- -j16 -l16
[0.725s] DEBUG:colcon.colcon_core.event_handler.log_command:Invoking command in '/home/tm/git_ws/myrobot/build/myrobot_navigation': CMAKE_PREFIX_PATH=${CMAKE_PREFIX_PATH}:/home/tm/git_ws/myrobot/install/my_odom_pkg:/opt/ros/jazzy DEBUGINFOD_URLS=https://debuginfod.ubuntu.com VIRTUAL_ENV_PROMPT=(ros) /usr/bin/cmake --build /home/tm/git_ws/myrobot/build/myrobot_navigation -- -j16 -l16
[0.733s] DEBUG:colcon.colcon_core.event_handler.log_command:Invoking command in '/home/tm/git_ws/myrobot/build/user_gui': CMAKE_PREFIX_PATH=${CMAKE_PREFIX_PATH}:/home/tm/git_ws/myrobot/install/my_odom_pkg:/opt/ros/jazzy DEBUGINFOD_URLS=https://debuginfod.ubuntu.com VIRTUAL_ENV_PROMPT=(ros) /usr/bin/cmake --build /home/tm/git_ws/myrobot/build/user_gui -- -j16 -l16
[0.772s] DEBUG:colcon.colcon_core.event_handler.log_command:Invoked command in '/home/tm/git_ws/myrobot/build/myrobot_cartographer' returned '0': CMAKE_PREFIX_PATH=${CMAKE_PREFIX_PATH}:/home/tm/git_ws/myrobot/install/my_odom_pkg:/opt/ros/jazzy DEBUGINFOD_URLS=https://debuginfod.ubuntu.com VIRTUAL_ENV_PROMPT=(ros) /usr/bin/cmake --build /home/tm/git_ws/myrobot/build/myrobot_cartographer -- -j16 -l16
[0.785s] DEBUG:colcon.colcon_core.event_handler.log_command:Invoking command in '/home/tm/git_ws/myrobot/build/myrobot_cartographer': CMAKE_PREFIX_PATH=${CMAKE_PREFIX_PATH}:/home/tm/git_ws/myrobot/install/my_odom_pkg:/opt/ros/jazzy DEBUGINFOD_URLS=https://debuginfod.ubuntu.com VIRTUAL_ENV_PROMPT=(ros) /usr/bin/cmake --install /home/tm/git_ws/myrobot/build/myrobot_cartographer
[0.787s] DEBUG:colcon.colcon_core.event_handler.log_command:Invoked command in '/home/tm/git_ws/myrobot/build/myrobot_navigation' returned '0': CMAKE_PREFIX_PATH=${CMAKE_PREFIX_PATH}:/home/tm/git_ws/myrobot/install/my_odom_pkg:/opt/ros/jazzy DEBUGINFOD_URLS=https://debuginfod.ubuntu.com VIRTUAL_ENV_PROMPT=(ros) /usr/bin/cmake --build /home/tm/git_ws/myrobot/build/myrobot_navigation -- -j16 -l16
[0.788s] DEBUG:colcon.colcon_core.event_handler.log_command:Invoking command in '/home/tm/git_ws/myrobot/build/myrobot_navigation': CMAKE_PREFIX_PATH=${CMAKE_PREFIX_PATH}:/home/tm/git_ws/myrobot/install/my_odom_pkg:/opt/ros/jazzy DEBUGINFOD_URLS=https://debuginfod.ubuntu.com VIRTUAL_ENV_PROMPT=(ros) /usr/bin/cmake --install /home/tm/git_ws/myrobot/build/myrobot_navigation
[0.789s] DEBUG:colcon.colcon_core.event_handler.log_command:Invoked command in '/home/tm/git_ws/myrobot/build/myrobot' returned '0': CMAKE_PREFIX_PATH=${CMAKE_PREFIX_PATH}:/home/tm/git_ws/myrobot/install/my_odom_pkg:/opt/ros/jazzy DEBUGINFOD_URLS=https://debuginfod.ubuntu.com VIRTUAL_ENV_PROMPT=(ros) /usr/bin/cmake --build /home/tm/git_ws/myrobot/build/myrobot -- -j16 -l16
[0.791s] DEBUG:colcon.colcon_core.event_handler.log_command:Invoking command in '/home/tm/git_ws/myrobot/build/myrobot': CMAKE_PREFIX_PATH=${CMAKE_PREFIX_PATH}:/home/tm/git_ws/myrobot/install/my_odom_pkg:/opt/ros/jazzy DEBUGINFOD_URLS=https://debuginfod.ubuntu.com VIRTUAL_ENV_PROMPT=(ros) /usr/bin/cmake --install /home/tm/git_ws/myrobot/build/myrobot
[0.802s] Level 1:colcon.colcon_core.environment:create_environment_scripts_only(myrobot_cartographer)
[0.805s] DEBUG:colcon.colcon_core.event_handler.log_command:Invoked command in '/home/tm/git_ws/myrobot/build/myrobot_cartographer' returned '0': CMAKE_PREFIX_PATH=${CMAKE_PREFIX_PATH}:/home/tm/git_ws/myrobot/install/my_odom_pkg:/opt/ros/jazzy DEBUGINFOD_URLS=https://debuginfod.ubuntu.com VIRTUAL_ENV_PROMPT=(ros) /usr/bin/cmake --install /home/tm/git_ws/myrobot/build/myrobot_cartographer
[0.809s] Level 1:colcon.colcon_core.environment:checking '/home/tm/git_ws/myrobot/install/myrobot_cartographer' for CMake module files
[0.810s] Level 1:colcon.colcon_core.environment:checking '/home/tm/git_ws/myrobot/install/myrobot_cartographer' for CMake config files
[0.810s] Level 1:colcon.colcon_core.shell:create_environment_hook('myrobot_cartographer', 'cmake_prefix_path')
[0.810s] INFO:colcon.colcon_core.shell:Creating environment hook '/home/tm/git_ws/myrobot/install/myrobot_cartographer/share/myrobot_cartographer/hook/cmake_prefix_path.ps1'
[0.810s] INFO:colcon.colcon_core.shell:Creating environment descriptor '/home/tm/git_ws/myrobot/install/myrobot_cartographer/share/myrobot_cartographer/hook/cmake_prefix_path.dsv'
[0.810s] INFO:colcon.colcon_core.shell:Creating environment hook '/home/tm/git_ws/myrobot/install/myrobot_cartographer/share/myrobot_cartographer/hook/cmake_prefix_path.sh'
[0.811s] Level 1:colcon.colcon_core.environment:checking '/home/tm/git_ws/myrobot/install/myrobot_cartographer/bin'
[0.811s] Level 1:colcon.colcon_core.environment:checking '/home/tm/git_ws/myrobot/install/myrobot_cartographer/lib/pkgconfig/myrobot_cartographer.pc'
[0.811s] Level 1:colcon.colcon_core.environment:checking '/home/tm/git_ws/myrobot/install/myrobot_cartographer/lib/python3.12/site-packages'
[0.811s] Level 1:colcon.colcon_core.environment:checking '/home/tm/git_ws/myrobot/install/myrobot_cartographer/bin'
[0.811s] INFO:colcon.colcon_core.shell:Creating package script '/home/tm/git_ws/myrobot/install/myrobot_cartographer/share/myrobot_cartographer/package.ps1'
[0.812s] INFO:colcon.colcon_core.shell:Creating package descriptor '/home/tm/git_ws/myrobot/install/myrobot_cartographer/share/myrobot_cartographer/package.dsv'
[0.812s] INFO:colcon.colcon_core.shell:Creating package script '/home/tm/git_ws/myrobot/install/myrobot_cartographer/share/myrobot_cartographer/package.sh'
[0.813s] INFO:colcon.colcon_core.shell:Creating package script '/home/tm/git_ws/myrobot/install/myrobot_cartographer/share/myrobot_cartographer/package.bash'
[0.814s] INFO:colcon.colcon_core.shell:Creating package script '/home/tm/git_ws/myrobot/install/myrobot_cartographer/share/myrobot_cartographer/package.zsh'
[0.814s] Level 1:colcon.colcon_core.environment:create_file_with_runtime_dependencies(/home/tm/git_ws/myrobot/install/myrobot_cartographer/share/colcon-core/packages/myrobot_cartographer)
[0.815s] Level 1:colcon.colcon_core.environment:create_environment_scripts_only(myrobot_cartographer)
[0.815s] Level 1:colcon.colcon_core.environment:checking '/home/tm/git_ws/myrobot/install/myrobot_cartographer' for CMake module files
[0.815s] Level 1:colcon.colcon_core.environment:checking '/home/tm/git_ws/myrobot/install/myrobot_cartographer' for CMake config files
[0.816s] Level 1:colcon.colcon_core.shell:create_environment_hook('myrobot_cartographer', 'cmake_prefix_path')
[0.816s] INFO:colcon.colcon_core.shell:Creating environment hook '/home/tm/git_ws/myrobot/install/myrobot_cartographer/share/myrobot_cartographer/hook/cmake_prefix_path.ps1'
[0.816s] INFO:colcon.colcon_core.shell:Creating environment descriptor '/home/tm/git_ws/myrobot/install/myrobot_cartographer/share/myrobot_cartographer/hook/cmake_prefix_path.dsv'
[0.816s] INFO:colcon.colcon_core.shell:Creating environment hook '/home/tm/git_ws/myrobot/install/myrobot_cartographer/share/myrobot_cartographer/hook/cmake_prefix_path.sh'
[0.817s] Level 1:colcon.colcon_core.environment:checking '/home/tm/git_ws/myrobot/install/myrobot_cartographer/bin'
[0.817s] Level 1:colcon.colcon_core.environment:checking '/home/tm/git_ws/myrobot/install/myrobot_cartographer/lib/pkgconfig/myrobot_cartographer.pc'
[0.817s] Level 1:colcon.colcon_core.environment:checking '/home/tm/git_ws/myrobot/install/myrobot_cartographer/lib/python3.12/site-packages'
[0.817s] Level 1:colcon.colcon_core.environment:checking '/home/tm/git_ws/myrobot/install/myrobot_cartographer/bin'
[0.817s] INFO:colcon.colcon_core.shell:Creating package script '/home/tm/git_ws/myrobot/install/myrobot_cartographer/share/myrobot_cartographer/package.ps1'
[0.818s] INFO:colcon.colcon_core.shell:Creating package descriptor '/home/tm/git_ws/myrobot/install/myrobot_cartographer/share/myrobot_cartographer/package.dsv'
[0.818s] INFO:colcon.colcon_core.shell:Creating package script '/home/tm/git_ws/myrobot/install/myrobot_cartographer/share/myrobot_cartographer/package.sh'
[0.818s] INFO:colcon.colcon_core.shell:Creating package script '/home/tm/git_ws/myrobot/install/myrobot_cartographer/share/myrobot_cartographer/package.bash'
[0.819s] INFO:colcon.colcon_core.shell:Creating package script '/home/tm/git_ws/myrobot/install/myrobot_cartographer/share/myrobot_cartographer/package.zsh'
[0.819s] Level 1:colcon.colcon_core.environment:create_file_with_runtime_dependencies(/home/tm/git_ws/myrobot/install/myrobot_cartographer/share/colcon-core/packages/myrobot_cartographer)
[0.820s] Level 1:colcon.colcon_core.environment:create_environment_scripts_only(myrobot_navigation)
[0.821s] Level 1:colcon.colcon_core.environment:checking '/home/tm/git_ws/myrobot/install/myrobot_navigation' for CMake module files
[0.821s] DEBUG:colcon.colcon_core.event_handler.log_command:Invoked command in '/home/tm/git_ws/myrobot/build/myrobot_navigation' returned '0': CMAKE_PREFIX_PATH=${CMAKE_PREFIX_PATH}:/home/tm/git_ws/myrobot/install/my_odom_pkg:/opt/ros/jazzy DEBUGINFOD_URLS=https://debuginfod.ubuntu.com VIRTUAL_ENV_PROMPT=(ros) /usr/bin/cmake --install /home/tm/git_ws/myrobot/build/myrobot_navigation
[0.822s] Level 1:colcon.colcon_core.environment:checking '/home/tm/git_ws/myrobot/install/myrobot_navigation' for CMake config files
[0.822s] Level 1:colcon.colcon_core.shell:create_environment_hook('myrobot_navigation', 'cmake_prefix_path')
[0.822s] INFO:colcon.colcon_core.shell:Creating environment hook '/home/tm/git_ws/myrobot/install/myrobot_navigation/share/myrobot_navigation/hook/cmake_prefix_path.ps1'
[0.822s] INFO:colcon.colcon_core.shell:Creating environment descriptor '/home/tm/git_ws/myrobot/install/myrobot_navigation/share/myrobot_navigation/hook/cmake_prefix_path.dsv'
[0.823s] INFO:colcon.colcon_core.shell:Creating environment hook '/home/tm/git_ws/myrobot/install/myrobot_navigation/share/myrobot_navigation/hook/cmake_prefix_path.sh'
[0.823s] Level 1:colcon.colcon_core.environment:checking '/home/tm/git_ws/myrobot/install/myrobot_navigation/bin'
[0.823s] Level 1:colcon.colcon_core.environment:checking '/home/tm/git_ws/myrobot/install/myrobot_navigation/lib/pkgconfig/myrobot_navigation.pc'
[0.824s] Level 1:colcon.colcon_core.environment:checking '/home/tm/git_ws/myrobot/install/myrobot_navigation/lib/python3.12/site-packages'
[0.824s] Level 1:colcon.colcon_core.environment:checking '/home/tm/git_ws/myrobot/install/myrobot_navigation/bin'
[0.824s] INFO:colcon.colcon_core.shell:Creating package script '/home/tm/git_ws/myrobot/install/myrobot_navigation/share/myrobot_navigation/package.ps1'
[0.825s] INFO:colcon.colcon_core.shell:Creating package descriptor '/home/tm/git_ws/myrobot/install/myrobot_navigation/share/myrobot_navigation/package.dsv'
[0.825s] INFO:colcon.colcon_core.shell:Creating package script '/home/tm/git_ws/myrobot/install/myrobot_navigation/share/myrobot_navigation/package.sh'
[0.826s] INFO:colcon.colcon_core.shell:Creating package script '/home/tm/git_ws/myrobot/install/myrobot_navigation/share/myrobot_navigation/package.bash'
[0.826s] INFO:colcon.colcon_core.shell:Creating package script '/home/tm/git_ws/myrobot/install/myrobot_navigation/share/myrobot_navigation/package.zsh'
[0.826s] Level 1:colcon.colcon_core.environment:create_file_with_runtime_dependencies(/home/tm/git_ws/myrobot/install/myrobot_navigation/share/colcon-core/packages/myrobot_navigation)
[0.827s] Level 1:colcon.colcon_core.environment:create_environment_scripts_only(myrobot_navigation)
[0.827s] Level 1:colcon.colcon_core.environment:checking '/home/tm/git_ws/myrobot/install/myrobot_navigation' for CMake module files
[0.828s] Level 1:colcon.colcon_core.environment:checking '/home/tm/git_ws/myrobot/install/myrobot_navigation' for CMake config files
[0.828s] Level 1:colcon.colcon_core.shell:create_environment_hook('myrobot_navigation', 'cmake_prefix_path')
[0.828s] INFO:colcon.colcon_core.shell:Creating environment hook '/home/tm/git_ws/myrobot/install/myrobot_navigation/share/myrobot_navigation/hook/cmake_prefix_path.ps1'
[0.829s] INFO:colcon.colcon_core.shell:Creating environment descriptor '/home/tm/git_ws/myrobot/install/myrobot_navigation/share/myrobot_navigation/hook/cmake_prefix_path.dsv'
[0.829s] INFO:colcon.colcon_core.shell:Creating environment hook '/home/tm/git_ws/myrobot/install/myrobot_navigation/share/myrobot_navigation/hook/cmake_prefix_path.sh'
[0.830s] Level 1:colcon.colcon_core.environment:checking '/home/tm/git_ws/myrobot/install/myrobot_navigation/bin'
[0.830s] Level 1:colcon.colcon_core.environment:checking '/home/tm/git_ws/myrobot/install/myrobot_navigation/lib/pkgconfig/myrobot_navigation.pc'
[0.830s] Level 1:colcon.colcon_core.environment:checking '/home/tm/git_ws/myrobot/install/myrobot_navigation/lib/python3.12/site-packages'
[0.831s] Level 1:colcon.colcon_core.environment:checking '/home/tm/git_ws/myrobot/install/myrobot_navigation/bin'
[0.831s] INFO:colcon.colcon_core.shell:Creating package script '/home/tm/git_ws/myrobot/install/myrobot_navigation/share/myrobot_navigation/package.ps1'
[0.832s] INFO:colcon.colcon_core.shell:Creating package descriptor '/home/tm/git_ws/myrobot/install/myrobot_navigation/share/myrobot_navigation/package.dsv'
[0.832s] INFO:colcon.colcon_core.shell:Creating package script '/home/tm/git_ws/myrobot/install/myrobot_navigation/share/myrobot_navigation/package.sh'
[0.833s] INFO:colcon.colcon_core.shell:Creating package script '/home/tm/git_ws/myrobot/install/myrobot_navigation/share/myrobot_navigation/package.bash'
[0.833s] INFO:colcon.colcon_core.shell:Creating package script '/home/tm/git_ws/myrobot/install/myrobot_navigation/share/myrobot_navigation/package.zsh'
[0.834s] Level 1:colcon.colcon_core.environment:create_file_with_runtime_dependencies(/home/tm/git_ws/myrobot/install/myrobot_navigation/share/colcon-core/packages/myrobot_navigation)
[0.835s] Level 1:colcon.colcon_core.environment:create_environment_scripts_only(myrobot)
[0.835s] Level 1:colcon.colcon_core.environment:checking '/home/tm/git_ws/myrobot/install/myrobot' for CMake module files
[0.836s] DEBUG:colcon.colcon_core.event_handler.log_command:Invoked command in '/home/tm/git_ws/myrobot/build/myrobot' returned '0': CMAKE_PREFIX_PATH=${CMAKE_PREFIX_PATH}:/home/tm/git_ws/myrobot/install/my_odom_pkg:/opt/ros/jazzy DEBUGINFOD_URLS=https://debuginfod.ubuntu.com VIRTUAL_ENV_PROMPT=(ros) /usr/bin/cmake --install /home/tm/git_ws/myrobot/build/myrobot
[0.836s] Level 1:colcon.colcon_core.environment:checking '/home/tm/git_ws/myrobot/install/myrobot' for CMake config files
[0.837s] Level 1:colcon.colcon_core.shell:create_environment_hook('myrobot', 'cmake_prefix_path')
[0.837s] INFO:colcon.colcon_core.shell:Creating environment hook '/home/tm/git_ws/myrobot/install/myrobot/share/myrobot/hook/cmake_prefix_path.ps1'
[0.838s] INFO:colcon.colcon_core.shell:Creating environment descriptor '/home/tm/git_ws/myrobot/install/myrobot/share/myrobot/hook/cmake_prefix_path.dsv'
[0.838s] INFO:colcon.colcon_core.shell:Creating environment hook '/home/tm/git_ws/myrobot/install/myrobot/share/myrobot/hook/cmake_prefix_path.sh'
[0.839s] Level 1:colcon.colcon_core.environment:checking '/home/tm/git_ws/myrobot/install/myrobot/bin'
[0.839s] Level 1:colcon.colcon_core.environment:checking '/home/tm/git_ws/myrobot/install/myrobot/lib/pkgconfig/myrobot.pc'
[0.839s] Level 1:colcon.colcon_core.environment:checking '/home/tm/git_ws/myrobot/install/myrobot/lib/python3.12/site-packages'
[0.839s] Level 1:colcon.colcon_core.environment:checking '/home/tm/git_ws/myrobot/install/myrobot/bin'
[0.840s] INFO:colcon.colcon_core.shell:Creating package script '/home/tm/git_ws/myrobot/install/myrobot/share/myrobot/package.ps1'
[0.840s] INFO:colcon.colcon_core.shell:Creating package descriptor '/home/tm/git_ws/myrobot/install/myrobot/share/myrobot/package.dsv'
[0.840s] INFO:colcon.colcon_core.shell:Creating package script '/home/tm/git_ws/myrobot/install/myrobot/share/myrobot/package.sh'
[0.841s] INFO:colcon.colcon_core.shell:Creating package script '/home/tm/git_ws/myrobot/install/myrobot/share/myrobot/package.bash'
[0.841s] INFO:colcon.colcon_core.shell:Creating package script '/home/tm/git_ws/myrobot/install/myrobot/share/myrobot/package.zsh'
[0.841s] Level 1:colcon.colcon_core.environment:create_file_with_runtime_dependencies(/home/tm/git_ws/myrobot/install/myrobot/share/colcon-core/packages/myrobot)
[0.842s] Level 1:colcon.colcon_core.environment:create_environment_scripts_only(myrobot)
[0.843s] Level 1:colcon.colcon_core.environment:checking '/home/tm/git_ws/myrobot/install/myrobot' for CMake module files
[0.843s] Level 1:colcon.colcon_core.environment:checking '/home/tm/git_ws/myrobot/install/myrobot' for CMake config files
[0.843s] Level 1:colcon.colcon_core.shell:create_environment_hook('myrobot', 'cmake_prefix_path')
[0.844s] INFO:colcon.colcon_core.shell:Creating environment hook '/home/tm/git_ws/myrobot/install/myrobot/share/myrobot/hook/cmake_prefix_path.ps1'
[0.844s] INFO:colcon.colcon_core.shell:Creating environment descriptor '/home/tm/git_ws/myrobot/install/myrobot/share/myrobot/hook/cmake_prefix_path.dsv'
[0.844s] INFO:colcon.colcon_core.shell:Creating environment hook '/home/tm/git_ws/myrobot/install/myrobot/share/myrobot/hook/cmake_prefix_path.sh'
[0.845s] Level 1:colcon.colcon_core.environment:checking '/home/tm/git_ws/myrobot/install/myrobot/bin'
[0.845s] Level 1:colcon.colcon_core.environment:checking '/home/tm/git_ws/myrobot/install/myrobot/lib/pkgconfig/myrobot.pc'
[0.845s] Level 1:colcon.colcon_core.environment:checking '/home/tm/git_ws/myrobot/install/myrobot/lib/python3.12/site-packages'
[0.845s] Level 1:colcon.colcon_core.environment:checking '/home/tm/git_ws/myrobot/install/myrobot/bin'
[0.845s] INFO:colcon.colcon_core.shell:Creating package script '/home/tm/git_ws/myrobot/install/myrobot/share/myrobot/package.ps1'
[0.846s] INFO:colcon.colcon_core.shell:Creating package descriptor '/home/tm/git_ws/myrobot/install/myrobot/share/myrobot/package.dsv'
[0.846s] INFO:colcon.colcon_core.shell:Creating package script '/home/tm/git_ws/myrobot/install/myrobot/share/myrobot/package.sh'
[0.847s] INFO:colcon.colcon_core.shell:Creating package script '/home/tm/git_ws/myrobot/install/myrobot/share/myrobot/package.bash'
[0.847s] INFO:colcon.colcon_core.shell:Creating package script '/home/tm/git_ws/myrobot/install/myrobot/share/myrobot/package.zsh'
[0.847s] Level 1:colcon.colcon_core.environment:create_file_with_runtime_dependencies(/home/tm/git_ws/myrobot/install/myrobot/share/colcon-core/packages/myrobot)
[0.849s] DEBUG:colcon.colcon_core.event_handler.log_command:Invoked command in '/home/tm/git_ws/myrobot/build/myrobot_behavior_tree' returned '0': CMAKE_PREFIX_PATH=${CMAKE_PREFIX_PATH}:/home/tm/git_ws/myrobot/install/my_odom_pkg:/opt/ros/jazzy DEBUGINFOD_URLS=https://debuginfod.ubuntu.com VIRTUAL_ENV_PROMPT=(ros) /usr/bin/cmake --build /home/tm/git_ws/myrobot/build/myrobot_behavior_tree -- -j16 -l16
[0.851s] DEBUG:colcon.colcon_core.event_handler.log_command:Invoking command in '/home/tm/git_ws/myrobot/build/myrobot_behavior_tree': CMAKE_PREFIX_PATH=${CMAKE_PREFIX_PATH}:/home/tm/git_ws/myrobot/install/my_odom_pkg:/opt/ros/jazzy DEBUGINFOD_URLS=https://debuginfod.ubuntu.com VIRTUAL_ENV_PROMPT=(ros) /usr/bin/cmake --install /home/tm/git_ws/myrobot/build/myrobot_behavior_tree
[0.866s] Level 1:colcon.colcon_core.environment:create_environment_scripts_only(myrobot_behavior_tree)
[0.867s] Level 1:colcon.colcon_core.environment:checking '/home/tm/git_ws/myrobot/install/myrobot_behavior_tree' for CMake module files
[0.867s] DEBUG:colcon.colcon_core.event_handler.log_command:Invoked command in '/home/tm/git_ws/myrobot/build/myrobot_behavior_tree' returned '0': CMAKE_PREFIX_PATH=${CMAKE_PREFIX_PATH}:/home/tm/git_ws/myrobot/install/my_odom_pkg:/opt/ros/jazzy DEBUGINFOD_URLS=https://debuginfod.ubuntu.com VIRTUAL_ENV_PROMPT=(ros) /usr/bin/cmake --install /home/tm/git_ws/myrobot/build/myrobot_behavior_tree
[0.867s] Level 1:colcon.colcon_core.environment:checking '/home/tm/git_ws/myrobot/install/myrobot_behavior_tree' for CMake config files
[0.868s] Level 1:colcon.colcon_core.shell:create_environment_hook('myrobot_behavior_tree', 'cmake_prefix_path')
[0.868s] INFO:colcon.colcon_core.shell:Creating environment hook '/home/tm/git_ws/myrobot/install/myrobot_behavior_tree/share/myrobot_behavior_tree/hook/cmake_prefix_path.ps1'
[0.868s] INFO:colcon.colcon_core.shell:Creating environment descriptor '/home/tm/git_ws/myrobot/install/myrobot_behavior_tree/share/myrobot_behavior_tree/hook/cmake_prefix_path.dsv'
[0.868s] INFO:colcon.colcon_core.shell:Creating environment hook '/home/tm/git_ws/myrobot/install/myrobot_behavior_tree/share/myrobot_behavior_tree/hook/cmake_prefix_path.sh'
[0.869s] Level 1:colcon.colcon_core.environment:checking '/home/tm/git_ws/myrobot/install/myrobot_behavior_tree/lib'
[0.869s] Level 1:colcon.colcon_core.shell:create_environment_hook('myrobot_behavior_tree', 'ld_library_path_lib')
[0.869s] INFO:colcon.colcon_core.shell:Creating environment hook '/home/tm/git_ws/myrobot/install/myrobot_behavior_tree/share/myrobot_behavior_tree/hook/ld_library_path_lib.ps1'
[0.870s] INFO:colcon.colcon_core.shell:Creating environment descriptor '/home/tm/git_ws/myrobot/install/myrobot_behavior_tree/share/myrobot_behavior_tree/hook/ld_library_path_lib.dsv'
[0.870s] INFO:colcon.colcon_core.shell:Creating environment hook '/home/tm/git_ws/myrobot/install/myrobot_behavior_tree/share/myrobot_behavior_tree/hook/ld_library_path_lib.sh'
[0.870s] Level 1:colcon.colcon_core.environment:checking '/home/tm/git_ws/myrobot/install/myrobot_behavior_tree/bin'
[0.870s] Level 1:colcon.colcon_core.environment:checking '/home/tm/git_ws/myrobot/install/myrobot_behavior_tree/lib/pkgconfig/myrobot_behavior_tree.pc'
[0.871s] Level 1:colcon.colcon_core.environment:checking '/home/tm/git_ws/myrobot/install/myrobot_behavior_tree/lib/python3.12/site-packages'
[0.871s] Level 1:colcon.colcon_core.environment:checking '/home/tm/git_ws/myrobot/install/myrobot_behavior_tree/bin'
[0.872s] INFO:colcon.colcon_core.shell:Creating package script '/home/tm/git_ws/myrobot/install/myrobot_behavior_tree/share/myrobot_behavior_tree/package.ps1'
[0.873s] INFO:colcon.colcon_core.shell:Creating package descriptor '/home/tm/git_ws/myrobot/install/myrobot_behavior_tree/share/myrobot_behavior_tree/package.dsv'
[0.873s] INFO:colcon.colcon_core.shell:Creating package script '/home/tm/git_ws/myrobot/install/myrobot_behavior_tree/share/myrobot_behavior_tree/package.sh'
[0.874s] INFO:colcon.colcon_core.shell:Creating package script '/home/tm/git_ws/myrobot/install/myrobot_behavior_tree/share/myrobot_behavior_tree/package.bash'
[0.874s] INFO:colcon.colcon_core.shell:Creating package script '/home/tm/git_ws/myrobot/install/myrobot_behavior_tree/share/myrobot_behavior_tree/package.zsh'
[0.874s] Level 1:colcon.colcon_core.environment:create_file_with_runtime_dependencies(/home/tm/git_ws/myrobot/install/myrobot_behavior_tree/share/colcon-core/packages/myrobot_behavior_tree)
[0.875s] Level 1:colcon.colcon_core.environment:create_environment_scripts_only(myrobot_behavior_tree)
[0.875s] Level 1:colcon.colcon_core.environment:checking '/home/tm/git_ws/myrobot/install/myrobot_behavior_tree' for CMake module files
[0.875s] Level 1:colcon.colcon_core.environment:checking '/home/tm/git_ws/myrobot/install/myrobot_behavior_tree' for CMake config files
[0.875s] Level 1:colcon.colcon_core.shell:create_environment_hook('myrobot_behavior_tree', 'cmake_prefix_path')
[0.875s] INFO:colcon.colcon_core.shell:Creating environment hook '/home/tm/git_ws/myrobot/install/myrobot_behavior_tree/share/myrobot_behavior_tree/hook/cmake_prefix_path.ps1'
[0.876s] INFO:colcon.colcon_core.shell:Creating environment descriptor '/home/tm/git_ws/myrobot/install/myrobot_behavior_tree/share/myrobot_behavior_tree/hook/cmake_prefix_path.dsv'
[0.876s] INFO:colcon.colcon_core.shell:Creating environment hook '/home/tm/git_ws/myrobot/install/myrobot_behavior_tree/share/myrobot_behavior_tree/hook/cmake_prefix_path.sh'
[0.877s] Level 1:colcon.colcon_core.environment:checking '/home/tm/git_ws/myrobot/install/myrobot_behavior_tree/lib'
[0.877s] Level 1:colcon.colcon_core.shell:create_environment_hook('myrobot_behavior_tree', 'ld_library_path_lib')
[0.877s] INFO:colcon.colcon_core.shell:Creating environment hook '/home/tm/git_ws/myrobot/install/myrobot_behavior_tree/share/myrobot_behavior_tree/hook/ld_library_path_lib.ps1'
[0.878s] INFO:colcon.colcon_core.shell:Creating environment descriptor '/home/tm/git_ws/myrobot/install/myrobot_behavior_tree/share/myrobot_behavior_tree/hook/ld_library_path_lib.dsv'
[0.878s] INFO:colcon.colcon_core.shell:Creating environment hook '/home/tm/git_ws/myrobot/install/myrobot_behavior_tree/share/myrobot_behavior_tree/hook/ld_library_path_lib.sh'
[0.879s] Level 1:colcon.colcon_core.environment:checking '/home/tm/git_ws/myrobot/install/myrobot_behavior_tree/bin'
[0.879s] Level 1:colcon.colcon_core.environment:checking '/home/tm/git_ws/myrobot/install/myrobot_behavior_tree/lib/pkgconfig/myrobot_behavior_tree.pc'
[0.879s] Level 1:colcon.colcon_core.environment:checking '/home/tm/git_ws/myrobot/install/myrobot_behavior_tree/lib/python3.12/site-packages'
[0.880s] Level 1:colcon.colcon_core.environment:checking '/home/tm/git_ws/myrobot/install/myrobot_behavior_tree/bin'
[0.880s] INFO:colcon.colcon_core.shell:Creating package script '/home/tm/git_ws/myrobot/install/myrobot_behavior_tree/share/myrobot_behavior_tree/package.ps1'
[0.881s] INFO:colcon.colcon_core.shell:Creating package descriptor '/home/tm/git_ws/myrobot/install/myrobot_behavior_tree/share/myrobot_behavior_tree/package.dsv'
[0.881s] INFO:colcon.colcon_core.shell:Creating package script '/home/tm/git_ws/myrobot/install/myrobot_behavior_tree/share/myrobot_behavior_tree/package.sh'
[0.882s] INFO:colcon.colcon_core.shell:Creating package script '/home/tm/git_ws/myrobot/install/myrobot_behavior_tree/share/myrobot_behavior_tree/package.bash'
[0.882s] INFO:colcon.colcon_core.shell:Creating package script '/home/tm/git_ws/myrobot/install/myrobot_behavior_tree/share/myrobot_behavior_tree/package.zsh'
[0.882s] Level 1:colcon.colcon_core.environment:create_file_with_runtime_dependencies(/home/tm/git_ws/myrobot/install/myrobot_behavior_tree/share/colcon-core/packages/myrobot_behavior_tree)
[0.920s] DEBUG:colcon.colcon_core.event_handler.log_command:Invoked command in '/home/tm/git_ws/myrobot/build/myrobot_interfaces' returned '0': CMAKE_PREFIX_PATH=${CMAKE_PREFIX_PATH}:/home/tm/git_ws/myrobot/install/my_odom_pkg:/opt/ros/jazzy DEBUGINFOD_URLS=https://debuginfod.ubuntu.com VIRTUAL_ENV_PROMPT=(ros) /usr/bin/cmake --build /home/tm/git_ws/myrobot/build/myrobot_interfaces -- -j16 -l16
[0.922s] DEBUG:colcon.colcon_core.event_handler.log_command:Invoking command in '/home/tm/git_ws/myrobot/build/myrobot_interfaces': CMAKE_PREFIX_PATH=${CMAKE_PREFIX_PATH}:/home/tm/git_ws/myrobot/install/my_odom_pkg:/opt/ros/jazzy DEBUGINFOD_URLS=https://debuginfod.ubuntu.com VIRTUAL_ENV_PROMPT=(ros) /usr/bin/cmake --install /home/tm/git_ws/myrobot/build/myrobot_interfaces
[0.927s] DEBUG:colcon.colcon_core.event_handler.log_command:Invoked command in '/home/tm/git_ws/myrobot/build/user_gui' returned '0': CMAKE_PREFIX_PATH=${CMAKE_PREFIX_PATH}:/home/tm/git_ws/myrobot/install/my_odom_pkg:/opt/ros/jazzy DEBUGINFOD_URLS=https://debuginfod.ubuntu.com VIRTUAL_ENV_PROMPT=(ros) /usr/bin/cmake --build /home/tm/git_ws/myrobot/build/user_gui -- -j16 -l16
[0.928s] DEBUG:colcon.colcon_core.event_handler.log_command:Invoking command in '/home/tm/git_ws/myrobot/build/user_gui': CMAKE_PREFIX_PATH=${CMAKE_PREFIX_PATH}:/home/tm/git_ws/myrobot/install/my_odom_pkg:/opt/ros/jazzy DEBUGINFOD_URLS=https://debuginfod.ubuntu.com VIRTUAL_ENV_PROMPT=(ros) /usr/bin/cmake --install /home/tm/git_ws/myrobot/build/user_gui
[0.943s] Level 1:colcon.colcon_core.environment:create_environment_scripts_only(user_gui)
[0.943s] Level 1:colcon.colcon_core.environment:checking '/home/tm/git_ws/myrobot/install/user_gui' for CMake module files
[0.943s] DEBUG:colcon.colcon_core.event_handler.log_command:Invoked command in '/home/tm/git_ws/myrobot/build/user_gui' returned '0': CMAKE_PREFIX_PATH=${CMAKE_PREFIX_PATH}:/home/tm/git_ws/myrobot/install/my_odom_pkg:/opt/ros/jazzy DEBUGINFOD_URLS=https://debuginfod.ubuntu.com VIRTUAL_ENV_PROMPT=(ros) /usr/bin/cmake --install /home/tm/git_ws/myrobot/build/user_gui
[0.944s] Level 1:colcon.colcon_core.environment:checking '/home/tm/git_ws/myrobot/install/user_gui' for CMake config files
[0.944s] Level 1:colcon.colcon_core.shell:create_environment_hook('user_gui', 'cmake_prefix_path')
[0.944s] INFO:colcon.colcon_core.shell:Creating environment hook '/home/tm/git_ws/myrobot/install/user_gui/share/user_gui/hook/cmake_prefix_path.ps1'
[0.944s] INFO:colcon.colcon_core.shell:Creating environment descriptor '/home/tm/git_ws/myrobot/install/user_gui/share/user_gui/hook/cmake_prefix_path.dsv'
[0.945s] INFO:colcon.colcon_core.shell:Creating environment hook '/home/tm/git_ws/myrobot/install/user_gui/share/user_gui/hook/cmake_prefix_path.sh'
[0.945s] Level 1:colcon.colcon_core.environment:checking '/home/tm/git_ws/myrobot/install/user_gui/lib'
[0.945s] Level 1:colcon.colcon_core.environment:checking '/home/tm/git_ws/myrobot/install/user_gui/bin'
[0.945s] Level 1:colcon.colcon_core.environment:checking '/home/tm/git_ws/myrobot/install/user_gui/lib/pkgconfig/user_gui.pc'
[0.946s] Level 1:colcon.colcon_core.environment:checking '/home/tm/git_ws/myrobot/install/user_gui/lib/python3.12/site-packages'
[0.946s] Level 1:colcon.colcon_core.environment:checking '/home/tm/git_ws/myrobot/install/user_gui/bin'
[0.946s] INFO:colcon.colcon_core.shell:Creating package script '/home/tm/git_ws/myrobot/install/user_gui/share/user_gui/package.ps1'
[0.947s] INFO:colcon.colcon_core.shell:Creating package descriptor '/home/tm/git_ws/myrobot/install/user_gui/share/user_gui/package.dsv'
[0.947s] INFO:colcon.colcon_core.shell:Creating package script '/home/tm/git_ws/myrobot/install/user_gui/share/user_gui/package.sh'
[0.947s] INFO:colcon.colcon_core.shell:Creating package script '/home/tm/git_ws/myrobot/install/user_gui/share/user_gui/package.bash'
[0.948s] INFO:colcon.colcon_core.shell:Creating package script '/home/tm/git_ws/myrobot/install/user_gui/share/user_gui/package.zsh'
[0.948s] Level 1:colcon.colcon_core.environment:create_file_with_runtime_dependencies(/home/tm/git_ws/myrobot/install/user_gui/share/colcon-core/packages/user_gui)
[0.949s] Level 1:colcon.colcon_core.environment:create_environment_scripts_only(user_gui)
[0.949s] Level 1:colcon.colcon_core.environment:checking '/home/tm/git_ws/myrobot/install/user_gui' for CMake module files
[0.949s] Level 1:colcon.colcon_core.environment:checking '/home/tm/git_ws/myrobot/install/user_gui' for CMake config files
[0.950s] Level 1:colcon.colcon_core.shell:create_environment_hook('user_gui', 'cmake_prefix_path')
[0.950s] INFO:colcon.colcon_core.shell:Creating environment hook '/home/tm/git_ws/myrobot/install/user_gui/share/user_gui/hook/cmake_prefix_path.ps1'
[0.950s] INFO:colcon.colcon_core.shell:Creating environment descriptor '/home/tm/git_ws/myrobot/install/user_gui/share/user_gui/hook/cmake_prefix_path.dsv'
[0.951s] INFO:colcon.colcon_core.shell:Creating environment hook '/home/tm/git_ws/myrobot/install/user_gui/share/user_gui/hook/cmake_prefix_path.sh'
[0.951s] Level 1:colcon.colcon_core.environment:checking '/home/tm/git_ws/myrobot/install/user_gui/lib'
[0.951s] Level 1:colcon.colcon_core.environment:checking '/home/tm/git_ws/myrobot/install/user_gui/bin'
[0.951s] Level 1:colcon.colcon_core.environment:checking '/home/tm/git_ws/myrobot/install/user_gui/lib/pkgconfig/user_gui.pc'
[0.952s] Level 1:colcon.colcon_core.environment:checking '/home/tm/git_ws/myrobot/install/user_gui/lib/python3.12/site-packages'
[0.952s] Level 1:colcon.colcon_core.environment:checking '/home/tm/git_ws/myrobot/install/user_gui/bin'
[0.952s] INFO:colcon.colcon_core.shell:Creating package script '/home/tm/git_ws/myrobot/install/user_gui/share/user_gui/package.ps1'
[0.952s] INFO:colcon.colcon_core.shell:Creating package descriptor '/home/tm/git_ws/myrobot/install/user_gui/share/user_gui/package.dsv'
[0.953s] INFO:colcon.colcon_core.shell:Creating package script '/home/tm/git_ws/myrobot/install/user_gui/share/user_gui/package.sh'
[0.953s] INFO:colcon.colcon_core.shell:Creating package script '/home/tm/git_ws/myrobot/install/user_gui/share/user_gui/package.bash'
[0.953s] INFO:colcon.colcon_core.shell:Creating package script '/home/tm/git_ws/myrobot/install/user_gui/share/user_gui/package.zsh'
[0.954s] Level 1:colcon.colcon_core.environment:create_file_with_runtime_dependencies(/home/tm/git_ws/myrobot/install/user_gui/share/colcon-core/packages/user_gui)
[0.994s] Level 1:colcon.colcon_core.environment:create_environment_scripts_only(myrobot_interfaces)
[0.995s] Level 1:colcon.colcon_core.environment:checking '/home/tm/git_ws/myrobot/install/myrobot_interfaces' for CMake module files
[0.995s] DEBUG:colcon.colcon_core.event_handler.log_command:Invoked command in '/home/tm/git_ws/myrobot/build/myrobot_interfaces' returned '0': CMAKE_PREFIX_PATH=${CMAKE_PREFIX_PATH}:/home/tm/git_ws/myrobot/install/my_odom_pkg:/opt/ros/jazzy DEBUGINFOD_URLS=https://debuginfod.ubuntu.com VIRTUAL_ENV_PROMPT=(ros) /usr/bin/cmake --install /home/tm/git_ws/myrobot/build/myrobot_interfaces
[0.996s] Level 1:colcon.colcon_core.environment:checking '/home/tm/git_ws/myrobot/install/myrobot_interfaces' for CMake config files
[0.996s] Level 1:colcon.colcon_core.shell:create_environment_hook('myrobot_interfaces', 'cmake_prefix_path')
[0.997s] INFO:colcon.colcon_core.shell:Creating environment hook '/home/tm/git_ws/myrobot/install/myrobot_interfaces/share/myrobot_interfaces/hook/cmake_prefix_path.ps1'
[0.997s] INFO:colcon.colcon_core.shell:Creating environment descriptor '/home/tm/git_ws/myrobot/install/myrobot_interfaces/share/myrobot_interfaces/hook/cmake_prefix_path.dsv'
[0.997s] INFO:colcon.colcon_core.shell:Creating environment hook '/home/tm/git_ws/myrobot/install/myrobot_interfaces/share/myrobot_interfaces/hook/cmake_prefix_path.sh'
[0.997s] Level 1:colcon.colcon_core.environment:checking '/home/tm/git_ws/myrobot/install/myrobot_interfaces/lib'
[0.997s] Level 1:colcon.colcon_core.shell:create_environment_hook('myrobot_interfaces', 'ld_library_path_lib')
[0.998s] INFO:colcon.colcon_core.shell:Creating environment hook '/home/tm/git_ws/myrobot/install/myrobot_interfaces/share/myrobot_interfaces/hook/ld_library_path_lib.ps1'
[0.998s] INFO:colcon.colcon_core.shell:Creating environment descriptor '/home/tm/git_ws/myrobot/install/myrobot_interfaces/share/myrobot_interfaces/hook/ld_library_path_lib.dsv'
[0.998s] INFO:colcon.colcon_core.shell:Creating environment hook '/home/tm/git_ws/myrobot/install/myrobot_interfaces/share/myrobot_interfaces/hook/ld_library_path_lib.sh'
[0.998s] Level 1:colcon.colcon_core.environment:checking '/home/tm/git_ws/myrobot/install/myrobot_interfaces/bin'
[0.998s] Level 1:colcon.colcon_core.environment:checking '/home/tm/git_ws/myrobot/install/myrobot_interfaces/lib/pkgconfig/myrobot_interfaces.pc'
[0.998s] Level 1:colcon.colcon_core.environment:checking '/home/tm/git_ws/myrobot/install/myrobot_interfaces/lib/python3.12/site-packages'
[0.999s] Level 1:colcon.colcon_core.shell:create_environment_hook('myrobot_interfaces', 'pythonpath')
[0.999s] INFO:colcon.colcon_core.shell:Creating environment hook '/home/tm/git_ws/myrobot/install/myrobot_interfaces/share/myrobot_interfaces/hook/pythonpath.ps1'
[0.999s] INFO:colcon.colcon_core.shell:Creating environment descriptor '/home/tm/git_ws/myrobot/install/myrobot_interfaces/share/myrobot_interfaces/hook/pythonpath.dsv'
[0.999s] INFO:colcon.colcon_core.shell:Creating environment hook '/home/tm/git_ws/myrobot/install/myrobot_interfaces/share/myrobot_interfaces/hook/pythonpath.sh'
[0.999s] Level 1:colcon.colcon_core.environment:checking '/home/tm/git_ws/myrobot/install/myrobot_interfaces/bin'
[1.000s] INFO:colcon.colcon_core.shell:Creating package script '/home/tm/git_ws/myrobot/install/myrobot_interfaces/share/myrobot_interfaces/package.ps1'
[1.000s] INFO:colcon.colcon_core.shell:Creating package descriptor '/home/tm/git_ws/myrobot/install/myrobot_interfaces/share/myrobot_interfaces/package.dsv'
[1.000s] INFO:colcon.colcon_core.shell:Creating package script '/home/tm/git_ws/myrobot/install/myrobot_interfaces/share/myrobot_interfaces/package.sh'
[1.000s] INFO:colcon.colcon_core.shell:Creating package script '/home/tm/git_ws/myrobot/install/myrobot_interfaces/share/myrobot_interfaces/package.bash'
[1.001s] INFO:colcon.colcon_core.shell:Creating package script '/home/tm/git_ws/myrobot/install/myrobot_interfaces/share/myrobot_interfaces/package.zsh'
[1.001s] Level 1:colcon.colcon_core.environment:create_file_with_runtime_dependencies(/home/tm/git_ws/myrobot/install/myrobot_interfaces/share/colcon-core/packages/myrobot_interfaces)
[1.002s] Level 1:colcon.colcon_core.environment:create_environment_scripts_only(myrobot_interfaces)
[1.002s] Level 1:colcon.colcon_core.environment:checking '/home/tm/git_ws/myrobot/install/myrobot_interfaces' for CMake module files
[1.002s] Level 1:colcon.colcon_core.environment:checking '/home/tm/git_ws/myrobot/install/myrobot_interfaces' for CMake config files
[1.003s] Level 1:colcon.colcon_core.shell:create_environment_hook('myrobot_interfaces', 'cmake_prefix_path')
[1.003s] INFO:colcon.colcon_core.shell:Creating environment hook '/home/tm/git_ws/myrobot/install/myrobot_interfaces/share/myrobot_interfaces/hook/cmake_prefix_path.ps1'
[1.004s] INFO:colcon.colcon_core.shell:Creating environment descriptor '/home/tm/git_ws/myrobot/install/myrobot_interfaces/share/myrobot_interfaces/hook/cmake_prefix_path.dsv'
[1.004s] INFO:colcon.colcon_core.shell:Creating environment hook '/home/tm/git_ws/myrobot/install/myrobot_interfaces/share/myrobot_interfaces/hook/cmake_prefix_path.sh'
[1.004s] Level 1:colcon.colcon_core.environment:checking '/home/tm/git_ws/myrobot/install/myrobot_interfaces/lib'
[1.004s] Level 1:colcon.colcon_core.shell:create_environment_hook('myrobot_interfaces', 'ld_library_path_lib')
[1.005s] INFO:colcon.colcon_core.shell:Creating environment hook '/home/tm/git_ws/myrobot/install/myrobot_interfaces/share/myrobot_interfaces/hook/ld_library_path_lib.ps1'
[1.005s] INFO:colcon.colcon_core.shell:Creating environment descriptor '/home/tm/git_ws/myrobot/install/myrobot_interfaces/share/myrobot_interfaces/hook/ld_library_path_lib.dsv'
[1.005s] INFO:colcon.colcon_core.shell:Creating environment hook '/home/tm/git_ws/myrobot/install/myrobot_interfaces/share/myrobot_interfaces/hook/ld_library_path_lib.sh'
[1.005s] Level 1:colcon.colcon_core.environment:checking '/home/tm/git_ws/myrobot/install/myrobot_interfaces/bin'
[1.005s] Level 1:colcon.colcon_core.environment:checking '/home/tm/git_ws/myrobot/install/myrobot_interfaces/lib/pkgconfig/myrobot_interfaces.pc'
[1.006s] Level 1:colcon.colcon_core.environment:checking '/home/tm/git_ws/myrobot/install/myrobot_interfaces/lib/python3.12/site-packages'
[1.006s] Level 1:colcon.colcon_core.shell:create_environment_hook('myrobot_interfaces', 'pythonpath')
[1.006s] INFO:colcon.colcon_core.shell:Creating environment hook '/home/tm/git_ws/myrobot/install/myrobot_interfaces/share/myrobot_interfaces/hook/pythonpath.ps1'
[1.006s] INFO:colcon.colcon_core.shell:Creating environment descriptor '/home/tm/git_ws/myrobot/install/myrobot_interfaces/share/myrobot_interfaces/hook/pythonpath.dsv'
[1.006s] INFO:colcon.colcon_core.shell:Creating environment hook '/home/tm/git_ws/myrobot/install/myrobot_interfaces/share/myrobot_interfaces/hook/pythonpath.sh'
[1.007s] Level 1:colcon.colcon_core.environment:checking '/home/tm/git_ws/myrobot/install/myrobot_interfaces/bin'
[1.007s] INFO:colcon.colcon_core.shell:Creating package script '/home/tm/git_ws/myrobot/install/myrobot_interfaces/share/myrobot_interfaces/package.ps1'
[1.007s] INFO:colcon.colcon_core.shell:Creating package descriptor '/home/tm/git_ws/myrobot/install/myrobot_interfaces/share/myrobot_interfaces/package.dsv'
[1.008s] INFO:colcon.colcon_core.shell:Creating package script '/home/tm/git_ws/myrobot/install/myrobot_interfaces/share/myrobot_interfaces/package.sh'
[1.009s] INFO:colcon.colcon_core.shell:Creating package script '/home/tm/git_ws/myrobot/install/myrobot_interfaces/share/myrobot_interfaces/package.bash'
[1.009s] INFO:colcon.colcon_core.shell:Creating package script '/home/tm/git_ws/myrobot/install/myrobot_interfaces/share/myrobot_interfaces/package.zsh'
[1.009s] Level 1:colcon.colcon_core.environment:create_file_with_runtime_dependencies(/home/tm/git_ws/myrobot/install/myrobot_interfaces/share/colcon-core/packages/myrobot_interfaces)
[1.010s] INFO:colcon.colcon_ros.task.ament_cmake.build:Building ROS package in '/home/tm/git_ws/myrobot/src/place_nav' with build type 'ament_cmake'
[1.010s] INFO:colcon.colcon_cmake.task.cmake.build:Building CMake package in '/home/tm/git_ws/myrobot/src/place_nav'
[1.010s] INFO:colcon.colcon_core.shell:Skip shell extension 'powershell' for command environment: Not usable outside of PowerShell
[1.010s] DEBUG:colcon.colcon_core.shell:Skip shell extension 'dsv' for command environment
[1.023s] DEBUG:colcon.colcon_core.event_handler.log_command:Invoking command in '/home/tm/git_ws/myrobot/build/place_nav': CMAKE_PREFIX_PATH=/home/tm/git_ws/myrobot/install/myrobot_interfaces:/home/tm/git_ws/myrobot/install/user_gui:/home/tm/git_ws/myrobot/install/place_nav:/home/tm/git_ws/myrobot/install/myrobot_navigation:/home/tm/git_ws/myrobot/install/myrobot_cartographer:/home/tm/git_ws/myrobot/install/myrobot_behavior_tree:/home/tm/git_ws/myrobot/install/myrobot:/opt/ros/jazzy/opt/gz_launch_vendor:/opt/ros/jazzy/opt/gz_sim_vendor:/opt/ros/jazzy/opt/gz_sensors_vendor:/opt/ros/jazzy/opt/gz_physics_vendor:/opt/ros/jazzy/opt/sdformat_vendor:/opt/ros/jazzy/opt/gz_gui_vendor:/opt/ros/jazzy/opt/gz_transport_vendor:/opt/ros/jazzy/opt/gz_rendering_vendor:/opt/ros/jazzy/opt/gz_plugin_vendor:/opt/ros/jazzy/opt/gz_fuel_tools_vendor:/opt/ros/jazzy/opt/gz_msgs_vendor:/opt/ros/jazzy/opt/gz_common_vendor:/opt/ros/jazzy/opt/gz_math_vendor:/opt/ros/jazzy/opt/gz_utils_vendor:/opt/ros/jazzy/opt/gz_tools_vendor:/opt/ros/jazzy/opt/gz_ogre_next_vendor:/opt/ros/jazzy/opt/gz_dartsim_vendor:/opt/ros/jazzy/opt/gz_cmake_vendor:/home/tm/git_ws/myrobot/install/my_odom_pkg:/opt/ros/jazzy DEBUGINFOD_URLS=https://debuginfod.ubuntu.com VIRTUAL_ENV_PROMPT=(ros) /usr/bin/cmake --build /home/tm/git_ws/myrobot/build/place_nav -- -j16 -l16
[1.115s] DEBUG:colcon.colcon_core.event_handler.log_command:Invoked command in '/home/tm/git_ws/myrobot/build/place_nav' returned '0': CMAKE_PREFIX_PATH=/home/tm/git_ws/myrobot/install/myrobot_interfaces:/home/tm/git_ws/myrobot/install/user_gui:/home/tm/git_ws/myrobot/install/place_nav:/home/tm/git_ws/myrobot/install/myrobot_navigation:/home/tm/git_ws/myrobot/install/myrobot_cartographer:/home/tm/git_ws/myrobot/install/myrobot_behavior_tree:/home/tm/git_ws/myrobot/install/myrobot:/opt/ros/jazzy/opt/gz_launch_vendor:/opt/ros/jazzy/opt/gz_sim_vendor:/opt/ros/jazzy/opt/gz_sensors_vendor:/opt/ros/jazzy/opt/gz_physics_vendor:/opt/ros/jazzy/opt/sdformat_vendor:/opt/ros/jazzy/opt/gz_gui_vendor:/opt/ros/jazzy/opt/gz_transport_vendor:/opt/ros/jazzy/opt/gz_rendering_vendor:/opt/ros/jazzy/opt/gz_plugin_vendor:/opt/ros/jazzy/opt/gz_fuel_tools_vendor:/opt/ros/jazzy/opt/gz_msgs_vendor:/opt/ros/jazzy/opt/gz_common_vendor:/opt/ros/jazzy/opt/gz_math_vendor:/opt/ros/jazzy/opt/gz_utils_vendor:/opt/ros/jazzy/opt/gz_tools_vendor:/opt/ros/jazzy/opt/gz_ogre_next_vendor:/opt/ros/jazzy/opt/gz_dartsim_vendor:/opt/ros/jazzy/opt/gz_cmake_vendor:/home/tm/git_ws/myrobot/install/my_odom_pkg:/opt/ros/jazzy DEBUGINFOD_URLS=https://debuginfod.ubuntu.com VIRTUAL_ENV_PROMPT=(ros) /usr/bin/cmake --build /home/tm/git_ws/myrobot/build/place_nav -- -j16 -l16
[1.117s] DEBUG:colcon.colcon_core.event_handler.log_command:Invoking command in '/home/tm/git_ws/myrobot/build/place_nav': CMAKE_PREFIX_PATH=/home/tm/git_ws/myrobot/install/myrobot_interfaces:/home/tm/git_ws/myrobot/install/user_gui:/home/tm/git_ws/myrobot/install/place_nav:/home/tm/git_ws/myrobot/install/myrobot_navigation:/home/tm/git_ws/myrobot/install/myrobot_cartographer:/home/tm/git_ws/myrobot/install/myrobot_behavior_tree:/home/tm/git_ws/myrobot/install/myrobot:/opt/ros/jazzy/opt/gz_launch_vendor:/opt/ros/jazzy/opt/gz_sim_vendor:/opt/ros/jazzy/opt/gz_sensors_vendor:/opt/ros/jazzy/opt/gz_physics_vendor:/opt/ros/jazzy/opt/sdformat_vendor:/opt/ros/jazzy/opt/gz_gui_vendor:/opt/ros/jazzy/opt/gz_transport_vendor:/opt/ros/jazzy/opt/gz_rendering_vendor:/opt/ros/jazzy/opt/gz_plugin_vendor:/opt/ros/jazzy/opt/gz_fuel_tools_vendor:/opt/ros/jazzy/opt/gz_msgs_vendor:/opt/ros/jazzy/opt/gz_common_vendor:/opt/ros/jazzy/opt/gz_math_vendor:/opt/ros/jazzy/opt/gz_utils_vendor:/opt/ros/jazzy/opt/gz_tools_vendor:/opt/ros/jazzy/opt/gz_ogre_next_vendor:/opt/ros/jazzy/opt/gz_dartsim_vendor:/opt/ros/jazzy/opt/gz_cmake_vendor:/home/tm/git_ws/myrobot/install/my_odom_pkg:/opt/ros/jazzy DEBUGINFOD_URLS=https://debuginfod.ubuntu.com VIRTUAL_ENV_PROMPT=(ros) /usr/bin/cmake --install /home/tm/git_ws/myrobot/build/place_nav
[1.131s] Level 1:colcon.colcon_core.environment:create_environment_scripts_only(place_nav)
[1.132s] Level 1:colcon.colcon_core.environment:checking '/home/tm/git_ws/myrobot/install/place_nav' for CMake module files
[1.132s] DEBUG:colcon.colcon_core.event_handler.log_command:Invoked command in '/home/tm/git_ws/myrobot/build/place_nav' returned '0': CMAKE_PREFIX_PATH=/home/tm/git_ws/myrobot/install/myrobot_interfaces:/home/tm/git_ws/myrobot/install/user_gui:/home/tm/git_ws/myrobot/install/place_nav:/home/tm/git_ws/myrobot/install/myrobot_navigation:/home/tm/git_ws/myrobot/install/myrobot_cartographer:/home/tm/git_ws/myrobot/install/myrobot_behavior_tree:/home/tm/git_ws/myrobot/install/myrobot:/opt/ros/jazzy/opt/gz_launch_vendor:/opt/ros/jazzy/opt/gz_sim_vendor:/opt/ros/jazzy/opt/gz_sensors_vendor:/opt/ros/jazzy/opt/gz_physics_vendor:/opt/ros/jazzy/opt/sdformat_vendor:/opt/ros/jazzy/opt/gz_gui_vendor:/opt/ros/jazzy/opt/gz_transport_vendor:/opt/ros/jazzy/opt/gz_rendering_vendor:/opt/ros/jazzy/opt/gz_plugin_vendor:/opt/ros/jazzy/opt/gz_fuel_tools_vendor:/opt/ros/jazzy/opt/gz_msgs_vendor:/opt/ros/jazzy/opt/gz_common_vendor:/opt/ros/jazzy/opt/gz_math_vendor:/opt/ros/jazzy/opt/gz_utils_vendor:/opt/ros/jazzy/opt/gz_tools_vendor:/opt/ros/jazzy/opt/gz_ogre_next_vendor:/opt/ros/jazzy/opt/gz_dartsim_vendor:/opt/ros/jazzy/opt/gz_cmake_vendor:/home/tm/git_ws/myrobot/install/my_odom_pkg:/opt/ros/jazzy DEBUGINFOD_URLS=https://debuginfod.ubuntu.com VIRTUAL_ENV_PROMPT=(ros) /usr/bin/cmake --install /home/tm/git_ws/myrobot/build/place_nav
[1.133s] Level 1:colcon.colcon_core.environment:checking '/home/tm/git_ws/myrobot/install/place_nav' for CMake config files
[1.133s] Level 1:colcon.colcon_core.shell:create_environment_hook('place_nav', 'cmake_prefix_path')
[1.133s] INFO:colcon.colcon_core.shell:Creating environment hook '/home/tm/git_ws/myrobot/install/place_nav/share/place_nav/hook/cmake_prefix_path.ps1'
[1.133s] INFO:colcon.colcon_core.shell:Creating environment descriptor '/home/tm/git_ws/myrobot/install/place_nav/share/place_nav/hook/cmake_prefix_path.dsv'
[1.134s] INFO:colcon.colcon_core.shell:Creating environment hook '/home/tm/git_ws/myrobot/install/place_nav/share/place_nav/hook/cmake_prefix_path.sh'
[1.134s] Level 1:colcon.colcon_core.environment:checking '/home/tm/git_ws/myrobot/install/place_nav/lib'
[1.134s] Level 1:colcon.colcon_core.environment:checking '/home/tm/git_ws/myrobot/install/place_nav/bin'
[1.134s] Level 1:colcon.colcon_core.environment:checking '/home/tm/git_ws/myrobot/install/place_nav/lib/pkgconfig/place_nav.pc'
[1.134s] Level 1:colcon.colcon_core.environment:checking '/home/tm/git_ws/myrobot/install/place_nav/lib/python3.12/site-packages'
[1.134s] Level 1:colcon.colcon_core.environment:checking '/home/tm/git_ws/myrobot/install/place_nav/bin'
[1.134s] INFO:colcon.colcon_core.shell:Creating package script '/home/tm/git_ws/myrobot/install/place_nav/share/place_nav/package.ps1'
[1.135s] INFO:colcon.colcon_core.shell:Creating package descriptor '/home/tm/git_ws/myrobot/install/place_nav/share/place_nav/package.dsv'
[1.135s] INFO:colcon.colcon_core.shell:Creating package script '/home/tm/git_ws/myrobot/install/place_nav/share/place_nav/package.sh'
[1.135s] INFO:colcon.colcon_core.shell:Creating package script '/home/tm/git_ws/myrobot/install/place_nav/share/place_nav/package.bash'
[1.135s] INFO:colcon.colcon_core.shell:Creating package script '/home/tm/git_ws/myrobot/install/place_nav/share/place_nav/package.zsh'
[1.135s] Level 1:colcon.colcon_core.environment:create_file_with_runtime_dependencies(/home/tm/git_ws/myrobot/install/place_nav/share/colcon-core/packages/place_nav)
[1.136s] Level 1:colcon.colcon_core.environment:create_environment_scripts_only(place_nav)
[1.136s] Level 1:colcon.colcon_core.environment:checking '/home/tm/git_ws/myrobot/install/place_nav' for CMake module files
[1.136s] Level 1:colcon.colcon_core.environment:checking '/home/tm/git_ws/myrobot/install/place_nav' for CMake config files
[1.136s] Level 1:colcon.colcon_core.shell:create_environment_hook('place_nav', 'cmake_prefix_path')
[1.136s] INFO:colcon.colcon_core.shell:Creating environment hook '/home/tm/git_ws/myrobot/install/place_nav/share/place_nav/hook/cmake_prefix_path.ps1'
[1.136s] INFO:colcon.colcon_core.shell:Creating environment descriptor '/home/tm/git_ws/myrobot/install/place_nav/share/place_nav/hook/cmake_prefix_path.dsv'
[1.137s] INFO:colcon.colcon_core.shell:Creating environment hook '/home/tm/git_ws/myrobot/install/place_nav/share/place_nav/hook/cmake_prefix_path.sh'
[1.137s] Level 1:colcon.colcon_core.environment:checking '/home/tm/git_ws/myrobot/install/place_nav/lib'
[1.137s] Level 1:colcon.colcon_core.environment:checking '/home/tm/git_ws/myrobot/install/place_nav/bin'
[1.137s] Level 1:colcon.colcon_core.environment:checking '/home/tm/git_ws/myrobot/install/place_nav/lib/pkgconfig/place_nav.pc'
[1.137s] Level 1:colcon.colcon_core.environment:checking '/home/tm/git_ws/myrobot/install/place_nav/lib/python3.12/site-packages'
[1.137s] Level 1:colcon.colcon_core.environment:checking '/home/tm/git_ws/myrobot/install/place_nav/bin'
[1.137s] INFO:colcon.colcon_core.shell:Creating package script '/home/tm/git_ws/myrobot/install/place_nav/share/place_nav/package.ps1'
[1.138s] INFO:colcon.colcon_core.shell:Creating package descriptor '/home/tm/git_ws/myrobot/install/place_nav/share/place_nav/package.dsv'
[1.138s] INFO:colcon.colcon_core.shell:Creating package script '/home/tm/git_ws/myrobot/install/place_nav/share/place_nav/package.sh'
[1.139s] INFO:colcon.colcon_core.shell:Creating package script '/home/tm/git_ws/myrobot/install/place_nav/share/place_nav/package.bash'
[1.139s] INFO:colcon.colcon_core.shell:Creating package script '/home/tm/git_ws/myrobot/install/place_nav/share/place_nav/package.zsh'
[1.140s] Level 1:colcon.colcon_core.environment:create_file_with_runtime_dependencies(/home/tm/git_ws/myrobot/install/place_nav/share/colcon-core/packages/place_nav)
[1.504s] DEBUG:colcon.colcon_core.event_handler.log_command:Invoking command in '/home/tm/git_ws/myrobot/src/my_odom_pkg': DEBUGINFOD_URLS=https://debuginfod.ubuntu.com PYTHONPATH=/home/tm/git_ws/myrobot/build/my_odom_pkg/prefix_override:/usr/lib/python3/dist-packages/colcon_core/task/python/colcon_distutils_commands:/home/tm/git_ws/myrobot/install/my_odom_pkg/lib/python3.12/site-packages:${PYTHONPATH} VIRTUAL_ENV_PROMPT=(ros) /usr/bin/python3 -W ignore:setup.py install is deprecated -W ignore:easy_install command is deprecated setup.py egg_info --egg-base ../../build/my_odom_pkg build --build-base /home/tm/git_ws/myrobot/build/my_odom_pkg/build install --record /home/tm/git_ws/myrobot/build/my_odom_pkg/install.log --single-version-externally-managed install_data
[1.969s] Level 1:colcon.colcon_core.environment:checking '/home/tm/git_ws/myrobot/install/my_odom_pkg' for CMake module files
[1.970s] DEBUG:colcon.colcon_core.event_handler.log_command:Invoked command in '/home/tm/git_ws/myrobot/src/my_odom_pkg' returned '0': DEBUGINFOD_URLS=https://debuginfod.ubuntu.com PYTHONPATH=/home/tm/git_ws/myrobot/build/my_odom_pkg/prefix_override:/usr/lib/python3/dist-packages/colcon_core/task/python/colcon_distutils_commands:/home/tm/git_ws/myrobot/install/my_odom_pkg/lib/python3.12/site-packages:${PYTHONPATH} VIRTUAL_ENV_PROMPT=(ros) /usr/bin/python3 -W ignore:setup.py install is deprecated -W ignore:easy_install command is deprecated setup.py egg_info --egg-base ../../build/my_odom_pkg build --build-base /home/tm/git_ws/myrobot/build/my_odom_pkg/build install --record /home/tm/git_ws/myrobot/build/my_odom_pkg/install.log --single-version-externally-managed install_data
[1.971s] Level 1:colcon.colcon_core.environment:checking '/home/tm/git_ws/myrobot/install/my_odom_pkg' for CMake config files
[1.971s] Level 1:colcon.colcon_core.environment:checking '/home/tm/git_ws/myrobot/install/my_odom_pkg/lib'
[1.971s] Level 1:colcon.colcon_core.environment:checking '/home/tm/git_ws/myrobot/install/my_odom_pkg/bin'
[1.971s] Level 1:colcon.colcon_core.environment:checking '/home/tm/git_ws/myrobot/install/my_odom_pkg/lib/pkgconfig/my_odom_pkg.pc'
[1.971s] Level 1:colcon.colcon_core.environment:checking '/home/tm/git_ws/myrobot/install/my_odom_pkg/lib/python3.12/site-packages'
[1.971s] Level 1:colcon.colcon_core.shell:create_environment_hook('my_odom_pkg', 'pythonpath')
[1.972s] INFO:colcon.colcon_core.shell:Creating environment hook '/home/tm/git_ws/myrobot/install/my_odom_pkg/share/my_odom_pkg/hook/pythonpath.ps1'
[1.972s] INFO:colcon.colcon_core.shell:Creating environment descriptor '/home/tm/git_ws/myrobot/install/my_odom_pkg/share/my_odom_pkg/hook/pythonpath.dsv'
[1.973s] INFO:colcon.colcon_core.shell:Creating environment hook '/home/tm/git_ws/myrobot/install/my_odom_pkg/share/my_odom_pkg/hook/pythonpath.sh'
[1.973s] Level 1:colcon.colcon_core.environment:checking '/home/tm/git_ws/myrobot/install/my_odom_pkg/bin'
[1.973s] Level 1:colcon.colcon_core.environment:create_environment_scripts_only(my_odom_pkg)
[1.973s] INFO:colcon.colcon_core.shell:Creating package script '/home/tm/git_ws/myrobot/install/my_odom_pkg/share/my_odom_pkg/package.ps1'
[1.974s] INFO:colcon.colcon_core.shell:Creating package descriptor '/home/tm/git_ws/myrobot/install/my_odom_pkg/share/my_odom_pkg/package.dsv'
[1.974s] INFO:colcon.colcon_core.shell:Creating package script '/home/tm/git_ws/myrobot/install/my_odom_pkg/share/my_odom_pkg/package.sh'
[1.974s] INFO:colcon.colcon_core.shell:Creating package script '/home/tm/git_ws/myrobot/install/my_odom_pkg/share/my_odom_pkg/package.bash'
[1.975s] INFO:colcon.colcon_core.shell:Creating package script '/home/tm/git_ws/myrobot/install/my_odom_pkg/share/my_odom_pkg/package.zsh'
[1.975s] Level 1:colcon.colcon_core.environment:create_file_with_runtime_dependencies(/home/tm/git_ws/myrobot/install/my_odom_pkg/share/colcon-core/packages/my_odom_pkg)
[1.975s] DEBUG:colcon.colcon_parallel_executor.executor.parallel:closing loop
[1.975s] DEBUG:colcon.colcon_parallel_executor.executor.parallel:loop closed
[1.975s] DEBUG:colcon.colcon_parallel_executor.executor.parallel:run_until_complete finished with '0'
[1.975s] DEBUG:colcon.colcon_core.event_reactor:joining thread
[1.982s] INFO:colcon.colcon_core.plugin_system:Skipping extension 'colcon_notification.desktop_notification.terminal_notifier': Not used on non-Darwin systems
[1.982s] INFO:colcon.colcon_core.plugin_system:Skipping extension 'colcon_notification.desktop_notification.win32': Not used on non-Windows systems
[1.982s] INFO:colcon.colcon_notification.desktop_notification:Sending desktop notification using 'notify2'
[2.001s] DEBUG:colcon.colcon_core.event_reactor:joined thread
[2.001s] INFO:colcon.colcon_core.shell:Creating prefix script '/home/tm/git_ws/myrobot/install/local_setup.ps1'
[2.002s] INFO:colcon.colcon_core.shell:Creating prefix util module '/home/tm/git_ws/myrobot/install/_local_setup_util_ps1.py'
[2.003s] INFO:colcon.colcon_core.shell:Creating prefix chain script '/home/tm/git_ws/myrobot/install/setup.ps1'
[2.005s] INFO:colcon.colcon_core.shell:Creating prefix script '/home/tm/git_ws/myrobot/install/local_setup.sh'
[2.006s] INFO:colcon.colcon_core.shell:Creating prefix util module '/home/tm/git_ws/myrobot/install/_local_setup_util_sh.py'
[2.006s] INFO:colcon.colcon_core.shell:Creating prefix chain script '/home/tm/git_ws/myrobot/install/setup.sh'
[2.008s] INFO:colcon.colcon_core.shell:Creating prefix script '/home/tm/git_ws/myrobot/install/local_setup.bash'
[2.008s] INFO:colcon.colcon_core.shell:Creating prefix chain script '/home/tm/git_ws/myrobot/install/setup.bash'
[2.009s] INFO:colcon.colcon_core.shell:Creating prefix script '/home/tm/git_ws/myrobot/install/local_setup.zsh'
[2.010s] INFO:colcon.colcon_core.shell:Creating prefix chain script '/home/tm/git_ws/myrobot/install/setup.zsh'
