[0.078s] DEBUG:colcon:Command line arguments: ['/usr/bin/colcon', 'build']
[0.078s] DEBUG:colcon:Parsed command line arguments: Namespace(log_base=None, log_level=None, verb_name='build', build_base='build', install_base='install', merge_install=False, symlink_install=False, test_result_base=None, continue_on_error=False, executor='parallel', parallel_workers=16, event_handlers=None, ignore_user_meta=False, metas=['./colcon.meta'], base_paths=['.'], packages_ignore=None, packages_ignore_regex=None, paths=None, packages_up_to=None, packages_up_to_regex=None, packages_above=None, packages_above_and_dependencies=None, packages_above_depth=None, packages_select_by_dep=None, packages_skip_by_dep=None, packages_skip_up_to=None, packages_select_build_failed=False, packages_skip_build_finished=False, packages_select_test_failures=False, packages_skip_test_passed=False, packages_select=None, packages_skip=None, packages_select_regex=None, packages_skip_regex=None, packages_start=None, packages_end=None, allow_overriding=[], cmake_args=None, cmake_target=None, cmake_target_skip_unavailable=False, cmake_clean_cache=False, cmake_clean_first=False, cmake_force_configure=False, ament_cmake_args=None, catkin_cmake_args=None, catkin_skip_building_tests=False, mixin_files=None, mixin=None, verb_parser=<colcon_mixin.mixin.mixin_argument.MixinArgumentDecorator object at 0x70c2c36cd100>, verb_extension=<colcon_core.verb.build.BuildVerb object at 0x70c2c36cca70>, main=<bound method BuildVerb.main of <colcon_core.verb.build.BuildVerb object at 0x70c2c36cca70>>, mixin_verb=('build',))
[0.104s] Level 1:colcon.colcon_core.package_discovery:discover_packages(colcon_meta) check parameters
[0.104s] Level 1:colcon.colcon_core.package_discovery:discover_packages(recursive) check parameters
[0.104s] Level 1:colcon.colcon_core.package_discovery:discover_packages(ignore) check parameters
[0.104s] Level 1:colcon.colcon_core.package_discovery:discover_packages(path) check parameters
[0.104s] Level 1:colcon.colcon_core.package_discovery:discover_packages(colcon_meta) discover
[0.105s] Level 1:colcon.colcon_core.package_discovery:discover_packages(recursive) discover
[0.105s] INFO:colcon.colcon_core.package_discovery:Crawling recursively for packages in '/home/tm/git_ws/myrobot'
[0.105s] Level 1:colcon.colcon_core.package_identification:_identify(.) by extensions ['ignore', 'ignore_ament_install']
[0.105s] Level 1:colcon.colcon_core.package_identification:_identify(.) by extension 'ignore'
[0.105s] Level 1:colcon.colcon_core.package_identification:_identify(.) by extension 'ignore_ament_install'
[0.105s] Level 1:colcon.colcon_core.package_identification:_identify(.) by extensions ['colcon_pkg']
[0.105s] Level 1:colcon.colcon_core.package_identification:_identify(.) by extension 'colcon_pkg'
[0.105s] Level 1:colcon.colcon_core.package_identification:_identify(.) by extensions ['colcon_meta']
[0.105s] Level 1:colcon.colcon_core.package_identification:_identify(.) by extension 'colcon_meta'
[0.105s] Level 1:colcon.colcon_core.package_identification:_identify(.) by extensions ['ros']
[0.105s] Level 1:colcon.colcon_core.package_identification:_identify(.) by extension 'ros'
[0.128s] Level 1:colcon.colcon_core.package_identification:_identify(.) by extensions ['cmake', 'python']
[0.128s] Level 1:colcon.colcon_core.package_identification:_identify(.) by extension 'cmake'
[0.128s] Level 1:colcon.colcon_core.package_identification:_identify(.) by extension 'python'
[0.128s] Level 1:colcon.colcon_core.package_identification:_identify(.) by extensions ['python_setup_py']
[0.128s] Level 1:colcon.colcon_core.package_identification:_identify(.) by extension 'python_setup_py'
[0.128s] Level 1:colcon.colcon_core.package_identification:_identify(build) by extensions ['ignore', 'ignore_ament_install']
[0.128s] Level 1:colcon.colcon_core.package_identification:_identify(build) by extension 'ignore'
[0.128s] Level 1:colcon.colcon_core.package_identification:_identify(build) ignored
[0.128s] Level 1:colcon.colcon_core.package_identification:_identify(install) by extensions ['ignore', 'ignore_ament_install']
[0.128s] Level 1:colcon.colcon_core.package_identification:_identify(install) by extension 'ignore'
[0.128s] Level 1:colcon.colcon_core.package_identification:_identify(install) ignored
[0.128s] Level 1:colcon.colcon_core.package_identification:_identify(log) by extensions ['ignore', 'ignore_ament_install']
[0.128s] Level 1:colcon.colcon_core.package_identification:_identify(log) by extension 'ignore'
[0.129s] Level 1:colcon.colcon_core.package_identification:_identify(log) ignored
[0.129s] Level 1:colcon.colcon_core.package_identification:_identify(src) by extensions ['ignore', 'ignore_ament_install']
[0.129s] Level 1:colcon.colcon_core.package_identification:_identify(src) by extension 'ignore'
[0.129s] Level 1:colcon.colcon_core.package_identification:_identify(src) by extension 'ignore_ament_install'
[0.129s] Level 1:colcon.colcon_core.package_identification:_identify(src) by extensions ['colcon_pkg']
[0.129s] Level 1:colcon.colcon_core.package_identification:_identify(src) by extension 'colcon_pkg'
[0.129s] Level 1:colcon.colcon_core.package_identification:_identify(src) by extensions ['colcon_meta']
[0.129s] Level 1:colcon.colcon_core.package_identification:_identify(src) by extension 'colcon_meta'
[0.129s] Level 1:colcon.colcon_core.package_identification:_identify(src) by extensions ['ros']
[0.129s] Level 1:colcon.colcon_core.package_identification:_identify(src) by extension 'ros'
[0.129s] Level 1:colcon.colcon_core.package_identification:_identify(src) by extensions ['cmake', 'python']
[0.129s] Level 1:colcon.colcon_core.package_identification:_identify(src) by extension 'cmake'
[0.129s] Level 1:colcon.colcon_core.package_identification:_identify(src) by extension 'python'
[0.129s] Level 1:colcon.colcon_core.package_identification:_identify(src) by extensions ['python_setup_py']
[0.129s] Level 1:colcon.colcon_core.package_identification:_identify(src) by extension 'python_setup_py'
[0.129s] Level 1:colcon.colcon_core.package_identification:_identify(src/my_odom_pkg) by extensions ['ignore', 'ignore_ament_install']
[0.129s] Level 1:colcon.colcon_core.package_identification:_identify(src/my_odom_pkg) by extension 'ignore'
[0.129s] Level 1:colcon.colcon_core.package_identification:_identify(src/my_odom_pkg) by extension 'ignore_ament_install'
[0.129s] Level 1:colcon.colcon_core.package_identification:_identify(src/my_odom_pkg) by extensions ['colcon_pkg']
[0.129s] Level 1:colcon.colcon_core.package_identification:_identify(src/my_odom_pkg) by extension 'colcon_pkg'
[0.129s] Level 1:colcon.colcon_core.package_identification:_identify(src/my_odom_pkg) by extensions ['colcon_meta']
[0.129s] Level 1:colcon.colcon_core.package_identification:_identify(src/my_odom_pkg) by extension 'colcon_meta'
[0.129s] Level 1:colcon.colcon_core.package_identification:_identify(src/my_odom_pkg) by extensions ['ros']
[0.129s] Level 1:colcon.colcon_core.package_identification:_identify(src/my_odom_pkg) by extension 'ros'
[0.131s] DEBUG:colcon.colcon_core.package_identification:Package 'src/my_odom_pkg' with type 'ros.ament_python' and name 'my_odom_pkg'
[0.131s] Level 1:colcon.colcon_core.package_identification:_identify(src/myrobot) by extensions ['ignore', 'ignore_ament_install']
[0.131s] Level 1:colcon.colcon_core.package_identification:_identify(src/myrobot) by extension 'ignore'
[0.131s] Level 1:colcon.colcon_core.package_identification:_identify(src/myrobot) by extension 'ignore_ament_install'
[0.131s] Level 1:colcon.colcon_core.package_identification:_identify(src/myrobot) by extensions ['colcon_pkg']
[0.131s] Level 1:colcon.colcon_core.package_identification:_identify(src/myrobot) by extension 'colcon_pkg'
[0.131s] Level 1:colcon.colcon_core.package_identification:_identify(src/myrobot) by extensions ['colcon_meta']
[0.132s] Level 1:colcon.colcon_core.package_identification:_identify(src/myrobot) by extension 'colcon_meta'
[0.132s] Level 1:colcon.colcon_core.package_identification:_identify(src/myrobot) by extensions ['ros']
[0.132s] Level 1:colcon.colcon_core.package_identification:_identify(src/myrobot) by extension 'ros'
[0.132s] DEBUG:colcon.colcon_core.package_identification:Package 'src/myrobot' with type 'ros.ament_cmake' and name 'myrobot'
[0.132s] Level 1:colcon.colcon_core.package_identification:_identify(src/myrobot_behavior_tree) by extensions ['ignore', 'ignore_ament_install']
[0.132s] Level 1:colcon.colcon_core.package_identification:_identify(src/myrobot_behavior_tree) by extension 'ignore'
[0.132s] Level 1:colcon.colcon_core.package_identification:_identify(src/myrobot_behavior_tree) by extension 'ignore_ament_install'
[0.132s] Level 1:colcon.colcon_core.package_identification:_identify(src/myrobot_behavior_tree) by extensions ['colcon_pkg']
[0.132s] Level 1:colcon.colcon_core.package_identification:_identify(src/myrobot_behavior_tree) by extension 'colcon_pkg'
[0.132s] Level 1:colcon.colcon_core.package_identification:_identify(src/myrobot_behavior_tree) by extensions ['colcon_meta']
[0.132s] Level 1:colcon.colcon_core.package_identification:_identify(src/myrobot_behavior_tree) by extension 'colcon_meta'
[0.132s] Level 1:colcon.colcon_core.package_identification:_identify(src/myrobot_behavior_tree) by extensions ['ros']
[0.132s] Level 1:colcon.colcon_core.package_identification:_identify(src/myrobot_behavior_tree) by extension 'ros'
[0.133s] DEBUG:colcon.colcon_core.package_identification:Package 'src/myrobot_behavior_tree' with type 'ros.ament_cmake' and name 'myrobot_behavior_tree'
[0.133s] Level 1:colcon.colcon_core.package_identification:_identify(src/myrobot_cartographer) by extensions ['ignore', 'ignore_ament_install']
[0.133s] Level 1:colcon.colcon_core.package_identification:_identify(src/myrobot_cartographer) by extension 'ignore'
[0.133s] Level 1:colcon.colcon_core.package_identification:_identify(src/myrobot_cartographer) by extension 'ignore_ament_install'
[0.133s] Level 1:colcon.colcon_core.package_identification:_identify(src/myrobot_cartographer) by extensions ['colcon_pkg']
[0.133s] Level 1:colcon.colcon_core.package_identification:_identify(src/myrobot_cartographer) by extension 'colcon_pkg'
[0.133s] Level 1:colcon.colcon_core.package_identification:_identify(src/myrobot_cartographer) by extensions ['colcon_meta']
[0.133s] Level 1:colcon.colcon_core.package_identification:_identify(src/myrobot_cartographer) by extension 'colcon_meta'
[0.133s] Level 1:colcon.colcon_core.package_identification:_identify(src/myrobot_cartographer) by extensions ['ros']
[0.133s] Level 1:colcon.colcon_core.package_identification:_identify(src/myrobot_cartographer) by extension 'ros'
[0.133s] DEBUG:colcon.colcon_core.package_identification:Package 'src/myrobot_cartographer' with type 'ros.ament_cmake' and name 'myrobot_cartographer'
[0.133s] Level 1:colcon.colcon_core.package_identification:_identify(src/myrobot_interfaces) by extensions ['ignore', 'ignore_ament_install']
[0.133s] Level 1:colcon.colcon_core.package_identification:_identify(src/myrobot_interfaces) by extension 'ignore'
[0.134s] Level 1:colcon.colcon_core.package_identification:_identify(src/myrobot_interfaces) by extension 'ignore_ament_install'
[0.134s] Level 1:colcon.colcon_core.package_identification:_identify(src/myrobot_interfaces) by extensions ['colcon_pkg']
[0.134s] Level 1:colcon.colcon_core.package_identification:_identify(src/myrobot_interfaces) by extension 'colcon_pkg'
[0.134s] Level 1:colcon.colcon_core.package_identification:_identify(src/myrobot_interfaces) by extensions ['colcon_meta']
[0.134s] Level 1:colcon.colcon_core.package_identification:_identify(src/myrobot_interfaces) by extension 'colcon_meta'
[0.134s] Level 1:colcon.colcon_core.package_identification:_identify(src/myrobot_interfaces) by extensions ['ros']
[0.134s] Level 1:colcon.colcon_core.package_identification:_identify(src/myrobot_interfaces) by extension 'ros'
[0.134s] DEBUG:colcon.colcon_core.package_identification:Package 'src/myrobot_interfaces' with type 'ros.ament_cmake' and name 'myrobot_interfaces'
[0.134s] Level 1:colcon.colcon_core.package_identification:_identify(src/myrobot_navigation) by extensions ['ignore', 'ignore_ament_install']
[0.134s] Level 1:colcon.colcon_core.package_identification:_identify(src/myrobot_navigation) by extension 'ignore'
[0.135s] Level 1:colcon.colcon_core.package_identification:_identify(src/myrobot_navigation) by extension 'ignore_ament_install'
[0.135s] Level 1:colcon.colcon_core.package_identification:_identify(src/myrobot_navigation) by extensions ['colcon_pkg']
[0.135s] Level 1:colcon.colcon_core.package_identification:_identify(src/myrobot_navigation) by extension 'colcon_pkg'
[0.135s] Level 1:colcon.colcon_core.package_identification:_identify(src/myrobot_navigation) by extensions ['colcon_meta']
[0.135s] Level 1:colcon.colcon_core.package_identification:_identify(src/myrobot_navigation) by extension 'colcon_meta'
[0.135s] Level 1:colcon.colcon_core.package_identification:_identify(src/myrobot_navigation) by extensions ['ros']
[0.135s] Level 1:colcon.colcon_core.package_identification:_identify(src/myrobot_navigation) by extension 'ros'
[0.135s] DEBUG:colcon.colcon_core.package_identification:Package 'src/myrobot_navigation' with type 'ros.ament_cmake' and name 'myrobot_navigation'
[0.135s] Level 1:colcon.colcon_core.package_identification:_identify(src/place_nav) by extensions ['ignore', 'ignore_ament_install']
[0.135s] Level 1:colcon.colcon_core.package_identification:_identify(src/place_nav) by extension 'ignore'
[0.135s] Level 1:colcon.colcon_core.package_identification:_identify(src/place_nav) by extension 'ignore_ament_install'
[0.135s] Level 1:colcon.colcon_core.package_identification:_identify(src/place_nav) by extensions ['colcon_pkg']
[0.135s] Level 1:colcon.colcon_core.package_identification:_identify(src/place_nav) by extension 'colcon_pkg'
[0.135s] Level 1:colcon.colcon_core.package_identification:_identify(src/place_nav) by extensions ['colcon_meta']
[0.135s] Level 1:colcon.colcon_core.package_identification:_identify(src/place_nav) by extension 'colcon_meta'
[0.135s] Level 1:colcon.colcon_core.package_identification:_identify(src/place_nav) by extensions ['ros']
[0.135s] Level 1:colcon.colcon_core.package_identification:_identify(src/place_nav) by extension 'ros'
[0.136s] DEBUG:colcon.colcon_core.package_identification:Package 'src/place_nav' with type 'ros.ament_cmake' and name 'place_nav'
[0.136s] Level 1:colcon.colcon_core.package_identification:_identify(src/user_gui) by extensions ['ignore', 'ignore_ament_install']
[0.136s] Level 1:colcon.colcon_core.package_identification:_identify(src/user_gui) by extension 'ignore'
[0.136s] Level 1:colcon.colcon_core.package_identification:_identify(src/user_gui) by extension 'ignore_ament_install'
[0.136s] Level 1:colcon.colcon_core.package_identification:_identify(src/user_gui) by extensions ['colcon_pkg']
[0.136s] Level 1:colcon.colcon_core.package_identification:_identify(src/user_gui) by extension 'colcon_pkg'
[0.136s] Level 1:colcon.colcon_core.package_identification:_identify(src/user_gui) by extensions ['colcon_meta']
[0.136s] Level 1:colcon.colcon_core.package_identification:_identify(src/user_gui) by extension 'colcon_meta'
[0.136s] Level 1:colcon.colcon_core.package_identification:_identify(src/user_gui) by extensions ['ros']
[0.136s] Level 1:colcon.colcon_core.package_identification:_identify(src/user_gui) by extension 'ros'
[0.136s] DEBUG:colcon.colcon_core.package_identification:Package 'src/user_gui' with type 'ros.ament_cmake' and name 'user_gui'
[0.136s] Level 1:colcon.colcon_core.package_discovery:discover_packages(recursive) using defaults
[0.136s] Level 1:colcon.colcon_core.package_discovery:discover_packages(ignore) discover
[0.136s] Level 1:colcon.colcon_core.package_discovery:discover_packages(ignore) using defaults
[0.136s] Level 1:colcon.colcon_core.package_discovery:discover_packages(path) discover
[0.136s] Level 1:colcon.colcon_core.package_discovery:discover_packages(path) using defaults
[0.150s] Level 1:colcon.colcon_core.package_discovery:discover_packages(prefix_path) check parameters
[0.150s] Level 1:colcon.colcon_core.package_discovery:discover_packages(prefix_path) discover
[0.154s] DEBUG:colcon.colcon_installed_package_information.package_discovery:Found 454 installed packages in /opt/ros/jazzy
[0.154s] Level 1:colcon.colcon_core.package_discovery:discover_packages(prefix_path) using defaults
[0.192s] Level 5:colcon.colcon_core.verb:set package 'my_odom_pkg' build argument 'cmake_args' from command line to 'None'
[0.192s] Level 5:colcon.colcon_core.verb:set package 'my_odom_pkg' build argument 'cmake_target' from command line to 'None'
[0.192s] Level 5:colcon.colcon_core.verb:set package 'my_odom_pkg' build argument 'cmake_target_skip_unavailable' from command line to 'False'
[0.192s] Level 5:colcon.colcon_core.verb:set package 'my_odom_pkg' build argument 'cmake_clean_cache' from command line to 'False'
[0.192s] Level 5:colcon.colcon_core.verb:set package 'my_odom_pkg' build argument 'cmake_clean_first' from command line to 'False'
[0.192s] Level 5:colcon.colcon_core.verb:set package 'my_odom_pkg' build argument 'cmake_force_configure' from command line to 'False'
[0.192s] Level 5:colcon.colcon_core.verb:set package 'my_odom_pkg' build argument 'ament_cmake_args' from command line to 'None'
[0.192s] Level 5:colcon.colcon_core.verb:set package 'my_odom_pkg' build argument 'catkin_cmake_args' from command line to 'None'
[0.192s] Level 5:colcon.colcon_core.verb:set package 'my_odom_pkg' build argument 'catkin_skip_building_tests' from command line to 'False'
[0.192s] DEBUG:colcon.colcon_core.verb:Building package 'my_odom_pkg' with the following arguments: {'ament_cmake_args': None, 'build_base': '/home/tm/git_ws/myrobot/build/my_odom_pkg', 'catkin_cmake_args': None, 'catkin_skip_building_tests': False, 'cmake_args': None, 'cmake_clean_cache': False, 'cmake_clean_first': False, 'cmake_force_configure': False, 'cmake_target': None, 'cmake_target_skip_unavailable': False, 'install_base': '/home/tm/git_ws/myrobot/install/my_odom_pkg', 'merge_install': False, 'path': '/home/tm/git_ws/myrobot/src/my_odom_pkg', 'symlink_install': False, 'test_result_base': None}
[0.192s] Level 5:colcon.colcon_core.verb:set package 'myrobot' build argument 'cmake_args' from command line to 'None'
[0.192s] Level 5:colcon.colcon_core.verb:set package 'myrobot' build argument 'cmake_target' from command line to 'None'
[0.192s] Level 5:colcon.colcon_core.verb:set package 'myrobot' build argument 'cmake_target_skip_unavailable' from command line to 'False'
[0.192s] Level 5:colcon.colcon_core.verb:set package 'myrobot' build argument 'cmake_clean_cache' from command line to 'False'
[0.192s] Level 5:colcon.colcon_core.verb:set package 'myrobot' build argument 'cmake_clean_first' from command line to 'False'
[0.192s] Level 5:colcon.colcon_core.verb:set package 'myrobot' build argument 'cmake_force_configure' from command line to 'False'
[0.192s] Level 5:colcon.colcon_core.verb:set package 'myrobot' build argument 'ament_cmake_args' from command line to 'None'
[0.192s] Level 5:colcon.colcon_core.verb:set package 'myrobot' build argument 'catkin_cmake_args' from command line to 'None'
[0.192s] Level 5:colcon.colcon_core.verb:set package 'myrobot' build argument 'catkin_skip_building_tests' from command line to 'False'
[0.192s] DEBUG:colcon.colcon_core.verb:Building package 'myrobot' with the following arguments: {'ament_cmake_args': None, 'build_base': '/home/tm/git_ws/myrobot/build/myrobot', 'catkin_cmake_args': None, 'catkin_skip_building_tests': False, 'cmake_args': None, 'cmake_clean_cache': False, 'cmake_clean_first': False, 'cmake_force_configure': False, 'cmake_target': None, 'cmake_target_skip_unavailable': False, 'install_base': '/home/tm/git_ws/myrobot/install/myrobot', 'merge_install': False, 'path': '/home/tm/git_ws/myrobot/src/myrobot', 'symlink_install': False, 'test_result_base': None}
[0.192s] Level 5:colcon.colcon_core.verb:set package 'myrobot_behavior_tree' build argument 'cmake_args' from command line to 'None'
[0.192s] Level 5:colcon.colcon_core.verb:set package 'myrobot_behavior_tree' build argument 'cmake_target' from command line to 'None'
[0.192s] Level 5:colcon.colcon_core.verb:set package 'myrobot_behavior_tree' build argument 'cmake_target_skip_unavailable' from command line to 'False'
[0.192s] Level 5:colcon.colcon_core.verb:set package 'myrobot_behavior_tree' build argument 'cmake_clean_cache' from command line to 'False'
[0.192s] Level 5:colcon.colcon_core.verb:set package 'myrobot_behavior_tree' build argument 'cmake_clean_first' from command line to 'False'
[0.192s] Level 5:colcon.colcon_core.verb:set package 'myrobot_behavior_tree' build argument 'cmake_force_configure' from command line to 'False'
[0.192s] Level 5:colcon.colcon_core.verb:set package 'myrobot_behavior_tree' build argument 'ament_cmake_args' from command line to 'None'
[0.192s] Level 5:colcon.colcon_core.verb:set package 'myrobot_behavior_tree' build argument 'catkin_cmake_args' from command line to 'None'
[0.192s] Level 5:colcon.colcon_core.verb:set package 'myrobot_behavior_tree' build argument 'catkin_skip_building_tests' from command line to 'False'
[0.192s] DEBUG:colcon.colcon_core.verb:Building package 'myrobot_behavior_tree' with the following arguments: {'ament_cmake_args': None, 'build_base': '/home/tm/git_ws/myrobot/build/myrobot_behavior_tree', 'catkin_cmake_args': None, 'catkin_skip_building_tests': False, 'cmake_args': None, 'cmake_clean_cache': False, 'cmake_clean_first': False, 'cmake_force_configure': False, 'cmake_target': None, 'cmake_target_skip_unavailable': False, 'install_base': '/home/tm/git_ws/myrobot/install/myrobot_behavior_tree', 'merge_install': False, 'path': '/home/tm/git_ws/myrobot/src/myrobot_behavior_tree', 'symlink_install': False, 'test_result_base': None}
[0.192s] Level 5:colcon.colcon_core.verb:set package 'myrobot_cartographer' build argument 'cmake_args' from command line to 'None'
[0.192s] Level 5:colcon.colcon_core.verb:set package 'myrobot_cartographer' build argument 'cmake_target' from command line to 'None'
[0.192s] Level 5:colcon.colcon_core.verb:set package 'myrobot_cartographer' build argument 'cmake_target_skip_unavailable' from command line to 'False'
[0.192s] Level 5:colcon.colcon_core.verb:set package 'myrobot_cartographer' build argument 'cmake_clean_cache' from command line to 'False'
[0.192s] Level 5:colcon.colcon_core.verb:set package 'myrobot_cartographer' build argument 'cmake_clean_first' from command line to 'False'
[0.192s] Level 5:colcon.colcon_core.verb:set package 'myrobot_cartographer' build argument 'cmake_force_configure' from command line to 'False'
[0.192s] Level 5:colcon.colcon_core.verb:set package 'myrobot_cartographer' build argument 'ament_cmake_args' from command line to 'None'
[0.192s] Level 5:colcon.colcon_core.verb:set package 'myrobot_cartographer' build argument 'catkin_cmake_args' from command line to 'None'
[0.192s] Level 5:colcon.colcon_core.verb:set package 'myrobot_cartographer' build argument 'catkin_skip_building_tests' from command line to 'False'
[0.192s] DEBUG:colcon.colcon_core.verb:Building package 'myrobot_cartographer' with the following arguments: {'ament_cmake_args': None, 'build_base': '/home/tm/git_ws/myrobot/build/myrobot_cartographer', 'catkin_cmake_args': None, 'catkin_skip_building_tests': False, 'cmake_args': None, 'cmake_clean_cache': False, 'cmake_clean_first': False, 'cmake_force_configure': False, 'cmake_target': None, 'cmake_target_skip_unavailable': False, 'install_base': '/home/tm/git_ws/myrobot/install/myrobot_cartographer', 'merge_install': False, 'path': '/home/tm/git_ws/myrobot/src/myrobot_cartographer', 'symlink_install': False, 'test_result_base': None}
[0.193s] Level 5:colcon.colcon_core.verb:set package 'myrobot_interfaces' build argument 'cmake_args' from command line to 'None'
[0.193s] Level 5:colcon.colcon_core.verb:set package 'myrobot_interfaces' build argument 'cmake_target' from command line to 'None'
[0.193s] Level 5:colcon.colcon_core.verb:set package 'myrobot_interfaces' build argument 'cmake_target_skip_unavailable' from command line to 'False'
[0.193s] Level 5:colcon.colcon_core.verb:set package 'myrobot_interfaces' build argument 'cmake_clean_cache' from command line to 'False'
[0.193s] Level 5:colcon.colcon_core.verb:set package 'myrobot_interfaces' build argument 'cmake_clean_first' from command line to 'False'
[0.193s] Level 5:colcon.colcon_core.verb:set package 'myrobot_interfaces' build argument 'cmake_force_configure' from command line to 'False'
[0.193s] Level 5:colcon.colcon_core.verb:set package 'myrobot_interfaces' build argument 'ament_cmake_args' from command line to 'None'
[0.193s] Level 5:colcon.colcon_core.verb:set package 'myrobot_interfaces' build argument 'catkin_cmake_args' from command line to 'None'
[0.193s] Level 5:colcon.colcon_core.verb:set package 'myrobot_interfaces' build argument 'catkin_skip_building_tests' from command line to 'False'
[0.193s] DEBUG:colcon.colcon_core.verb:Building package 'myrobot_interfaces' with the following arguments: {'ament_cmake_args': None, 'build_base': '/home/tm/git_ws/myrobot/build/myrobot_interfaces', 'catkin_cmake_args': None, 'catkin_skip_building_tests': False, 'cmake_args': None, 'cmake_clean_cache': False, 'cmake_clean_first': False, 'cmake_force_configure': False, 'cmake_target': None, 'cmake_target_skip_unavailable': False, 'install_base': '/home/tm/git_ws/myrobot/install/myrobot_interfaces', 'merge_install': False, 'path': '/home/tm/git_ws/myrobot/src/myrobot_interfaces', 'symlink_install': False, 'test_result_base': None}
[0.193s] Level 5:colcon.colcon_core.verb:set package 'myrobot_navigation' build argument 'cmake_args' from command line to 'None'
[0.193s] Level 5:colcon.colcon_core.verb:set package 'myrobot_navigation' build argument 'cmake_target' from command line to 'None'
[0.193s] Level 5:colcon.colcon_core.verb:set package 'myrobot_navigation' build argument 'cmake_target_skip_unavailable' from command line to 'False'
[0.193s] Level 5:colcon.colcon_core.verb:set package 'myrobot_navigation' build argument 'cmake_clean_cache' from command line to 'False'
[0.193s] Level 5:colcon.colcon_core.verb:set package 'myrobot_navigation' build argument 'cmake_clean_first' from command line to 'False'
[0.193s] Level 5:colcon.colcon_core.verb:set package 'myrobot_navigation' build argument 'cmake_force_configure' from command line to 'False'
[0.193s] Level 5:colcon.colcon_core.verb:set package 'myrobot_navigation' build argument 'ament_cmake_args' from command line to 'None'
[0.193s] Level 5:colcon.colcon_core.verb:set package 'myrobot_navigation' build argument 'catkin_cmake_args' from command line to 'None'
[0.193s] Level 5:colcon.colcon_core.verb:set package 'myrobot_navigation' build argument 'catkin_skip_building_tests' from command line to 'False'
[0.193s] DEBUG:colcon.colcon_core.verb:Building package 'myrobot_navigation' with the following arguments: {'ament_cmake_args': None, 'build_base': '/home/tm/git_ws/myrobot/build/myrobot_navigation', 'catkin_cmake_args': None, 'catkin_skip_building_tests': False, 'cmake_args': None, 'cmake_clean_cache': False, 'cmake_clean_first': False, 'cmake_force_configure': False, 'cmake_target': None, 'cmake_target_skip_unavailable': False, 'install_base': '/home/tm/git_ws/myrobot/install/myrobot_navigation', 'merge_install': False, 'path': '/home/tm/git_ws/myrobot/src/myrobot_navigation', 'symlink_install': False, 'test_result_base': None}
[0.193s] Level 5:colcon.colcon_core.verb:set package 'user_gui' build argument 'cmake_args' from command line to 'None'
[0.193s] Level 5:colcon.colcon_core.verb:set package 'user_gui' build argument 'cmake_target' from command line to 'None'
[0.193s] Level 5:colcon.colcon_core.verb:set package 'user_gui' build argument 'cmake_target_skip_unavailable' from command line to 'False'
[0.193s] Level 5:colcon.colcon_core.verb:set package 'user_gui' build argument 'cmake_clean_cache' from command line to 'False'
[0.193s] Level 5:colcon.colcon_core.verb:set package 'user_gui' build argument 'cmake_clean_first' from command line to 'False'
[0.193s] Level 5:colcon.colcon_core.verb:set package 'user_gui' build argument 'cmake_force_configure' from command line to 'False'
[0.193s] Level 5:colcon.colcon_core.verb:set package 'user_gui' build argument 'ament_cmake_args' from command line to 'None'
[0.193s] Level 5:colcon.colcon_core.verb:set package 'user_gui' build argument 'catkin_cmake_args' from command line to 'None'
[0.193s] Level 5:colcon.colcon_core.verb:set package 'user_gui' build argument 'catkin_skip_building_tests' from command line to 'False'
[0.193s] DEBUG:colcon.colcon_core.verb:Building package 'user_gui' with the following arguments: {'ament_cmake_args': None, 'build_base': '/home/tm/git_ws/myrobot/build/user_gui', 'catkin_cmake_args': None, 'catkin_skip_building_tests': False, 'cmake_args': None, 'cmake_clean_cache': False, 'cmake_clean_first': False, 'cmake_force_configure': False, 'cmake_target': None, 'cmake_target_skip_unavailable': False, 'install_base': '/home/tm/git_ws/myrobot/install/user_gui', 'merge_install': False, 'path': '/home/tm/git_ws/myrobot/src/user_gui', 'symlink_install': False, 'test_result_base': None}
[0.193s] Level 5:colcon.colcon_core.verb:set package 'place_nav' build argument 'cmake_args' from command line to 'None'
[0.193s] Level 5:colcon.colcon_core.verb:set package 'place_nav' build argument 'cmake_target' from command line to 'None'
[0.193s] Level 5:colcon.colcon_core.verb:set package 'place_nav' build argument 'cmake_target_skip_unavailable' from command line to 'False'
[0.193s] Level 5:colcon.colcon_core.verb:set package 'place_nav' build argument 'cmake_clean_cache' from command line to 'False'
[0.193s] Level 5:colcon.colcon_core.verb:set package 'place_nav' build argument 'cmake_clean_first' from command line to 'False'
[0.193s] Level 5:colcon.colcon_core.verb:set package 'place_nav' build argument 'cmake_force_configure' from command line to 'False'
[0.193s] Level 5:colcon.colcon_core.verb:set package 'place_nav' build argument 'ament_cmake_args' from command line to 'None'
[0.193s] Level 5:colcon.colcon_core.verb:set package 'place_nav' build argument 'catkin_cmake_args' from command line to 'None'
[0.193s] Level 5:colcon.colcon_core.verb:set package 'place_nav' build argument 'catkin_skip_building_tests' from command line to 'False'
[0.193s] DEBUG:colcon.colcon_core.verb:Building package 'place_nav' with the following arguments: {'ament_cmake_args': None, 'build_base': '/home/tm/git_ws/myrobot/build/place_nav', 'catkin_cmake_args': None, 'catkin_skip_building_tests': False, 'cmake_args': None, 'cmake_clean_cache': False, 'cmake_clean_first': False, 'cmake_force_configure': False, 'cmake_target': None, 'cmake_target_skip_unavailable': False, 'install_base': '/home/tm/git_ws/myrobot/install/place_nav', 'merge_install': False, 'path': '/home/tm/git_ws/myrobot/src/place_nav', 'symlink_install': False, 'test_result_base': None}
[0.193s] INFO:colcon.colcon_core.executor:Executing jobs using 'parallel' executor
[0.194s] DEBUG:colcon.colcon_parallel_executor.executor.parallel:run_until_complete
[0.194s] INFO:colcon.colcon_ros.task.ament_cmake.build:Building ROS package in '/home/tm/git_ws/myrobot/src/myrobot_interfaces' with build type 'ament_cmake'
[0.194s] INFO:colcon.colcon_cmake.task.cmake.build:Building CMake package in '/home/tm/git_ws/myrobot/src/myrobot_interfaces'
[0.195s] INFO:colcon.colcon_core.plugin_system:Skipping extension 'colcon_core.shell.bat': Not used on non-Windows systems
[0.195s] INFO:colcon.colcon_core.shell:Skip shell extension 'powershell' for command environment: Not usable outside of PowerShell
[0.195s] DEBUG:colcon.colcon_core.shell:Skip shell extension 'dsv' for command environment
[0.198s] INFO:colcon.colcon_ros.task.ament_python.build:Building ROS package in '/home/tm/git_ws/myrobot/src/my_odom_pkg' with build type 'ament_python'
[0.198s] Level 1:colcon.colcon_core.shell:create_environment_hook('my_odom_pkg', 'ament_prefix_path')
[0.198s] INFO:colcon.colcon_core.shell:Creating environment hook '/home/tm/git_ws/myrobot/install/my_odom_pkg/share/my_odom_pkg/hook/ament_prefix_path.ps1'
[0.199s] INFO:colcon.colcon_core.shell:Creating environment descriptor '/home/tm/git_ws/myrobot/install/my_odom_pkg/share/my_odom_pkg/hook/ament_prefix_path.dsv'
[0.199s] INFO:colcon.colcon_core.shell:Creating environment hook '/home/tm/git_ws/myrobot/install/my_odom_pkg/share/my_odom_pkg/hook/ament_prefix_path.sh'
[0.200s] INFO:colcon.colcon_core.shell:Skip shell extension 'powershell' for command environment: Not usable outside of PowerShell
[0.200s] DEBUG:colcon.colcon_core.shell:Skip shell extension 'dsv' for command environment
[0.203s] INFO:colcon.colcon_ros.task.ament_cmake.build:Building ROS package in '/home/tm/git_ws/myrobot/src/myrobot' with build type 'ament_cmake'
[0.203s] INFO:colcon.colcon_cmake.task.cmake.build:Building CMake package in '/home/tm/git_ws/myrobot/src/myrobot'
[0.203s] INFO:colcon.colcon_core.shell:Skip shell extension 'powershell' for command environment: Not usable outside of PowerShell
[0.203s] DEBUG:colcon.colcon_core.shell:Skip shell extension 'dsv' for command environment
[0.206s] INFO:colcon.colcon_ros.task.ament_cmake.build:Building ROS package in '/home/tm/git_ws/myrobot/src/myrobot_behavior_tree' with build type 'ament_cmake'
[0.206s] INFO:colcon.colcon_cmake.task.cmake.build:Building CMake package in '/home/tm/git_ws/myrobot/src/myrobot_behavior_tree'
[0.206s] INFO:colcon.colcon_core.shell:Skip shell extension 'powershell' for command environment: Not usable outside of PowerShell
[0.206s] DEBUG:colcon.colcon_core.shell:Skip shell extension 'dsv' for command environment
[0.209s] INFO:colcon.colcon_ros.task.ament_cmake.build:Building ROS package in '/home/tm/git_ws/myrobot/src/myrobot_cartographer' with build type 'ament_cmake'
[0.209s] INFO:colcon.colcon_cmake.task.cmake.build:Building CMake package in '/home/tm/git_ws/myrobot/src/myrobot_cartographer'
[0.209s] INFO:colcon.colcon_core.shell:Skip shell extension 'powershell' for command environment: Not usable outside of PowerShell
[0.209s] DEBUG:colcon.colcon_core.shell:Skip shell extension 'dsv' for command environment
[0.212s] INFO:colcon.colcon_ros.task.ament_cmake.build:Building ROS package in '/home/tm/git_ws/myrobot/src/myrobot_navigation' with build type 'ament_cmake'
[0.212s] INFO:colcon.colcon_cmake.task.cmake.build:Building CMake package in '/home/tm/git_ws/myrobot/src/myrobot_navigation'
[0.212s] INFO:colcon.colcon_core.shell:Skip shell extension 'powershell' for command environment: Not usable outside of PowerShell
[0.212s] DEBUG:colcon.colcon_core.shell:Skip shell extension 'dsv' for command environment
[0.216s] INFO:colcon.colcon_ros.task.ament_cmake.build:Building ROS package in '/home/tm/git_ws/myrobot/src/user_gui' with build type 'ament_cmake'
[0.216s] INFO:colcon.colcon_cmake.task.cmake.build:Building CMake package in '/home/tm/git_ws/myrobot/src/user_gui'
[0.216s] INFO:colcon.colcon_core.shell:Skip shell extension 'powershell' for command environment: Not usable outside of PowerShell
[0.216s] DEBUG:colcon.colcon_core.shell:Skip shell extension 'dsv' for command environment
[0.222s] DEBUG:colcon.colcon_core.event_handler.log_command:Invoking command in '/home/tm/git_ws/myrobot/build/myrobot_interfaces': CMAKE_PREFIX_PATH=${CMAKE_PREFIX_PATH}:/opt/ros/jazzy DEBUGINFOD_URLS=https://debuginfod.ubuntu.com VIRTUAL_ENV_PROMPT=(ros) /usr/bin/cmake --build /home/tm/git_ws/myrobot/build/myrobot_interfaces -- -j16 -l16
[0.439s] INFO:colcon.colcon_core.task.python.build:Building Python package in '/home/tm/git_ws/myrobot/src/my_odom_pkg'
[0.439s] INFO:colcon.colcon_core.shell:Skip shell extension 'powershell' for command environment: Not usable outside of PowerShell
[0.439s] DEBUG:colcon.colcon_core.shell:Skip shell extension 'dsv' for command environment
[0.444s] DEBUG:colcon.colcon_core.event_handler.log_command:Invoking command in '/home/tm/git_ws/myrobot/build/myrobot': CMAKE_PREFIX_PATH=${CMAKE_PREFIX_PATH}:/opt/ros/jazzy DEBUGINFOD_URLS=https://debuginfod.ubuntu.com VIRTUAL_ENV_PROMPT=(ros) /usr/bin/cmake --build /home/tm/git_ws/myrobot/build/myrobot -- -j16 -l16
[0.445s] DEBUG:colcon.colcon_core.event_handler.log_command:Invoking command in '/home/tm/git_ws/myrobot/build/myrobot_behavior_tree': CMAKE_PREFIX_PATH=${CMAKE_PREFIX_PATH}:/opt/ros/jazzy DEBUGINFOD_URLS=https://debuginfod.ubuntu.com VIRTUAL_ENV_PROMPT=(ros) /usr/bin/cmake /home/tm/git_ws/myrobot/src/myrobot_behavior_tree -DCMAKE_INSTALL_PREFIX=/home/tm/git_ws/myrobot/install/myrobot_behavior_tree
[0.446s] DEBUG:colcon.colcon_core.event_handler.log_command:Invoking command in '/home/tm/git_ws/myrobot/build/myrobot_cartographer': CMAKE_PREFIX_PATH=${CMAKE_PREFIX_PATH}:/opt/ros/jazzy DEBUGINFOD_URLS=https://debuginfod.ubuntu.com VIRTUAL_ENV_PROMPT=(ros) /usr/bin/cmake --build /home/tm/git_ws/myrobot/build/myrobot_cartographer -- -j16 -l16
[0.447s] DEBUG:colcon.colcon_core.event_handler.log_command:Invoking command in '/home/tm/git_ws/myrobot/build/myrobot_navigation': CMAKE_PREFIX_PATH=${CMAKE_PREFIX_PATH}:/opt/ros/jazzy DEBUGINFOD_URLS=https://debuginfod.ubuntu.com VIRTUAL_ENV_PROMPT=(ros) /usr/bin/cmake --build /home/tm/git_ws/myrobot/build/myrobot_navigation -- -j16 -l16
[0.455s] DEBUG:colcon.colcon_core.event_handler.log_command:Invoking command in '/home/tm/git_ws/myrobot/build/user_gui': CMAKE_PREFIX_PATH=${CMAKE_PREFIX_PATH}:/opt/ros/jazzy DEBUGINFOD_URLS=https://debuginfod.ubuntu.com VIRTUAL_ENV_PROMPT=(ros) /usr/bin/cmake /home/tm/git_ws/myrobot/src/user_gui -DCMAKE_INSTALL_PREFIX=/home/tm/git_ws/myrobot/install/user_gui
[0.486s] DEBUG:colcon.colcon_core.event_handler.log_command:Invoked command in '/home/tm/git_ws/myrobot/build/myrobot_cartographer' returned '0': CMAKE_PREFIX_PATH=${CMAKE_PREFIX_PATH}:/opt/ros/jazzy DEBUGINFOD_URLS=https://debuginfod.ubuntu.com VIRTUAL_ENV_PROMPT=(ros) /usr/bin/cmake --build /home/tm/git_ws/myrobot/build/myrobot_cartographer -- -j16 -l16
[0.499s] DEBUG:colcon.colcon_core.event_handler.log_command:Invoking command in '/home/tm/git_ws/myrobot/build/myrobot_cartographer': CMAKE_PREFIX_PATH=${CMAKE_PREFIX_PATH}:/opt/ros/jazzy DEBUGINFOD_URLS=https://debuginfod.ubuntu.com VIRTUAL_ENV_PROMPT=(ros) /usr/bin/cmake --install /home/tm/git_ws/myrobot/build/myrobot_cartographer
[0.501s] DEBUG:colcon.colcon_core.event_handler.log_command:Invoked command in '/home/tm/git_ws/myrobot/build/myrobot' returned '0': CMAKE_PREFIX_PATH=${CMAKE_PREFIX_PATH}:/opt/ros/jazzy DEBUGINFOD_URLS=https://debuginfod.ubuntu.com VIRTUAL_ENV_PROMPT=(ros) /usr/bin/cmake --build /home/tm/git_ws/myrobot/build/myrobot -- -j16 -l16
[0.502s] DEBUG:colcon.colcon_core.event_handler.log_command:Invoking command in '/home/tm/git_ws/myrobot/build/myrobot': CMAKE_PREFIX_PATH=${CMAKE_PREFIX_PATH}:/opt/ros/jazzy DEBUGINFOD_URLS=https://debuginfod.ubuntu.com VIRTUAL_ENV_PROMPT=(ros) /usr/bin/cmake --install /home/tm/git_ws/myrobot/build/myrobot
[0.503s] DEBUG:colcon.colcon_core.event_handler.log_command:Invoked command in '/home/tm/git_ws/myrobot/build/myrobot_navigation' returned '0': CMAKE_PREFIX_PATH=${CMAKE_PREFIX_PATH}:/opt/ros/jazzy DEBUGINFOD_URLS=https://debuginfod.ubuntu.com VIRTUAL_ENV_PROMPT=(ros) /usr/bin/cmake --build /home/tm/git_ws/myrobot/build/myrobot_navigation -- -j16 -l16
[0.504s] DEBUG:colcon.colcon_core.event_handler.log_command:Invoking command in '/home/tm/git_ws/myrobot/build/myrobot_navigation': CMAKE_PREFIX_PATH=${CMAKE_PREFIX_PATH}:/opt/ros/jazzy DEBUGINFOD_URLS=https://debuginfod.ubuntu.com VIRTUAL_ENV_PROMPT=(ros) /usr/bin/cmake --install /home/tm/git_ws/myrobot/build/myrobot_navigation
[0.512s] Level 1:colcon.colcon_core.environment:create_environment_scripts_only(myrobot_cartographer)
[0.513s] DEBUG:colcon.colcon_core.event_handler.log_command:Invoked command in '/home/tm/git_ws/myrobot/build/myrobot_cartographer' returned '0': CMAKE_PREFIX_PATH=${CMAKE_PREFIX_PATH}:/opt/ros/jazzy DEBUGINFOD_URLS=https://debuginfod.ubuntu.com VIRTUAL_ENV_PROMPT=(ros) /usr/bin/cmake --install /home/tm/git_ws/myrobot/build/myrobot_cartographer
[0.517s] Level 1:colcon.colcon_core.environment:checking '/home/tm/git_ws/myrobot/install/myrobot_cartographer' for CMake module files
[0.518s] Level 1:colcon.colcon_core.environment:checking '/home/tm/git_ws/myrobot/install/myrobot_cartographer' for CMake config files
[0.519s] Level 1:colcon.colcon_core.shell:create_environment_hook('myrobot_cartographer', 'cmake_prefix_path')
[0.519s] INFO:colcon.colcon_core.shell:Creating environment hook '/home/tm/git_ws/myrobot/install/myrobot_cartographer/share/myrobot_cartographer/hook/cmake_prefix_path.ps1'
[0.520s] INFO:colcon.colcon_core.shell:Creating environment descriptor '/home/tm/git_ws/myrobot/install/myrobot_cartographer/share/myrobot_cartographer/hook/cmake_prefix_path.dsv'
[0.520s] INFO:colcon.colcon_core.shell:Creating environment hook '/home/tm/git_ws/myrobot/install/myrobot_cartographer/share/myrobot_cartographer/hook/cmake_prefix_path.sh'
[0.521s] Level 1:colcon.colcon_core.environment:checking '/home/tm/git_ws/myrobot/install/myrobot_cartographer/bin'
[0.521s] Level 1:colcon.colcon_core.environment:checking '/home/tm/git_ws/myrobot/install/myrobot_cartographer/lib/pkgconfig/myrobot_cartographer.pc'
[0.522s] Level 1:colcon.colcon_core.environment:checking '/home/tm/git_ws/myrobot/install/myrobot_cartographer/lib/python3.12/site-packages'
[0.522s] Level 1:colcon.colcon_core.environment:checking '/home/tm/git_ws/myrobot/install/myrobot_cartographer/bin'
[0.522s] INFO:colcon.colcon_core.shell:Creating package script '/home/tm/git_ws/myrobot/install/myrobot_cartographer/share/myrobot_cartographer/package.ps1'
[0.524s] INFO:colcon.colcon_core.shell:Creating package descriptor '/home/tm/git_ws/myrobot/install/myrobot_cartographer/share/myrobot_cartographer/package.dsv'
[0.524s] INFO:colcon.colcon_core.shell:Creating package script '/home/tm/git_ws/myrobot/install/myrobot_cartographer/share/myrobot_cartographer/package.sh'
[0.526s] INFO:colcon.colcon_core.shell:Creating package script '/home/tm/git_ws/myrobot/install/myrobot_cartographer/share/myrobot_cartographer/package.bash'
[0.527s] INFO:colcon.colcon_core.shell:Creating package script '/home/tm/git_ws/myrobot/install/myrobot_cartographer/share/myrobot_cartographer/package.zsh'
[0.528s] Level 1:colcon.colcon_core.environment:create_file_with_runtime_dependencies(/home/tm/git_ws/myrobot/install/myrobot_cartographer/share/colcon-core/packages/myrobot_cartographer)
[0.528s] Level 1:colcon.colcon_core.environment:create_environment_scripts_only(myrobot_cartographer)
[0.529s] Level 1:colcon.colcon_core.environment:checking '/home/tm/git_ws/myrobot/install/myrobot_cartographer' for CMake module files
[0.529s] Level 1:colcon.colcon_core.environment:checking '/home/tm/git_ws/myrobot/install/myrobot_cartographer' for CMake config files
[0.529s] Level 1:colcon.colcon_core.shell:create_environment_hook('myrobot_cartographer', 'cmake_prefix_path')
[0.529s] INFO:colcon.colcon_core.shell:Creating environment hook '/home/tm/git_ws/myrobot/install/myrobot_cartographer/share/myrobot_cartographer/hook/cmake_prefix_path.ps1'
[0.530s] INFO:colcon.colcon_core.shell:Creating environment descriptor '/home/tm/git_ws/myrobot/install/myrobot_cartographer/share/myrobot_cartographer/hook/cmake_prefix_path.dsv'
[0.530s] INFO:colcon.colcon_core.shell:Creating environment hook '/home/tm/git_ws/myrobot/install/myrobot_cartographer/share/myrobot_cartographer/hook/cmake_prefix_path.sh'
[0.530s] Level 1:colcon.colcon_core.environment:checking '/home/tm/git_ws/myrobot/install/myrobot_cartographer/bin'
[0.530s] Level 1:colcon.colcon_core.environment:checking '/home/tm/git_ws/myrobot/install/myrobot_cartographer/lib/pkgconfig/myrobot_cartographer.pc'
[0.531s] Level 1:colcon.colcon_core.environment:checking '/home/tm/git_ws/myrobot/install/myrobot_cartographer/lib/python3.12/site-packages'
[0.531s] Level 1:colcon.colcon_core.environment:checking '/home/tm/git_ws/myrobot/install/myrobot_cartographer/bin'
[0.531s] INFO:colcon.colcon_core.shell:Creating package script '/home/tm/git_ws/myrobot/install/myrobot_cartographer/share/myrobot_cartographer/package.ps1'
[0.532s] INFO:colcon.colcon_core.shell:Creating package descriptor '/home/tm/git_ws/myrobot/install/myrobot_cartographer/share/myrobot_cartographer/package.dsv'
[0.532s] INFO:colcon.colcon_core.shell:Creating package script '/home/tm/git_ws/myrobot/install/myrobot_cartographer/share/myrobot_cartographer/package.sh'
[0.533s] INFO:colcon.colcon_core.shell:Creating package script '/home/tm/git_ws/myrobot/install/myrobot_cartographer/share/myrobot_cartographer/package.bash'
[0.533s] INFO:colcon.colcon_core.shell:Creating package script '/home/tm/git_ws/myrobot/install/myrobot_cartographer/share/myrobot_cartographer/package.zsh'
[0.534s] Level 1:colcon.colcon_core.environment:create_file_with_runtime_dependencies(/home/tm/git_ws/myrobot/install/myrobot_cartographer/share/colcon-core/packages/myrobot_cartographer)
[0.534s] Level 1:colcon.colcon_core.environment:create_environment_scripts_only(myrobot)
[0.535s] Level 1:colcon.colcon_core.environment:checking '/home/tm/git_ws/myrobot/install/myrobot' for CMake module files
[0.535s] DEBUG:colcon.colcon_core.event_handler.log_command:Invoked command in '/home/tm/git_ws/myrobot/build/myrobot' returned '0': CMAKE_PREFIX_PATH=${CMAKE_PREFIX_PATH}:/opt/ros/jazzy DEBUGINFOD_URLS=https://debuginfod.ubuntu.com VIRTUAL_ENV_PROMPT=(ros) /usr/bin/cmake --install /home/tm/git_ws/myrobot/build/myrobot
[0.535s] Level 1:colcon.colcon_core.environment:checking '/home/tm/git_ws/myrobot/install/myrobot' for CMake config files
[0.536s] Level 1:colcon.colcon_core.shell:create_environment_hook('myrobot', 'cmake_prefix_path')
[0.536s] INFO:colcon.colcon_core.shell:Creating environment hook '/home/tm/git_ws/myrobot/install/myrobot/share/myrobot/hook/cmake_prefix_path.ps1'
[0.536s] INFO:colcon.colcon_core.shell:Creating environment descriptor '/home/tm/git_ws/myrobot/install/myrobot/share/myrobot/hook/cmake_prefix_path.dsv'
[0.536s] INFO:colcon.colcon_core.shell:Creating environment hook '/home/tm/git_ws/myrobot/install/myrobot/share/myrobot/hook/cmake_prefix_path.sh'
[0.537s] Level 1:colcon.colcon_core.environment:checking '/home/tm/git_ws/myrobot/install/myrobot/bin'
[0.537s] Level 1:colcon.colcon_core.environment:checking '/home/tm/git_ws/myrobot/install/myrobot/lib/pkgconfig/myrobot.pc'
[0.537s] Level 1:colcon.colcon_core.environment:checking '/home/tm/git_ws/myrobot/install/myrobot/lib/python3.12/site-packages'
[0.537s] Level 1:colcon.colcon_core.environment:checking '/home/tm/git_ws/myrobot/install/myrobot/bin'
[0.538s] INFO:colcon.colcon_core.shell:Creating package script '/home/tm/git_ws/myrobot/install/myrobot/share/myrobot/package.ps1'
[0.538s] INFO:colcon.colcon_core.shell:Creating package descriptor '/home/tm/git_ws/myrobot/install/myrobot/share/myrobot/package.dsv'
[0.538s] INFO:colcon.colcon_core.shell:Creating package script '/home/tm/git_ws/myrobot/install/myrobot/share/myrobot/package.sh'
[0.539s] INFO:colcon.colcon_core.shell:Creating package script '/home/tm/git_ws/myrobot/install/myrobot/share/myrobot/package.bash'
[0.539s] INFO:colcon.colcon_core.shell:Creating package script '/home/tm/git_ws/myrobot/install/myrobot/share/myrobot/package.zsh'
[0.539s] Level 1:colcon.colcon_core.environment:create_file_with_runtime_dependencies(/home/tm/git_ws/myrobot/install/myrobot/share/colcon-core/packages/myrobot)
[0.541s] Level 1:colcon.colcon_core.environment:create_environment_scripts_only(myrobot)
[0.541s] Level 1:colcon.colcon_core.environment:checking '/home/tm/git_ws/myrobot/install/myrobot' for CMake module files
[0.541s] Level 1:colcon.colcon_core.environment:checking '/home/tm/git_ws/myrobot/install/myrobot' for CMake config files
[0.542s] Level 1:colcon.colcon_core.shell:create_environment_hook('myrobot', 'cmake_prefix_path')
[0.542s] INFO:colcon.colcon_core.shell:Creating environment hook '/home/tm/git_ws/myrobot/install/myrobot/share/myrobot/hook/cmake_prefix_path.ps1'
[0.542s] INFO:colcon.colcon_core.shell:Creating environment descriptor '/home/tm/git_ws/myrobot/install/myrobot/share/myrobot/hook/cmake_prefix_path.dsv'
[0.543s] INFO:colcon.colcon_core.shell:Creating environment hook '/home/tm/git_ws/myrobot/install/myrobot/share/myrobot/hook/cmake_prefix_path.sh'
[0.543s] Level 1:colcon.colcon_core.environment:checking '/home/tm/git_ws/myrobot/install/myrobot/bin'
[0.543s] Level 1:colcon.colcon_core.environment:checking '/home/tm/git_ws/myrobot/install/myrobot/lib/pkgconfig/myrobot.pc'
[0.543s] Level 1:colcon.colcon_core.environment:checking '/home/tm/git_ws/myrobot/install/myrobot/lib/python3.12/site-packages'
[0.543s] Level 1:colcon.colcon_core.environment:checking '/home/tm/git_ws/myrobot/install/myrobot/bin'
[0.544s] INFO:colcon.colcon_core.shell:Creating package script '/home/tm/git_ws/myrobot/install/myrobot/share/myrobot/package.ps1'
[0.544s] INFO:colcon.colcon_core.shell:Creating package descriptor '/home/tm/git_ws/myrobot/install/myrobot/share/myrobot/package.dsv'
[0.544s] INFO:colcon.colcon_core.shell:Creating package script '/home/tm/git_ws/myrobot/install/myrobot/share/myrobot/package.sh'
[0.545s] INFO:colcon.colcon_core.shell:Creating package script '/home/tm/git_ws/myrobot/install/myrobot/share/myrobot/package.bash'
[0.545s] INFO:colcon.colcon_core.shell:Creating package script '/home/tm/git_ws/myrobot/install/myrobot/share/myrobot/package.zsh'
[0.546s] Level 1:colcon.colcon_core.environment:create_file_with_runtime_dependencies(/home/tm/git_ws/myrobot/install/myrobot/share/colcon-core/packages/myrobot)
[0.546s] Level 1:colcon.colcon_core.environment:create_environment_scripts_only(myrobot_navigation)
[0.547s] Level 1:colcon.colcon_core.environment:checking '/home/tm/git_ws/myrobot/install/myrobot_navigation' for CMake module files
[0.547s] DEBUG:colcon.colcon_core.event_handler.log_command:Invoked command in '/home/tm/git_ws/myrobot/build/myrobot_navigation' returned '0': CMAKE_PREFIX_PATH=${CMAKE_PREFIX_PATH}:/opt/ros/jazzy DEBUGINFOD_URLS=https://debuginfod.ubuntu.com VIRTUAL_ENV_PROMPT=(ros) /usr/bin/cmake --install /home/tm/git_ws/myrobot/build/myrobot_navigation
[0.548s] Level 1:colcon.colcon_core.environment:checking '/home/tm/git_ws/myrobot/install/myrobot_navigation' for CMake config files
[0.548s] Level 1:colcon.colcon_core.shell:create_environment_hook('myrobot_navigation', 'cmake_prefix_path')
[0.549s] INFO:colcon.colcon_core.shell:Creating environment hook '/home/tm/git_ws/myrobot/install/myrobot_navigation/share/myrobot_navigation/hook/cmake_prefix_path.ps1'
[0.549s] INFO:colcon.colcon_core.shell:Creating environment descriptor '/home/tm/git_ws/myrobot/install/myrobot_navigation/share/myrobot_navigation/hook/cmake_prefix_path.dsv'
[0.550s] INFO:colcon.colcon_core.shell:Creating environment hook '/home/tm/git_ws/myrobot/install/myrobot_navigation/share/myrobot_navigation/hook/cmake_prefix_path.sh'
[0.550s] Level 1:colcon.colcon_core.environment:checking '/home/tm/git_ws/myrobot/install/myrobot_navigation/bin'
[0.550s] Level 1:colcon.colcon_core.environment:checking '/home/tm/git_ws/myrobot/install/myrobot_navigation/lib/pkgconfig/myrobot_navigation.pc'
[0.551s] Level 1:colcon.colcon_core.environment:checking '/home/tm/git_ws/myrobot/install/myrobot_navigation/lib/python3.12/site-packages'
[0.551s] Level 1:colcon.colcon_core.environment:checking '/home/tm/git_ws/myrobot/install/myrobot_navigation/bin'
[0.551s] INFO:colcon.colcon_core.shell:Creating package script '/home/tm/git_ws/myrobot/install/myrobot_navigation/share/myrobot_navigation/package.ps1'
[0.552s] INFO:colcon.colcon_core.shell:Creating package descriptor '/home/tm/git_ws/myrobot/install/myrobot_navigation/share/myrobot_navigation/package.dsv'
[0.552s] INFO:colcon.colcon_core.shell:Creating package script '/home/tm/git_ws/myrobot/install/myrobot_navigation/share/myrobot_navigation/package.sh'
[0.552s] INFO:colcon.colcon_core.shell:Creating package script '/home/tm/git_ws/myrobot/install/myrobot_navigation/share/myrobot_navigation/package.bash'
[0.553s] INFO:colcon.colcon_core.shell:Creating package script '/home/tm/git_ws/myrobot/install/myrobot_navigation/share/myrobot_navigation/package.zsh'
[0.553s] Level 1:colcon.colcon_core.environment:create_file_with_runtime_dependencies(/home/tm/git_ws/myrobot/install/myrobot_navigation/share/colcon-core/packages/myrobot_navigation)
[0.553s] Level 1:colcon.colcon_core.environment:create_environment_scripts_only(myrobot_navigation)
[0.553s] Level 1:colcon.colcon_core.environment:checking '/home/tm/git_ws/myrobot/install/myrobot_navigation' for CMake module files
[0.554s] Level 1:colcon.colcon_core.environment:checking '/home/tm/git_ws/myrobot/install/myrobot_navigation' for CMake config files
[0.554s] Level 1:colcon.colcon_core.shell:create_environment_hook('myrobot_navigation', 'cmake_prefix_path')
[0.554s] INFO:colcon.colcon_core.shell:Creating environment hook '/home/tm/git_ws/myrobot/install/myrobot_navigation/share/myrobot_navigation/hook/cmake_prefix_path.ps1'
[0.554s] INFO:colcon.colcon_core.shell:Creating environment descriptor '/home/tm/git_ws/myrobot/install/myrobot_navigation/share/myrobot_navigation/hook/cmake_prefix_path.dsv'
[0.554s] INFO:colcon.colcon_core.shell:Creating environment hook '/home/tm/git_ws/myrobot/install/myrobot_navigation/share/myrobot_navigation/hook/cmake_prefix_path.sh'
[0.555s] Level 1:colcon.colcon_core.environment:checking '/home/tm/git_ws/myrobot/install/myrobot_navigation/bin'
[0.555s] Level 1:colcon.colcon_core.environment:checking '/home/tm/git_ws/myrobot/install/myrobot_navigation/lib/pkgconfig/myrobot_navigation.pc'
[0.555s] Level 1:colcon.colcon_core.environment:checking '/home/tm/git_ws/myrobot/install/myrobot_navigation/lib/python3.12/site-packages'
[0.555s] Level 1:colcon.colcon_core.environment:checking '/home/tm/git_ws/myrobot/install/myrobot_navigation/bin'
[0.556s] INFO:colcon.colcon_core.shell:Creating package script '/home/tm/git_ws/myrobot/install/myrobot_navigation/share/myrobot_navigation/package.ps1'
[0.557s] INFO:colcon.colcon_core.shell:Creating package descriptor '/home/tm/git_ws/myrobot/install/myrobot_navigation/share/myrobot_navigation/package.dsv'
[0.557s] INFO:colcon.colcon_core.shell:Creating package script '/home/tm/git_ws/myrobot/install/myrobot_navigation/share/myrobot_navigation/package.sh'
[0.558s] INFO:colcon.colcon_core.shell:Creating package script '/home/tm/git_ws/myrobot/install/myrobot_navigation/share/myrobot_navigation/package.bash'
[0.558s] INFO:colcon.colcon_core.shell:Creating package script '/home/tm/git_ws/myrobot/install/myrobot_navigation/share/myrobot_navigation/package.zsh'
[0.558s] Level 1:colcon.colcon_core.environment:create_file_with_runtime_dependencies(/home/tm/git_ws/myrobot/install/myrobot_navigation/share/colcon-core/packages/myrobot_navigation)
[0.563s] DEBUG:colcon.colcon_core.event_handler.log_command:Invoked command in '/home/tm/git_ws/myrobot/build/myrobot_interfaces' returned '0': CMAKE_PREFIX_PATH=${CMAKE_PREFIX_PATH}:/opt/ros/jazzy DEBUGINFOD_URLS=https://debuginfod.ubuntu.com VIRTUAL_ENV_PROMPT=(ros) /usr/bin/cmake --build /home/tm/git_ws/myrobot/build/myrobot_interfaces -- -j16 -l16
[0.564s] DEBUG:colcon.colcon_core.event_handler.log_command:Invoking command in '/home/tm/git_ws/myrobot/build/myrobot_interfaces': CMAKE_PREFIX_PATH=${CMAKE_PREFIX_PATH}:/opt/ros/jazzy DEBUGINFOD_URLS=https://debuginfod.ubuntu.com VIRTUAL_ENV_PROMPT=(ros) /usr/bin/cmake --install /home/tm/git_ws/myrobot/build/myrobot_interfaces
[0.628s] Level 1:colcon.colcon_core.environment:create_environment_scripts_only(myrobot_interfaces)
[0.628s] Level 1:colcon.colcon_core.environment:checking '/home/tm/git_ws/myrobot/install/myrobot_interfaces' for CMake module files
[0.629s] DEBUG:colcon.colcon_core.event_handler.log_command:Invoked command in '/home/tm/git_ws/myrobot/build/myrobot_interfaces' returned '0': CMAKE_PREFIX_PATH=${CMAKE_PREFIX_PATH}:/opt/ros/jazzy DEBUGINFOD_URLS=https://debuginfod.ubuntu.com VIRTUAL_ENV_PROMPT=(ros) /usr/bin/cmake --install /home/tm/git_ws/myrobot/build/myrobot_interfaces
[0.629s] Level 1:colcon.colcon_core.environment:checking '/home/tm/git_ws/myrobot/install/myrobot_interfaces' for CMake config files
[0.629s] Level 1:colcon.colcon_core.shell:create_environment_hook('myrobot_interfaces', 'cmake_prefix_path')
[0.629s] INFO:colcon.colcon_core.shell:Creating environment hook '/home/tm/git_ws/myrobot/install/myrobot_interfaces/share/myrobot_interfaces/hook/cmake_prefix_path.ps1'
[0.629s] INFO:colcon.colcon_core.shell:Creating environment descriptor '/home/tm/git_ws/myrobot/install/myrobot_interfaces/share/myrobot_interfaces/hook/cmake_prefix_path.dsv'
[0.630s] INFO:colcon.colcon_core.shell:Creating environment hook '/home/tm/git_ws/myrobot/install/myrobot_interfaces/share/myrobot_interfaces/hook/cmake_prefix_path.sh'
[0.630s] Level 1:colcon.colcon_core.environment:checking '/home/tm/git_ws/myrobot/install/myrobot_interfaces/lib'
[0.630s] Level 1:colcon.colcon_core.shell:create_environment_hook('myrobot_interfaces', 'ld_library_path_lib')
[0.630s] INFO:colcon.colcon_core.shell:Creating environment hook '/home/tm/git_ws/myrobot/install/myrobot_interfaces/share/myrobot_interfaces/hook/ld_library_path_lib.ps1'
[0.630s] INFO:colcon.colcon_core.shell:Creating environment descriptor '/home/tm/git_ws/myrobot/install/myrobot_interfaces/share/myrobot_interfaces/hook/ld_library_path_lib.dsv'
[0.631s] INFO:colcon.colcon_core.shell:Creating environment hook '/home/tm/git_ws/myrobot/install/myrobot_interfaces/share/myrobot_interfaces/hook/ld_library_path_lib.sh'
[0.631s] Level 1:colcon.colcon_core.environment:checking '/home/tm/git_ws/myrobot/install/myrobot_interfaces/bin'
[0.631s] Level 1:colcon.colcon_core.environment:checking '/home/tm/git_ws/myrobot/install/myrobot_interfaces/lib/pkgconfig/myrobot_interfaces.pc'
[0.631s] Level 1:colcon.colcon_core.environment:checking '/home/tm/git_ws/myrobot/install/myrobot_interfaces/lib/python3.12/site-packages'
[0.631s] Level 1:colcon.colcon_core.shell:create_environment_hook('myrobot_interfaces', 'pythonpath')
[0.631s] INFO:colcon.colcon_core.shell:Creating environment hook '/home/tm/git_ws/myrobot/install/myrobot_interfaces/share/myrobot_interfaces/hook/pythonpath.ps1'
[0.632s] INFO:colcon.colcon_core.shell:Creating environment descriptor '/home/tm/git_ws/myrobot/install/myrobot_interfaces/share/myrobot_interfaces/hook/pythonpath.dsv'
[0.632s] INFO:colcon.colcon_core.shell:Creating environment hook '/home/tm/git_ws/myrobot/install/myrobot_interfaces/share/myrobot_interfaces/hook/pythonpath.sh'
[0.633s] Level 1:colcon.colcon_core.environment:checking '/home/tm/git_ws/myrobot/install/myrobot_interfaces/bin'
[0.633s] INFO:colcon.colcon_core.shell:Creating package script '/home/tm/git_ws/myrobot/install/myrobot_interfaces/share/myrobot_interfaces/package.ps1'
[0.634s] INFO:colcon.colcon_core.shell:Creating package descriptor '/home/tm/git_ws/myrobot/install/myrobot_interfaces/share/myrobot_interfaces/package.dsv'
[0.634s] INFO:colcon.colcon_core.shell:Creating package script '/home/tm/git_ws/myrobot/install/myrobot_interfaces/share/myrobot_interfaces/package.sh'
[0.635s] INFO:colcon.colcon_core.shell:Creating package script '/home/tm/git_ws/myrobot/install/myrobot_interfaces/share/myrobot_interfaces/package.bash'
[0.635s] INFO:colcon.colcon_core.shell:Creating package script '/home/tm/git_ws/myrobot/install/myrobot_interfaces/share/myrobot_interfaces/package.zsh'
[0.635s] Level 1:colcon.colcon_core.environment:create_file_with_runtime_dependencies(/home/tm/git_ws/myrobot/install/myrobot_interfaces/share/colcon-core/packages/myrobot_interfaces)
[0.636s] Level 1:colcon.colcon_core.environment:create_environment_scripts_only(myrobot_interfaces)
[0.636s] Level 1:colcon.colcon_core.environment:checking '/home/tm/git_ws/myrobot/install/myrobot_interfaces' for CMake module files
[0.637s] Level 1:colcon.colcon_core.environment:checking '/home/tm/git_ws/myrobot/install/myrobot_interfaces' for CMake config files
[0.637s] Level 1:colcon.colcon_core.shell:create_environment_hook('myrobot_interfaces', 'cmake_prefix_path')
[0.637s] INFO:colcon.colcon_core.shell:Creating environment hook '/home/tm/git_ws/myrobot/install/myrobot_interfaces/share/myrobot_interfaces/hook/cmake_prefix_path.ps1'
[0.637s] INFO:colcon.colcon_core.shell:Creating environment descriptor '/home/tm/git_ws/myrobot/install/myrobot_interfaces/share/myrobot_interfaces/hook/cmake_prefix_path.dsv'
[0.638s] INFO:colcon.colcon_core.shell:Creating environment hook '/home/tm/git_ws/myrobot/install/myrobot_interfaces/share/myrobot_interfaces/hook/cmake_prefix_path.sh'
[0.638s] Level 1:colcon.colcon_core.environment:checking '/home/tm/git_ws/myrobot/install/myrobot_interfaces/lib'
[0.638s] Level 1:colcon.colcon_core.shell:create_environment_hook('myrobot_interfaces', 'ld_library_path_lib')
[0.638s] INFO:colcon.colcon_core.shell:Creating environment hook '/home/tm/git_ws/myrobot/install/myrobot_interfaces/share/myrobot_interfaces/hook/ld_library_path_lib.ps1'
[0.638s] INFO:colcon.colcon_core.shell:Creating environment descriptor '/home/tm/git_ws/myrobot/install/myrobot_interfaces/share/myrobot_interfaces/hook/ld_library_path_lib.dsv'
[0.639s] INFO:colcon.colcon_core.shell:Creating environment hook '/home/tm/git_ws/myrobot/install/myrobot_interfaces/share/myrobot_interfaces/hook/ld_library_path_lib.sh'
[0.639s] Level 1:colcon.colcon_core.environment:checking '/home/tm/git_ws/myrobot/install/myrobot_interfaces/bin'
[0.639s] Level 1:colcon.colcon_core.environment:checking '/home/tm/git_ws/myrobot/install/myrobot_interfaces/lib/pkgconfig/myrobot_interfaces.pc'
[0.639s] Level 1:colcon.colcon_core.environment:checking '/home/tm/git_ws/myrobot/install/myrobot_interfaces/lib/python3.12/site-packages'
[0.639s] Level 1:colcon.colcon_core.shell:create_environment_hook('myrobot_interfaces', 'pythonpath')
[0.640s] INFO:colcon.colcon_core.shell:Creating environment hook '/home/tm/git_ws/myrobot/install/myrobot_interfaces/share/myrobot_interfaces/hook/pythonpath.ps1'
[0.640s] INFO:colcon.colcon_core.shell:Creating environment descriptor '/home/tm/git_ws/myrobot/install/myrobot_interfaces/share/myrobot_interfaces/hook/pythonpath.dsv'
[0.641s] INFO:colcon.colcon_core.shell:Creating environment hook '/home/tm/git_ws/myrobot/install/myrobot_interfaces/share/myrobot_interfaces/hook/pythonpath.sh'
[0.642s] Level 1:colcon.colcon_core.environment:checking '/home/tm/git_ws/myrobot/install/myrobot_interfaces/bin'
[0.642s] INFO:colcon.colcon_core.shell:Creating package script '/home/tm/git_ws/myrobot/install/myrobot_interfaces/share/myrobot_interfaces/package.ps1'
[0.643s] INFO:colcon.colcon_core.shell:Creating package descriptor '/home/tm/git_ws/myrobot/install/myrobot_interfaces/share/myrobot_interfaces/package.dsv'
[0.643s] INFO:colcon.colcon_core.shell:Creating package script '/home/tm/git_ws/myrobot/install/myrobot_interfaces/share/myrobot_interfaces/package.sh'
[0.644s] INFO:colcon.colcon_core.shell:Creating package script '/home/tm/git_ws/myrobot/install/myrobot_interfaces/share/myrobot_interfaces/package.bash'
[0.644s] INFO:colcon.colcon_core.shell:Creating package script '/home/tm/git_ws/myrobot/install/myrobot_interfaces/share/myrobot_interfaces/package.zsh'
[0.644s] Level 1:colcon.colcon_core.environment:create_file_with_runtime_dependencies(/home/tm/git_ws/myrobot/install/myrobot_interfaces/share/colcon-core/packages/myrobot_interfaces)
[0.645s] INFO:colcon.colcon_ros.task.ament_cmake.build:Building ROS package in '/home/tm/git_ws/myrobot/src/place_nav' with build type 'ament_cmake'
[0.645s] INFO:colcon.colcon_cmake.task.cmake.build:Building CMake package in '/home/tm/git_ws/myrobot/src/place_nav'
[0.645s] INFO:colcon.colcon_core.shell:Skip shell extension 'powershell' for command environment: Not usable outside of PowerShell
[0.645s] DEBUG:colcon.colcon_core.shell:Skip shell extension 'dsv' for command environment
[0.655s] DEBUG:colcon.colcon_core.event_handler.log_command:Invoking command in '/home/tm/git_ws/myrobot/build/place_nav': AMENT_PREFIX_PATH=/home/tm/git_ws/myrobot/install/myrobot_interfaces:${AMENT_PREFIX_PATH} CMAKE_PREFIX_PATH=/home/tm/git_ws/myrobot/install/myrobot_interfaces:/opt/ros/jazzy/opt/gz_launch_vendor:/opt/ros/jazzy/opt/gz_sim_vendor:/opt/ros/jazzy/opt/gz_sensors_vendor:/opt/ros/jazzy/opt/gz_physics_vendor:/opt/ros/jazzy/opt/sdformat_vendor:/opt/ros/jazzy/opt/gz_gui_vendor:/opt/ros/jazzy/opt/gz_transport_vendor:/opt/ros/jazzy/opt/gz_rendering_vendor:/opt/ros/jazzy/opt/gz_plugin_vendor:/opt/ros/jazzy/opt/gz_fuel_tools_vendor:/opt/ros/jazzy/opt/gz_msgs_vendor:/opt/ros/jazzy/opt/gz_common_vendor:/opt/ros/jazzy/opt/gz_math_vendor:/opt/ros/jazzy/opt/gz_utils_vendor:/opt/ros/jazzy/opt/gz_tools_vendor:/opt/ros/jazzy/opt/gz_ogre_next_vendor:/opt/ros/jazzy/opt/gz_dartsim_vendor:/opt/ros/jazzy/opt/gz_cmake_vendor:/opt/ros/jazzy DEBUGINFOD_URLS=https://debuginfod.ubuntu.com LD_LIBRARY_PATH=/home/tm/git_ws/myrobot/install/myrobot_interfaces/lib:${LD_LIBRARY_PATH} PYTHONPATH=/home/tm/git_ws/myrobot/install/myrobot_interfaces/lib/python3.12/site-packages:${PYTHONPATH} VIRTUAL_ENV_PROMPT=(ros) /usr/bin/cmake --build /home/tm/git_ws/myrobot/build/place_nav -- -j16 -l16
[1.117s] DEBUG:colcon.colcon_core.event_handler.log_command:Invoked command in '/home/tm/git_ws/myrobot/build/user_gui' returned '1': CMAKE_PREFIX_PATH=${CMAKE_PREFIX_PATH}:/opt/ros/jazzy DEBUGINFOD_URLS=https://debuginfod.ubuntu.com VIRTUAL_ENV_PROMPT=(ros) /usr/bin/cmake /home/tm/git_ws/myrobot/src/user_gui -DCMAKE_INSTALL_PREFIX=/home/tm/git_ws/myrobot/install/user_gui
[1.134s] Level 1:colcon.colcon_core.environment:create_environment_scripts_only(user_gui)
[1.134s] Level 1:colcon.colcon_core.environment:checking '/home/tm/git_ws/myrobot/install/user_gui' for CMake module files
[1.135s] Level 1:colcon.colcon_core.environment:checking '/home/tm/git_ws/myrobot/install/user_gui' for CMake config files
[1.135s] Level 1:colcon.colcon_core.environment:checking '/home/tm/git_ws/myrobot/install/user_gui/bin'
[1.135s] Level 1:colcon.colcon_core.environment:checking '/home/tm/git_ws/myrobot/install/user_gui/lib/pkgconfig/user_gui.pc'
[1.135s] Level 1:colcon.colcon_core.environment:checking '/home/tm/git_ws/myrobot/install/user_gui/lib/python3.12/site-packages'
[1.135s] Level 1:colcon.colcon_core.environment:checking '/home/tm/git_ws/myrobot/install/user_gui/bin'
[1.135s] INFO:colcon.colcon_core.shell:Creating package script '/home/tm/git_ws/myrobot/install/user_gui/share/user_gui/package.ps1'
[1.136s] INFO:colcon.colcon_core.shell:Creating package descriptor '/home/tm/git_ws/myrobot/install/user_gui/share/user_gui/package.dsv'
[1.136s] INFO:colcon.colcon_core.shell:Creating package script '/home/tm/git_ws/myrobot/install/user_gui/share/user_gui/package.sh'
[1.137s] INFO:colcon.colcon_core.shell:Creating package script '/home/tm/git_ws/myrobot/install/user_gui/share/user_gui/package.bash'
[1.137s] INFO:colcon.colcon_core.shell:Creating package script '/home/tm/git_ws/myrobot/install/user_gui/share/user_gui/package.zsh'
[1.137s] Level 1:colcon.colcon_core.environment:create_file_with_runtime_dependencies(/home/tm/git_ws/myrobot/install/user_gui/share/colcon-core/packages/user_gui)
[14.895s] DEBUG:colcon.colcon_parallel_executor.executor.parallel:closing loop
[14.896s] DEBUG:colcon.colcon_parallel_executor.executor.parallel:loop closed
[14.896s] DEBUG:colcon.colcon_parallel_executor.executor.parallel:run_until_complete finished with '1'
[14.896s] DEBUG:colcon.colcon_core.event_reactor:joining thread
[14.900s] INFO:colcon.colcon_core.plugin_system:Skipping extension 'colcon_notification.desktop_notification.terminal_notifier': Not used on non-Darwin systems
[14.900s] INFO:colcon.colcon_core.plugin_system:Skipping extension 'colcon_notification.desktop_notification.win32': Not used on non-Windows systems
[14.900s] INFO:colcon.colcon_notification.desktop_notification:Sending desktop notification using 'notify2'
[14.917s] DEBUG:colcon.colcon_core.event_reactor:joined thread
[14.917s] INFO:colcon.colcon_core.shell:Creating prefix script '/home/tm/git_ws/myrobot/install/local_setup.ps1'
[14.917s] INFO:colcon.colcon_core.shell:Creating prefix util module '/home/tm/git_ws/myrobot/install/_local_setup_util_ps1.py'
[14.918s] INFO:colcon.colcon_core.shell:Creating prefix chain script '/home/tm/git_ws/myrobot/install/setup.ps1'
[14.919s] INFO:colcon.colcon_core.shell:Creating prefix script '/home/tm/git_ws/myrobot/install/local_setup.sh'
[14.919s] INFO:colcon.colcon_core.shell:Creating prefix util module '/home/tm/git_ws/myrobot/install/_local_setup_util_sh.py'
[14.919s] INFO:colcon.colcon_core.shell:Creating prefix chain script '/home/tm/git_ws/myrobot/install/setup.sh'
[14.920s] INFO:colcon.colcon_core.shell:Creating prefix script '/home/tm/git_ws/myrobot/install/local_setup.bash'
[14.920s] INFO:colcon.colcon_core.shell:Creating prefix chain script '/home/tm/git_ws/myrobot/install/setup.bash'
[14.921s] INFO:colcon.colcon_core.shell:Creating prefix script '/home/tm/git_ws/myrobot/install/local_setup.zsh'
[14.921s] INFO:colcon.colcon_core.shell:Creating prefix chain script '/home/tm/git_ws/myrobot/install/setup.zsh'
