[1.158s] Invoking command in '/home/tm/git_ws/myrobot/src/my_odom_pkg': DEBUGINFOD_URLS=https://debuginfod.ubuntu.com PYTHONPATH=/home/tm/git_ws/myrobot/build/my_odom_pkg/prefix_override:/usr/lib/python3/dist-packages/colcon_core/task/python/colcon_distutils_commands:/home/tm/git_ws/myrobot/install/my_odom_pkg/lib/python3.12/site-packages:${PYTHONPATH} VIRTUAL_ENV_PROMPT=(ros) /usr/bin/python3 -W ignore:setup.py install is deprecated -W ignore:easy_install command is deprecated setup.py egg_info --egg-base ../../build/my_odom_pkg build --build-base /home/tm/git_ws/myrobot/build/my_odom_pkg/build install --record /home/tm/git_ws/myrobot/build/my_odom_pkg/install.log --single-version-externally-managed install_data
[1.368s] running egg_info
[1.387s] writing ../../build/my_odom_pkg/my_odom_pkg.egg-info/PKG-INFO
[1.391s] writing dependency_links to ../../build/my_odom_pkg/my_odom_pkg.egg-info/dependency_links.txt
[1.391s] writing entry points to ../../build/my_odom_pkg/my_odom_pkg.egg-info/entry_points.txt
[1.391s] writing requirements to ../../build/my_odom_pkg/my_odom_pkg.egg-info/requires.txt
[1.392s] writing top-level names to ../../build/my_odom_pkg/my_odom_pkg.egg-info/top_level.txt
[1.429s] reading manifest file '../../build/my_odom_pkg/my_odom_pkg.egg-info/SOURCES.txt'
[1.430s] writing manifest file '../../build/my_odom_pkg/my_odom_pkg.egg-info/SOURCES.txt'
[1.430s] running build
[1.430s] running build_py
[1.430s] running install
[1.435s] running install_lib
[1.452s] running install_data
[1.452s] running install_egg_info
[1.470s] removing '/home/tm/git_ws/myrobot/install/my_odom_pkg/lib/python3.12/site-packages/my_odom_pkg-0.0.0-py3.12.egg-info' (and everything under it)
[1.471s] Copying ../../build/my_odom_pkg/my_odom_pkg.egg-info to /home/tm/git_ws/myrobot/install/my_odom_pkg/lib/python3.12/site-packages/my_odom_pkg-0.0.0-py3.12.egg-info
[1.471s] running install_scripts
[1.584s] Installing odom_echo script to /home/tm/git_ws/myrobot/install/my_odom_pkg/lib/my_odom_pkg
[1.589s] writing list of installed files to '/home/tm/git_ws/myrobot/build/my_odom_pkg/install.log'
[1.624s] Invoked command in '/home/tm/git_ws/myrobot/src/my_odom_pkg' returned '0': DEBUGINFOD_URLS=https://debuginfod.ubuntu.com PYTHONPATH=/home/tm/git_ws/myrobot/build/my_odom_pkg/prefix_override:/usr/lib/python3/dist-packages/colcon_core/task/python/colcon_distutils_commands:/home/tm/git_ws/myrobot/install/my_odom_pkg/lib/python3.12/site-packages:${PYTHONPATH} VIRTUAL_ENV_PROMPT=(ros) /usr/bin/python3 -W ignore:setup.py install is deprecated -W ignore:easy_install command is deprecated setup.py egg_info --egg-base ../../build/my_odom_pkg build --build-base /home/tm/git_ws/myrobot/build/my_odom_pkg/build install --record /home/tm/git_ws/myrobot/build/my_odom_pkg/install.log --single-version-externally-managed install_data
