-- Found ament_cmake: 2.5.5 (/opt/ros/jazzy/share/ament_cmake/cmake)
-- Found ament_index_cpp: 1.8.2 (/opt/ros/jazzy/share/ament_index_cpp/cmake)
-- Found rclcpp: 28.1.16 (/opt/ros/jazzy/share/rclcpp/cmake)
-- Found rosidl_generator_c: 4.6.7 (/opt/ros/jazzy/share/rosidl_generator_c/cmake)
-- Found rosidl_generator_cpp: 4.6.7 (/opt/ros/jazzy/share/rosidl_generator_cpp/cmake)
-- Using all available rosidl_typesupport_c: rosidl_typesupport_fastrtps_c;rosidl_typesupport_introspection_c
-- Using all available rosidl_typesupport_cpp: rosidl_typesupport_fastrtps_cpp;rosidl_typesupport_introspection_cpp
-- Found rmw_implementation_cmake: 7.3.3 (/opt/ros/jazzy/share/rmw_implementation_cmake/cmake)
-- Found rmw_fastrtps_cpp: 8.4.3 (/opt/ros/jazzy/share/rmw_fastrtps_cpp/cmake)
-- Using RMW implementation 'rmw_fastrtps_cpp' as default
-- Found rclcpp_action: 28.1.16 (/opt/ros/jazzy/share/rclcpp_action/cmake)
-- Found nav2_msgs: 1.3.10 (/opt/ros/jazzy/share/nav2_msgs/cmake)
-- Found myrobot_interfaces: 0.0.0 (/home/tm/git_ws/myrobot/install/myrobot_interfaces/share/myrobot_interfaces/cmake)
-- Found ament_lint_auto: 0.17.4 (/opt/ros/jazzy/share/ament_lint_auto/cmake)
-- Added test 'cppcheck' to perform static code analysis on C / C++ code
-- Configured cppcheck include dirs: /home/tm/git_ws/myrobot/src/user_gui/include
-- Configured cppcheck exclude dirs and/or files: 
-- Added test 'lint_cmake' to check CMake code style
-- Added test 'uncrustify' to check C / C++ code style
-- Configured uncrustify additional arguments: 
-- Added test 'xmllint' to check XML markup files
-- Configuring done (0.6s)
-- Generating done (0.0s)
-- Build files have been written to: /home/tm/git_ws/myrobot/build/user_gui
[  0%] Built target main_autogen_timestamp_deps
[ 11%] [34m[1mAutomatic MOC and UIC for target main[0m
[ 11%] Built target main_autogen
[ 77%] [32mBuilding CXX object CMakeFiles/main.dir/src/ManagerModel.cpp.o[0m
[ 77%] [32mBuilding CXX object CMakeFiles/main.dir/src/main.cpp.o[0m
[ 77%] [32mBuilding CXX object CMakeFiles/main.dir/src/MapPaintItem.cpp.o[0m
[ 77%] [32mBuilding CXX object CMakeFiles/main.dir/src/RosWorker.cpp.o[0m
[ 77%] [32mBuilding CXX object CMakeFiles/main.dir/src/ViewModel.cpp.o[0m
[ 77%] [32mBuilding CXX object CMakeFiles/main.dir/main_autogen/mocs_compilation.cpp.o[0m
[01m[K/home/tm/git_ws/myrobot/src/user_gui/src/ManagerModel.cpp:[m[K In lambda function:
[01m[K/home/tm/git_ws/myrobot/src/user_gui/src/ManagerModel.cpp:103:14:[m[K [01;35m[Kwarning: [m[Kunused variable ‘[01m[Ksuccess[m[K’ [[01;35m[K]8;;https://gcc.gnu.org/onlinedocs/gcc/Warning-Options.html#index-Wunused-variable-Wunused-variable]8;;[m[K]
  103 |         bool [01;35m[Ksuccess[m[K = (result.code == rclcpp_action::ResultCode::SUCCEEDED);
      |              [01;35m[K^~~~~~~[m[K
[ 88%] [32m[1mLinking CXX executable main[0m
[100%] Built target main
-- Install configuration: ""
-- Installing: /home/tm/git_ws/myrobot/install/user_gui/share/user_gui//qml
-- Installing: /home/tm/git_ws/myrobot/install/user_gui/share/user_gui//qml/MyMap.qml
-- Installing: /home/tm/git_ws/myrobot/install/user_gui/share/user_gui//qml/hospital.pgm
-- Installing: /home/tm/git_ws/myrobot/install/user_gui/share/user_gui//qml/main.qml
-- Installing: /home/tm/git_ws/myrobot/install/user_gui/share/user_gui//qml/hospital.yaml
-- Installing: /home/tm/git_ws/myrobot/install/user_gui/share/user_gui//map
-- Installing: /home/tm/git_ws/myrobot/install/user_gui/share/user_gui//map/hospital.pgm
-- Installing: /home/tm/git_ws/myrobot/install/user_gui/share/user_gui//map/hospital.yaml
-- Installing: /home/tm/git_ws/myrobot/install/user_gui/lib/user_gui/main
-- Set non-toolchain portion of runtime path of "/home/tm/git_ws/myrobot/install/user_gui/lib/user_gui/main" to ""
-- Installing: /home/tm/git_ws/myrobot/install/user_gui/share/ament_index/resource_index/package_run_dependencies/user_gui
-- Installing: /home/tm/git_ws/myrobot/install/user_gui/share/ament_index/resource_index/parent_prefix_path/user_gui
-- Installing: /home/tm/git_ws/myrobot/install/user_gui/share/user_gui/environment/ament_prefix_path.sh
-- Installing: /home/tm/git_ws/myrobot/install/user_gui/share/user_gui/environment/ament_prefix_path.dsv
-- Installing: /home/tm/git_ws/myrobot/install/user_gui/share/user_gui/environment/path.sh
-- Installing: /home/tm/git_ws/myrobot/install/user_gui/share/user_gui/environment/path.dsv
-- Installing: /home/tm/git_ws/myrobot/install/user_gui/share/user_gui/local_setup.bash
-- Installing: /home/tm/git_ws/myrobot/install/user_gui/share/user_gui/local_setup.sh
-- Installing: /home/tm/git_ws/myrobot/install/user_gui/share/user_gui/local_setup.zsh
-- Installing: /home/tm/git_ws/myrobot/install/user_gui/share/user_gui/local_setup.dsv
-- Installing: /home/tm/git_ws/myrobot/install/user_gui/share/user_gui/package.dsv
-- Installing: /home/tm/git_ws/myrobot/install/user_gui/share/ament_index/resource_index/packages/user_gui
-- Installing: /home/tm/git_ws/myrobot/install/user_gui/share/user_gui/cmake/user_guiConfig.cmake
-- Installing: /home/tm/git_ws/myrobot/install/user_gui/share/user_gui/cmake/user_guiConfig-version.cmake
-- Installing: /home/tm/git_ws/myrobot/install/user_gui/share/user_gui/package.xml
