[0.191s] Invoking command in '/home/tm/git_ws/myrobot/build/user_gui': CMAKE_PREFIX_PATH=${CMAKE_PREFIX_PATH}:/home/tm/git_ws/myrobot/install/my_odom_pkg:/opt/ros/jazzy DEBUGINFOD_URLS=https://debuginfod.ubuntu.com VIRTUAL_ENV_PROMPT=(ros) /usr/bin/cmake /home/tm/git_ws/myrobot/src/user_gui -DCMAKE_INSTALL_PREFIX=/home/tm/git_ws/myrobot/install/user_gui
[0.203s] -- Found ament_cmake: 2.5.5 (/opt/ros/jazzy/share/ament_cmake/cmake)
[0.373s] -- Found ament_index_cpp: 1.8.2 (/opt/ros/jazzy/share/ament_index_cpp/cmake)
[0.374s] -- Found rclcpp: 28.1.16 (/opt/ros/jazzy/share/rclcpp/cmake)
[0.389s] -- Found rosidl_generator_c: 4.6.7 (/opt/ros/jazzy/share/rosidl_generator_c/cmake)
[0.395s] -- Found rosidl_generator_cpp: 4.6.7 (/opt/ros/jazzy/share/rosidl_generator_cpp/cmake)
[0.403s] -- Using all available rosidl_typesupport_c: rosidl_typesupport_fastrtps_c;rosidl_typesupport_introspection_c
[0.412s] -- Using all available rosidl_typesupport_cpp: rosidl_typesupport_fastrtps_cpp;rosidl_typesupport_introspection_cpp
[0.453s] -- Found rmw_implementation_cmake: 7.3.3 (/opt/ros/jazzy/share/rmw_implementation_cmake/cmake)
[0.454s] -- Found rmw_fastrtps_cpp: 8.4.3 (/opt/ros/jazzy/share/rmw_fastrtps_cpp/cmake)
[0.510s] -- Using RMW implementation 'rmw_fastrtps_cpp' as default
[0.554s] -- Found rclcpp_action: 28.1.16 (/opt/ros/jazzy/share/rclcpp_action/cmake)
[0.581s] -- Found nav2_msgs: 1.3.10 (/opt/ros/jazzy/share/nav2_msgs/cmake)
[0.687s] -- Found myrobot_interfaces: 0.0.0 (/home/tm/git_ws/myrobot/install/myrobot_interfaces/share/myrobot_interfaces/cmake)
[0.709s] -- Found ament_lint_auto: 0.17.4 (/opt/ros/jazzy/share/ament_lint_auto/cmake)
[0.796s] -- Added test 'cppcheck' to perform static code analysis on C / C++ code
[0.796s] -- Configured cppcheck include dirs: /home/tm/git_ws/myrobot/src/user_gui/include
[0.796s] -- Configured cppcheck exclude dirs and/or files: 
[0.797s] -- Added test 'lint_cmake' to check CMake code style
[0.799s] -- Added test 'uncrustify' to check C / C++ code style
[0.799s] -- Configured uncrustify additional arguments: 
[0.799s] -- Added test 'xmllint' to check XML markup files
[0.800s] -- Configuring done (0.6s)
[0.823s] -- Generating done (0.0s)
[0.826s] -- Build files have been written to: /home/tm/git_ws/myrobot/build/user_gui
[0.835s] Invoked command in '/home/tm/git_ws/myrobot/build/user_gui' returned '0': CMAKE_PREFIX_PATH=${CMAKE_PREFIX_PATH}:/home/tm/git_ws/myrobot/install/my_odom_pkg:/opt/ros/jazzy DEBUGINFOD_URLS=https://debuginfod.ubuntu.com VIRTUAL_ENV_PROMPT=(ros) /usr/bin/cmake /home/tm/git_ws/myrobot/src/user_gui -DCMAKE_INSTALL_PREFIX=/home/tm/git_ws/myrobot/install/user_gui
[0.835s] Invoking command in '/home/tm/git_ws/myrobot/build/user_gui': CMAKE_PREFIX_PATH=${CMAKE_PREFIX_PATH}:/home/tm/git_ws/myrobot/install/my_odom_pkg:/opt/ros/jazzy DEBUGINFOD_URLS=https://debuginfod.ubuntu.com VIRTUAL_ENV_PROMPT=(ros) /usr/bin/cmake --build /home/tm/git_ws/myrobot/build/user_gui -- -j16 -l16
[0.884s] [  0%] Built target main_autogen_timestamp_deps
[0.905s] [ 11%] [34m[1mAutomatic MOC and UIC for target main[0m
[1.212s] [ 11%] Built target main_autogen
[1.248s] [ 77%] [32mBuilding CXX object CMakeFiles/main.dir/src/ManagerModel.cpp.o[0m
[1.248s] [ 77%] [32mBuilding CXX object CMakeFiles/main.dir/src/main.cpp.o[0m
[1.248s] [ 77%] [32mBuilding CXX object CMakeFiles/main.dir/src/MapPaintItem.cpp.o[0m
[1.248s] [ 77%] [32mBuilding CXX object CMakeFiles/main.dir/src/RosWorker.cpp.o[0m
[1.248s] [ 77%] [32mBuilding CXX object CMakeFiles/main.dir/src/ViewModel.cpp.o[0m
[1.248s] [ 77%] [32mBuilding CXX object CMakeFiles/main.dir/main_autogen/mocs_compilation.cpp.o[0m
[3.550s] [01m[K/home/tm/git_ws/myrobot/src/user_gui/src/ManagerModel.cpp:[m[K In lambda function:
[3.551s] [01m[K/home/tm/git_ws/myrobot/src/user_gui/src/ManagerModel.cpp:103:14:[m[K [01;35m[Kwarning: [m[Kunused variable ‘[01m[Ksuccess[m[K’ [[01;35m[K]8;;https://gcc.gnu.org/onlinedocs/gcc/Warning-Options.html#index-Wunused-variable-Wunused-variable]8;;[m[K]
[3.551s]   103 |         bool [01;35m[Ksuccess[m[K = (result.code == rclcpp_action::ResultCode::SUCCEEDED);
[3.551s]       |              [01;35m[K^~~~~~~[m[K
[9.719s] [ 88%] [32m[1mLinking CXX executable main[0m
[10.511s] [100%] Built target main
[10.522s] Invoked command in '/home/tm/git_ws/myrobot/build/user_gui' returned '0': CMAKE_PREFIX_PATH=${CMAKE_PREFIX_PATH}:/home/tm/git_ws/myrobot/install/my_odom_pkg:/opt/ros/jazzy DEBUGINFOD_URLS=https://debuginfod.ubuntu.com VIRTUAL_ENV_PROMPT=(ros) /usr/bin/cmake --build /home/tm/git_ws/myrobot/build/user_gui -- -j16 -l16
[10.524s] Invoking command in '/home/tm/git_ws/myrobot/build/user_gui': CMAKE_PREFIX_PATH=${CMAKE_PREFIX_PATH}:/home/tm/git_ws/myrobot/install/my_odom_pkg:/opt/ros/jazzy DEBUGINFOD_URLS=https://debuginfod.ubuntu.com VIRTUAL_ENV_PROMPT=(ros) /usr/bin/cmake --install /home/tm/git_ws/myrobot/build/user_gui
[10.533s] -- Install configuration: ""
[10.533s] -- Installing: /home/tm/git_ws/myrobot/install/user_gui/share/user_gui//qml
[10.534s] -- Installing: /home/tm/git_ws/myrobot/install/user_gui/share/user_gui//qml/MyMap.qml
[10.534s] -- Installing: /home/tm/git_ws/myrobot/install/user_gui/share/user_gui//qml/hospital.pgm
[10.535s] -- Installing: /home/tm/git_ws/myrobot/install/user_gui/share/user_gui//qml/main.qml
[10.535s] -- Installing: /home/tm/git_ws/myrobot/install/user_gui/share/user_gui//qml/hospital.yaml
[10.536s] -- Installing: /home/tm/git_ws/myrobot/install/user_gui/share/user_gui//map
[10.536s] -- Installing: /home/tm/git_ws/myrobot/install/user_gui/share/user_gui//map/hospital.pgm
[10.537s] -- Installing: /home/tm/git_ws/myrobot/install/user_gui/share/user_gui//map/hospital.yaml
[10.537s] -- Installing: /home/tm/git_ws/myrobot/install/user_gui/lib/user_gui/main
[10.544s] -- Set non-toolchain portion of runtime path of "/home/tm/git_ws/myrobot/install/user_gui/lib/user_gui/main" to ""
[10.544s] -- Installing: /home/tm/git_ws/myrobot/install/user_gui/share/ament_index/resource_index/package_run_dependencies/user_gui
[10.544s] -- Installing: /home/tm/git_ws/myrobot/install/user_gui/share/ament_index/resource_index/parent_prefix_path/user_gui
[10.544s] -- Installing: /home/tm/git_ws/myrobot/install/user_gui/share/user_gui/environment/ament_prefix_path.sh
[10.544s] -- Installing: /home/tm/git_ws/myrobot/install/user_gui/share/user_gui/environment/ament_prefix_path.dsv
[10.544s] -- Installing: /home/tm/git_ws/myrobot/install/user_gui/share/user_gui/environment/path.sh
[10.544s] -- Installing: /home/tm/git_ws/myrobot/install/user_gui/share/user_gui/environment/path.dsv
[10.544s] -- Installing: /home/tm/git_ws/myrobot/install/user_gui/share/user_gui/local_setup.bash
[10.544s] -- Installing: /home/tm/git_ws/myrobot/install/user_gui/share/user_gui/local_setup.sh
[10.544s] -- Installing: /home/tm/git_ws/myrobot/install/user_gui/share/user_gui/local_setup.zsh
[10.544s] -- Installing: /home/tm/git_ws/myrobot/install/user_gui/share/user_gui/local_setup.dsv
[10.545s] -- Installing: /home/tm/git_ws/myrobot/install/user_gui/share/user_gui/package.dsv
[10.545s] -- Installing: /home/tm/git_ws/myrobot/install/user_gui/share/ament_index/resource_index/packages/user_gui
[10.545s] -- Installing: /home/tm/git_ws/myrobot/install/user_gui/share/user_gui/cmake/user_guiConfig.cmake
[10.545s] -- Installing: /home/tm/git_ws/myrobot/install/user_gui/share/user_gui/cmake/user_guiConfig-version.cmake
[10.545s] -- Installing: /home/tm/git_ws/myrobot/install/user_gui/share/user_gui/package.xml
[10.547s] Invoked command in '/home/tm/git_ws/myrobot/build/user_gui' returned '0': CMAKE_PREFIX_PATH=${CMAKE_PREFIX_PATH}:/home/tm/git_ws/myrobot/install/my_odom_pkg:/opt/ros/jazzy DEBUGINFOD_URLS=https://debuginfod.ubuntu.com VIRTUAL_ENV_PROMPT=(ros) /usr/bin/cmake --install /home/tm/git_ws/myrobot/build/user_gui
