[0.239s] Invoking command in '/home/tm/git_ws/myrobot/build/myrobot_behavior_tree': CMAKE_PREFIX_PATH=${CMAKE_PREFIX_PATH}:/opt/ros/jazzy DEBUGINFOD_URLS=https://debuginfod.ubuntu.com VIRTUAL_ENV_PROMPT=(ros) /usr/bin/cmake /home/tm/git_ws/myrobot/src/myrobot_behavior_tree -DCMAKE_INSTALL_PREFIX=/home/tm/git_ws/myrobot/install/myrobot_behavior_tree
[0.251s] -- Found ament_cmake: 2.5.5 (/opt/ros/jazzy/share/ament_cmake/cmake)
[0.447s] -- Found nav2_behavior_tree: 1.3.10 (/opt/ros/jazzy/share/nav2_behavior_tree/cmake)
[0.479s] -- Found rosidl_generator_c: 4.6.7 (/opt/ros/jazzy/share/rosidl_generator_c/cmake)
[0.486s] -- Found rosidl_generator_cpp: 4.6.7 (/opt/ros/jazzy/share/rosidl_generator_cpp/cmake)
[0.495s] -- Using all available rosidl_typesupport_c: rosidl_typesupport_fastrtps_c;rosidl_typesupport_introspection_c
[0.508s] -- Using all available rosidl_typesupport_cpp: rosidl_typesupport_fastrtps_cpp;rosidl_typesupport_introspection_cpp
[0.561s] -- Found rmw_implementation_cmake: 7.3.3 (/opt/ros/jazzy/share/rmw_implementation_cmake/cmake)
[0.562s] -- Found rmw_fastrtps_cpp: 8.4.3 (/opt/ros/jazzy/share/rmw_fastrtps_cpp/cmake)
[0.635s] -- Using RMW implementation 'rmw_fastrtps_cpp' as default
[0.984s] -- Found eigen3_cmake_module: 0.3.0 (/opt/ros/jazzy/share/eigen3_cmake_module/cmake)
[0.985s] -- Ensuring Eigen3 include directory is part of orocos-kdl CMake target
[1.055s] [31mCMake Error at CMakeLists.txt:11 (find_package):
[1.055s]   By not providing "Findmyrobot_interfaces.cmake" in CMAKE_MODULE_PATH this
[1.055s]   project has asked CMake to find a package configuration file provided by
[1.055s]   "myrobot_interfaces", but CMake did not find one.
[1.055s] 
[1.055s]   Could not find a package configuration file provided by
[1.055s]   "myrobot_interfaces" with any of the following names:
[1.055s] 
[1.055s]     myrobot_interfacesConfig.cmake
[1.055s]     myrobot_interfaces-config.cmake
[1.055s] 
[1.055s]   Add the installation prefix of "myrobot_interfaces" to CMAKE_PREFIX_PATH or
[1.055s]   set "myrobot_interfaces_DIR" to a directory containing one of the above
[1.055s]   files.  If "myrobot_interfaces" provides a separate development package or
[1.055s]   SDK, be sure it has been installed.
[1.055s] 
[1.055s] [0m
[1.055s] -- Configuring incomplete, errors occurred!
