[0.206s] Invoking command in '/home/tm/git_ws/myrobot/build/myrobot_behavior_tree': CMAKE_PREFIX_PATH=${CMAKE_PREFIX_PATH}:/opt/ros/jazzy DEBUGINFOD_URLS=https://debuginfod.ubuntu.com VIRTUAL_ENV_PROMPT=(ros) /usr/bin/cmake --build /home/tm/git_ws/myrobot/build/myrobot_behavior_tree -- -j16 -l16
[0.258s] [100%] Built target compute_place_pose_action_bt_node
[0.285s] Invoked command in '/home/tm/git_ws/myrobot/build/myrobot_behavior_tree' returned '0': CMAKE_PREFIX_PATH=${CMAKE_PREFIX_PATH}:/opt/ros/jazzy DEBUGINFOD_URLS=https://debuginfod.ubuntu.com VIRTUAL_ENV_PROMPT=(ros) /usr/bin/cmake --build /home/tm/git_ws/myrobot/build/myrobot_behavior_tree -- -j16 -l16
[0.286s] Invoking command in '/home/tm/git_ws/myrobot/build/myrobot_behavior_tree': CMAKE_PREFIX_PATH=${CMAKE_PREFIX_PATH}:/opt/ros/jazzy DEBUGINFOD_URLS=https://debuginfod.ubuntu.com VIRTUAL_ENV_PROMPT=(ros) /usr/bin/cmake --install /home/tm/git_ws/myrobot/build/myrobot_behavior_tree
[0.296s] -- Install configuration: ""
[0.296s] -- Up-to-date: /home/tm/git_ws/myrobot/install/myrobot_behavior_tree/share/myrobot_behavior_tree//behavior_trees
[0.296s] -- Up-to-date: /home/tm/git_ws/myrobot/install/myrobot_behavior_tree/share/myrobot_behavior_tree//behavior_trees/cleaning_navigate_to_pose.xml
[0.296s] -- Up-to-date: /home/tm/git_ws/myrobot/install/myrobot_behavior_tree/share/myrobot_behavior_tree//behavior_trees/custom_navigate_to_pose.xml
[0.296s] -- Up-to-date: /home/tm/git_ws/myrobot/install/myrobot_behavior_tree/lib/libcompute_place_pose_action_bt_node.so
[0.296s] -- Up-to-date: /home/tm/git_ws/myrobot/install/myrobot_behavior_tree/share/myrobot_behavior_tree/environment/library_path.sh
[0.296s] -- Up-to-date: /home/tm/git_ws/myrobot/install/myrobot_behavior_tree/share/myrobot_behavior_tree/environment/library_path.dsv
[0.297s] -- Up-to-date: /home/tm/git_ws/myrobot/install/myrobot_behavior_tree/share/ament_index/resource_index/package_run_dependencies/myrobot_behavior_tree
[0.297s] -- Up-to-date: /home/tm/git_ws/myrobot/install/myrobot_behavior_tree/share/ament_index/resource_index/parent_prefix_path/myrobot_behavior_tree
[0.297s] -- Up-to-date: /home/tm/git_ws/myrobot/install/myrobot_behavior_tree/share/myrobot_behavior_tree/environment/ament_prefix_path.sh
[0.297s] -- Up-to-date: /home/tm/git_ws/myrobot/install/myrobot_behavior_tree/share/myrobot_behavior_tree/environment/ament_prefix_path.dsv
[0.297s] -- Up-to-date: /home/tm/git_ws/myrobot/install/myrobot_behavior_tree/share/myrobot_behavior_tree/environment/path.sh
[0.297s] -- Up-to-date: /home/tm/git_ws/myrobot/install/myrobot_behavior_tree/share/myrobot_behavior_tree/environment/path.dsv
[0.297s] -- Up-to-date: /home/tm/git_ws/myrobot/install/myrobot_behavior_tree/share/myrobot_behavior_tree/local_setup.bash
[0.297s] -- Up-to-date: /home/tm/git_ws/myrobot/install/myrobot_behavior_tree/share/myrobot_behavior_tree/local_setup.sh
[0.297s] -- Up-to-date: /home/tm/git_ws/myrobot/install/myrobot_behavior_tree/share/myrobot_behavior_tree/local_setup.zsh
[0.297s] -- Up-to-date: /home/tm/git_ws/myrobot/install/myrobot_behavior_tree/share/myrobot_behavior_tree/local_setup.dsv
[0.297s] -- Installing: /home/tm/git_ws/myrobot/install/myrobot_behavior_tree/share/myrobot_behavior_tree/package.dsv
[0.297s] -- Up-to-date: /home/tm/git_ws/myrobot/install/myrobot_behavior_tree/share/ament_index/resource_index/packages/myrobot_behavior_tree
[0.297s] -- Up-to-date: /home/tm/git_ws/myrobot/install/myrobot_behavior_tree/share/myrobot_behavior_tree/cmake/ament_cmake_export_include_directories-extras.cmake
[0.297s] -- Up-to-date: /home/tm/git_ws/myrobot/install/myrobot_behavior_tree/share/myrobot_behavior_tree/cmake/ament_cmake_export_libraries-extras.cmake
[0.297s] -- Up-to-date: /home/tm/git_ws/myrobot/install/myrobot_behavior_tree/share/myrobot_behavior_tree/cmake/ament_cmake_export_dependencies-extras.cmake
[0.297s] -- Up-to-date: /home/tm/git_ws/myrobot/install/myrobot_behavior_tree/share/myrobot_behavior_tree/cmake/myrobot_behavior_treeConfig.cmake
[0.297s] -- Up-to-date: /home/tm/git_ws/myrobot/install/myrobot_behavior_tree/share/myrobot_behavior_tree/cmake/myrobot_behavior_treeConfig-version.cmake
[0.298s] -- Up-to-date: /home/tm/git_ws/myrobot/install/myrobot_behavior_tree/share/myrobot_behavior_tree/package.xml
[0.299s] Invoked command in '/home/tm/git_ws/myrobot/build/myrobot_behavior_tree' returned '0': CMAKE_PREFIX_PATH=${CMAKE_PREFIX_PATH}:/opt/ros/jazzy DEBUGINFOD_URLS=https://debuginfod.ubuntu.com VIRTUAL_ENV_PROMPT=(ros) /usr/bin/cmake --install /home/tm/git_ws/myrobot/build/myrobot_behavior_tree
