[  1%] [34m[1mGenerating type hashes for ROS interfaces[0m
[  1%] Built target ament_cmake_python_copy_myrobot_interfaces
running egg_info
creating myrobot_interfaces.egg-info
writing myrobot_interfaces.egg-info/PKG-INFO
writing dependency_links to myrobot_interfaces.egg-info/dependency_links.txt
writing top-level names to myrobot_interfaces.egg-info/top_level.txt
writing manifest file 'myrobot_interfaces.egg-info/SOURCES.txt'
reading manifest file 'myrobot_interfaces.egg-info/SOURCES.txt'
writing manifest file 'myrobot_interfaces.egg-info/SOURCES.txt'
[  1%] Built target myrobot_interfaces__rosidl_generator_type_description
[  3%] [34m[1mGenerating C code for ROS interfaces[0m
[  3%] Built target ament_cmake_python_build_myrobot_interfaces_egg
[  5%] [34m[1mGenerating C++ code for ROS interfaces[0m
[  5%] Built target myrobot_interfaces__cpp
[ 14%] [32mBuilding C object CMakeFiles/myrobot_interfaces__rosidl_generator_c.dir/rosidl_generator_c/myrobot_interfaces/action/detail/get_place_pose__functions.c.o[0m
[ 14%] [32mBuilding C object CMakeFiles/myrobot_interfaces__rosidl_generator_c.dir/rosidl_generator_c/myrobot_interfaces/action/detail/get_place_pose__description.c.o[0m
[ 14%] [32mBuilding C object CMakeFiles/myrobot_interfaces__rosidl_generator_c.dir/rosidl_generator_c/myrobot_interfaces/action/detail/compute_place_pose__type_support.c.o[0m
[ 14%] [32mBuilding C object CMakeFiles/myrobot_interfaces__rosidl_generator_c.dir/rosidl_generator_c/myrobot_interfaces/action/detail/clean_room__description.c.o[0m
[ 14%] [32mBuilding C object CMakeFiles/myrobot_interfaces__rosidl_generator_c.dir/rosidl_generator_c/myrobot_interfaces/action/detail/compute_place_pose__functions.c.o[0m
[ 20%] [32mBuilding C object CMakeFiles/myrobot_interfaces__rosidl_generator_c.dir/rosidl_generator_c/myrobot_interfaces/action/detail/clean_room__type_support.c.o[0m
[ 20%] [32mBuilding C object CMakeFiles/myrobot_interfaces__rosidl_generator_c.dir/rosidl_generator_c/myrobot_interfaces/action/detail/compute_place_pose__description.c.o[0m
[ 20%] [32mBuilding C object CMakeFiles/myrobot_interfaces__rosidl_generator_c.dir/rosidl_generator_c/myrobot_interfaces/action/detail/clean_room__functions.c.o[0m
[ 22%] [32mBuilding C object CMakeFiles/myrobot_interfaces__rosidl_generator_c.dir/rosidl_generator_c/myrobot_interfaces/action/detail/get_place_pose__type_support.c.o[0m
[ 24%] [32m[1mLinking C shared library libmyrobot_interfaces__rosidl_generator_c.so[0m
[ 24%] Built target myrobot_interfaces__rosidl_generator_c
[ 35%] [34m[1mGenerating C++ type support for eProsima Fast-RTPS[0m
[ 35%] [34m[1mGenerating C type support dispatch for ROS interfaces[0m
[ 35%] [34m[1mGenerating C++ introspection for ROS interfaces[0m
[ 35%] [34m[1mGenerating C type support for eProsima Fast-RTPS[0m
[ 35%] [34m[1mGenerating C++ type support dispatch for ROS interfaces[0m
[ 35%] [34m[1mGenerating C introspection for ROS interfaces[0m
[ 40%] [32mBuilding CXX object CMakeFiles/myrobot_interfaces__rosidl_typesupport_c.dir/rosidl_typesupport_c/myrobot_interfaces/action/compute_place_pose__type_support.cpp.o[0m
[ 40%] [32mBuilding CXX object CMakeFiles/myrobot_interfaces__rosidl_typesupport_c.dir/rosidl_typesupport_c/myrobot_interfaces/action/get_place_pose__type_support.cpp.o[0m
[ 40%] [32mBuilding CXX object CMakeFiles/myrobot_interfaces__rosidl_typesupport_c.dir/rosidl_typesupport_c/myrobot_interfaces/action/clean_room__type_support.cpp.o[0m
[ 46%] [32mBuilding CXX object CMakeFiles/myrobot_interfaces__rosidl_typesupport_cpp.dir/rosidl_typesupport_cpp/myrobot_interfaces/action/clean_room__type_support.cpp.o[0m
[ 46%] [32mBuilding CXX object CMakeFiles/myrobot_interfaces__rosidl_typesupport_cpp.dir/rosidl_typesupport_cpp/myrobot_interfaces/action/get_place_pose__type_support.cpp.o[0m
[ 46%] [32mBuilding CXX object CMakeFiles/myrobot_interfaces__rosidl_typesupport_cpp.dir/rosidl_typesupport_cpp/myrobot_interfaces/action/compute_place_pose__type_support.cpp.o[0m
[ 48%] [32m[1mLinking CXX shared library libmyrobot_interfaces__rosidl_typesupport_c.so[0m
[ 48%] Built target myrobot_interfaces__rosidl_typesupport_c
[ 51%] [32mBuilding CXX object CMakeFiles/myrobot_interfaces__rosidl_typesupport_introspection_cpp.dir/rosidl_typesupport_introspection_cpp/myrobot_interfaces/action/detail/compute_place_pose__type_support.cpp.o[0m
[ 51%] [32mBuilding CXX object CMakeFiles/myrobot_interfaces__rosidl_typesupport_introspection_cpp.dir/rosidl_typesupport_introspection_cpp/myrobot_interfaces/action/detail/clean_room__type_support.cpp.o[0m
[ 53%] [32mBuilding CXX object CMakeFiles/myrobot_interfaces__rosidl_typesupport_introspection_cpp.dir/rosidl_typesupport_introspection_cpp/myrobot_interfaces/action/detail/get_place_pose__type_support.cpp.o[0m
[ 59%] [32mBuilding C object CMakeFiles/myrobot_interfaces__rosidl_typesupport_introspection_c.dir/rosidl_typesupport_introspection_c/myrobot_interfaces/action/detail/compute_place_pose__type_support.c.o[0m
[ 59%] [32mBuilding C object CMakeFiles/myrobot_interfaces__rosidl_typesupport_introspection_c.dir/rosidl_typesupport_introspection_c/myrobot_interfaces/action/detail/get_place_pose__type_support.c.o[0m
[ 59%] [32mBuilding C object CMakeFiles/myrobot_interfaces__rosidl_typesupport_introspection_c.dir/rosidl_typesupport_introspection_c/myrobot_interfaces/action/detail/clean_room__type_support.c.o[0m
[ 61%] [32m[1mLinking C shared library libmyrobot_interfaces__rosidl_typesupport_introspection_c.so[0m
[ 61%] Built target myrobot_interfaces__rosidl_typesupport_introspection_c
[ 62%] [32mBuilding CXX object CMakeFiles/myrobot_interfaces__rosidl_typesupport_fastrtps_cpp.dir/rosidl_typesupport_fastrtps_cpp/myrobot_interfaces/action/detail/dds_fastrtps/get_place_pose__type_support.cpp.o[0m
[ 66%] [32mBuilding CXX object CMakeFiles/myrobot_interfaces__rosidl_typesupport_fastrtps_cpp.dir/rosidl_typesupport_fastrtps_cpp/myrobot_interfaces/action/detail/dds_fastrtps/clean_room__type_support.cpp.o[0m
[ 66%] [32mBuilding CXX object CMakeFiles/myrobot_interfaces__rosidl_typesupport_fastrtps_cpp.dir/rosidl_typesupport_fastrtps_cpp/myrobot_interfaces/action/detail/dds_fastrtps/compute_place_pose__type_support.cpp.o[0m
[ 68%] [32m[1mLinking CXX shared library libmyrobot_interfaces__rosidl_typesupport_cpp.so[0m
[ 74%] [32mBuilding CXX object CMakeFiles/myrobot_interfaces__rosidl_typesupport_fastrtps_c.dir/rosidl_typesupport_fastrtps_c/myrobot_interfaces/action/detail/compute_place_pose__type_support_c.cpp.o[0m
[ 74%] [32mBuilding CXX object CMakeFiles/myrobot_interfaces__rosidl_typesupport_fastrtps_c.dir/rosidl_typesupport_fastrtps_c/myrobot_interfaces/action/detail/get_place_pose__type_support_c.cpp.o[0m
[ 74%] [32mBuilding CXX object CMakeFiles/myrobot_interfaces__rosidl_typesupport_fastrtps_c.dir/rosidl_typesupport_fastrtps_c/myrobot_interfaces/action/detail/clean_room__type_support_c.cpp.o[0m
[ 74%] Built target myrobot_interfaces__rosidl_typesupport_cpp
[ 75%] [32m[1mLinking CXX shared library libmyrobot_interfaces__rosidl_typesupport_introspection_cpp.so[0m
[ 75%] Built target myrobot_interfaces__rosidl_typesupport_introspection_cpp
[ 77%] [32m[1mLinking CXX shared library libmyrobot_interfaces__rosidl_typesupport_fastrtps_c.so[0m
[ 77%] Built target myrobot_interfaces__rosidl_typesupport_fastrtps_c
[ 79%] [32m[1mLinking CXX shared library libmyrobot_interfaces__rosidl_typesupport_fastrtps_cpp.so[0m
[ 79%] Built target myrobot_interfaces__rosidl_typesupport_fastrtps_cpp
[ 79%] Built target myrobot_interfaces
[ 81%] [34m[1mGenerating Python code for ROS interfaces[0m
[ 81%] Built target myrobot_interfaces__py
[ 85%] [32mBuilding C object CMakeFiles/myrobot_interfaces__rosidl_generator_py.dir/rosidl_generator_py/myrobot_interfaces/action/_compute_place_pose_s.c.o[0m
[ 85%] [32mBuilding C object CMakeFiles/myrobot_interfaces__rosidl_generator_py.dir/rosidl_generator_py/myrobot_interfaces/action/_get_place_pose_s.c.o[0m
[ 87%] [32mBuilding C object CMakeFiles/myrobot_interfaces__rosidl_generator_py.dir/rosidl_generator_py/myrobot_interfaces/action/_clean_room_s.c.o[0m
[ 88%] [32m[1mLinking C shared library libmyrobot_interfaces__rosidl_generator_py.so[0m
[ 88%] Built target myrobot_interfaces__rosidl_generator_py
[ 92%] [32mBuilding C object CMakeFiles/myrobot_interfaces_s__rosidl_typesupport_fastrtps_c.dir/rosidl_generator_py/myrobot_interfaces/_myrobot_interfaces_s.ep.rosidl_typesupport_fastrtps_c.c.o[0m
[ 92%] [32mBuilding C object CMakeFiles/myrobot_interfaces_s__rosidl_typesupport_introspection_c.dir/rosidl_generator_py/myrobot_interfaces/_myrobot_interfaces_s.ep.rosidl_typesupport_introspection_c.c.o[0m
[ 94%] [32mBuilding C object CMakeFiles/myrobot_interfaces_s__rosidl_typesupport_c.dir/rosidl_generator_py/myrobot_interfaces/_myrobot_interfaces_s.ep.rosidl_typesupport_c.c.o[0m
[ 96%] [32m[1mLinking C shared module rosidl_generator_py/myrobot_interfaces/myrobot_interfaces_s__rosidl_typesupport_c.so[0m
[ 98%] [32m[1mLinking C shared module rosidl_generator_py/myrobot_interfaces/myrobot_interfaces_s__rosidl_typesupport_introspection_c.so[0m
[100%] [32m[1mLinking C shared module rosidl_generator_py/myrobot_interfaces/myrobot_interfaces_s__rosidl_typesupport_fastrtps_c.so[0m
[100%] Built target myrobot_interfaces_s__rosidl_typesupport_introspection_c
[100%] Built target myrobot_interfaces_s__rosidl_typesupport_c
[100%] Built target myrobot_interfaces_s__rosidl_typesupport_fastrtps_c
-- Install configuration: ""
-- Installing: /home/tm/git_ws/myrobot/install/myrobot_interfaces/share/ament_index/resource_index/rosidl_interfaces/myrobot_interfaces
-- Installing: /home/tm/git_ws/myrobot/install/myrobot_interfaces/share/myrobot_interfaces/action/GetPlacePose.json
-- Installing: /home/tm/git_ws/myrobot/install/myrobot_interfaces/share/myrobot_interfaces/action/ComputePlacePose.json
-- Installing: /home/tm/git_ws/myrobot/install/myrobot_interfaces/share/myrobot_interfaces/action/CleanRoom.json
-- Installing: /home/tm/git_ws/myrobot/install/myrobot_interfaces/include/myrobot_interfaces/myrobot_interfaces
-- Installing: /home/tm/git_ws/myrobot/install/myrobot_interfaces/include/myrobot_interfaces/myrobot_interfaces/msg
-- Installing: /home/tm/git_ws/myrobot/install/myrobot_interfaces/include/myrobot_interfaces/myrobot_interfaces/msg/rosidl_generator_c__visibility_control.h
-- Installing: /home/tm/git_ws/myrobot/install/myrobot_interfaces/include/myrobot_interfaces/myrobot_interfaces/action
-- Installing: /home/tm/git_ws/myrobot/install/myrobot_interfaces/include/myrobot_interfaces/myrobot_interfaces/action/get_place_pose.h
-- Installing: /home/tm/git_ws/myrobot/install/myrobot_interfaces/include/myrobot_interfaces/myrobot_interfaces/action/compute_place_pose.h
-- Installing: /home/tm/git_ws/myrobot/install/myrobot_interfaces/include/myrobot_interfaces/myrobot_interfaces/action/clean_room.h
-- Installing: /home/tm/git_ws/myrobot/install/myrobot_interfaces/include/myrobot_interfaces/myrobot_interfaces/action/detail
-- Installing: /home/tm/git_ws/myrobot/install/myrobot_interfaces/include/myrobot_interfaces/myrobot_interfaces/action/detail/clean_room__type_support.h
-- Installing: /home/tm/git_ws/myrobot/install/myrobot_interfaces/include/myrobot_interfaces/myrobot_interfaces/action/detail/get_place_pose__functions.c
-- Installing: /home/tm/git_ws/myrobot/install/myrobot_interfaces/include/myrobot_interfaces/myrobot_interfaces/action/detail/get_place_pose__functions.h
-- Installing: /home/tm/git_ws/myrobot/install/myrobot_interfaces/include/myrobot_interfaces/myrobot_interfaces/action/detail/get_place_pose__struct.h
-- Installing: /home/tm/git_ws/myrobot/install/myrobot_interfaces/include/myrobot_interfaces/myrobot_interfaces/action/detail/clean_room__functions.h
-- Installing: /home/tm/git_ws/myrobot/install/myrobot_interfaces/include/myrobot_interfaces/myrobot_interfaces/action/detail/clean_room__description.c
-- Installing: /home/tm/git_ws/myrobot/install/myrobot_interfaces/include/myrobot_interfaces/myrobot_interfaces/action/detail/clean_room__functions.c
-- Installing: /home/tm/git_ws/myrobot/install/myrobot_interfaces/include/myrobot_interfaces/myrobot_interfaces/action/detail/clean_room__type_support.c
-- Installing: /home/tm/git_ws/myrobot/install/myrobot_interfaces/include/myrobot_interfaces/myrobot_interfaces/action/detail/compute_place_pose__functions.h
-- Installing: /home/tm/git_ws/myrobot/install/myrobot_interfaces/include/myrobot_interfaces/myrobot_interfaces/action/detail/compute_place_pose__struct.h
-- Installing: /home/tm/git_ws/myrobot/install/myrobot_interfaces/include/myrobot_interfaces/myrobot_interfaces/action/detail/compute_place_pose__type_support.c
-- Installing: /home/tm/git_ws/myrobot/install/myrobot_interfaces/include/myrobot_interfaces/myrobot_interfaces/action/detail/compute_place_pose__type_support.h
-- Installing: /home/tm/git_ws/myrobot/install/myrobot_interfaces/include/myrobot_interfaces/myrobot_interfaces/action/detail/get_place_pose__type_support.h
-- Installing: /home/tm/git_ws/myrobot/install/myrobot_interfaces/include/myrobot_interfaces/myrobot_interfaces/action/detail/clean_room__struct.h
-- Installing: /home/tm/git_ws/myrobot/install/myrobot_interfaces/include/myrobot_interfaces/myrobot_interfaces/action/detail/compute_place_pose__functions.c
-- Installing: /home/tm/git_ws/myrobot/install/myrobot_interfaces/include/myrobot_interfaces/myrobot_interfaces/action/detail/get_place_pose__description.c
-- Installing: /home/tm/git_ws/myrobot/install/myrobot_interfaces/include/myrobot_interfaces/myrobot_interfaces/action/detail/get_place_pose__type_support.c
-- Installing: /home/tm/git_ws/myrobot/install/myrobot_interfaces/include/myrobot_interfaces/myrobot_interfaces/action/detail/compute_place_pose__description.c
-- Installing: /home/tm/git_ws/myrobot/install/myrobot_interfaces/share/myrobot_interfaces/environment/library_path.sh
-- Installing: /home/tm/git_ws/myrobot/install/myrobot_interfaces/share/myrobot_interfaces/environment/library_path.dsv
-- Installing: /home/tm/git_ws/myrobot/install/myrobot_interfaces/lib/libmyrobot_interfaces__rosidl_generator_c.so
-- Set non-toolchain portion of runtime path of "/home/tm/git_ws/myrobot/install/myrobot_interfaces/lib/libmyrobot_interfaces__rosidl_generator_c.so" to ""
-- Up-to-date: /home/tm/git_ws/myrobot/install/myrobot_interfaces/include/myrobot_interfaces/myrobot_interfaces
-- Up-to-date: /home/tm/git_ws/myrobot/install/myrobot_interfaces/include/myrobot_interfaces/myrobot_interfaces/msg
-- Installing: /home/tm/git_ws/myrobot/install/myrobot_interfaces/include/myrobot_interfaces/myrobot_interfaces/msg/rosidl_typesupport_fastrtps_c__visibility_control.h
-- Up-to-date: /home/tm/git_ws/myrobot/install/myrobot_interfaces/include/myrobot_interfaces/myrobot_interfaces/action
-- Up-to-date: /home/tm/git_ws/myrobot/install/myrobot_interfaces/include/myrobot_interfaces/myrobot_interfaces/action/detail
-- Installing: /home/tm/git_ws/myrobot/install/myrobot_interfaces/include/myrobot_interfaces/myrobot_interfaces/action/detail/compute_place_pose__rosidl_typesupport_fastrtps_c.h
-- Installing: /home/tm/git_ws/myrobot/install/myrobot_interfaces/include/myrobot_interfaces/myrobot_interfaces/action/detail/get_place_pose__rosidl_typesupport_fastrtps_c.h
-- Installing: /home/tm/git_ws/myrobot/install/myrobot_interfaces/include/myrobot_interfaces/myrobot_interfaces/action/detail/clean_room__rosidl_typesupport_fastrtps_c.h
-- Installing: /home/tm/git_ws/myrobot/install/myrobot_interfaces/lib/libmyrobot_interfaces__rosidl_typesupport_fastrtps_c.so
-- Set non-toolchain portion of runtime path of "/home/tm/git_ws/myrobot/install/myrobot_interfaces/lib/libmyrobot_interfaces__rosidl_typesupport_fastrtps_c.so" to ""
-- Up-to-date: /home/tm/git_ws/myrobot/install/myrobot_interfaces/include/myrobot_interfaces/myrobot_interfaces
-- Up-to-date: /home/tm/git_ws/myrobot/install/myrobot_interfaces/include/myrobot_interfaces/myrobot_interfaces/msg
-- Installing: /home/tm/git_ws/myrobot/install/myrobot_interfaces/include/myrobot_interfaces/myrobot_interfaces/msg/rosidl_generator_cpp__visibility_control.hpp
-- Up-to-date: /home/tm/git_ws/myrobot/install/myrobot_interfaces/include/myrobot_interfaces/myrobot_interfaces/action
-- Installing: /home/tm/git_ws/myrobot/install/myrobot_interfaces/include/myrobot_interfaces/myrobot_interfaces/action/get_place_pose.hpp
-- Installing: /home/tm/git_ws/myrobot/install/myrobot_interfaces/include/myrobot_interfaces/myrobot_interfaces/action/compute_place_pose.hpp
-- Up-to-date: /home/tm/git_ws/myrobot/install/myrobot_interfaces/include/myrobot_interfaces/myrobot_interfaces/action/detail
-- Installing: /home/tm/git_ws/myrobot/install/myrobot_interfaces/include/myrobot_interfaces/myrobot_interfaces/action/detail/compute_place_pose__struct.hpp
-- Installing: /home/tm/git_ws/myrobot/install/myrobot_interfaces/include/myrobot_interfaces/myrobot_interfaces/action/detail/compute_place_pose__builder.hpp
-- Installing: /home/tm/git_ws/myrobot/install/myrobot_interfaces/include/myrobot_interfaces/myrobot_interfaces/action/detail/compute_place_pose__type_support.hpp
-- Installing: /home/tm/git_ws/myrobot/install/myrobot_interfaces/include/myrobot_interfaces/myrobot_interfaces/action/detail/get_place_pose__traits.hpp
-- Installing: /home/tm/git_ws/myrobot/install/myrobot_interfaces/include/myrobot_interfaces/myrobot_interfaces/action/detail/get_place_pose__struct.hpp
-- Installing: /home/tm/git_ws/myrobot/install/myrobot_interfaces/include/myrobot_interfaces/myrobot_interfaces/action/detail/get_place_pose__type_support.hpp
-- Installing: /home/tm/git_ws/myrobot/install/myrobot_interfaces/include/myrobot_interfaces/myrobot_interfaces/action/detail/clean_room__builder.hpp
-- Installing: /home/tm/git_ws/myrobot/install/myrobot_interfaces/include/myrobot_interfaces/myrobot_interfaces/action/detail/clean_room__type_support.hpp
-- Installing: /home/tm/git_ws/myrobot/install/myrobot_interfaces/include/myrobot_interfaces/myrobot_interfaces/action/detail/clean_room__struct.hpp
-- Installing: /home/tm/git_ws/myrobot/install/myrobot_interfaces/include/myrobot_interfaces/myrobot_interfaces/action/detail/get_place_pose__builder.hpp
-- Installing: /home/tm/git_ws/myrobot/install/myrobot_interfaces/include/myrobot_interfaces/myrobot_interfaces/action/detail/clean_room__traits.hpp
-- Installing: /home/tm/git_ws/myrobot/install/myrobot_interfaces/include/myrobot_interfaces/myrobot_interfaces/action/detail/compute_place_pose__traits.hpp
-- Installing: /home/tm/git_ws/myrobot/install/myrobot_interfaces/include/myrobot_interfaces/myrobot_interfaces/action/clean_room.hpp
-- Up-to-date: /home/tm/git_ws/myrobot/install/myrobot_interfaces/include/myrobot_interfaces/myrobot_interfaces
-- Up-to-date: /home/tm/git_ws/myrobot/install/myrobot_interfaces/include/myrobot_interfaces/myrobot_interfaces/msg
-- Installing: /home/tm/git_ws/myrobot/install/myrobot_interfaces/include/myrobot_interfaces/myrobot_interfaces/msg/rosidl_typesupport_fastrtps_cpp__visibility_control.h
-- Up-to-date: /home/tm/git_ws/myrobot/install/myrobot_interfaces/include/myrobot_interfaces/myrobot_interfaces/action
-- Up-to-date: /home/tm/git_ws/myrobot/install/myrobot_interfaces/include/myrobot_interfaces/myrobot_interfaces/action/detail
-- Installing: /home/tm/git_ws/myrobot/install/myrobot_interfaces/include/myrobot_interfaces/myrobot_interfaces/action/detail/dds_fastrtps
-- Installing: /home/tm/git_ws/myrobot/install/myrobot_interfaces/include/myrobot_interfaces/myrobot_interfaces/action/detail/clean_room__rosidl_typesupport_fastrtps_cpp.hpp
-- Installing: /home/tm/git_ws/myrobot/install/myrobot_interfaces/include/myrobot_interfaces/myrobot_interfaces/action/detail/compute_place_pose__rosidl_typesupport_fastrtps_cpp.hpp
-- Installing: /home/tm/git_ws/myrobot/install/myrobot_interfaces/include/myrobot_interfaces/myrobot_interfaces/action/detail/get_place_pose__rosidl_typesupport_fastrtps_cpp.hpp
-- Installing: /home/tm/git_ws/myrobot/install/myrobot_interfaces/lib/libmyrobot_interfaces__rosidl_typesupport_fastrtps_cpp.so
-- Set non-toolchain portion of runtime path of "/home/tm/git_ws/myrobot/install/myrobot_interfaces/lib/libmyrobot_interfaces__rosidl_typesupport_fastrtps_cpp.so" to ""
-- Up-to-date: /home/tm/git_ws/myrobot/install/myrobot_interfaces/include/myrobot_interfaces/myrobot_interfaces
-- Up-to-date: /home/tm/git_ws/myrobot/install/myrobot_interfaces/include/myrobot_interfaces/myrobot_interfaces/msg
-- Installing: /home/tm/git_ws/myrobot/install/myrobot_interfaces/include/myrobot_interfaces/myrobot_interfaces/msg/rosidl_typesupport_introspection_c__visibility_control.h
-- Up-to-date: /home/tm/git_ws/myrobot/install/myrobot_interfaces/include/myrobot_interfaces/myrobot_interfaces/action
-- Up-to-date: /home/tm/git_ws/myrobot/install/myrobot_interfaces/include/myrobot_interfaces/myrobot_interfaces/action/detail
-- Installing: /home/tm/git_ws/myrobot/install/myrobot_interfaces/include/myrobot_interfaces/myrobot_interfaces/action/detail/compute_place_pose__rosidl_typesupport_introspection_c.h
-- Installing: /home/tm/git_ws/myrobot/install/myrobot_interfaces/include/myrobot_interfaces/myrobot_interfaces/action/detail/clean_room__type_support.c
-- Installing: /home/tm/git_ws/myrobot/install/myrobot_interfaces/include/myrobot_interfaces/myrobot_interfaces/action/detail/clean_room__rosidl_typesupport_introspection_c.h
-- Installing: /home/tm/git_ws/myrobot/install/myrobot_interfaces/include/myrobot_interfaces/myrobot_interfaces/action/detail/compute_place_pose__type_support.c
-- Installing: /home/tm/git_ws/myrobot/install/myrobot_interfaces/include/myrobot_interfaces/myrobot_interfaces/action/detail/get_place_pose__rosidl_typesupport_introspection_c.h
-- Installing: /home/tm/git_ws/myrobot/install/myrobot_interfaces/include/myrobot_interfaces/myrobot_interfaces/action/detail/get_place_pose__type_support.c
-- Installing: /home/tm/git_ws/myrobot/install/myrobot_interfaces/lib/libmyrobot_interfaces__rosidl_typesupport_introspection_c.so
-- Set non-toolchain portion of runtime path of "/home/tm/git_ws/myrobot/install/myrobot_interfaces/lib/libmyrobot_interfaces__rosidl_typesupport_introspection_c.so" to ""
-- Installing: /home/tm/git_ws/myrobot/install/myrobot_interfaces/lib/libmyrobot_interfaces__rosidl_typesupport_c.so
-- Set non-toolchain portion of runtime path of "/home/tm/git_ws/myrobot/install/myrobot_interfaces/lib/libmyrobot_interfaces__rosidl_typesupport_c.so" to ""
-- Up-to-date: /home/tm/git_ws/myrobot/install/myrobot_interfaces/include/myrobot_interfaces/myrobot_interfaces
-- Up-to-date: /home/tm/git_ws/myrobot/install/myrobot_interfaces/include/myrobot_interfaces/myrobot_interfaces/action
-- Up-to-date: /home/tm/git_ws/myrobot/install/myrobot_interfaces/include/myrobot_interfaces/myrobot_interfaces/action/detail
-- Installing: /home/tm/git_ws/myrobot/install/myrobot_interfaces/include/myrobot_interfaces/myrobot_interfaces/action/detail/get_place_pose__rosidl_typesupport_introspection_cpp.hpp
-- Installing: /home/tm/git_ws/myrobot/install/myrobot_interfaces/include/myrobot_interfaces/myrobot_interfaces/action/detail/compute_place_pose__rosidl_typesupport_introspection_cpp.hpp
-- Installing: /home/tm/git_ws/myrobot/install/myrobot_interfaces/include/myrobot_interfaces/myrobot_interfaces/action/detail/compute_place_pose__type_support.cpp
-- Installing: /home/tm/git_ws/myrobot/install/myrobot_interfaces/include/myrobot_interfaces/myrobot_interfaces/action/detail/clean_room__type_support.cpp
-- Installing: /home/tm/git_ws/myrobot/install/myrobot_interfaces/include/myrobot_interfaces/myrobot_interfaces/action/detail/get_place_pose__type_support.cpp
-- Installing: /home/tm/git_ws/myrobot/install/myrobot_interfaces/include/myrobot_interfaces/myrobot_interfaces/action/detail/clean_room__rosidl_typesupport_introspection_cpp.hpp
-- Installing: /home/tm/git_ws/myrobot/install/myrobot_interfaces/lib/libmyrobot_interfaces__rosidl_typesupport_introspection_cpp.so
-- Set non-toolchain portion of runtime path of "/home/tm/git_ws/myrobot/install/myrobot_interfaces/lib/libmyrobot_interfaces__rosidl_typesupport_introspection_cpp.so" to ""
-- Installing: /home/tm/git_ws/myrobot/install/myrobot_interfaces/lib/libmyrobot_interfaces__rosidl_typesupport_cpp.so
-- Set non-toolchain portion of runtime path of "/home/tm/git_ws/myrobot/install/myrobot_interfaces/lib/libmyrobot_interfaces__rosidl_typesupport_cpp.so" to ""
-- Installing: /home/tm/git_ws/myrobot/install/myrobot_interfaces/share/myrobot_interfaces/environment/pythonpath.sh
-- Installing: /home/tm/git_ws/myrobot/install/myrobot_interfaces/share/myrobot_interfaces/environment/pythonpath.dsv
-- Installing: /home/tm/git_ws/myrobot/install/myrobot_interfaces/lib/python3.12/site-packages/myrobot_interfaces-0.0.0-py3.12.egg-info
-- Installing: /home/tm/git_ws/myrobot/install/myrobot_interfaces/lib/python3.12/site-packages/myrobot_interfaces-0.0.0-py3.12.egg-info/top_level.txt
-- Installing: /home/tm/git_ws/myrobot/install/myrobot_interfaces/lib/python3.12/site-packages/myrobot_interfaces-0.0.0-py3.12.egg-info/dependency_links.txt
-- Installing: /home/tm/git_ws/myrobot/install/myrobot_interfaces/lib/python3.12/site-packages/myrobot_interfaces-0.0.0-py3.12.egg-info/PKG-INFO
-- Installing: /home/tm/git_ws/myrobot/install/myrobot_interfaces/lib/python3.12/site-packages/myrobot_interfaces-0.0.0-py3.12.egg-info/SOURCES.txt
-- Installing: /home/tm/git_ws/myrobot/install/myrobot_interfaces/lib/python3.12/site-packages/myrobot_interfaces
-- Installing: /home/tm/git_ws/myrobot/install/myrobot_interfaces/lib/python3.12/site-packages/myrobot_interfaces/action
-- Installing: /home/tm/git_ws/myrobot/install/myrobot_interfaces/lib/python3.12/site-packages/myrobot_interfaces/action/_clean_room_s.c
-- Installing: /home/tm/git_ws/myrobot/install/myrobot_interfaces/lib/python3.12/site-packages/myrobot_interfaces/action/_get_place_pose_s.c
-- Installing: /home/tm/git_ws/myrobot/install/myrobot_interfaces/lib/python3.12/site-packages/myrobot_interfaces/action/_clean_room.py
-- Installing: /home/tm/git_ws/myrobot/install/myrobot_interfaces/lib/python3.12/site-packages/myrobot_interfaces/action/__init__.py
-- Installing: /home/tm/git_ws/myrobot/install/myrobot_interfaces/lib/python3.12/site-packages/myrobot_interfaces/action/_compute_place_pose_s.c
-- Installing: /home/tm/git_ws/myrobot/install/myrobot_interfaces/lib/python3.12/site-packages/myrobot_interfaces/action/_compute_place_pose.py
-- Installing: /home/tm/git_ws/myrobot/install/myrobot_interfaces/lib/python3.12/site-packages/myrobot_interfaces/action/_get_place_pose.py
-- Installing: /home/tm/git_ws/myrobot/install/myrobot_interfaces/lib/python3.12/site-packages/myrobot_interfaces/_myrobot_interfaces_s.ep.rosidl_typesupport_fastrtps_c.c
-- Installing: /home/tm/git_ws/myrobot/install/myrobot_interfaces/lib/python3.12/site-packages/myrobot_interfaces/myrobot_interfaces_s__rosidl_typesupport_fastrtps_c.so
-- Installing: /home/tm/git_ws/myrobot/install/myrobot_interfaces/lib/python3.12/site-packages/myrobot_interfaces/myrobot_interfaces_s__rosidl_typesupport_c.so
-- Installing: /home/tm/git_ws/myrobot/install/myrobot_interfaces/lib/python3.12/site-packages/myrobot_interfaces/__init__.py
-- Installing: /home/tm/git_ws/myrobot/install/myrobot_interfaces/lib/python3.12/site-packages/myrobot_interfaces/_myrobot_interfaces_s.ep.rosidl_typesupport_introspection_c.c
-- Installing: /home/tm/git_ws/myrobot/install/myrobot_interfaces/lib/python3.12/site-packages/myrobot_interfaces/myrobot_interfaces_s__rosidl_typesupport_introspection_c.so
-- Installing: /home/tm/git_ws/myrobot/install/myrobot_interfaces/lib/python3.12/site-packages/myrobot_interfaces/_myrobot_interfaces_s.ep.rosidl_typesupport_c.c
Listing '/home/tm/git_ws/myrobot/install/myrobot_interfaces/lib/python3.12/site-packages/myrobot_interfaces'...
Compiling '/home/tm/git_ws/myrobot/install/myrobot_interfaces/lib/python3.12/site-packages/myrobot_interfaces/__init__.py'...
Listing '/home/tm/git_ws/myrobot/install/myrobot_interfaces/lib/python3.12/site-packages/myrobot_interfaces/action'...
Compiling '/home/tm/git_ws/myrobot/install/myrobot_interfaces/lib/python3.12/site-packages/myrobot_interfaces/action/__init__.py'...
Compiling '/home/tm/git_ws/myrobot/install/myrobot_interfaces/lib/python3.12/site-packages/myrobot_interfaces/action/_clean_room.py'...
Compiling '/home/tm/git_ws/myrobot/install/myrobot_interfaces/lib/python3.12/site-packages/myrobot_interfaces/action/_compute_place_pose.py'...
Compiling '/home/tm/git_ws/myrobot/install/myrobot_interfaces/lib/python3.12/site-packages/myrobot_interfaces/action/_get_place_pose.py'...
-- Installing: /home/tm/git_ws/myrobot/install/myrobot_interfaces/lib/python3.12/site-packages/myrobot_interfaces/myrobot_interfaces_s__rosidl_typesupport_fastrtps_c.so
-- Set non-toolchain portion of runtime path of "/home/tm/git_ws/myrobot/install/myrobot_interfaces/lib/python3.12/site-packages/myrobot_interfaces/myrobot_interfaces_s__rosidl_typesupport_fastrtps_c.so" to ""
-- Installing: /home/tm/git_ws/myrobot/install/myrobot_interfaces/lib/python3.12/site-packages/myrobot_interfaces/myrobot_interfaces_s__rosidl_typesupport_introspection_c.so
-- Set non-toolchain portion of runtime path of "/home/tm/git_ws/myrobot/install/myrobot_interfaces/lib/python3.12/site-packages/myrobot_interfaces/myrobot_interfaces_s__rosidl_typesupport_introspection_c.so" to ""
-- Installing: /home/tm/git_ws/myrobot/install/myrobot_interfaces/lib/python3.12/site-packages/myrobot_interfaces/myrobot_interfaces_s__rosidl_typesupport_c.so
-- Set non-toolchain portion of runtime path of "/home/tm/git_ws/myrobot/install/myrobot_interfaces/lib/python3.12/site-packages/myrobot_interfaces/myrobot_interfaces_s__rosidl_typesupport_c.so" to ""
-- Installing: /home/tm/git_ws/myrobot/install/myrobot_interfaces/lib/libmyrobot_interfaces__rosidl_generator_py.so
-- Set non-toolchain portion of runtime path of "/home/tm/git_ws/myrobot/install/myrobot_interfaces/lib/libmyrobot_interfaces__rosidl_generator_py.so" to ""
-- Installing: /home/tm/git_ws/myrobot/install/myrobot_interfaces/share/myrobot_interfaces/action/GetPlacePose.idl
-- Installing: /home/tm/git_ws/myrobot/install/myrobot_interfaces/share/myrobot_interfaces/action/ComputePlacePose.idl
-- Installing: /home/tm/git_ws/myrobot/install/myrobot_interfaces/share/myrobot_interfaces/action/CleanRoom.idl
-- Installing: /home/tm/git_ws/myrobot/install/myrobot_interfaces/share/myrobot_interfaces/action/GetPlacePose.action
-- Installing: /home/tm/git_ws/myrobot/install/myrobot_interfaces/share/myrobot_interfaces/action/ComputePlacePose.action
-- Installing: /home/tm/git_ws/myrobot/install/myrobot_interfaces/share/myrobot_interfaces/action/CleanRoom.action
-- Installing: /home/tm/git_ws/myrobot/install/myrobot_interfaces/share/ament_index/resource_index/package_run_dependencies/myrobot_interfaces
-- Installing: /home/tm/git_ws/myrobot/install/myrobot_interfaces/share/ament_index/resource_index/parent_prefix_path/myrobot_interfaces
-- Installing: /home/tm/git_ws/myrobot/install/myrobot_interfaces/share/myrobot_interfaces/environment/ament_prefix_path.sh
-- Installing: /home/tm/git_ws/myrobot/install/myrobot_interfaces/share/myrobot_interfaces/environment/ament_prefix_path.dsv
-- Installing: /home/tm/git_ws/myrobot/install/myrobot_interfaces/share/myrobot_interfaces/environment/path.sh
-- Installing: /home/tm/git_ws/myrobot/install/myrobot_interfaces/share/myrobot_interfaces/environment/path.dsv
-- Installing: /home/tm/git_ws/myrobot/install/myrobot_interfaces/share/myrobot_interfaces/local_setup.bash
-- Installing: /home/tm/git_ws/myrobot/install/myrobot_interfaces/share/myrobot_interfaces/local_setup.sh
-- Installing: /home/tm/git_ws/myrobot/install/myrobot_interfaces/share/myrobot_interfaces/local_setup.zsh
-- Installing: /home/tm/git_ws/myrobot/install/myrobot_interfaces/share/myrobot_interfaces/local_setup.dsv
-- Installing: /home/tm/git_ws/myrobot/install/myrobot_interfaces/share/myrobot_interfaces/package.dsv
-- Installing: /home/tm/git_ws/myrobot/install/myrobot_interfaces/share/ament_index/resource_index/packages/myrobot_interfaces
-- Installing: /home/tm/git_ws/myrobot/install/myrobot_interfaces/share/myrobot_interfaces/cmake/export_myrobot_interfaces__rosidl_generator_cExport.cmake
-- Installing: /home/tm/git_ws/myrobot/install/myrobot_interfaces/share/myrobot_interfaces/cmake/export_myrobot_interfaces__rosidl_generator_cExport-noconfig.cmake
-- Installing: /home/tm/git_ws/myrobot/install/myrobot_interfaces/share/myrobot_interfaces/cmake/export_myrobot_interfaces__rosidl_typesupport_fastrtps_cExport.cmake
-- Installing: /home/tm/git_ws/myrobot/install/myrobot_interfaces/share/myrobot_interfaces/cmake/export_myrobot_interfaces__rosidl_typesupport_fastrtps_cExport-noconfig.cmake
-- Installing: /home/tm/git_ws/myrobot/install/myrobot_interfaces/share/myrobot_interfaces/cmake/export_myrobot_interfaces__rosidl_generator_cppExport.cmake
-- Installing: /home/tm/git_ws/myrobot/install/myrobot_interfaces/share/myrobot_interfaces/cmake/export_myrobot_interfaces__rosidl_typesupport_fastrtps_cppExport.cmake
-- Installing: /home/tm/git_ws/myrobot/install/myrobot_interfaces/share/myrobot_interfaces/cmake/export_myrobot_interfaces__rosidl_typesupport_fastrtps_cppExport-noconfig.cmake
-- Installing: /home/tm/git_ws/myrobot/install/myrobot_interfaces/share/myrobot_interfaces/cmake/myrobot_interfaces__rosidl_typesupport_introspection_cExport.cmake
-- Installing: /home/tm/git_ws/myrobot/install/myrobot_interfaces/share/myrobot_interfaces/cmake/myrobot_interfaces__rosidl_typesupport_introspection_cExport-noconfig.cmake
-- Installing: /home/tm/git_ws/myrobot/install/myrobot_interfaces/share/myrobot_interfaces/cmake/myrobot_interfaces__rosidl_typesupport_cExport.cmake
-- Installing: /home/tm/git_ws/myrobot/install/myrobot_interfaces/share/myrobot_interfaces/cmake/myrobot_interfaces__rosidl_typesupport_cExport-noconfig.cmake
-- Installing: /home/tm/git_ws/myrobot/install/myrobot_interfaces/share/myrobot_interfaces/cmake/myrobot_interfaces__rosidl_typesupport_introspection_cppExport.cmake
-- Installing: /home/tm/git_ws/myrobot/install/myrobot_interfaces/share/myrobot_interfaces/cmake/myrobot_interfaces__rosidl_typesupport_introspection_cppExport-noconfig.cmake
-- Installing: /home/tm/git_ws/myrobot/install/myrobot_interfaces/share/myrobot_interfaces/cmake/myrobot_interfaces__rosidl_typesupport_cppExport.cmake
-- Installing: /home/tm/git_ws/myrobot/install/myrobot_interfaces/share/myrobot_interfaces/cmake/myrobot_interfaces__rosidl_typesupport_cppExport-noconfig.cmake
-- Installing: /home/tm/git_ws/myrobot/install/myrobot_interfaces/share/myrobot_interfaces/cmake/export_myrobot_interfaces__rosidl_generator_pyExport.cmake
-- Installing: /home/tm/git_ws/myrobot/install/myrobot_interfaces/share/myrobot_interfaces/cmake/export_myrobot_interfaces__rosidl_generator_pyExport-noconfig.cmake
-- Installing: /home/tm/git_ws/myrobot/install/myrobot_interfaces/share/myrobot_interfaces/cmake/rosidl_cmake-extras.cmake
-- Installing: /home/tm/git_ws/myrobot/install/myrobot_interfaces/share/myrobot_interfaces/cmake/ament_cmake_export_dependencies-extras.cmake
-- Installing: /home/tm/git_ws/myrobot/install/myrobot_interfaces/share/myrobot_interfaces/cmake/ament_cmake_export_include_directories-extras.cmake
-- Installing: /home/tm/git_ws/myrobot/install/myrobot_interfaces/share/myrobot_interfaces/cmake/ament_cmake_export_libraries-extras.cmake
-- Installing: /home/tm/git_ws/myrobot/install/myrobot_interfaces/share/myrobot_interfaces/cmake/ament_cmake_export_targets-extras.cmake
-- Installing: /home/tm/git_ws/myrobot/install/myrobot_interfaces/share/myrobot_interfaces/cmake/rosidl_cmake_export_typesupport_targets-extras.cmake
-- Installing: /home/tm/git_ws/myrobot/install/myrobot_interfaces/share/myrobot_interfaces/cmake/rosidl_cmake_export_typesupport_libraries-extras.cmake
-- Installing: /home/tm/git_ws/myrobot/install/myrobot_interfaces/share/myrobot_interfaces/cmake/myrobot_interfacesConfig.cmake
-- Installing: /home/tm/git_ws/myrobot/install/myrobot_interfaces/share/myrobot_interfaces/cmake/myrobot_interfacesConfig-version.cmake
-- Installing: /home/tm/git_ws/myrobot/install/myrobot_interfaces/share/myrobot_interfaces/package.xml
