[0.009s] Invoking command in '/home/tm/git_ws/myrobot/build/myrobot_interfaces': CMAKE_PREFIX_PATH=${CMAKE_PREFIX_PATH}:/opt/ros/jazzy DEBUGINFOD_URLS=https://debuginfod.ubuntu.com VIRTUAL_ENV_PROMPT=(ros) /usr/bin/cmake --build /home/tm/git_ws/myrobot/build/myrobot_interfaces -- -j16 -l16
[0.062s] [  1%] [34m[1mGenerating type hashes for ROS interfaces[0m
[0.069s] [  1%] Built target ament_cmake_python_copy_myrobot_interfaces
[0.186s] running egg_info
[0.193s] creating myrobot_interfaces.egg-info
[0.193s] writing myrobot_interfaces.egg-info/PKG-INFO
[0.193s] writing dependency_links to myrobot_interfaces.egg-info/dependency_links.txt
[0.193s] writing top-level names to myrobot_interfaces.egg-info/top_level.txt
[0.193s] writing manifest file 'myrobot_interfaces.egg-info/SOURCES.txt'
[0.217s] reading manifest file 'myrobot_interfaces.egg-info/SOURCES.txt'
[0.218s] writing manifest file 'myrobot_interfaces.egg-info/SOURCES.txt'
[0.234s] [  1%] Built target myrobot_interfaces__rosidl_generator_type_description
[0.244s] [  3%] [34m[1mGenerating C code for ROS interfaces[0m
[0.251s] [  3%] Built target ament_cmake_python_build_myrobot_interfaces_egg
[0.255s] [  5%] [34m[1mGenerating C++ code for ROS interfaces[0m
[0.906s] [  5%] Built target myrobot_interfaces__cpp
[0.977s] [ 14%] [32mBuilding C object CMakeFiles/myrobot_interfaces__rosidl_generator_c.dir/rosidl_generator_c/myrobot_interfaces/action/detail/get_place_pose__functions.c.o[0m
[0.977s] [ 14%] [32mBuilding C object CMakeFiles/myrobot_interfaces__rosidl_generator_c.dir/rosidl_generator_c/myrobot_interfaces/action/detail/get_place_pose__description.c.o[0m
[0.977s] [ 14%] [32mBuilding C object CMakeFiles/myrobot_interfaces__rosidl_generator_c.dir/rosidl_generator_c/myrobot_interfaces/action/detail/compute_place_pose__type_support.c.o[0m
[0.977s] [ 14%] [32mBuilding C object CMakeFiles/myrobot_interfaces__rosidl_generator_c.dir/rosidl_generator_c/myrobot_interfaces/action/detail/clean_room__description.c.o[0m
[0.977s] [ 14%] [32mBuilding C object CMakeFiles/myrobot_interfaces__rosidl_generator_c.dir/rosidl_generator_c/myrobot_interfaces/action/detail/compute_place_pose__functions.c.o[0m
[0.977s] [ 20%] [32mBuilding C object CMakeFiles/myrobot_interfaces__rosidl_generator_c.dir/rosidl_generator_c/myrobot_interfaces/action/detail/clean_room__type_support.c.o[0m
[0.977s] [ 20%] [32mBuilding C object CMakeFiles/myrobot_interfaces__rosidl_generator_c.dir/rosidl_generator_c/myrobot_interfaces/action/detail/compute_place_pose__description.c.o[0m
[0.977s] [ 20%] [32mBuilding C object CMakeFiles/myrobot_interfaces__rosidl_generator_c.dir/rosidl_generator_c/myrobot_interfaces/action/detail/clean_room__functions.c.o[0m
[0.979s] [ 22%] [32mBuilding C object CMakeFiles/myrobot_interfaces__rosidl_generator_c.dir/rosidl_generator_c/myrobot_interfaces/action/detail/get_place_pose__type_support.c.o[0m
[1.084s] [ 24%] [32m[1mLinking C shared library libmyrobot_interfaces__rosidl_generator_c.so[0m
[1.122s] [ 24%] Built target myrobot_interfaces__rosidl_generator_c
[1.132s] [ 35%] [34m[1mGenerating C++ type support for eProsima Fast-RTPS[0m
[1.132s] [ 35%] [34m[1mGenerating C type support dispatch for ROS interfaces[0m
[1.132s] [ 35%] [34m[1mGenerating C++ introspection for ROS interfaces[0m
[1.132s] [ 35%] [34m[1mGenerating C type support for eProsima Fast-RTPS[0m
[1.132s] [ 35%] [34m[1mGenerating C++ type support dispatch for ROS interfaces[0m
[1.132s] [ 35%] [34m[1mGenerating C introspection for ROS interfaces[0m
[1.476s] [ 40%] [32mBuilding CXX object CMakeFiles/myrobot_interfaces__rosidl_typesupport_c.dir/rosidl_typesupport_c/myrobot_interfaces/action/compute_place_pose__type_support.cpp.o[0m
[1.476s] [ 40%] [32mBuilding CXX object CMakeFiles/myrobot_interfaces__rosidl_typesupport_c.dir/rosidl_typesupport_c/myrobot_interfaces/action/get_place_pose__type_support.cpp.o[0m
[1.476s] [ 40%] [32mBuilding CXX object CMakeFiles/myrobot_interfaces__rosidl_typesupport_c.dir/rosidl_typesupport_c/myrobot_interfaces/action/clean_room__type_support.cpp.o[0m
[1.501s] [ 46%] [32mBuilding CXX object CMakeFiles/myrobot_interfaces__rosidl_typesupport_cpp.dir/rosidl_typesupport_cpp/myrobot_interfaces/action/clean_room__type_support.cpp.o[0m
[1.502s] [ 46%] [32mBuilding CXX object CMakeFiles/myrobot_interfaces__rosidl_typesupport_cpp.dir/rosidl_typesupport_cpp/myrobot_interfaces/action/get_place_pose__type_support.cpp.o[0m
[1.502s] [ 46%] [32mBuilding CXX object CMakeFiles/myrobot_interfaces__rosidl_typesupport_cpp.dir/rosidl_typesupport_cpp/myrobot_interfaces/action/compute_place_pose__type_support.cpp.o[0m
[1.527s] [ 48%] [32m[1mLinking CXX shared library libmyrobot_interfaces__rosidl_typesupport_c.so[0m
[1.566s] [ 48%] Built target myrobot_interfaces__rosidl_typesupport_c
[1.610s] [ 51%] [32mBuilding CXX object CMakeFiles/myrobot_interfaces__rosidl_typesupport_introspection_cpp.dir/rosidl_typesupport_introspection_cpp/myrobot_interfaces/action/detail/compute_place_pose__type_support.cpp.o[0m
[1.610s] [ 51%] [32mBuilding CXX object CMakeFiles/myrobot_interfaces__rosidl_typesupport_introspection_cpp.dir/rosidl_typesupport_introspection_cpp/myrobot_interfaces/action/detail/clean_room__type_support.cpp.o[0m
[1.611s] [ 53%] [32mBuilding CXX object CMakeFiles/myrobot_interfaces__rosidl_typesupport_introspection_cpp.dir/rosidl_typesupport_introspection_cpp/myrobot_interfaces/action/detail/get_place_pose__type_support.cpp.o[0m
[1.672s] [ 59%] [32mBuilding C object CMakeFiles/myrobot_interfaces__rosidl_typesupport_introspection_c.dir/rosidl_typesupport_introspection_c/myrobot_interfaces/action/detail/compute_place_pose__type_support.c.o[0m
[1.672s] [ 59%] [32mBuilding C object CMakeFiles/myrobot_interfaces__rosidl_typesupport_introspection_c.dir/rosidl_typesupport_introspection_c/myrobot_interfaces/action/detail/get_place_pose__type_support.c.o[0m
[1.672s] [ 59%] [32mBuilding C object CMakeFiles/myrobot_interfaces__rosidl_typesupport_introspection_c.dir/rosidl_typesupport_introspection_c/myrobot_interfaces/action/detail/clean_room__type_support.c.o[0m
[1.746s] [ 61%] [32m[1mLinking C shared library libmyrobot_interfaces__rosidl_typesupport_introspection_c.so[0m
[1.789s] [ 61%] Built target myrobot_interfaces__rosidl_typesupport_introspection_c
[1.973s] [ 62%] [32mBuilding CXX object CMakeFiles/myrobot_interfaces__rosidl_typesupport_fastrtps_cpp.dir/rosidl_typesupport_fastrtps_cpp/myrobot_interfaces/action/detail/dds_fastrtps/get_place_pose__type_support.cpp.o[0m
[1.974s] [ 66%] [32mBuilding CXX object CMakeFiles/myrobot_interfaces__rosidl_typesupport_fastrtps_cpp.dir/rosidl_typesupport_fastrtps_cpp/myrobot_interfaces/action/detail/dds_fastrtps/clean_room__type_support.cpp.o[0m
[1.974s] [ 66%] [32mBuilding CXX object CMakeFiles/myrobot_interfaces__rosidl_typesupport_fastrtps_cpp.dir/rosidl_typesupport_fastrtps_cpp/myrobot_interfaces/action/detail/dds_fastrtps/compute_place_pose__type_support.cpp.o[0m
[2.045s] [ 68%] [32m[1mLinking CXX shared library libmyrobot_interfaces__rosidl_typesupport_cpp.so[0m
[2.078s] [ 74%] [32mBuilding CXX object CMakeFiles/myrobot_interfaces__rosidl_typesupport_fastrtps_c.dir/rosidl_typesupport_fastrtps_c/myrobot_interfaces/action/detail/compute_place_pose__type_support_c.cpp.o[0m
[2.078s] [ 74%] [32mBuilding CXX object CMakeFiles/myrobot_interfaces__rosidl_typesupport_fastrtps_c.dir/rosidl_typesupport_fastrtps_c/myrobot_interfaces/action/detail/get_place_pose__type_support_c.cpp.o[0m
[2.078s] [ 74%] [32mBuilding CXX object CMakeFiles/myrobot_interfaces__rosidl_typesupport_fastrtps_c.dir/rosidl_typesupport_fastrtps_c/myrobot_interfaces/action/detail/clean_room__type_support_c.cpp.o[0m
[2.160s] [ 74%] Built target myrobot_interfaces__rosidl_typesupport_cpp
[2.213s] [ 75%] [32m[1mLinking CXX shared library libmyrobot_interfaces__rosidl_typesupport_introspection_cpp.so[0m
[2.303s] [ 75%] Built target myrobot_interfaces__rosidl_typesupport_introspection_cpp
[2.522s] [ 77%] [32m[1mLinking CXX shared library libmyrobot_interfaces__rosidl_typesupport_fastrtps_c.so[0m
[2.588s] [ 77%] Built target myrobot_interfaces__rosidl_typesupport_fastrtps_c
[2.694s] [ 79%] [32m[1mLinking CXX shared library libmyrobot_interfaces__rosidl_typesupport_fastrtps_cpp.so[0m
[2.768s] [ 79%] Built target myrobot_interfaces__rosidl_typesupport_fastrtps_cpp
[2.788s] [ 79%] Built target myrobot_interfaces
[2.810s] [ 81%] [34m[1mGenerating Python code for ROS interfaces[0m
[4.042s] [ 81%] Built target myrobot_interfaces__py
[4.060s] [ 85%] [32mBuilding C object CMakeFiles/myrobot_interfaces__rosidl_generator_py.dir/rosidl_generator_py/myrobot_interfaces/action/_compute_place_pose_s.c.o[0m
[4.060s] [ 85%] [32mBuilding C object CMakeFiles/myrobot_interfaces__rosidl_generator_py.dir/rosidl_generator_py/myrobot_interfaces/action/_get_place_pose_s.c.o[0m
[4.060s] [ 87%] [32mBuilding C object CMakeFiles/myrobot_interfaces__rosidl_generator_py.dir/rosidl_generator_py/myrobot_interfaces/action/_clean_room_s.c.o[0m
[4.194s] [ 88%] [32m[1mLinking C shared library libmyrobot_interfaces__rosidl_generator_py.so[0m
[4.240s] [ 88%] Built target myrobot_interfaces__rosidl_generator_py
[4.258s] [ 92%] [32mBuilding C object CMakeFiles/myrobot_interfaces_s__rosidl_typesupport_fastrtps_c.dir/rosidl_generator_py/myrobot_interfaces/_myrobot_interfaces_s.ep.rosidl_typesupport_fastrtps_c.c.o[0m
[4.258s] [ 92%] [32mBuilding C object CMakeFiles/myrobot_interfaces_s__rosidl_typesupport_introspection_c.dir/rosidl_generator_py/myrobot_interfaces/_myrobot_interfaces_s.ep.rosidl_typesupport_introspection_c.c.o[0m
[4.258s] [ 94%] [32mBuilding C object CMakeFiles/myrobot_interfaces_s__rosidl_typesupport_c.dir/rosidl_generator_py/myrobot_interfaces/_myrobot_interfaces_s.ep.rosidl_typesupport_c.c.o[0m
[4.378s] [ 96%] [32m[1mLinking C shared module rosidl_generator_py/myrobot_interfaces/myrobot_interfaces_s__rosidl_typesupport_c.so[0m
[4.382s] [ 98%] [32m[1mLinking C shared module rosidl_generator_py/myrobot_interfaces/myrobot_interfaces_s__rosidl_typesupport_introspection_c.so[0m
[4.384s] [100%] [32m[1mLinking C shared module rosidl_generator_py/myrobot_interfaces/myrobot_interfaces_s__rosidl_typesupport_fastrtps_c.so[0m
[4.409s] [100%] Built target myrobot_interfaces_s__rosidl_typesupport_introspection_c
[4.409s] [100%] Built target myrobot_interfaces_s__rosidl_typesupport_c
[4.416s] [100%] Built target myrobot_interfaces_s__rosidl_typesupport_fastrtps_c
[4.430s] Invoked command in '/home/tm/git_ws/myrobot/build/myrobot_interfaces' returned '0': CMAKE_PREFIX_PATH=${CMAKE_PREFIX_PATH}:/opt/ros/jazzy DEBUGINFOD_URLS=https://debuginfod.ubuntu.com VIRTUAL_ENV_PROMPT=(ros) /usr/bin/cmake --build /home/tm/git_ws/myrobot/build/myrobot_interfaces -- -j16 -l16
[4.440s] Invoking command in '/home/tm/git_ws/myrobot/build/myrobot_interfaces': CMAKE_PREFIX_PATH=${CMAKE_PREFIX_PATH}:/opt/ros/jazzy DEBUGINFOD_URLS=https://debuginfod.ubuntu.com VIRTUAL_ENV_PROMPT=(ros) /usr/bin/cmake --install /home/tm/git_ws/myrobot/build/myrobot_interfaces
[4.448s] -- Install configuration: ""
[4.448s] -- Installing: /home/tm/git_ws/myrobot/install/myrobot_interfaces/share/ament_index/resource_index/rosidl_interfaces/myrobot_interfaces
[4.449s] -- Installing: /home/tm/git_ws/myrobot/install/myrobot_interfaces/share/myrobot_interfaces/action/GetPlacePose.json
[4.449s] -- Installing: /home/tm/git_ws/myrobot/install/myrobot_interfaces/share/myrobot_interfaces/action/ComputePlacePose.json
[4.449s] -- Installing: /home/tm/git_ws/myrobot/install/myrobot_interfaces/share/myrobot_interfaces/action/CleanRoom.json
[4.449s] -- Installing: /home/tm/git_ws/myrobot/install/myrobot_interfaces/include/myrobot_interfaces/myrobot_interfaces
[4.449s] -- Installing: /home/tm/git_ws/myrobot/install/myrobot_interfaces/include/myrobot_interfaces/myrobot_interfaces/msg
[4.449s] -- Installing: /home/tm/git_ws/myrobot/install/myrobot_interfaces/include/myrobot_interfaces/myrobot_interfaces/msg/rosidl_generator_c__visibility_control.h
[4.449s] -- Installing: /home/tm/git_ws/myrobot/install/myrobot_interfaces/include/myrobot_interfaces/myrobot_interfaces/action
[4.449s] -- Installing: /home/tm/git_ws/myrobot/install/myrobot_interfaces/include/myrobot_interfaces/myrobot_interfaces/action/get_place_pose.h
[4.449s] -- Installing: /home/tm/git_ws/myrobot/install/myrobot_interfaces/include/myrobot_interfaces/myrobot_interfaces/action/compute_place_pose.h
[4.449s] -- Installing: /home/tm/git_ws/myrobot/install/myrobot_interfaces/include/myrobot_interfaces/myrobot_interfaces/action/clean_room.h
[4.449s] -- Installing: /home/tm/git_ws/myrobot/install/myrobot_interfaces/include/myrobot_interfaces/myrobot_interfaces/action/detail
[4.449s] -- Installing: /home/tm/git_ws/myrobot/install/myrobot_interfaces/include/myrobot_interfaces/myrobot_interfaces/action/detail/clean_room__type_support.h
[4.450s] -- Installing: /home/tm/git_ws/myrobot/install/myrobot_interfaces/include/myrobot_interfaces/myrobot_interfaces/action/detail/get_place_pose__functions.c
[4.450s] -- Installing: /home/tm/git_ws/myrobot/install/myrobot_interfaces/include/myrobot_interfaces/myrobot_interfaces/action/detail/get_place_pose__functions.h
[4.450s] -- Installing: /home/tm/git_ws/myrobot/install/myrobot_interfaces/include/myrobot_interfaces/myrobot_interfaces/action/detail/get_place_pose__struct.h
[4.450s] -- Installing: /home/tm/git_ws/myrobot/install/myrobot_interfaces/include/myrobot_interfaces/myrobot_interfaces/action/detail/clean_room__functions.h
[4.450s] -- Installing: /home/tm/git_ws/myrobot/install/myrobot_interfaces/include/myrobot_interfaces/myrobot_interfaces/action/detail/clean_room__description.c
[4.450s] -- Installing: /home/tm/git_ws/myrobot/install/myrobot_interfaces/include/myrobot_interfaces/myrobot_interfaces/action/detail/clean_room__functions.c
[4.450s] -- Installing: /home/tm/git_ws/myrobot/install/myrobot_interfaces/include/myrobot_interfaces/myrobot_interfaces/action/detail/clean_room__type_support.c
[4.450s] -- Installing: /home/tm/git_ws/myrobot/install/myrobot_interfaces/include/myrobot_interfaces/myrobot_interfaces/action/detail/compute_place_pose__functions.h
[4.450s] -- Installing: /home/tm/git_ws/myrobot/install/myrobot_interfaces/include/myrobot_interfaces/myrobot_interfaces/action/detail/compute_place_pose__struct.h
[4.450s] -- Installing: /home/tm/git_ws/myrobot/install/myrobot_interfaces/include/myrobot_interfaces/myrobot_interfaces/action/detail/compute_place_pose__type_support.c
[4.450s] -- Installing: /home/tm/git_ws/myrobot/install/myrobot_interfaces/include/myrobot_interfaces/myrobot_interfaces/action/detail/compute_place_pose__type_support.h
[4.450s] -- Installing: /home/tm/git_ws/myrobot/install/myrobot_interfaces/include/myrobot_interfaces/myrobot_interfaces/action/detail/get_place_pose__type_support.h
[4.450s] -- Installing: /home/tm/git_ws/myrobot/install/myrobot_interfaces/include/myrobot_interfaces/myrobot_interfaces/action/detail/clean_room__struct.h
[4.450s] -- Installing: /home/tm/git_ws/myrobot/install/myrobot_interfaces/include/myrobot_interfaces/myrobot_interfaces/action/detail/compute_place_pose__functions.c
[4.450s] -- Installing: /home/tm/git_ws/myrobot/install/myrobot_interfaces/include/myrobot_interfaces/myrobot_interfaces/action/detail/get_place_pose__description.c
[4.451s] -- Installing: /home/tm/git_ws/myrobot/install/myrobot_interfaces/include/myrobot_interfaces/myrobot_interfaces/action/detail/get_place_pose__type_support.c
[4.451s] -- Installing: /home/tm/git_ws/myrobot/install/myrobot_interfaces/include/myrobot_interfaces/myrobot_interfaces/action/detail/compute_place_pose__description.c
[4.451s] -- Installing: /home/tm/git_ws/myrobot/install/myrobot_interfaces/share/myrobot_interfaces/environment/library_path.sh
[4.451s] -- Installing: /home/tm/git_ws/myrobot/install/myrobot_interfaces/share/myrobot_interfaces/environment/library_path.dsv
[4.451s] -- Installing: /home/tm/git_ws/myrobot/install/myrobot_interfaces/lib/libmyrobot_interfaces__rosidl_generator_c.so
[4.451s] -- Set non-toolchain portion of runtime path of "/home/tm/git_ws/myrobot/install/myrobot_interfaces/lib/libmyrobot_interfaces__rosidl_generator_c.so" to ""
[4.452s] -- Up-to-date: /home/tm/git_ws/myrobot/install/myrobot_interfaces/include/myrobot_interfaces/myrobot_interfaces
[4.452s] -- Up-to-date: /home/tm/git_ws/myrobot/install/myrobot_interfaces/include/myrobot_interfaces/myrobot_interfaces/msg
[4.452s] -- Installing: /home/tm/git_ws/myrobot/install/myrobot_interfaces/include/myrobot_interfaces/myrobot_interfaces/msg/rosidl_typesupport_fastrtps_c__visibility_control.h
[4.452s] -- Up-to-date: /home/tm/git_ws/myrobot/install/myrobot_interfaces/include/myrobot_interfaces/myrobot_interfaces/action
[4.452s] -- Up-to-date: /home/tm/git_ws/myrobot/install/myrobot_interfaces/include/myrobot_interfaces/myrobot_interfaces/action/detail
[4.452s] -- Installing: /home/tm/git_ws/myrobot/install/myrobot_interfaces/include/myrobot_interfaces/myrobot_interfaces/action/detail/compute_place_pose__rosidl_typesupport_fastrtps_c.h
[4.452s] -- Installing: /home/tm/git_ws/myrobot/install/myrobot_interfaces/include/myrobot_interfaces/myrobot_interfaces/action/detail/get_place_pose__rosidl_typesupport_fastrtps_c.h
[4.452s] -- Installing: /home/tm/git_ws/myrobot/install/myrobot_interfaces/include/myrobot_interfaces/myrobot_interfaces/action/detail/clean_room__rosidl_typesupport_fastrtps_c.h
[4.452s] -- Installing: /home/tm/git_ws/myrobot/install/myrobot_interfaces/lib/libmyrobot_interfaces__rosidl_typesupport_fastrtps_c.so
[4.452s] -- Set non-toolchain portion of runtime path of "/home/tm/git_ws/myrobot/install/myrobot_interfaces/lib/libmyrobot_interfaces__rosidl_typesupport_fastrtps_c.so" to ""
[4.452s] -- Up-to-date: /home/tm/git_ws/myrobot/install/myrobot_interfaces/include/myrobot_interfaces/myrobot_interfaces
[4.452s] -- Up-to-date: /home/tm/git_ws/myrobot/install/myrobot_interfaces/include/myrobot_interfaces/myrobot_interfaces/msg
[4.453s] -- Installing: /home/tm/git_ws/myrobot/install/myrobot_interfaces/include/myrobot_interfaces/myrobot_interfaces/msg/rosidl_generator_cpp__visibility_control.hpp
[4.453s] -- Up-to-date: /home/tm/git_ws/myrobot/install/myrobot_interfaces/include/myrobot_interfaces/myrobot_interfaces/action
[4.453s] -- Installing: /home/tm/git_ws/myrobot/install/myrobot_interfaces/include/myrobot_interfaces/myrobot_interfaces/action/get_place_pose.hpp
[4.453s] -- Installing: /home/tm/git_ws/myrobot/install/myrobot_interfaces/include/myrobot_interfaces/myrobot_interfaces/action/compute_place_pose.hpp
[4.453s] -- Up-to-date: /home/tm/git_ws/myrobot/install/myrobot_interfaces/include/myrobot_interfaces/myrobot_interfaces/action/detail
[4.453s] -- Installing: /home/tm/git_ws/myrobot/install/myrobot_interfaces/include/myrobot_interfaces/myrobot_interfaces/action/detail/compute_place_pose__struct.hpp
[4.453s] -- Installing: /home/tm/git_ws/myrobot/install/myrobot_interfaces/include/myrobot_interfaces/myrobot_interfaces/action/detail/compute_place_pose__builder.hpp
[4.453s] -- Installing: /home/tm/git_ws/myrobot/install/myrobot_interfaces/include/myrobot_interfaces/myrobot_interfaces/action/detail/compute_place_pose__type_support.hpp
[4.453s] -- Installing: /home/tm/git_ws/myrobot/install/myrobot_interfaces/include/myrobot_interfaces/myrobot_interfaces/action/detail/get_place_pose__traits.hpp
[4.453s] -- Installing: /home/tm/git_ws/myrobot/install/myrobot_interfaces/include/myrobot_interfaces/myrobot_interfaces/action/detail/get_place_pose__struct.hpp
[4.453s] -- Installing: /home/tm/git_ws/myrobot/install/myrobot_interfaces/include/myrobot_interfaces/myrobot_interfaces/action/detail/get_place_pose__type_support.hpp
[4.453s] -- Installing: /home/tm/git_ws/myrobot/install/myrobot_interfaces/include/myrobot_interfaces/myrobot_interfaces/action/detail/clean_room__builder.hpp
[4.453s] -- Installing: /home/tm/git_ws/myrobot/install/myrobot_interfaces/include/myrobot_interfaces/myrobot_interfaces/action/detail/clean_room__type_support.hpp
[4.453s] -- Installing: /home/tm/git_ws/myrobot/install/myrobot_interfaces/include/myrobot_interfaces/myrobot_interfaces/action/detail/clean_room__struct.hpp
[4.454s] -- Installing: /home/tm/git_ws/myrobot/install/myrobot_interfaces/include/myrobot_interfaces/myrobot_interfaces/action/detail/get_place_pose__builder.hpp
[4.454s] -- Installing: /home/tm/git_ws/myrobot/install/myrobot_interfaces/include/myrobot_interfaces/myrobot_interfaces/action/detail/clean_room__traits.hpp
[4.454s] -- Installing: /home/tm/git_ws/myrobot/install/myrobot_interfaces/include/myrobot_interfaces/myrobot_interfaces/action/detail/compute_place_pose__traits.hpp
[4.454s] -- Installing: /home/tm/git_ws/myrobot/install/myrobot_interfaces/include/myrobot_interfaces/myrobot_interfaces/action/clean_room.hpp
[4.454s] -- Up-to-date: /home/tm/git_ws/myrobot/install/myrobot_interfaces/include/myrobot_interfaces/myrobot_interfaces
[4.454s] -- Up-to-date: /home/tm/git_ws/myrobot/install/myrobot_interfaces/include/myrobot_interfaces/myrobot_interfaces/msg
[4.454s] -- Installing: /home/tm/git_ws/myrobot/install/myrobot_interfaces/include/myrobot_interfaces/myrobot_interfaces/msg/rosidl_typesupport_fastrtps_cpp__visibility_control.h
[4.454s] -- Up-to-date: /home/tm/git_ws/myrobot/install/myrobot_interfaces/include/myrobot_interfaces/myrobot_interfaces/action
[4.454s] -- Up-to-date: /home/tm/git_ws/myrobot/install/myrobot_interfaces/include/myrobot_interfaces/myrobot_interfaces/action/detail
[4.454s] -- Installing: /home/tm/git_ws/myrobot/install/myrobot_interfaces/include/myrobot_interfaces/myrobot_interfaces/action/detail/dds_fastrtps
[4.454s] -- Installing: /home/tm/git_ws/myrobot/install/myrobot_interfaces/include/myrobot_interfaces/myrobot_interfaces/action/detail/clean_room__rosidl_typesupport_fastrtps_cpp.hpp
[4.454s] -- Installing: /home/tm/git_ws/myrobot/install/myrobot_interfaces/include/myrobot_interfaces/myrobot_interfaces/action/detail/compute_place_pose__rosidl_typesupport_fastrtps_cpp.hpp
[4.454s] -- Installing: /home/tm/git_ws/myrobot/install/myrobot_interfaces/include/myrobot_interfaces/myrobot_interfaces/action/detail/get_place_pose__rosidl_typesupport_fastrtps_cpp.hpp
[4.454s] -- Installing: /home/tm/git_ws/myrobot/install/myrobot_interfaces/lib/libmyrobot_interfaces__rosidl_typesupport_fastrtps_cpp.so
[4.455s] -- Set non-toolchain portion of runtime path of "/home/tm/git_ws/myrobot/install/myrobot_interfaces/lib/libmyrobot_interfaces__rosidl_typesupport_fastrtps_cpp.so" to ""
[4.455s] -- Up-to-date: /home/tm/git_ws/myrobot/install/myrobot_interfaces/include/myrobot_interfaces/myrobot_interfaces
[4.455s] -- Up-to-date: /home/tm/git_ws/myrobot/install/myrobot_interfaces/include/myrobot_interfaces/myrobot_interfaces/msg
[4.455s] -- Installing: /home/tm/git_ws/myrobot/install/myrobot_interfaces/include/myrobot_interfaces/myrobot_interfaces/msg/rosidl_typesupport_introspection_c__visibility_control.h
[4.455s] -- Up-to-date: /home/tm/git_ws/myrobot/install/myrobot_interfaces/include/myrobot_interfaces/myrobot_interfaces/action
[4.455s] -- Up-to-date: /home/tm/git_ws/myrobot/install/myrobot_interfaces/include/myrobot_interfaces/myrobot_interfaces/action/detail
[4.455s] -- Installing: /home/tm/git_ws/myrobot/install/myrobot_interfaces/include/myrobot_interfaces/myrobot_interfaces/action/detail/compute_place_pose__rosidl_typesupport_introspection_c.h
[4.455s] -- Installing: /home/tm/git_ws/myrobot/install/myrobot_interfaces/include/myrobot_interfaces/myrobot_interfaces/action/detail/clean_room__type_support.c
[4.456s] -- Installing: /home/tm/git_ws/myrobot/install/myrobot_interfaces/include/myrobot_interfaces/myrobot_interfaces/action/detail/clean_room__rosidl_typesupport_introspection_c.h
[4.456s] -- Installing: /home/tm/git_ws/myrobot/install/myrobot_interfaces/include/myrobot_interfaces/myrobot_interfaces/action/detail/compute_place_pose__type_support.c
[4.456s] -- Installing: /home/tm/git_ws/myrobot/install/myrobot_interfaces/include/myrobot_interfaces/myrobot_interfaces/action/detail/get_place_pose__rosidl_typesupport_introspection_c.h
[4.456s] -- Installing: /home/tm/git_ws/myrobot/install/myrobot_interfaces/include/myrobot_interfaces/myrobot_interfaces/action/detail/get_place_pose__type_support.c
[4.456s] -- Installing: /home/tm/git_ws/myrobot/install/myrobot_interfaces/lib/libmyrobot_interfaces__rosidl_typesupport_introspection_c.so
[4.456s] -- Set non-toolchain portion of runtime path of "/home/tm/git_ws/myrobot/install/myrobot_interfaces/lib/libmyrobot_interfaces__rosidl_typesupport_introspection_c.so" to ""
[4.457s] -- Installing: /home/tm/git_ws/myrobot/install/myrobot_interfaces/lib/libmyrobot_interfaces__rosidl_typesupport_c.so
[4.457s] -- Set non-toolchain portion of runtime path of "/home/tm/git_ws/myrobot/install/myrobot_interfaces/lib/libmyrobot_interfaces__rosidl_typesupport_c.so" to ""
[4.457s] -- Up-to-date: /home/tm/git_ws/myrobot/install/myrobot_interfaces/include/myrobot_interfaces/myrobot_interfaces
[4.457s] -- Up-to-date: /home/tm/git_ws/myrobot/install/myrobot_interfaces/include/myrobot_interfaces/myrobot_interfaces/action
[4.457s] -- Up-to-date: /home/tm/git_ws/myrobot/install/myrobot_interfaces/include/myrobot_interfaces/myrobot_interfaces/action/detail
[4.457s] -- Installing: /home/tm/git_ws/myrobot/install/myrobot_interfaces/include/myrobot_interfaces/myrobot_interfaces/action/detail/get_place_pose__rosidl_typesupport_introspection_cpp.hpp
[4.457s] -- Installing: /home/tm/git_ws/myrobot/install/myrobot_interfaces/include/myrobot_interfaces/myrobot_interfaces/action/detail/compute_place_pose__rosidl_typesupport_introspection_cpp.hpp
[4.457s] -- Installing: /home/tm/git_ws/myrobot/install/myrobot_interfaces/include/myrobot_interfaces/myrobot_interfaces/action/detail/compute_place_pose__type_support.cpp
[4.457s] -- Installing: /home/tm/git_ws/myrobot/install/myrobot_interfaces/include/myrobot_interfaces/myrobot_interfaces/action/detail/clean_room__type_support.cpp
[4.457s] -- Installing: /home/tm/git_ws/myrobot/install/myrobot_interfaces/include/myrobot_interfaces/myrobot_interfaces/action/detail/get_place_pose__type_support.cpp
[4.457s] -- Installing: /home/tm/git_ws/myrobot/install/myrobot_interfaces/include/myrobot_interfaces/myrobot_interfaces/action/detail/clean_room__rosidl_typesupport_introspection_cpp.hpp
[4.458s] -- Installing: /home/tm/git_ws/myrobot/install/myrobot_interfaces/lib/libmyrobot_interfaces__rosidl_typesupport_introspection_cpp.so
[4.458s] -- Set non-toolchain portion of runtime path of "/home/tm/git_ws/myrobot/install/myrobot_interfaces/lib/libmyrobot_interfaces__rosidl_typesupport_introspection_cpp.so" to ""
[4.458s] -- Installing: /home/tm/git_ws/myrobot/install/myrobot_interfaces/lib/libmyrobot_interfaces__rosidl_typesupport_cpp.so
[4.459s] -- Set non-toolchain portion of runtime path of "/home/tm/git_ws/myrobot/install/myrobot_interfaces/lib/libmyrobot_interfaces__rosidl_typesupport_cpp.so" to ""
[4.459s] -- Installing: /home/tm/git_ws/myrobot/install/myrobot_interfaces/share/myrobot_interfaces/environment/pythonpath.sh
[4.459s] -- Installing: /home/tm/git_ws/myrobot/install/myrobot_interfaces/share/myrobot_interfaces/environment/pythonpath.dsv
[4.459s] -- Installing: /home/tm/git_ws/myrobot/install/myrobot_interfaces/lib/python3.12/site-packages/myrobot_interfaces-0.0.0-py3.12.egg-info
[4.459s] -- Installing: /home/tm/git_ws/myrobot/install/myrobot_interfaces/lib/python3.12/site-packages/myrobot_interfaces-0.0.0-py3.12.egg-info/top_level.txt
[4.459s] -- Installing: /home/tm/git_ws/myrobot/install/myrobot_interfaces/lib/python3.12/site-packages/myrobot_interfaces-0.0.0-py3.12.egg-info/dependency_links.txt
[4.459s] -- Installing: /home/tm/git_ws/myrobot/install/myrobot_interfaces/lib/python3.12/site-packages/myrobot_interfaces-0.0.0-py3.12.egg-info/PKG-INFO
[4.459s] -- Installing: /home/tm/git_ws/myrobot/install/myrobot_interfaces/lib/python3.12/site-packages/myrobot_interfaces-0.0.0-py3.12.egg-info/SOURCES.txt
[4.459s] -- Installing: /home/tm/git_ws/myrobot/install/myrobot_interfaces/lib/python3.12/site-packages/myrobot_interfaces
[4.460s] -- Installing: /home/tm/git_ws/myrobot/install/myrobot_interfaces/lib/python3.12/site-packages/myrobot_interfaces/action
[4.460s] -- Installing: /home/tm/git_ws/myrobot/install/myrobot_interfaces/lib/python3.12/site-packages/myrobot_interfaces/action/_clean_room_s.c
[4.460s] -- Installing: /home/tm/git_ws/myrobot/install/myrobot_interfaces/lib/python3.12/site-packages/myrobot_interfaces/action/_get_place_pose_s.c
[4.460s] -- Installing: /home/tm/git_ws/myrobot/install/myrobot_interfaces/lib/python3.12/site-packages/myrobot_interfaces/action/_clean_room.py
[4.460s] -- Installing: /home/tm/git_ws/myrobot/install/myrobot_interfaces/lib/python3.12/site-packages/myrobot_interfaces/action/__init__.py
[4.460s] -- Installing: /home/tm/git_ws/myrobot/install/myrobot_interfaces/lib/python3.12/site-packages/myrobot_interfaces/action/_compute_place_pose_s.c
[4.460s] -- Installing: /home/tm/git_ws/myrobot/install/myrobot_interfaces/lib/python3.12/site-packages/myrobot_interfaces/action/_compute_place_pose.py
[4.460s] -- Installing: /home/tm/git_ws/myrobot/install/myrobot_interfaces/lib/python3.12/site-packages/myrobot_interfaces/action/_get_place_pose.py
[4.460s] -- Installing: /home/tm/git_ws/myrobot/install/myrobot_interfaces/lib/python3.12/site-packages/myrobot_interfaces/_myrobot_interfaces_s.ep.rosidl_typesupport_fastrtps_c.c
[4.460s] -- Installing: /home/tm/git_ws/myrobot/install/myrobot_interfaces/lib/python3.12/site-packages/myrobot_interfaces/myrobot_interfaces_s__rosidl_typesupport_fastrtps_c.so
[4.461s] -- Installing: /home/tm/git_ws/myrobot/install/myrobot_interfaces/lib/python3.12/site-packages/myrobot_interfaces/myrobot_interfaces_s__rosidl_typesupport_c.so
[4.461s] -- Installing: /home/tm/git_ws/myrobot/install/myrobot_interfaces/lib/python3.12/site-packages/myrobot_interfaces/__init__.py
[4.461s] -- Installing: /home/tm/git_ws/myrobot/install/myrobot_interfaces/lib/python3.12/site-packages/myrobot_interfaces/_myrobot_interfaces_s.ep.rosidl_typesupport_introspection_c.c
[4.461s] -- Installing: /home/tm/git_ws/myrobot/install/myrobot_interfaces/lib/python3.12/site-packages/myrobot_interfaces/myrobot_interfaces_s__rosidl_typesupport_introspection_c.so
[4.461s] -- Installing: /home/tm/git_ws/myrobot/install/myrobot_interfaces/lib/python3.12/site-packages/myrobot_interfaces/_myrobot_interfaces_s.ep.rosidl_typesupport_c.c
[4.503s] Listing '/home/tm/git_ws/myrobot/install/myrobot_interfaces/lib/python3.12/site-packages/myrobot_interfaces'...
[4.503s] Compiling '/home/tm/git_ws/myrobot/install/myrobot_interfaces/lib/python3.12/site-packages/myrobot_interfaces/__init__.py'...
[4.503s] Listing '/home/tm/git_ws/myrobot/install/myrobot_interfaces/lib/python3.12/site-packages/myrobot_interfaces/action'...
[4.503s] Compiling '/home/tm/git_ws/myrobot/install/myrobot_interfaces/lib/python3.12/site-packages/myrobot_interfaces/action/__init__.py'...
[4.503s] Compiling '/home/tm/git_ws/myrobot/install/myrobot_interfaces/lib/python3.12/site-packages/myrobot_interfaces/action/_clean_room.py'...
[4.503s] Compiling '/home/tm/git_ws/myrobot/install/myrobot_interfaces/lib/python3.12/site-packages/myrobot_interfaces/action/_compute_place_pose.py'...
[4.503s] Compiling '/home/tm/git_ws/myrobot/install/myrobot_interfaces/lib/python3.12/site-packages/myrobot_interfaces/action/_get_place_pose.py'...
[4.507s] -- Installing: /home/tm/git_ws/myrobot/install/myrobot_interfaces/lib/python3.12/site-packages/myrobot_interfaces/myrobot_interfaces_s__rosidl_typesupport_fastrtps_c.so
[4.507s] -- Set non-toolchain portion of runtime path of "/home/tm/git_ws/myrobot/install/myrobot_interfaces/lib/python3.12/site-packages/myrobot_interfaces/myrobot_interfaces_s__rosidl_typesupport_fastrtps_c.so" to ""
[4.507s] -- Installing: /home/tm/git_ws/myrobot/install/myrobot_interfaces/lib/python3.12/site-packages/myrobot_interfaces/myrobot_interfaces_s__rosidl_typesupport_introspection_c.so
[4.508s] -- Set non-toolchain portion of runtime path of "/home/tm/git_ws/myrobot/install/myrobot_interfaces/lib/python3.12/site-packages/myrobot_interfaces/myrobot_interfaces_s__rosidl_typesupport_introspection_c.so" to ""
[4.508s] -- Installing: /home/tm/git_ws/myrobot/install/myrobot_interfaces/lib/python3.12/site-packages/myrobot_interfaces/myrobot_interfaces_s__rosidl_typesupport_c.so
[4.508s] -- Set non-toolchain portion of runtime path of "/home/tm/git_ws/myrobot/install/myrobot_interfaces/lib/python3.12/site-packages/myrobot_interfaces/myrobot_interfaces_s__rosidl_typesupport_c.so" to ""
[4.508s] -- Installing: /home/tm/git_ws/myrobot/install/myrobot_interfaces/lib/libmyrobot_interfaces__rosidl_generator_py.so
[4.508s] -- Set non-toolchain portion of runtime path of "/home/tm/git_ws/myrobot/install/myrobot_interfaces/lib/libmyrobot_interfaces__rosidl_generator_py.so" to ""
[4.508s] -- Installing: /home/tm/git_ws/myrobot/install/myrobot_interfaces/share/myrobot_interfaces/action/GetPlacePose.idl
[4.509s] -- Installing: /home/tm/git_ws/myrobot/install/myrobot_interfaces/share/myrobot_interfaces/action/ComputePlacePose.idl
[4.509s] -- Installing: /home/tm/git_ws/myrobot/install/myrobot_interfaces/share/myrobot_interfaces/action/CleanRoom.idl
[4.509s] -- Installing: /home/tm/git_ws/myrobot/install/myrobot_interfaces/share/myrobot_interfaces/action/GetPlacePose.action
[4.509s] -- Installing: /home/tm/git_ws/myrobot/install/myrobot_interfaces/share/myrobot_interfaces/action/ComputePlacePose.action
[4.509s] -- Installing: /home/tm/git_ws/myrobot/install/myrobot_interfaces/share/myrobot_interfaces/action/CleanRoom.action
[4.509s] -- Installing: /home/tm/git_ws/myrobot/install/myrobot_interfaces/share/ament_index/resource_index/package_run_dependencies/myrobot_interfaces
[4.509s] -- Installing: /home/tm/git_ws/myrobot/install/myrobot_interfaces/share/ament_index/resource_index/parent_prefix_path/myrobot_interfaces
[4.509s] -- Installing: /home/tm/git_ws/myrobot/install/myrobot_interfaces/share/myrobot_interfaces/environment/ament_prefix_path.sh
[4.509s] -- Installing: /home/tm/git_ws/myrobot/install/myrobot_interfaces/share/myrobot_interfaces/environment/ament_prefix_path.dsv
[4.509s] -- Installing: /home/tm/git_ws/myrobot/install/myrobot_interfaces/share/myrobot_interfaces/environment/path.sh
[4.509s] -- Installing: /home/tm/git_ws/myrobot/install/myrobot_interfaces/share/myrobot_interfaces/environment/path.dsv
[4.509s] -- Installing: /home/tm/git_ws/myrobot/install/myrobot_interfaces/share/myrobot_interfaces/local_setup.bash
[4.509s] -- Installing: /home/tm/git_ws/myrobot/install/myrobot_interfaces/share/myrobot_interfaces/local_setup.sh
[4.509s] -- Installing: /home/tm/git_ws/myrobot/install/myrobot_interfaces/share/myrobot_interfaces/local_setup.zsh
[4.509s] -- Installing: /home/tm/git_ws/myrobot/install/myrobot_interfaces/share/myrobot_interfaces/local_setup.dsv
[4.510s] -- Installing: /home/tm/git_ws/myrobot/install/myrobot_interfaces/share/myrobot_interfaces/package.dsv
[4.510s] -- Installing: /home/tm/git_ws/myrobot/install/myrobot_interfaces/share/ament_index/resource_index/packages/myrobot_interfaces
[4.510s] -- Installing: /home/tm/git_ws/myrobot/install/myrobot_interfaces/share/myrobot_interfaces/cmake/export_myrobot_interfaces__rosidl_generator_cExport.cmake
[4.510s] -- Installing: /home/tm/git_ws/myrobot/install/myrobot_interfaces/share/myrobot_interfaces/cmake/export_myrobot_interfaces__rosidl_generator_cExport-noconfig.cmake
[4.510s] -- Installing: /home/tm/git_ws/myrobot/install/myrobot_interfaces/share/myrobot_interfaces/cmake/export_myrobot_interfaces__rosidl_typesupport_fastrtps_cExport.cmake
[4.510s] -- Installing: /home/tm/git_ws/myrobot/install/myrobot_interfaces/share/myrobot_interfaces/cmake/export_myrobot_interfaces__rosidl_typesupport_fastrtps_cExport-noconfig.cmake
[4.510s] -- Installing: /home/tm/git_ws/myrobot/install/myrobot_interfaces/share/myrobot_interfaces/cmake/export_myrobot_interfaces__rosidl_generator_cppExport.cmake
[4.510s] -- Installing: /home/tm/git_ws/myrobot/install/myrobot_interfaces/share/myrobot_interfaces/cmake/export_myrobot_interfaces__rosidl_typesupport_fastrtps_cppExport.cmake
[4.510s] -- Installing: /home/tm/git_ws/myrobot/install/myrobot_interfaces/share/myrobot_interfaces/cmake/export_myrobot_interfaces__rosidl_typesupport_fastrtps_cppExport-noconfig.cmake
[4.510s] -- Installing: /home/tm/git_ws/myrobot/install/myrobot_interfaces/share/myrobot_interfaces/cmake/myrobot_interfaces__rosidl_typesupport_introspection_cExport.cmake
[4.511s] -- Installing: /home/tm/git_ws/myrobot/install/myrobot_interfaces/share/myrobot_interfaces/cmake/myrobot_interfaces__rosidl_typesupport_introspection_cExport-noconfig.cmake
[4.511s] -- Installing: /home/tm/git_ws/myrobot/install/myrobot_interfaces/share/myrobot_interfaces/cmake/myrobot_interfaces__rosidl_typesupport_cExport.cmake
[4.511s] -- Installing: /home/tm/git_ws/myrobot/install/myrobot_interfaces/share/myrobot_interfaces/cmake/myrobot_interfaces__rosidl_typesupport_cExport-noconfig.cmake
[4.511s] -- Installing: /home/tm/git_ws/myrobot/install/myrobot_interfaces/share/myrobot_interfaces/cmake/myrobot_interfaces__rosidl_typesupport_introspection_cppExport.cmake
[4.511s] -- Installing: /home/tm/git_ws/myrobot/install/myrobot_interfaces/share/myrobot_interfaces/cmake/myrobot_interfaces__rosidl_typesupport_introspection_cppExport-noconfig.cmake
[4.511s] -- Installing: /home/tm/git_ws/myrobot/install/myrobot_interfaces/share/myrobot_interfaces/cmake/myrobot_interfaces__rosidl_typesupport_cppExport.cmake
[4.511s] -- Installing: /home/tm/git_ws/myrobot/install/myrobot_interfaces/share/myrobot_interfaces/cmake/myrobot_interfaces__rosidl_typesupport_cppExport-noconfig.cmake
[4.511s] -- Installing: /home/tm/git_ws/myrobot/install/myrobot_interfaces/share/myrobot_interfaces/cmake/export_myrobot_interfaces__rosidl_generator_pyExport.cmake
[4.511s] -- Installing: /home/tm/git_ws/myrobot/install/myrobot_interfaces/share/myrobot_interfaces/cmake/export_myrobot_interfaces__rosidl_generator_pyExport-noconfig.cmake
[4.511s] -- Installing: /home/tm/git_ws/myrobot/install/myrobot_interfaces/share/myrobot_interfaces/cmake/rosidl_cmake-extras.cmake
[4.512s] -- Installing: /home/tm/git_ws/myrobot/install/myrobot_interfaces/share/myrobot_interfaces/cmake/ament_cmake_export_dependencies-extras.cmake
[4.512s] -- Installing: /home/tm/git_ws/myrobot/install/myrobot_interfaces/share/myrobot_interfaces/cmake/ament_cmake_export_include_directories-extras.cmake
[4.512s] -- Installing: /home/tm/git_ws/myrobot/install/myrobot_interfaces/share/myrobot_interfaces/cmake/ament_cmake_export_libraries-extras.cmake
[4.512s] -- Installing: /home/tm/git_ws/myrobot/install/myrobot_interfaces/share/myrobot_interfaces/cmake/ament_cmake_export_targets-extras.cmake
[4.512s] -- Installing: /home/tm/git_ws/myrobot/install/myrobot_interfaces/share/myrobot_interfaces/cmake/rosidl_cmake_export_typesupport_targets-extras.cmake
[4.512s] -- Installing: /home/tm/git_ws/myrobot/install/myrobot_interfaces/share/myrobot_interfaces/cmake/rosidl_cmake_export_typesupport_libraries-extras.cmake
[4.512s] -- Installing: /home/tm/git_ws/myrobot/install/myrobot_interfaces/share/myrobot_interfaces/cmake/myrobot_interfacesConfig.cmake
[4.512s] -- Installing: /home/tm/git_ws/myrobot/install/myrobot_interfaces/share/myrobot_interfaces/cmake/myrobot_interfacesConfig-version.cmake
[4.512s] -- Installing: /home/tm/git_ws/myrobot/install/myrobot_interfaces/share/myrobot_interfaces/package.xml
[4.514s] Invoked command in '/home/tm/git_ws/myrobot/build/myrobot_interfaces' returned '0': CMAKE_PREFIX_PATH=${CMAKE_PREFIX_PATH}:/opt/ros/jazzy DEBUGINFOD_URLS=https://debuginfod.ubuntu.com VIRTUAL_ENV_PROMPT=(ros) /usr/bin/cmake --install /home/tm/git_ws/myrobot/build/myrobot_interfaces
