[0.166s] Invoking command in '/home/tm/git_ws/myrobot/build/user_gui': CMAKE_PREFIX_PATH=${CMAKE_PREFIX_PATH}:/opt/ros/jazzy DEBUGINFOD_URLS=https://debuginfod.ubuntu.com VIRTUAL_ENV_PROMPT=(ros) /usr/bin/cmake /home/tm/git_ws/myrobot/src/user_gui -DCMAKE_INSTALL_PREFIX=/home/tm/git_ws/myrobot/install/user_gui
[0.216s] -- The C compiler identification is GNU 13.3.0
[0.261s] -- The CXX compiler identification is GNU 13.3.0
[0.273s] -- Detecting C compiler ABI info
[0.351s] -- Detecting C compiler ABI info - done
[0.359s] -- Check for working C compiler: /usr/bin/cc - skipped
[0.359s] -- Detecting C compile features
[0.359s] -- Detecting C compile features - done
[0.366s] -- Detecting CXX compiler ABI info
[0.459s] -- Detecting CXX compiler ABI info - done
[0.466s] -- Check for working CXX compiler: /usr/bin/c++ - skipped
[0.466s] -- Detecting CXX compile features
[0.467s] -- Detecting CXX compile features - done
[0.471s] -- Found ament_cmake: 2.5.5 (/opt/ros/jazzy/share/ament_cmake/cmake)
[0.567s] -- Found Python3: /home/tm/venv/ros/bin/python3 (found version "3.12.3") found components: Interpreter 
[0.697s] -- Found ament_index_cpp: 1.8.2 (/opt/ros/jazzy/share/ament_index_cpp/cmake)
[0.704s] -- Found rclcpp: 28.1.16 (/opt/ros/jazzy/share/rclcpp/cmake)
[0.742s] -- Found rosidl_generator_c: 4.6.7 (/opt/ros/jazzy/share/rosidl_generator_c/cmake)
[0.756s] -- Found rosidl_generator_cpp: 4.6.7 (/opt/ros/jazzy/share/rosidl_generator_cpp/cmake)
[0.772s] -- Using all available rosidl_typesupport_c: rosidl_typesupport_fastrtps_c;rosidl_typesupport_introspection_c
[0.793s] -- Using all available rosidl_typesupport_cpp: rosidl_typesupport_fastrtps_cpp;rosidl_typesupport_introspection_cpp
[0.867s] -- Found rmw_implementation_cmake: 7.3.3 (/opt/ros/jazzy/share/rmw_implementation_cmake/cmake)
[0.872s] -- Found rmw_fastrtps_cpp: 8.4.3 (/opt/ros/jazzy/share/rmw_fastrtps_cpp/cmake)
[0.977s] -- Found OpenSSL: /usr/lib/x86_64-linux-gnu/libcrypto.so (found version "3.0.13")  
[0.998s] -- Found FastRTPS: /opt/ros/jazzy/include (Required is at least version "2.13") 
[1.023s] -- Using RMW implementation 'rmw_fastrtps_cpp' as default
[1.088s] -- Found rclcpp_action: 28.1.16 (/opt/ros/jazzy/share/rclcpp_action/cmake)
[1.127s] -- Found nav2_msgs: 1.3.10 (/opt/ros/jazzy/share/nav2_msgs/cmake)
[1.259s] [31mCMake Error at CMakeLists.txt:16 (find_package):
[1.259s]   By not providing "Findmyrobot_interfaces.cmake" in CMAKE_MODULE_PATH this
[1.259s]   project has asked CMake to find a package configuration file provided by
[1.259s]   "myrobot_interfaces", but CMake did not find one.
[1.259s] 
[1.259s]   Could not find a package configuration file provided by
[1.259s]   "myrobot_interfaces" with any of the following names:
[1.259s] 
[1.259s]     myrobot_interfacesConfig.cmake
[1.259s]     myrobot_interfaces-config.cmake
[1.259s] 
[1.259s]   Add the installation prefix of "myrobot_interfaces" to CMAKE_PREFIX_PATH or
[1.259s]   set "myrobot_interfaces_DIR" to a directory containing one of the above
[1.260s]   files.  If "myrobot_interfaces" provides a separate development package or
[1.260s]   SDK, be sure it has been installed.
[1.260s] 
[1.260s] [0m
[1.260s] -- Configuring incomplete, errors occurred!
[1.268s] Invoked command in '/home/tm/git_ws/myrobot/build/user_gui' returned '1': CMAKE_PREFIX_PATH=${CMAKE_PREFIX_PATH}:/opt/ros/jazzy DEBUGINFOD_URLS=https://debuginfod.ubuntu.com VIRTUAL_ENV_PROMPT=(ros) /usr/bin/cmake /home/tm/git_ws/myrobot/src/user_gui -DCMAKE_INSTALL_PREFIX=/home/tm/git_ws/myrobot/install/user_gui
